{
  "format": "THOMSON_UNTRUSTED_MERGED_GROUP_V1",
  "root": 3305032,
  "selection": "/Users/archiebrowne/source/Thomson/Thomson/GlobalCertificates/Production/selections/Node3305032.json",
  "selection_sha256": "6c6e8be540cc752571045f3240e40849f14e024ff32d6893ed5b663c83dbf303",
  "binary": "/Users/archiebrowne/source/Thomson/.lake/global-cover/search.bin",
  "binary_sha256": "6626a818d355868776501e252bbdafb97029a5a9ebe31122f3509e3e359020a4",
  "output_prefix": "Thomson.GlobalCertificates.Production.Node3305032",
  "module": "Thomson.GlobalCertificates.Production.Node3305032.Assembled",
  "namespace": "Thomson.Five.GlobalCertificates.Production.Node3305032.Assembled",
  "core": {
    "module": "Thomson.GlobalCertificates.Production.Node3305032.Core",
    "source": "Thomson/GlobalCertificates/Production/Node3305032/Core.lean",
    "source_sha256": "6f5b021e7f34f9f77f371f94cda9dd0da447386b3df0b33c2cec034280b733cf",
    "source_bytes": 1835832
  },
  "assembled": {
    "module": "Thomson.GlobalCertificates.Production.Node3305032.Assembled",
    "source": "Thomson/GlobalCertificates/Production/Node3305032/Assembled.lean",
    "source_sha256": "a8c1d3adb1aa1d7a813a1e3bedd195f0da0eeebcf194141e75dbaa27a8e5a912",
    "source_bytes": 135453
  },
  "core_source": "Thomson/GlobalCertificates/Production/Node3305032/Core.lean",
  "assembled_source": "Thomson/GlobalCertificates/Production/Node3305032/Assembled.lean",
  "core_module": "Thomson.GlobalCertificates.Production.Node3305032.Core",
  "assembled_module": "Thomson.GlobalCertificates.Production.Node3305032.Assembled",
  "boundary_modules": [],
  "nodes": 77,
  "leaf_kinds": {
    "0": 38,
    "8": 39
  },
  "families": {
    "contraction": {
      "nodes": 77,
      "actual": 20,
      "rounds": 20,
      "actions": 28
    }
  },
  "reference_topology_sha256": {
    "vertex": "09629aa6d88e3007946041ee5bb5e7fe743b3242efca3b1b8ea02df65fe0eb34"
  },
  "generation_seconds": 0.6204662499949336,
  "kernel_check_required": true,
  "heartbeats": "default",
  "compiler_threads": 1,
  "core_memory_limit_mib": 2048,
  "assembled_memory_limit_mib": 3072
}
