{
  "format": "THOMSON_UNTRUSTED_MERGED_GROUP_V1",
  "root": 3311642,
  "selection": "/Users/archiebrowne/source/Thomson/Thomson/GlobalCertificates/Production/selections/Node3311642.json",
  "selection_sha256": "4bb89e4e4ea0aad1d3b71ff572666f82b057c0a9eea31e0631ed6c2df8eb6f04",
  "binary": "/Users/archiebrowne/source/Thomson/.lake/global-cover/search.bin",
  "binary_sha256": "6626a818d355868776501e252bbdafb97029a5a9ebe31122f3509e3e359020a4",
  "output_prefix": "Thomson.GlobalCertificates.Production.Node3311642",
  "module": "Thomson.GlobalCertificates.Production.Node3311642.Assembled",
  "namespace": "Thomson.Five.GlobalCertificates.Production.Node3311642.Assembled",
  "core": {
    "module": "Thomson.GlobalCertificates.Production.Node3311642.Core",
    "source": "Thomson/GlobalCertificates/Production/Node3311642/Core.lean",
    "source_sha256": "28edd1543527d4cd00922388fc7f285829f80594a71bd4d0c3cd358a02b93020",
    "source_bytes": 2193478
  },
  "assembled": {
    "module": "Thomson.GlobalCertificates.Production.Node3311642.Assembled",
    "source": "Thomson/GlobalCertificates/Production/Node3311642/Assembled.lean",
    "source_sha256": "92faaf7c4382afc679e2e348e843c1a2318fea07424a6275268a3218f30dc5ca",
    "source_bytes": 325319
  },
  "core_source": "Thomson/GlobalCertificates/Production/Node3311642/Core.lean",
  "assembled_source": "Thomson/GlobalCertificates/Production/Node3311642/Assembled.lean",
  "core_module": "Thomson.GlobalCertificates.Production.Node3311642.Core",
  "assembled_module": "Thomson.GlobalCertificates.Production.Node3311642.Assembled",
  "boundary_modules": [],
  "nodes": 181,
  "leaf_kinds": {
    "0": 90,
    "3": 8,
    "6": 51,
    "8": 32
  },
  "families": {
    "contraction": {
      "nodes": 181,
      "actual": 19,
      "rounds": 19,
      "actions": 19
    }
  },
  "reference_topology_sha256": {
    "vertex": "09629aa6d88e3007946041ee5bb5e7fe743b3242efca3b1b8ea02df65fe0eb34",
    "gradient": "58c374fbc03eab01d7423cf8888185f1410a0c20be14044aa309678ec2e4216c",
    "pair": "65dfe5f05c0cab641b03d13ff573dc6bfa3f1d0fef0ed66dcd91cede0438a8ce"
  },
  "generation_seconds": 0.6203249999671243,
  "kernel_check_required": true,
  "heartbeats": "default",
  "compiler_threads": 1,
  "core_memory_limit_mib": 2048,
  "assembled_memory_limit_mib": 3072
}
