{
  "format": "THOMSON_UNTRUSTED_MERGED_GROUP_V1",
  "root": 3319733,
  "selection": "/Users/archiebrowne/source/Thomson/Thomson/GlobalCertificates/Production/selections/Node3319733.json",
  "selection_sha256": "035d0a14b89dbafa5f02292a3300ae461a1a1e663bc011265463e25704521a34",
  "binary": "/Users/archiebrowne/source/Thomson/.lake/global-cover/search.bin",
  "binary_sha256": "6626a818d355868776501e252bbdafb97029a5a9ebe31122f3509e3e359020a4",
  "output_prefix": "Thomson.GlobalCertificates.Production.Node3319733",
  "module": "Thomson.GlobalCertificates.Production.Node3319733.Assembled",
  "namespace": "Thomson.Five.GlobalCertificates.Production.Node3319733.Assembled",
  "core": {
    "module": "Thomson.GlobalCertificates.Production.Node3319733.Core",
    "source": "Thomson/GlobalCertificates/Production/Node3319733/Core.lean",
    "source_sha256": "e5f1e27eaf060c5cb02176f2aabbf2be4de2cbc86f96981d5c5f0ca245e932c7",
    "source_bytes": 4380323
  },
  "assembled": {
    "module": "Thomson.GlobalCertificates.Production.Node3319733.Assembled",
    "source": "Thomson/GlobalCertificates/Production/Node3319733/Assembled.lean",
    "source_sha256": "2e1c23f19c22bd42f14352d8efa66bc276b4440ac1946267a7faf97618f9b619",
    "source_bytes": 432877
  },
  "core_source": "Thomson/GlobalCertificates/Production/Node3319733/Core.lean",
  "assembled_source": "Thomson/GlobalCertificates/Production/Node3319733/Assembled.lean",
  "core_module": "Thomson.GlobalCertificates.Production.Node3319733.Core",
  "assembled_module": "Thomson.GlobalCertificates.Production.Node3319733.Assembled",
  "boundary_modules": [],
  "nodes": 243,
  "leaf_kinds": {
    "0": 121,
    "3": 4,
    "6": 35,
    "8": 83
  },
  "families": {
    "contraction": {
      "nodes": 243,
      "actual": 50,
      "rounds": 50,
      "actions": 88
    }
  },
  "reference_topology_sha256": {
    "vertex": "09629aa6d88e3007946041ee5bb5e7fe743b3242efca3b1b8ea02df65fe0eb34",
    "gradient": "58c374fbc03eab01d7423cf8888185f1410a0c20be14044aa309678ec2e4216c",
    "pair": "65dfe5f05c0cab641b03d13ff573dc6bfa3f1d0fef0ed66dcd91cede0438a8ce"
  },
  "generation_seconds": 0.9398089160094969,
  "kernel_check_required": true,
  "heartbeats": "default",
  "compiler_threads": 1,
  "core_memory_limit_mib": 2048,
  "assembled_memory_limit_mib": 3072
}
