{
  "format": "THOMSON_UNTRUSTED_MERGED_GROUP_V1",
  "root": 3299533,
  "selection": "/Users/archiebrowne/source/Thomson/Thomson/GlobalCertificates/Production/selections/Node3299533.json",
  "selection_sha256": "9b00d669fa36c18a96c758d7f281951acb26318a6a6fe6e9b4c2c3b396373654",
  "binary": "/Users/archiebrowne/source/Thomson/.lake/global-cover/search.bin",
  "binary_sha256": "6626a818d355868776501e252bbdafb97029a5a9ebe31122f3509e3e359020a4",
  "output_prefix": "Thomson.GlobalCertificates.Production.Node3299533",
  "module": "Thomson.GlobalCertificates.Production.Node3299533.Assembled",
  "namespace": "Thomson.Five.GlobalCertificates.Production.Node3299533.Assembled",
  "core": {
    "module": "Thomson.GlobalCertificates.Production.Node3299533.Core",
    "source": "Thomson/GlobalCertificates/Production/Node3299533/Core.lean",
    "source_sha256": "d8110cc35002eb3975ffbe1bb6eb08ea903f7dec39531a63fd6cd3cfa200ee1d",
    "source_bytes": 3000257
  },
  "assembled": {
    "module": "Thomson.GlobalCertificates.Production.Node3299533.Assembled",
    "source": "Thomson/GlobalCertificates/Production/Node3299533/Assembled.lean",
    "source_sha256": "8c777133682098841b7c40c02b8617fa93531db644630b96927746f933e1a90c",
    "source_bytes": 225617
  },
  "core_source": "Thomson/GlobalCertificates/Production/Node3299533/Core.lean",
  "assembled_source": "Thomson/GlobalCertificates/Production/Node3299533/Assembled.lean",
  "core_module": "Thomson.GlobalCertificates.Production.Node3299533.Core",
  "assembled_module": "Thomson.GlobalCertificates.Production.Node3299533.Assembled",
  "boundary_modules": [],
  "nodes": 129,
  "leaf_kinds": {
    "0": 64,
    "8": 65
  },
  "families": {
    "contraction": {
      "nodes": 129,
      "actual": 0,
      "rounds": 0,
      "actions": 0
    }
  },
  "reference_topology_sha256": {
    "vertex": "09629aa6d88e3007946041ee5bb5e7fe743b3242efca3b1b8ea02df65fe0eb34"
  },
  "generation_seconds": 0.8611175830010325,
  "kernel_check_required": true,
  "heartbeats": "default",
  "compiler_threads": 1,
  "core_memory_limit_mib": 2048,
  "assembled_memory_limit_mib": 3072
}
