{
  "format": "THOMSON_UNTRUSTED_MERGED_GROUP_V1",
  "root": 3371282,
  "selection": "/Users/archiebrowne/source/Thomson/Thomson/GlobalCertificates/Production/selections/Node3371282.json",
  "selection_sha256": "49afd07fc502546bf5d2253d12f051cdb5ffb4236445cf2bec3c9eabeaacc291",
  "binary": "/Users/archiebrowne/source/Thomson/.lake/global-cover/search.bin",
  "binary_sha256": "6626a818d355868776501e252bbdafb97029a5a9ebe31122f3509e3e359020a4",
  "output_prefix": "Thomson.GlobalCertificates.Production.Node3371282",
  "module": "Thomson.GlobalCertificates.Production.Node3371282.Assembled",
  "namespace": "Thomson.Five.GlobalCertificates.Production.Node3371282.Assembled",
  "core": {
    "module": "Thomson.GlobalCertificates.Production.Node3371282.Core",
    "source": "Thomson/GlobalCertificates/Production/Node3371282/Core.lean",
    "source_sha256": "139822c75f0c026cec28855d8ec63552f4cfd937266b0660afbd7e9f84f16527",
    "source_bytes": 4284940
  },
  "assembled": {
    "module": "Thomson.GlobalCertificates.Production.Node3371282.Assembled",
    "source": "Thomson/GlobalCertificates/Production/Node3371282/Assembled.lean",
    "source_sha256": "e1c014823249b147b7ec5e3d837292570627931740ec83d9e5352ac6527d2b11",
    "source_bytes": 366044
  },
  "core_source": "Thomson/GlobalCertificates/Production/Node3371282/Core.lean",
  "assembled_source": "Thomson/GlobalCertificates/Production/Node3371282/Assembled.lean",
  "core_module": "Thomson.GlobalCertificates.Production.Node3371282.Core",
  "assembled_module": "Thomson.GlobalCertificates.Production.Node3371282.Assembled",
  "boundary_modules": [],
  "nodes": 207,
  "leaf_kinds": {
    "0": 103,
    "6": 19,
    "8": 85
  },
  "families": {
    "contraction": {
      "nodes": 207,
      "actual": 75,
      "rounds": 75,
      "actions": 167
    }
  },
  "reference_topology_sha256": {
    "vertex": "09629aa6d88e3007946041ee5bb5e7fe743b3242efca3b1b8ea02df65fe0eb34",
    "gradient": "58c374fbc03eab01d7423cf8888185f1410a0c20be14044aa309678ec2e4216c"
  },
  "generation_seconds": 0.964785500022117,
  "kernel_check_required": true,
  "heartbeats": "default",
  "compiler_threads": 1,
  "core_memory_limit_mib": 2048,
  "assembled_memory_limit_mib": 3072
}
