{
  "format": "THOMSON_UNTRUSTED_MERGED_GROUP_V1",
  "root": 3293039,
  "selection": "/Users/archiebrowne/source/Thomson/Thomson/GlobalCertificates/Production/selections/Node3293039.json",
  "selection_sha256": "e62beb512647b4f86671fe9fa7e314d20b068cdfd85f7d4e35ba10af61ebdd89",
  "binary": "/Users/archiebrowne/source/Thomson/.lake/global-cover/search.bin",
  "binary_sha256": "6626a818d355868776501e252bbdafb97029a5a9ebe31122f3509e3e359020a4",
  "output_prefix": "Thomson.GlobalCertificates.Production.Node3293039",
  "module": "Thomson.GlobalCertificates.Production.Node3293039.Assembled",
  "namespace": "Thomson.Five.GlobalCertificates.Production.Node3293039.Assembled",
  "core": {
    "module": "Thomson.GlobalCertificates.Production.Node3293039.Core",
    "source": "Thomson/GlobalCertificates/Production/Node3293039/Core.lean",
    "source_sha256": "a5a56d0b4222ddc152d545bda8f2cfc06b5ad42557c96ae7eccb2dd31958984c",
    "source_bytes": 4919950
  },
  "assembled": {
    "module": "Thomson.GlobalCertificates.Production.Node3293039.Assembled",
    "source": "Thomson/GlobalCertificates/Production/Node3293039/Assembled.lean",
    "source_sha256": "354e4379240815ebc556080df4af8a85318a0b2e31799d3abc8c0b6911431ebc",
    "source_bytes": 370499
  },
  "core_source": "Thomson/GlobalCertificates/Production/Node3293039/Core.lean",
  "assembled_source": "Thomson/GlobalCertificates/Production/Node3293039/Assembled.lean",
  "core_module": "Thomson.GlobalCertificates.Production.Node3293039.Core",
  "assembled_module": "Thomson.GlobalCertificates.Production.Node3293039.Assembled",
  "boundary_modules": [],
  "nodes": 211,
  "leaf_kinds": {
    "0": 105,
    "8": 106
  },
  "families": {
    "contraction": {
      "nodes": 211,
      "actual": 19,
      "rounds": 19,
      "actions": 20
    }
  },
  "reference_topology_sha256": {
    "vertex": "09629aa6d88e3007946041ee5bb5e7fe743b3242efca3b1b8ea02df65fe0eb34"
  },
  "generation_seconds": 1.2218214169843122,
  "kernel_check_required": true,
  "heartbeats": "default",
  "compiler_threads": 1,
  "core_memory_limit_mib": 2048,
  "assembled_memory_limit_mib": 3072
}
