{
  "format": "THOMSON_UNTRUSTED_MERGED_GROUP_V1",
  "root": 3382839,
  "selection": "/Users/archiebrowne/source/Thomson/Thomson/GlobalCertificates/Production/selections/Node3382839.json",
  "selection_sha256": "9b953487555686a420db6405749bba7b640dba2739ba69f7b49153d789d0e7d4",
  "binary": "/Users/archiebrowne/source/Thomson/.lake/global-cover/search.bin",
  "binary_sha256": "6626a818d355868776501e252bbdafb97029a5a9ebe31122f3509e3e359020a4",
  "output_prefix": "Thomson.GlobalCertificates.Production.Node3382839",
  "module": "Thomson.GlobalCertificates.Production.Node3382839.Assembled",
  "namespace": "Thomson.Five.GlobalCertificates.Production.Node3382839.Assembled",
  "core": {
    "module": "Thomson.GlobalCertificates.Production.Node3382839.Core",
    "source": "Thomson/GlobalCertificates/Production/Node3382839/Core.lean",
    "source_sha256": "557c3808471b28ff870949e723f2f1e3daa3f9c6c3af4dcb861448fea819e804",
    "source_bytes": 1319243
  },
  "assembled": {
    "module": "Thomson.GlobalCertificates.Production.Node3382839.Assembled",
    "source": "Thomson/GlobalCertificates/Production/Node3382839/Assembled.lean",
    "source_sha256": "b76a18821bcfd211bd0e14de06e4fd57aa7f3f011cd0d8142b155cabdb0a61dc",
    "source_bytes": 166059
  },
  "core_source": "Thomson/GlobalCertificates/Production/Node3382839/Core.lean",
  "assembled_source": "Thomson/GlobalCertificates/Production/Node3382839/Assembled.lean",
  "core_module": "Thomson.GlobalCertificates.Production.Node3382839.Core",
  "assembled_module": "Thomson.GlobalCertificates.Production.Node3382839.Assembled",
  "boundary_modules": [],
  "nodes": 91,
  "leaf_kinds": {
    "0": 45,
    "3": 16,
    "6": 9,
    "8": 21
  },
  "families": {
    "contraction": {
      "nodes": 91,
      "actual": 28,
      "rounds": 30,
      "actions": 65
    }
  },
  "reference_topology_sha256": {
    "vertex": "09629aa6d88e3007946041ee5bb5e7fe743b3242efca3b1b8ea02df65fe0eb34",
    "gradient": "58c374fbc03eab01d7423cf8888185f1410a0c20be14044aa309678ec2e4216c",
    "pair": "65dfe5f05c0cab641b03d13ff573dc6bfa3f1d0fef0ed66dcd91cede0438a8ce"
  },
  "generation_seconds": 0.2953140410245396,
  "kernel_check_required": true,
  "heartbeats": "default",
  "compiler_threads": 1,
  "core_memory_limit_mib": 2048,
  "assembled_memory_limit_mib": 3072
}
