{
  "format": "THOMSON_UNTRUSTED_MERGED_GROUP_V1",
  "root": 3306518,
  "selection": "/Users/archiebrowne/source/Thomson/Thomson/GlobalCertificates/Production/selections/Node3306518.json",
  "selection_sha256": "5b9fa229dd7430e0390affe5d80b5c07eef8f26cd7b6454c12b7f8df3cee4f3a",
  "binary": "/Users/archiebrowne/source/Thomson/.lake/global-cover/search.bin",
  "binary_sha256": "6626a818d355868776501e252bbdafb97029a5a9ebe31122f3509e3e359020a4",
  "output_prefix": "Thomson.GlobalCertificates.Production.Node3306518",
  "module": "Thomson.GlobalCertificates.Production.Node3306518.Assembled",
  "namespace": "Thomson.Five.GlobalCertificates.Production.Node3306518.Assembled",
  "core": {
    "module": "Thomson.GlobalCertificates.Production.Node3306518.Core",
    "source": "Thomson/GlobalCertificates/Production/Node3306518/Core.lean",
    "source_sha256": "08eb5e38c10731965a39d5d9620f751d306525237f9aa759bb8b0d0c5f68601e",
    "source_bytes": 2359397
  },
  "assembled": {
    "module": "Thomson.GlobalCertificates.Production.Node3306518.Assembled",
    "source": "Thomson/GlobalCertificates/Production/Node3306518/Assembled.lean",
    "source_sha256": "99306b0200224d8bb81806f1f8bd5c6477d4ad9dae436fefa57b5894f1e218f9",
    "source_bytes": 415840
  },
  "core_source": "Thomson/GlobalCertificates/Production/Node3306518/Core.lean",
  "assembled_source": "Thomson/GlobalCertificates/Production/Node3306518/Assembled.lean",
  "core_module": "Thomson.GlobalCertificates.Production.Node3306518.Core",
  "assembled_module": "Thomson.GlobalCertificates.Production.Node3306518.Assembled",
  "boundary_modules": [],
  "nodes": 235,
  "leaf_kinds": {
    "0": 117,
    "3": 62,
    "6": 28,
    "8": 28
  },
  "families": {
    "contraction": {
      "nodes": 235,
      "actual": 19,
      "rounds": 19,
      "actions": 19
    }
  },
  "reference_topology_sha256": {
    "vertex": "09629aa6d88e3007946041ee5bb5e7fe743b3242efca3b1b8ea02df65fe0eb34",
    "gradient": "58c374fbc03eab01d7423cf8888185f1410a0c20be14044aa309678ec2e4216c",
    "pair": "65dfe5f05c0cab641b03d13ff573dc6bfa3f1d0fef0ed66dcd91cede0438a8ce"
  },
  "generation_seconds": 0.6664354160311632,
  "kernel_check_required": true,
  "heartbeats": "default",
  "compiler_threads": 1,
  "core_memory_limit_mib": 2048,
  "assembled_memory_limit_mib": 3072
}
