{
  "format": "THOMSON_UNTRUSTED_MERGED_GROUP_V1",
  "root": 3344439,
  "selection": "/Users/archiebrowne/source/Thomson/Thomson/GlobalCertificates/Production/selections/Node3344439.json",
  "selection_sha256": "4c55c832fcdd36ee35a4071ebac1a75c5d1f98a2784060790835fbcc70b157d9",
  "binary": "/Users/archiebrowne/source/Thomson/.lake/global-cover/search.bin",
  "binary_sha256": "6626a818d355868776501e252bbdafb97029a5a9ebe31122f3509e3e359020a4",
  "output_prefix": "Thomson.GlobalCertificates.Production.Node3344439",
  "module": "Thomson.GlobalCertificates.Production.Node3344439.Assembled",
  "namespace": "Thomson.Five.GlobalCertificates.Production.Node3344439.Assembled",
  "core": {
    "module": "Thomson.GlobalCertificates.Production.Node3344439.Core",
    "source": "Thomson/GlobalCertificates/Production/Node3344439/Core.lean",
    "source_sha256": "c920c0e44236cbd7e6f4833f81e1dfd8e036b63599f3e7c6c2e78da3f47e4f8c",
    "source_bytes": 1571642
  },
  "assembled": {
    "module": "Thomson.GlobalCertificates.Production.Node3344439.Assembled",
    "source": "Thomson/GlobalCertificates/Production/Node3344439/Assembled.lean",
    "source_sha256": "b5488aa175036e8edee2190dfed090838419af45f771ef5234b45f290481db50",
    "source_bytes": 119704
  },
  "core_source": "Thomson/GlobalCertificates/Production/Node3344439/Core.lean",
  "assembled_source": "Thomson/GlobalCertificates/Production/Node3344439/Assembled.lean",
  "core_module": "Thomson.GlobalCertificates.Production.Node3344439.Core",
  "assembled_module": "Thomson.GlobalCertificates.Production.Node3344439.Assembled",
  "boundary_modules": [],
  "nodes": 67,
  "leaf_kinds": {
    "0": 33,
    "8": 34
  },
  "families": {
    "contraction": {
      "nodes": 67,
      "actual": 0,
      "rounds": 0,
      "actions": 0
    }
  },
  "reference_topology_sha256": {
    "vertex": "09629aa6d88e3007946041ee5bb5e7fe743b3242efca3b1b8ea02df65fe0eb34"
  },
  "generation_seconds": 0.3396360829938203,
  "kernel_check_required": true,
  "heartbeats": "default",
  "compiler_threads": 1,
  "core_memory_limit_mib": 2048,
  "assembled_memory_limit_mib": 3072
}
