{
  "format": "THOMSON_UNTRUSTED_MERGED_GROUP_V1",
  "root": 3357080,
  "selection": "/Users/archiebrowne/source/Thomson/Thomson/GlobalCertificates/Production/selections/Node3357080.json",
  "selection_sha256": "1cd1813c312df7e293ce14c13b141cc8c88e328965f309a369d84a83b0a712df",
  "binary": "/Users/archiebrowne/source/Thomson/.lake/global-cover/search.bin",
  "binary_sha256": "6626a818d355868776501e252bbdafb97029a5a9ebe31122f3509e3e359020a4",
  "output_prefix": "Thomson.GlobalCertificates.Production.Node3357080",
  "module": "Thomson.GlobalCertificates.Production.Node3357080.Assembled",
  "namespace": "Thomson.Five.GlobalCertificates.Production.Node3357080.Assembled",
  "core": {
    "module": "Thomson.GlobalCertificates.Production.Node3357080.Core",
    "source": "Thomson/GlobalCertificates/Production/Node3357080/Core.lean",
    "source_sha256": "7337e088875d7d0be989868adeb6af1bf8bb8df1f4bb44648d79aee281a6cea5",
    "source_bytes": 1769626
  },
  "assembled": {
    "module": "Thomson.GlobalCertificates.Production.Node3357080.Assembled",
    "source": "Thomson/GlobalCertificates/Production/Node3357080/Assembled.lean",
    "source_sha256": "8db131f234dfa93fc883e62b869a24843aca5aa1ff408ae97ea21e8eef24ca4f",
    "source_bytes": 296499
  },
  "core_source": "Thomson/GlobalCertificates/Production/Node3357080/Core.lean",
  "assembled_source": "Thomson/GlobalCertificates/Production/Node3357080/Assembled.lean",
  "core_module": "Thomson.GlobalCertificates.Production.Node3357080.Core",
  "assembled_module": "Thomson.GlobalCertificates.Production.Node3357080.Assembled",
  "boundary_modules": [],
  "nodes": 165,
  "leaf_kinds": {
    "0": 82,
    "3": 37,
    "6": 23,
    "8": 23
  },
  "families": {
    "contraction": {
      "nodes": 165,
      "actual": 0,
      "rounds": 0,
      "actions": 0
    }
  },
  "reference_topology_sha256": {
    "vertex": "09629aa6d88e3007946041ee5bb5e7fe743b3242efca3b1b8ea02df65fe0eb34",
    "gradient": "58c374fbc03eab01d7423cf8888185f1410a0c20be14044aa309678ec2e4216c",
    "pair": "65dfe5f05c0cab641b03d13ff573dc6bfa3f1d0fef0ed66dcd91cede0438a8ce"
  },
  "generation_seconds": 0.32526125002186745,
  "kernel_check_required": true,
  "heartbeats": "default",
  "compiler_threads": 1,
  "core_memory_limit_mib": 2048,
  "assembled_memory_limit_mib": 3072
}
