{
  "format": "THOMSON_UNTRUSTED_MERGED_GROUP_V1",
  "root": 3339499,
  "selection": "/Users/archiebrowne/source/Thomson/Thomson/GlobalCertificates/Production/selections/Node3339499.json",
  "selection_sha256": "47ca447170f8040929c1b08888a7ddd14f6f71023149c682b82ba5a51e3a78c9",
  "binary": "/Users/archiebrowne/source/Thomson/.lake/global-cover/search.bin",
  "binary_sha256": "6626a818d355868776501e252bbdafb97029a5a9ebe31122f3509e3e359020a4",
  "output_prefix": "Thomson.GlobalCertificates.Production.Node3339499",
  "module": "Thomson.GlobalCertificates.Production.Node3339499.Assembled",
  "namespace": "Thomson.Five.GlobalCertificates.Production.Node3339499.Assembled",
  "core": {
    "module": "Thomson.GlobalCertificates.Production.Node3339499.Core",
    "source": "Thomson/GlobalCertificates/Production/Node3339499/Core.lean",
    "source_sha256": "3ea095d3f778002365c62a29be685476a7475858f49518a04970ed2479c6fd2a",
    "source_bytes": 2085397
  },
  "assembled": {
    "module": "Thomson.GlobalCertificates.Production.Node3339499.Assembled",
    "source": "Thomson/GlobalCertificates/Production/Node3339499/Assembled.lean",
    "source_sha256": "fe731c4483a9044eedf7c49ade367d203fd9c52ab883bb63c20f6ef7146c4c15",
    "source_bytes": 209160
  },
  "core_source": "Thomson/GlobalCertificates/Production/Node3339499/Core.lean",
  "assembled_source": "Thomson/GlobalCertificates/Production/Node3339499/Assembled.lean",
  "core_module": "Thomson.GlobalCertificates.Production.Node3339499.Core",
  "assembled_module": "Thomson.GlobalCertificates.Production.Node3339499.Assembled",
  "boundary_modules": [],
  "nodes": 115,
  "leaf_kinds": {
    "0": 57,
    "6": 20,
    "8": 38
  },
  "families": {
    "contraction": {
      "nodes": 115,
      "actual": 45,
      "rounds": 52,
      "actions": 110
    }
  },
  "reference_topology_sha256": {
    "vertex": "09629aa6d88e3007946041ee5bb5e7fe743b3242efca3b1b8ea02df65fe0eb34",
    "gradient": "58c374fbc03eab01d7423cf8888185f1410a0c20be14044aa309678ec2e4216c"
  },
  "generation_seconds": 0.4295222920482047,
  "kernel_check_required": true,
  "heartbeats": "default",
  "compiler_threads": 1,
  "core_memory_limit_mib": 2048,
  "assembled_memory_limit_mib": 3072
}
