{
  "format": "THOMSON_UNTRUSTED_MERGED_GROUP_V1",
  "root": 3263801,
  "selection": "/Users/archiebrowne/source/Thomson/Thomson/GlobalCertificates/Production/selections/Node3263801.json",
  "selection_sha256": "36064cefd65f94975602523ebdcf03d0ef8d70fc467565ab008c2ec987778389",
  "binary": "/Users/archiebrowne/source/Thomson/.lake/global-cover/search.bin",
  "binary_sha256": "6626a818d355868776501e252bbdafb97029a5a9ebe31122f3509e3e359020a4",
  "output_prefix": "Thomson.GlobalCertificates.Production.Node3263801",
  "module": "Thomson.GlobalCertificates.Production.Node3263801.Assembled",
  "namespace": "Thomson.Five.GlobalCertificates.Production.Node3263801.Assembled",
  "core": {
    "module": "Thomson.GlobalCertificates.Production.Node3263801.Core",
    "source": "Thomson/GlobalCertificates/Production/Node3263801/Core.lean",
    "source_sha256": "3dc1a989a0afe2c4614afe5d285b6c905a3aa4afa998f8e8c17fb5ef104f3144",
    "source_bytes": 2542379
  },
  "assembled": {
    "module": "Thomson.GlobalCertificates.Production.Node3263801.Assembled",
    "source": "Thomson/GlobalCertificates/Production/Node3263801/Assembled.lean",
    "source_sha256": "bd13c8ee0752dea7d170e9b02978f7e2077577b1806dd3d87531442a918dfc4a",
    "source_bytes": 202319
  },
  "core_source": "Thomson/GlobalCertificates/Production/Node3263801/Core.lean",
  "assembled_source": "Thomson/GlobalCertificates/Production/Node3263801/Assembled.lean",
  "core_module": "Thomson.GlobalCertificates.Production.Node3263801.Core",
  "assembled_module": "Thomson.GlobalCertificates.Production.Node3263801.Assembled",
  "boundary_modules": [],
  "nodes": 113,
  "leaf_kinds": {
    "0": 56,
    "2": 2,
    "6": 1,
    "8": 54
  },
  "families": {
    "contraction": {
      "nodes": 113,
      "actual": 18,
      "rounds": 18,
      "actions": 25
    },
    "rejection": {
      "leaves": 2,
      "rounds": 0,
      "actions": 0
    }
  },
  "reference_topology_sha256": {
    "vertex": "09629aa6d88e3007946041ee5bb5e7fe743b3242efca3b1b8ea02df65fe0eb34",
    "gradient": "58c374fbc03eab01d7423cf8888185f1410a0c20be14044aa309678ec2e4216c"
  },
  "generation_seconds": 0.5810892499866895,
  "kernel_check_required": true,
  "heartbeats": "default",
  "compiler_threads": 1,
  "core_memory_limit_mib": 2048,
  "assembled_memory_limit_mib": 3072
}
