{
  "format": "THOMSON_UNTRUSTED_MERGED_GROUP_V1",
  "root": 3314960,
  "selection": "/Users/archiebrowne/source/Thomson/Thomson/GlobalCertificates/Production/selections/Node3314960.json",
  "selection_sha256": "ff19c606c80d000ba183e1ef754e582926f5885dc39b4fd2e9304306ec9595a2",
  "binary": "/Users/archiebrowne/source/Thomson/.lake/global-cover/search.bin",
  "binary_sha256": "6626a818d355868776501e252bbdafb97029a5a9ebe31122f3509e3e359020a4",
  "output_prefix": "Thomson.GlobalCertificates.Production.Node3314960",
  "module": "Thomson.GlobalCertificates.Production.Node3314960.Assembled",
  "namespace": "Thomson.Five.GlobalCertificates.Production.Node3314960.Assembled",
  "core": {
    "module": "Thomson.GlobalCertificates.Production.Node3314960.Core",
    "source": "Thomson/GlobalCertificates/Production/Node3314960/Core.lean",
    "source_sha256": "f441bac17ef6a63e313064b0215c29da7de2e7ef21341ce86a61a52b115e8849",
    "source_bytes": 996069
  },
  "assembled": {
    "module": "Thomson.GlobalCertificates.Production.Node3314960.Assembled",
    "source": "Thomson/GlobalCertificates/Production/Node3314960/Assembled.lean",
    "source_sha256": "21192df5560fd3b8c2f590dfa6626b1a3dfdcda80c50f4f6f0fc45d43a0d732c",
    "source_bytes": 308156
  },
  "core_source": "Thomson/GlobalCertificates/Production/Node3314960/Core.lean",
  "assembled_source": "Thomson/GlobalCertificates/Production/Node3314960/Assembled.lean",
  "core_module": "Thomson.GlobalCertificates.Production.Node3314960.Core",
  "assembled_module": "Thomson.GlobalCertificates.Production.Node3314960.Assembled",
  "boundary_modules": [],
  "nodes": 173,
  "leaf_kinds": {
    "0": 86,
    "3": 78,
    "6": 9
  },
  "families": {
    "contraction": {
      "nodes": 173,
      "actual": 8,
      "rounds": 8,
      "actions": 8
    }
  },
  "reference_topology_sha256": {
    "gradient": "58c374fbc03eab01d7423cf8888185f1410a0c20be14044aa309678ec2e4216c",
    "pair": "65dfe5f05c0cab641b03d13ff573dc6bfa3f1d0fef0ed66dcd91cede0438a8ce"
  },
  "generation_seconds": 0.2347527079982683,
  "kernel_check_required": true,
  "heartbeats": "default",
  "compiler_threads": 1,
  "core_memory_limit_mib": 2048,
  "assembled_memory_limit_mib": 3072
}
