{
  "format": "THOMSON_UNTRUSTED_MERGED_GROUP_V1",
  "root": 3375272,
  "selection": "/Users/archiebrowne/source/Thomson/Thomson/GlobalCertificates/Production/selections/Node3375272.json",
  "selection_sha256": "8f1ebfb8d27f0db763b7450e932071ea96764b032ef851b1ad9ec6e1a18f3630",
  "binary": "/Users/archiebrowne/source/Thomson/.lake/global-cover/search.bin",
  "binary_sha256": "6626a818d355868776501e252bbdafb97029a5a9ebe31122f3509e3e359020a4",
  "output_prefix": "Thomson.GlobalCertificates.Production.Node3375272",
  "module": "Thomson.GlobalCertificates.Production.Node3375272.Assembled",
  "namespace": "Thomson.Five.GlobalCertificates.Production.Node3375272.Assembled",
  "core": {
    "module": "Thomson.GlobalCertificates.Production.Node3375272.Core",
    "source": "Thomson/GlobalCertificates/Production/Node3375272/Core.lean",
    "source_sha256": "5099749d1061d1c2e5cf639e6cfa49a364f84aff249cd83431d251f9f9498924",
    "source_bytes": 4366903
  },
  "assembled": {
    "module": "Thomson.GlobalCertificates.Production.Node3375272.Assembled",
    "source": "Thomson/GlobalCertificates/Production/Node3375272/Assembled.lean",
    "source_sha256": "5ff0a60389e1f34ab2e7a61dd34742d463733b4f5785f14eda87d5260b3d4718",
    "source_bytes": 371073
  },
  "core_source": "Thomson/GlobalCertificates/Production/Node3375272/Core.lean",
  "assembled_source": "Thomson/GlobalCertificates/Production/Node3375272/Assembled.lean",
  "core_module": "Thomson.GlobalCertificates.Production.Node3375272.Core",
  "assembled_module": "Thomson.GlobalCertificates.Production.Node3375272.Assembled",
  "boundary_modules": [],
  "nodes": 211,
  "leaf_kinds": {
    "0": 105,
    "6": 16,
    "8": 90
  },
  "families": {
    "contraction": {
      "nodes": 211,
      "actual": 7,
      "rounds": 7,
      "actions": 7
    }
  },
  "reference_topology_sha256": {
    "vertex": "09629aa6d88e3007946041ee5bb5e7fe743b3242efca3b1b8ea02df65fe0eb34",
    "gradient": "58c374fbc03eab01d7423cf8888185f1410a0c20be14044aa309678ec2e4216c"
  },
  "generation_seconds": 1.1411851250450127,
  "kernel_check_required": true,
  "heartbeats": "default",
  "compiler_threads": 1,
  "core_memory_limit_mib": 2048,
  "assembled_memory_limit_mib": 3072
}
