{
  "format": "THOMSON_UNTRUSTED_MERGED_GROUP_V1",
  "root": 3311925,
  "selection": "/Users/archiebrowne/source/Thomson/Thomson/GlobalCertificates/Production/selections/Node3311925.json",
  "selection_sha256": "59bd5bfd7efa9b12c3541d82991379f5207d1848cb468bee4cf2db52b3a89864",
  "binary": "/Users/archiebrowne/source/Thomson/.lake/global-cover/search.bin",
  "binary_sha256": "6626a818d355868776501e252bbdafb97029a5a9ebe31122f3509e3e359020a4",
  "output_prefix": "Thomson.GlobalCertificates.Production.Node3311925",
  "module": "Thomson.GlobalCertificates.Production.Node3311925.Assembled",
  "namespace": "Thomson.Five.GlobalCertificates.Production.Node3311925.Assembled",
  "core": {
    "module": "Thomson.GlobalCertificates.Production.Node3311925.Core",
    "source": "Thomson/GlobalCertificates/Production/Node3311925/Core.lean",
    "source_sha256": "1edea114bee0733e0d5ab041bd1d0c6fc4db39c27622df69504faf7ef7824474",
    "source_bytes": 1610152
  },
  "assembled": {
    "module": "Thomson.GlobalCertificates.Production.Node3311925.Assembled",
    "source": "Thomson/GlobalCertificates/Production/Node3311925/Assembled.lean",
    "source_sha256": "85722fa0e9d014ab81f32513646c66be8122599335311b2d82d22ce6525f06a2",
    "source_bytes": 289061
  },
  "core_source": "Thomson/GlobalCertificates/Production/Node3311925/Core.lean",
  "assembled_source": "Thomson/GlobalCertificates/Production/Node3311925/Assembled.lean",
  "core_module": "Thomson.GlobalCertificates.Production.Node3311925.Core",
  "assembled_module": "Thomson.GlobalCertificates.Production.Node3311925.Assembled",
  "boundary_modules": [],
  "nodes": 161,
  "leaf_kinds": {
    "0": 80,
    "3": 6,
    "6": 56,
    "8": 19
  },
  "families": {
    "contraction": {
      "nodes": 161,
      "actual": 8,
      "rounds": 8,
      "actions": 8
    }
  },
  "reference_topology_sha256": {
    "vertex": "09629aa6d88e3007946041ee5bb5e7fe743b3242efca3b1b8ea02df65fe0eb34",
    "gradient": "58c374fbc03eab01d7423cf8888185f1410a0c20be14044aa309678ec2e4216c",
    "pair": "65dfe5f05c0cab641b03d13ff573dc6bfa3f1d0fef0ed66dcd91cede0438a8ce"
  },
  "generation_seconds": 0.51741445902735,
  "kernel_check_required": true,
  "heartbeats": "default",
  "compiler_threads": 1,
  "core_memory_limit_mib": 2048,
  "assembled_memory_limit_mib": 3072
}
