{
  "format": "THOMSON_UNTRUSTED_MERGED_GROUP_V1",
  "root": 3292764,
  "selection": "/Users/archiebrowne/source/Thomson/Thomson/GlobalCertificates/Production/selections/Node3292764.json",
  "selection_sha256": "cd5c670aa8da0cbaa2e2465b4e9fc491fd4c3f81fa360a1382f920c69492b41d",
  "binary": "/Users/archiebrowne/source/Thomson/.lake/global-cover/search.bin",
  "binary_sha256": "6626a818d355868776501e252bbdafb97029a5a9ebe31122f3509e3e359020a4",
  "output_prefix": "Thomson.GlobalCertificates.Production.Node3292764",
  "module": "Thomson.GlobalCertificates.Production.Node3292764.Assembled",
  "namespace": "Thomson.Five.GlobalCertificates.Production.Node3292764.Assembled",
  "core": {
    "module": "Thomson.GlobalCertificates.Production.Node3292764.Core",
    "source": "Thomson/GlobalCertificates/Production/Node3292764/Core.lean",
    "source_sha256": "01c7d6a2e76a47b898acd5a75db89c55706722cd04f25237ad37ad8cbb227898",
    "source_bytes": 4386998
  },
  "assembled": {
    "module": "Thomson.GlobalCertificates.Production.Node3292764.Assembled",
    "source": "Thomson/GlobalCertificates/Production/Node3292764/Assembled.lean",
    "source_sha256": "a6bca3918159cecdb71b992e883fa16c9a9bf2466c15ad7019033b32fd8af0d3",
    "source_bytes": 373525
  },
  "core_source": "Thomson/GlobalCertificates/Production/Node3292764/Core.lean",
  "assembled_source": "Thomson/GlobalCertificates/Production/Node3292764/Assembled.lean",
  "core_module": "Thomson.GlobalCertificates.Production.Node3292764.Core",
  "assembled_module": "Thomson.GlobalCertificates.Production.Node3292764.Assembled",
  "boundary_modules": [],
  "nodes": 209,
  "leaf_kinds": {
    "0": 104,
    "6": 15,
    "8": 90
  },
  "families": {
    "contraction": {
      "nodes": 209,
      "actual": 34,
      "rounds": 34,
      "actions": 51
    }
  },
  "reference_topology_sha256": {
    "vertex": "09629aa6d88e3007946041ee5bb5e7fe743b3242efca3b1b8ea02df65fe0eb34",
    "gradient": "58c374fbc03eab01d7423cf8888185f1410a0c20be14044aa309678ec2e4216c"
  },
  "generation_seconds": 1.0795587920001708,
  "kernel_check_required": true,
  "heartbeats": "default",
  "compiler_threads": 1,
  "core_memory_limit_mib": 2048,
  "assembled_memory_limit_mib": 3072
}
