{
  "format": "THOMSON_UNTRUSTED_MERGED_GROUP_V1",
  "root": 3356281,
  "selection": "/Users/archiebrowne/source/Thomson/Thomson/GlobalCertificates/Production/selections/Node3356281.json",
  "selection_sha256": "458f912c14ebe70d926053c6236375f3083c8721e0b76b215e1439421cb9ecc6",
  "binary": "/Users/archiebrowne/source/Thomson/.lake/global-cover/search.bin",
  "binary_sha256": "6626a818d355868776501e252bbdafb97029a5a9ebe31122f3509e3e359020a4",
  "output_prefix": "Thomson.GlobalCertificates.Production.Node3356281",
  "module": "Thomson.GlobalCertificates.Production.Node3356281.Assembled",
  "namespace": "Thomson.Five.GlobalCertificates.Production.Node3356281.Assembled",
  "core": {
    "module": "Thomson.GlobalCertificates.Production.Node3356281.Core",
    "source": "Thomson/GlobalCertificates/Production/Node3356281/Core.lean",
    "source_sha256": "c73da152e70ae4454a658dd7b93fb24affd77dde0024ca4d1308a75ec45070b2",
    "source_bytes": 1402676
  },
  "assembled": {
    "module": "Thomson.GlobalCertificates.Production.Node3356281.Assembled",
    "source": "Thomson/GlobalCertificates/Production/Node3356281/Assembled.lean",
    "source_sha256": "4d7f50005aa6e21d067600d77610a631dc431a1d0a8c93b864117988bd9e7013",
    "source_bytes": 287981
  },
  "core_source": "Thomson/GlobalCertificates/Production/Node3356281/Core.lean",
  "assembled_source": "Thomson/GlobalCertificates/Production/Node3356281/Assembled.lean",
  "core_module": "Thomson.GlobalCertificates.Production.Node3356281.Core",
  "assembled_module": "Thomson.GlobalCertificates.Production.Node3356281.Assembled",
  "boundary_modules": [],
  "nodes": 163,
  "leaf_kinds": {
    "0": 81,
    "3": 41,
    "6": 28,
    "8": 13
  },
  "families": {
    "contraction": {
      "nodes": 163,
      "actual": 10,
      "rounds": 10,
      "actions": 10
    }
  },
  "reference_topology_sha256": {
    "vertex": "09629aa6d88e3007946041ee5bb5e7fe743b3242efca3b1b8ea02df65fe0eb34",
    "gradient": "58c374fbc03eab01d7423cf8888185f1410a0c20be14044aa309678ec2e4216c",
    "pair": "65dfe5f05c0cab641b03d13ff573dc6bfa3f1d0fef0ed66dcd91cede0438a8ce"
  },
  "generation_seconds": 0.24468629201874137,
  "kernel_check_required": true,
  "heartbeats": "default",
  "compiler_threads": 1,
  "core_memory_limit_mib": 2048,
  "assembled_memory_limit_mib": 3072
}
