{
  "format": "THOMSON_UNTRUSTED_MERGED_GROUP_V1",
  "root": 3330029,
  "selection": "/Users/archiebrowne/source/Thomson/Thomson/GlobalCertificates/Production/selections/Node3330029.json",
  "selection_sha256": "240883e9c48e55f9b8828e22e88baeb8cb3d8a9c268edb4363695bb4b121c0d6",
  "binary": "/Users/archiebrowne/source/Thomson/.lake/global-cover/search.bin",
  "binary_sha256": "6626a818d355868776501e252bbdafb97029a5a9ebe31122f3509e3e359020a4",
  "output_prefix": "Thomson.GlobalCertificates.Production.Node3330029",
  "module": "Thomson.GlobalCertificates.Production.Node3330029.Assembled",
  "namespace": "Thomson.Five.GlobalCertificates.Production.Node3330029.Assembled",
  "core": {
    "module": "Thomson.GlobalCertificates.Production.Node3330029.Core",
    "source": "Thomson/GlobalCertificates/Production/Node3330029/Core.lean",
    "source_sha256": "04e21c0215614929b3f875ab6a7c76bec04c46f387e6ddcdc2248836c42f3aa0",
    "source_bytes": 2975190
  },
  "assembled": {
    "module": "Thomson.GlobalCertificates.Production.Node3330029.Assembled",
    "source": "Thomson/GlobalCertificates/Production/Node3330029/Assembled.lean",
    "source_sha256": "645ba3a94f4c8b3afe41e389bd3e64fe921c86664cb53e3c8a1e23f65331d362",
    "source_bytes": 241384
  },
  "core_source": "Thomson/GlobalCertificates/Production/Node3330029/Core.lean",
  "assembled_source": "Thomson/GlobalCertificates/Production/Node3330029/Assembled.lean",
  "core_module": "Thomson.GlobalCertificates.Production.Node3330029.Core",
  "assembled_module": "Thomson.GlobalCertificates.Production.Node3330029.Assembled",
  "boundary_modules": [],
  "nodes": 135,
  "leaf_kinds": {
    "0": 67,
    "3": 2,
    "6": 5,
    "8": 61
  },
  "families": {
    "contraction": {
      "nodes": 135,
      "actual": 38,
      "rounds": 38,
      "actions": 54
    }
  },
  "reference_topology_sha256": {
    "vertex": "09629aa6d88e3007946041ee5bb5e7fe743b3242efca3b1b8ea02df65fe0eb34",
    "gradient": "58c374fbc03eab01d7423cf8888185f1410a0c20be14044aa309678ec2e4216c",
    "pair": "65dfe5f05c0cab641b03d13ff573dc6bfa3f1d0fef0ed66dcd91cede0438a8ce"
  },
  "generation_seconds": 0.673628041986376,
  "kernel_check_required": true,
  "heartbeats": "default",
  "compiler_threads": 1,
  "core_memory_limit_mib": 2048,
  "assembled_memory_limit_mib": 3072
}
