{
  "format": "THOMSON_UNTRUSTED_MERGED_GROUP_V1",
  "root": 3380997,
  "selection": "/Users/archiebrowne/source/Thomson/Thomson/GlobalCertificates/Production/selections/Node3380997.json",
  "selection_sha256": "0845613e0293c3d650864ef00393a7919df67db2836eb8dc6dc25bfae9c4ac99",
  "binary": "/Users/archiebrowne/source/Thomson/.lake/global-cover/search.bin",
  "binary_sha256": "6626a818d355868776501e252bbdafb97029a5a9ebe31122f3509e3e359020a4",
  "output_prefix": "Thomson.GlobalCertificates.Production.Node3380997",
  "module": "Thomson.GlobalCertificates.Production.Node3380997.Assembled",
  "namespace": "Thomson.Five.GlobalCertificates.Production.Node3380997.Assembled",
  "core": {
    "module": "Thomson.GlobalCertificates.Production.Node3380997.Core",
    "source": "Thomson/GlobalCertificates/Production/Node3380997/Core.lean",
    "source_sha256": "2ebd75eba4534f56d359040ce03d5aeda551dadbaef61161e8a6dfd2c31a382c",
    "source_bytes": 1400556
  },
  "assembled": {
    "module": "Thomson.GlobalCertificates.Production.Node3380997.Assembled",
    "source": "Thomson/GlobalCertificates/Production/Node3380997/Assembled.lean",
    "source_sha256": "e142308768274492975f56d9a66e7b5f6aafb6b704d8dc713f5c62ad5aaa28cb",
    "source_bytes": 173644
  },
  "core_source": "Thomson/GlobalCertificates/Production/Node3380997/Core.lean",
  "assembled_source": "Thomson/GlobalCertificates/Production/Node3380997/Assembled.lean",
  "core_module": "Thomson.GlobalCertificates.Production.Node3380997.Core",
  "assembled_module": "Thomson.GlobalCertificates.Production.Node3380997.Assembled",
  "boundary_modules": [],
  "nodes": 95,
  "leaf_kinds": {
    "0": 47,
    "3": 5,
    "6": 21,
    "8": 22
  },
  "families": {
    "contraction": {
      "nodes": 95,
      "actual": 37,
      "rounds": 39,
      "actions": 94
    }
  },
  "reference_topology_sha256": {
    "vertex": "09629aa6d88e3007946041ee5bb5e7fe743b3242efca3b1b8ea02df65fe0eb34",
    "gradient": "58c374fbc03eab01d7423cf8888185f1410a0c20be14044aa309678ec2e4216c",
    "pair": "65dfe5f05c0cab641b03d13ff573dc6bfa3f1d0fef0ed66dcd91cede0438a8ce"
  },
  "generation_seconds": 0.3102702079922892,
  "kernel_check_required": true,
  "heartbeats": "default",
  "compiler_threads": 1,
  "core_memory_limit_mib": 2048,
  "assembled_memory_limit_mib": 3072
}
