{
  "format": "THOMSON_UNTRUSTED_MERGED_GROUP_V1",
  "root": 3361234,
  "selection": "/Users/archiebrowne/source/Thomson/Thomson/GlobalCertificates/Production/selections/Node3361234.json",
  "selection_sha256": "4a41081a935c7644c8607cc310891a39e6bc6112c740ed9b95521ef75fe613d2",
  "binary": "/Users/archiebrowne/source/Thomson/.lake/global-cover/search.bin",
  "binary_sha256": "6626a818d355868776501e252bbdafb97029a5a9ebe31122f3509e3e359020a4",
  "output_prefix": "Thomson.GlobalCertificates.Production.Node3361234",
  "module": "Thomson.GlobalCertificates.Production.Node3361234.Assembled",
  "namespace": "Thomson.Five.GlobalCertificates.Production.Node3361234.Assembled",
  "core": {
    "module": "Thomson.GlobalCertificates.Production.Node3361234.Core",
    "source": "Thomson/GlobalCertificates/Production/Node3361234/Core.lean",
    "source_sha256": "677db04308ec605d4d771955b8823decf931800add5fbfdac6ddada9d87ada60",
    "source_bytes": 2070794
  },
  "assembled": {
    "module": "Thomson.GlobalCertificates.Production.Node3361234.Assembled",
    "source": "Thomson/GlobalCertificates/Production/Node3361234/Assembled.lean",
    "source_sha256": "1457887c457e5fecee192e99b94a0d782d8b308bf8984b1fe2bb38583ec209a2",
    "source_bytes": 360580
  },
  "core_source": "Thomson/GlobalCertificates/Production/Node3361234/Core.lean",
  "assembled_source": "Thomson/GlobalCertificates/Production/Node3361234/Assembled.lean",
  "core_module": "Thomson.GlobalCertificates.Production.Node3361234.Core",
  "assembled_module": "Thomson.GlobalCertificates.Production.Node3361234.Assembled",
  "boundary_modules": [],
  "nodes": 201,
  "leaf_kinds": {
    "0": 100,
    "3": 62,
    "6": 14,
    "8": 25
  },
  "families": {
    "contraction": {
      "nodes": 201,
      "actual": 20,
      "rounds": 20,
      "actions": 20
    }
  },
  "reference_topology_sha256": {
    "vertex": "09629aa6d88e3007946041ee5bb5e7fe743b3242efca3b1b8ea02df65fe0eb34",
    "gradient": "58c374fbc03eab01d7423cf8888185f1410a0c20be14044aa309678ec2e4216c",
    "pair": "65dfe5f05c0cab641b03d13ff573dc6bfa3f1d0fef0ed66dcd91cede0438a8ce"
  },
  "generation_seconds": 0.37515516695566475,
  "kernel_check_required": true,
  "heartbeats": "default",
  "compiler_threads": 1,
  "core_memory_limit_mib": 2048,
  "assembled_memory_limit_mib": 3072
}
