{
  "format": "THOMSON_UNTRUSTED_MERGED_GROUP_V1",
  "root": 3365761,
  "selection": "/Users/archiebrowne/source/Thomson/Thomson/GlobalCertificates/Production/selections/Node3365761.json",
  "selection_sha256": "dacc6fbef2beb06b5f00a9f452d13c20635312a9bd137ddc2e3ac3ccc055bc51",
  "binary": "/Users/archiebrowne/source/Thomson/.lake/global-cover/search.bin",
  "binary_sha256": "6626a818d355868776501e252bbdafb97029a5a9ebe31122f3509e3e359020a4",
  "output_prefix": "Thomson.GlobalCertificates.Production.Node3365761",
  "module": "Thomson.GlobalCertificates.Production.Node3365761.Assembled",
  "namespace": "Thomson.Five.GlobalCertificates.Production.Node3365761.Assembled",
  "core": {
    "module": "Thomson.GlobalCertificates.Production.Node3365761.Core",
    "source": "Thomson/GlobalCertificates/Production/Node3365761/Core.lean",
    "source_sha256": "37f77298c57da317564a11e411df0c72974dca1763c0fc5e24dcd395a971a6e5",
    "source_bytes": 2010657
  },
  "assembled": {
    "module": "Thomson.GlobalCertificates.Production.Node3365761.Assembled",
    "source": "Thomson/GlobalCertificates/Production/Node3365761/Assembled.lean",
    "source_sha256": "3f1fc0336bf4165bae4d2d52ab4a8525597c694a4f625215a253ac84f03c6c4a",
    "source_bytes": 300624
  },
  "core_source": "Thomson/GlobalCertificates/Production/Node3365761/Core.lean",
  "assembled_source": "Thomson/GlobalCertificates/Production/Node3365761/Assembled.lean",
  "core_module": "Thomson.GlobalCertificates.Production.Node3365761.Core",
  "assembled_module": "Thomson.GlobalCertificates.Production.Node3365761.Assembled",
  "boundary_modules": [],
  "nodes": 169,
  "leaf_kinds": {
    "0": 84,
    "3": 14,
    "6": 42,
    "8": 29
  },
  "families": {
    "contraction": {
      "nodes": 169,
      "actual": 8,
      "rounds": 8,
      "actions": 8
    }
  },
  "reference_topology_sha256": {
    "vertex": "09629aa6d88e3007946041ee5bb5e7fe743b3242efca3b1b8ea02df65fe0eb34",
    "gradient": "58c374fbc03eab01d7423cf8888185f1410a0c20be14044aa309678ec2e4216c",
    "pair": "65dfe5f05c0cab641b03d13ff573dc6bfa3f1d0fef0ed66dcd91cede0438a8ce"
  },
  "generation_seconds": 0.37652441702084616,
  "kernel_check_required": true,
  "heartbeats": "default",
  "compiler_threads": 1,
  "core_memory_limit_mib": 2048,
  "assembled_memory_limit_mib": 3072
}
