{
  "format": "THOMSON_UNTRUSTED_MERGED_GROUP_V1",
  "root": 3366315,
  "selection": "/Users/archiebrowne/source/Thomson/Thomson/GlobalCertificates/Production/selections/Node3366315.json",
  "selection_sha256": "9c45be6fbf2bb8e4f25868d3494418af4c5cec6a41e7fc167ff646a60f4e0e58",
  "binary": "/Users/archiebrowne/source/Thomson/.lake/global-cover/search.bin",
  "binary_sha256": "6626a818d355868776501e252bbdafb97029a5a9ebe31122f3509e3e359020a4",
  "output_prefix": "Thomson.GlobalCertificates.Production.Node3366315",
  "module": "Thomson.GlobalCertificates.Production.Node3366315.Assembled",
  "namespace": "Thomson.Five.GlobalCertificates.Production.Node3366315.Assembled",
  "core": {
    "module": "Thomson.GlobalCertificates.Production.Node3366315.Core",
    "source": "Thomson/GlobalCertificates/Production/Node3366315/Core.lean",
    "source_sha256": "75b5b9bd9f39f76201994fd43cd4c3c142d3c572ff92487bf88d778b59d84c0e",
    "source_bytes": 2033602
  },
  "assembled": {
    "module": "Thomson.GlobalCertificates.Production.Node3366315.Assembled",
    "source": "Thomson/GlobalCertificates/Production/Node3366315/Assembled.lean",
    "source_sha256": "2d3e1c1808450040b36bdf2a9a01205c396dcc7919cef07f7bfdda94843523d1",
    "source_bytes": 174075
  },
  "core_source": "Thomson/GlobalCertificates/Production/Node3366315/Core.lean",
  "assembled_source": "Thomson/GlobalCertificates/Production/Node3366315/Assembled.lean",
  "core_module": "Thomson.GlobalCertificates.Production.Node3366315.Core",
  "assembled_module": "Thomson.GlobalCertificates.Production.Node3366315.Assembled",
  "boundary_modules": [],
  "nodes": 99,
  "leaf_kinds": {
    "0": 49,
    "6": 11,
    "8": 39
  },
  "families": {
    "contraction": {
      "nodes": 99,
      "actual": 64,
      "rounds": 64,
      "actions": 171
    }
  },
  "reference_topology_sha256": {
    "vertex": "09629aa6d88e3007946041ee5bb5e7fe743b3242efca3b1b8ea02df65fe0eb34",
    "gradient": "58c374fbc03eab01d7423cf8888185f1410a0c20be14044aa309678ec2e4216c"
  },
  "generation_seconds": 0.4028179579763673,
  "kernel_check_required": true,
  "heartbeats": "default",
  "compiler_threads": 1,
  "core_memory_limit_mib": 2048,
  "assembled_memory_limit_mib": 3072
}
