{
  "format": "THOMSON_UNTRUSTED_MERGED_GROUP_V1",
  "root": 3306479,
  "selection": "/Users/archiebrowne/source/Thomson/Thomson/GlobalCertificates/Production/selections/Node3306479.json",
  "selection_sha256": "a11523b5dc5abd28cda166669fbcf7077c5b7271f4d3099bff56e5d0020fdc4d",
  "binary": "/Users/archiebrowne/source/Thomson/.lake/global-cover/search.bin",
  "binary_sha256": "6626a818d355868776501e252bbdafb97029a5a9ebe31122f3509e3e359020a4",
  "output_prefix": "Thomson.GlobalCertificates.Production.Node3306479",
  "module": "Thomson.GlobalCertificates.Production.Node3306479.Assembled",
  "namespace": "Thomson.Five.GlobalCertificates.Production.Node3306479.Assembled",
  "core": {
    "module": "Thomson.GlobalCertificates.Production.Node3306479.Core",
    "source": "Thomson/GlobalCertificates/Production/Node3306479/Core.lean",
    "source_sha256": "430b718e52fee7285f5b527c6209e825b3b25e50a64a3d20b088a749f05e0bb1",
    "source_bytes": 948220
  },
  "assembled": {
    "module": "Thomson.GlobalCertificates.Production.Node3306479.Assembled",
    "source": "Thomson/GlobalCertificates/Production/Node3306479/Assembled.lean",
    "source_sha256": "0378ad76f5f66106b0cb2cba37f5d212115c2dc6478fc99a077e0f986ef1ff7d",
    "source_bytes": 288538
  },
  "core_source": "Thomson/GlobalCertificates/Production/Node3306479/Core.lean",
  "assembled_source": "Thomson/GlobalCertificates/Production/Node3306479/Assembled.lean",
  "core_module": "Thomson.GlobalCertificates.Production.Node3306479.Core",
  "assembled_module": "Thomson.GlobalCertificates.Production.Node3306479.Assembled",
  "boundary_modules": [],
  "nodes": 165,
  "leaf_kinds": {
    "0": 82,
    "3": 75,
    "6": 8
  },
  "families": {
    "contraction": {
      "nodes": 165,
      "actual": 12,
      "rounds": 12,
      "actions": 12
    }
  },
  "reference_topology_sha256": {
    "gradient": "58c374fbc03eab01d7423cf8888185f1410a0c20be14044aa309678ec2e4216c",
    "pair": "65dfe5f05c0cab641b03d13ff573dc6bfa3f1d0fef0ed66dcd91cede0438a8ce"
  },
  "generation_seconds": 0.19665350002469495,
  "kernel_check_required": true,
  "heartbeats": "default",
  "compiler_threads": 1,
  "core_memory_limit_mib": 2048,
  "assembled_memory_limit_mib": 3072
}
