{
  "format": "THOMSON_UNTRUSTED_MERGED_GROUP_V1",
  "root": 3318394,
  "selection": "/Users/archiebrowne/source/Thomson/Thomson/GlobalCertificates/Production/selections/Node3318394.json",
  "selection_sha256": "e51beb55dc1f3e4230582c64647d278948e02bc8b695828cec222af4dac55dc9",
  "binary": "/Users/archiebrowne/source/Thomson/.lake/global-cover/search.bin",
  "binary_sha256": "6626a818d355868776501e252bbdafb97029a5a9ebe31122f3509e3e359020a4",
  "output_prefix": "Thomson.GlobalCertificates.Production.Node3318394",
  "module": "Thomson.GlobalCertificates.Production.Node3318394.Assembled",
  "namespace": "Thomson.Five.GlobalCertificates.Production.Node3318394.Assembled",
  "core": {
    "module": "Thomson.GlobalCertificates.Production.Node3318394.Core",
    "source": "Thomson/GlobalCertificates/Production/Node3318394/Core.lean",
    "source_sha256": "b06b9021068ee8fb2b2d9f325c71ebff57dc488ef0f7365f33ba13c993f3a201",
    "source_bytes": 2387326
  },
  "assembled": {
    "module": "Thomson.GlobalCertificates.Production.Node3318394.Assembled",
    "source": "Thomson/GlobalCertificates/Production/Node3318394/Assembled.lean",
    "source_sha256": "0257b19019f2727ab845b942551f2cbc61eccf6e69af25f596bcf0738f8e4173",
    "source_bytes": 371519
  },
  "core_source": "Thomson/GlobalCertificates/Production/Node3318394/Core.lean",
  "assembled_source": "Thomson/GlobalCertificates/Production/Node3318394/Assembled.lean",
  "core_module": "Thomson.GlobalCertificates.Production.Node3318394.Core",
  "assembled_module": "Thomson.GlobalCertificates.Production.Node3318394.Assembled",
  "boundary_modules": [],
  "nodes": 207,
  "leaf_kinds": {
    "0": 103,
    "3": 59,
    "6": 12,
    "8": 33
  },
  "families": {
    "contraction": {
      "nodes": 207,
      "actual": 29,
      "rounds": 29,
      "actions": 31
    }
  },
  "reference_topology_sha256": {
    "vertex": "09629aa6d88e3007946041ee5bb5e7fe743b3242efca3b1b8ea02df65fe0eb34",
    "gradient": "58c374fbc03eab01d7423cf8888185f1410a0c20be14044aa309678ec2e4216c",
    "pair": "65dfe5f05c0cab641b03d13ff573dc6bfa3f1d0fef0ed66dcd91cede0438a8ce"
  },
  "generation_seconds": 0.4625686249928549,
  "kernel_check_required": true,
  "heartbeats": "default",
  "compiler_threads": 1,
  "core_memory_limit_mib": 2048,
  "assembled_memory_limit_mib": 3072
}
