{
  "format": "THOMSON_UNTRUSTED_MERGED_GROUP_V1",
  "root": 3379283,
  "selection": "/Users/archiebrowne/source/Thomson/Thomson/GlobalCertificates/Production/selections/Node3379283.json",
  "selection_sha256": "af4264d7c5d499e2f66a2887a2d0195301dbfd7f5405ba46b5b732d7d826a9a9",
  "binary": "/Users/archiebrowne/source/Thomson/.lake/global-cover/search.bin",
  "binary_sha256": "6626a818d355868776501e252bbdafb97029a5a9ebe31122f3509e3e359020a4",
  "output_prefix": "Thomson.GlobalCertificates.Production.Node3379283",
  "module": "Thomson.GlobalCertificates.Production.Node3379283.Assembled",
  "namespace": "Thomson.Five.GlobalCertificates.Production.Node3379283.Assembled",
  "core": {
    "module": "Thomson.GlobalCertificates.Production.Node3379283.Core",
    "source": "Thomson/GlobalCertificates/Production/Node3379283/Core.lean",
    "source_sha256": "4db50b235090de1c6a20978b1445a4dabb682280fce3796dc68542b1ca61c9b9",
    "source_bytes": 3156411
  },
  "assembled": {
    "module": "Thomson.GlobalCertificates.Production.Node3379283.Assembled",
    "source": "Thomson/GlobalCertificates/Production/Node3379283/Assembled.lean",
    "source_sha256": "ab217fb9d6f6379d5f8f66296bb2c9e90ba7c44611fa5ddfea1b4838117f881a",
    "source_bytes": 355152
  },
  "core_source": "Thomson/GlobalCertificates/Production/Node3379283/Core.lean",
  "assembled_source": "Thomson/GlobalCertificates/Production/Node3379283/Assembled.lean",
  "core_module": "Thomson.GlobalCertificates.Production.Node3379283.Core",
  "assembled_module": "Thomson.GlobalCertificates.Production.Node3379283.Assembled",
  "boundary_modules": [],
  "nodes": 201,
  "leaf_kinds": {
    "0": 100,
    "6": 48,
    "8": 53
  },
  "families": {
    "contraction": {
      "nodes": 201,
      "actual": 79,
      "rounds": 90,
      "actions": 189
    }
  },
  "reference_topology_sha256": {
    "vertex": "09629aa6d88e3007946041ee5bb5e7fe743b3242efca3b1b8ea02df65fe0eb34",
    "gradient": "58c374fbc03eab01d7423cf8888185f1410a0c20be14044aa309678ec2e4216c"
  },
  "generation_seconds": 0.7281777079915628,
  "kernel_check_required": true,
  "heartbeats": "default",
  "compiler_threads": 1,
  "core_memory_limit_mib": 2048,
  "assembled_memory_limit_mib": 3072
}
