{
  "format": "THOMSON_UNTRUSTED_MERGED_GROUP_V1",
  "root": 3280949,
  "selection": "/Users/archiebrowne/source/Thomson/Thomson/GlobalCertificates/Production/selections/Node3280949.json",
  "selection_sha256": "c9fc804ef020bcc9042fcc0d7c9d20d9b128891cbaa16f128d47bb288c7f3976",
  "binary": "/Users/archiebrowne/source/Thomson/.lake/global-cover/search.bin",
  "binary_sha256": "6626a818d355868776501e252bbdafb97029a5a9ebe31122f3509e3e359020a4",
  "output_prefix": "Thomson.GlobalCertificates.Production.Node3280949",
  "module": "Thomson.GlobalCertificates.Production.Node3280949.Assembled",
  "namespace": "Thomson.Five.GlobalCertificates.Production.Node3280949.Assembled",
  "core": {
    "module": "Thomson.GlobalCertificates.Production.Node3280949.Core",
    "source": "Thomson/GlobalCertificates/Production/Node3280949/Core.lean",
    "source_sha256": "f36f59b98a243240c0823fe0177b64b383f3f3a629c8e492a7e1cb6a568ff4ce",
    "source_bytes": 840081
  },
  "assembled": {
    "module": "Thomson.GlobalCertificates.Production.Node3280949.Assembled",
    "source": "Thomson/GlobalCertificates/Production/Node3280949/Assembled.lean",
    "source_sha256": "3b434cccb9d65c354df92e2da2fe6e27caaa62831da6ea0374bf43c14cb1846c",
    "source_bytes": 63299
  },
  "core_source": "Thomson/GlobalCertificates/Production/Node3280949/Core.lean",
  "assembled_source": "Thomson/GlobalCertificates/Production/Node3280949/Assembled.lean",
  "core_module": "Thomson.GlobalCertificates.Production.Node3280949.Core",
  "assembled_module": "Thomson.GlobalCertificates.Production.Node3280949.Assembled",
  "boundary_modules": [],
  "nodes": 35,
  "leaf_kinds": {
    "0": 17,
    "8": 18
  },
  "families": {
    "contraction": {
      "nodes": 35,
      "actual": 7,
      "rounds": 7,
      "actions": 11
    }
  },
  "reference_topology_sha256": {
    "vertex": "09629aa6d88e3007946041ee5bb5e7fe743b3242efca3b1b8ea02df65fe0eb34"
  },
  "generation_seconds": 0.17777125001884997,
  "kernel_check_required": true,
  "heartbeats": "default",
  "compiler_threads": 1,
  "core_memory_limit_mib": 2048,
  "assembled_memory_limit_mib": 3072
}
