{
  "format": "THOMSON_UNTRUSTED_MERGED_GROUP_V1",
  "root": 3284785,
  "selection": "/Users/archiebrowne/source/Thomson/Thomson/GlobalCertificates/Production/selections/Node3284785.json",
  "selection_sha256": "d6ce21faef625bbd0c82f35e5a032b5c44b623286999ce67a653e88fa1b3bd4a",
  "binary": "/Users/archiebrowne/source/Thomson/.lake/global-cover/search.bin",
  "binary_sha256": "6626a818d355868776501e252bbdafb97029a5a9ebe31122f3509e3e359020a4",
  "output_prefix": "Thomson.GlobalCertificates.Production.Node3284785",
  "module": "Thomson.GlobalCertificates.Production.Node3284785.Assembled",
  "namespace": "Thomson.Five.GlobalCertificates.Production.Node3284785.Assembled",
  "core": {
    "module": "Thomson.GlobalCertificates.Production.Node3284785.Core",
    "source": "Thomson/GlobalCertificates/Production/Node3284785/Core.lean",
    "source_sha256": "8ae2617bdcca2b0e186881b96af98024373b1b7f4c9a478423d6972e21db14ad",
    "source_bytes": 4265487
  },
  "assembled": {
    "module": "Thomson.GlobalCertificates.Production.Node3284785.Assembled",
    "source": "Thomson/GlobalCertificates/Production/Node3284785/Assembled.lean",
    "source_sha256": "ead987821abebc496fd8a74f894cc54227ee5ab42ca6c4be4c626c544ed83aa2",
    "source_bytes": 321259
  },
  "core_source": "Thomson/GlobalCertificates/Production/Node3284785/Core.lean",
  "assembled_source": "Thomson/GlobalCertificates/Production/Node3284785/Assembled.lean",
  "core_module": "Thomson.GlobalCertificates.Production.Node3284785.Core",
  "assembled_module": "Thomson.GlobalCertificates.Production.Node3284785.Assembled",
  "boundary_modules": [],
  "nodes": 185,
  "leaf_kinds": {
    "0": 92,
    "6": 1,
    "8": 92
  },
  "families": {
    "contraction": {
      "nodes": 185,
      "actual": 18,
      "rounds": 18,
      "actions": 18
    }
  },
  "reference_topology_sha256": {
    "vertex": "09629aa6d88e3007946041ee5bb5e7fe743b3242efca3b1b8ea02df65fe0eb34",
    "gradient": "58c374fbc03eab01d7423cf8888185f1410a0c20be14044aa309678ec2e4216c"
  },
  "generation_seconds": 1.2983097920077853,
  "kernel_check_required": true,
  "heartbeats": "default",
  "compiler_threads": 1,
  "core_memory_limit_mib": 2048,
  "assembled_memory_limit_mib": 3072
}
