{
  "format": "THOMSON_UNTRUSTED_MERGED_GROUP_V1",
  "root": 3342000,
  "selection": "/Users/archiebrowne/source/Thomson/Thomson/GlobalCertificates/Production/selections/Node3342000.json",
  "selection_sha256": "0b7450afd25566882fd3bf51b2b27501ce90927b9ce8fcefe1ca7f9acc99cbb1",
  "binary": "/Users/archiebrowne/source/Thomson/.lake/global-cover/search.bin",
  "binary_sha256": "6626a818d355868776501e252bbdafb97029a5a9ebe31122f3509e3e359020a4",
  "output_prefix": "Thomson.GlobalCertificates.Production.Node3342000",
  "module": "Thomson.GlobalCertificates.Production.Node3342000.Assembled",
  "namespace": "Thomson.Five.GlobalCertificates.Production.Node3342000.Assembled",
  "core": {
    "module": "Thomson.GlobalCertificates.Production.Node3342000.Core",
    "source": "Thomson/GlobalCertificates/Production/Node3342000/Core.lean",
    "source_sha256": "b531f8e86bf67ffe492e6bd314bd72f4de758cea0575920d04d035659db5b073",
    "source_bytes": 1239168
  },
  "assembled": {
    "module": "Thomson.GlobalCertificates.Production.Node3342000.Assembled",
    "source": "Thomson/GlobalCertificates/Production/Node3342000/Assembled.lean",
    "source_sha256": "16852bff0c1829e11aaf1a4f5118e330047cf8ba67016c45820f938f61ea51f3",
    "source_bytes": 282721
  },
  "core_source": "Thomson/GlobalCertificates/Production/Node3342000/Core.lean",
  "assembled_source": "Thomson/GlobalCertificates/Production/Node3342000/Assembled.lean",
  "core_module": "Thomson.GlobalCertificates.Production.Node3342000.Core",
  "assembled_module": "Thomson.GlobalCertificates.Production.Node3342000.Assembled",
  "boundary_modules": [],
  "nodes": 157,
  "leaf_kinds": {
    "0": 78,
    "3": 4,
    "6": 66,
    "8": 9
  },
  "families": {
    "contraction": {
      "nodes": 157,
      "actual": 8,
      "rounds": 8,
      "actions": 8
    }
  },
  "reference_topology_sha256": {
    "vertex": "09629aa6d88e3007946041ee5bb5e7fe743b3242efca3b1b8ea02df65fe0eb34",
    "gradient": "58c374fbc03eab01d7423cf8888185f1410a0c20be14044aa309678ec2e4216c",
    "pair": "65dfe5f05c0cab641b03d13ff573dc6bfa3f1d0fef0ed66dcd91cede0438a8ce"
  },
  "generation_seconds": 0.23825391696300358,
  "kernel_check_required": true,
  "heartbeats": "default",
  "compiler_threads": 1,
  "core_memory_limit_mib": 2048,
  "assembled_memory_limit_mib": 3072
}
