{
  "format": "THOMSON_UNTRUSTED_MERGED_GROUP_V1",
  "root": 3346772,
  "selection": "/Users/archiebrowne/source/Thomson/Thomson/GlobalCertificates/Production/selections/Node3346772.json",
  "selection_sha256": "3b10bd6d2f0cefbaa281c6ada50c1ebbbb843d6a13edd3e5458884ef81b1c705",
  "binary": "/Users/archiebrowne/source/Thomson/.lake/global-cover/search.bin",
  "binary_sha256": "6626a818d355868776501e252bbdafb97029a5a9ebe31122f3509e3e359020a4",
  "output_prefix": "Thomson.GlobalCertificates.Production.Node3346772",
  "module": "Thomson.GlobalCertificates.Production.Node3346772.Assembled",
  "namespace": "Thomson.Five.GlobalCertificates.Production.Node3346772.Assembled",
  "core": {
    "module": "Thomson.GlobalCertificates.Production.Node3346772.Core",
    "source": "Thomson/GlobalCertificates/Production/Node3346772/Core.lean",
    "source_sha256": "3e6538bccd78b8d5a8f094057a6ad2099798edbddf9cbc9f83e162bad0af64db",
    "source_bytes": 4184853
  },
  "assembled": {
    "module": "Thomson.GlobalCertificates.Production.Node3346772.Assembled",
    "source": "Thomson/GlobalCertificates/Production/Node3346772/Assembled.lean",
    "source_sha256": "bc62e8567c999fa4494c47cf8668027adb4a4578a98f8c213da235f3611e9ac3",
    "source_bytes": 352139
  },
  "core_source": "Thomson/GlobalCertificates/Production/Node3346772/Core.lean",
  "assembled_source": "Thomson/GlobalCertificates/Production/Node3346772/Assembled.lean",
  "core_module": "Thomson.GlobalCertificates.Production.Node3346772.Core",
  "assembled_module": "Thomson.GlobalCertificates.Production.Node3346772.Assembled",
  "boundary_modules": [],
  "nodes": 201,
  "leaf_kinds": {
    "0": 100,
    "6": 16,
    "8": 85
  },
  "families": {
    "contraction": {
      "nodes": 201,
      "actual": 46,
      "rounds": 46,
      "actions": 69
    }
  },
  "reference_topology_sha256": {
    "vertex": "09629aa6d88e3007946041ee5bb5e7fe743b3242efca3b1b8ea02df65fe0eb34",
    "gradient": "58c374fbc03eab01d7423cf8888185f1410a0c20be14044aa309678ec2e4216c"
  },
  "generation_seconds": 0.8865349590196274,
  "kernel_check_required": true,
  "heartbeats": "default",
  "compiler_threads": 1,
  "core_memory_limit_mib": 2048,
  "assembled_memory_limit_mib": 3072
}
