{
  "format": "THOMSON_UNTRUSTED_MERGED_GROUP_V1",
  "root": 3284987,
  "selection": "/Users/archiebrowne/source/Thomson/Thomson/GlobalCertificates/Production/selections/Node3284987.json",
  "selection_sha256": "fb11706196bc256b2140009db504e7f38c10101a7edef172e764077011e62a63",
  "binary": "/Users/archiebrowne/source/Thomson/.lake/global-cover/search.bin",
  "binary_sha256": "6626a818d355868776501e252bbdafb97029a5a9ebe31122f3509e3e359020a4",
  "output_prefix": "Thomson.GlobalCertificates.Production.Node3284987",
  "module": "Thomson.GlobalCertificates.Production.Node3284987.Assembled",
  "namespace": "Thomson.Five.GlobalCertificates.Production.Node3284987.Assembled",
  "core": {
    "module": "Thomson.GlobalCertificates.Production.Node3284987.Core",
    "source": "Thomson/GlobalCertificates/Production/Node3284987/Core.lean",
    "source_sha256": "4d39b2f4a24b10c560c08ef823daca8571db53171d537fea1ad889b8ba24fb5b",
    "source_bytes": 876897
  },
  "assembled": {
    "module": "Thomson.GlobalCertificates.Production.Node3284987.Assembled",
    "source": "Thomson/GlobalCertificates/Production/Node3284987/Assembled.lean",
    "source_sha256": "b608d35cbd8caf25ab9e965cc731ea33b525adabb1ed977792e5368ae6455bfa",
    "source_bytes": 66313
  },
  "core_source": "Thomson/GlobalCertificates/Production/Node3284987/Core.lean",
  "assembled_source": "Thomson/GlobalCertificates/Production/Node3284987/Assembled.lean",
  "core_module": "Thomson.GlobalCertificates.Production.Node3284987.Core",
  "assembled_module": "Thomson.GlobalCertificates.Production.Node3284987.Assembled",
  "boundary_modules": [],
  "nodes": 37,
  "leaf_kinds": {
    "0": 18,
    "8": 19
  },
  "families": {
    "contraction": {
      "nodes": 37,
      "actual": 2,
      "rounds": 2,
      "actions": 2
    }
  },
  "reference_topology_sha256": {
    "vertex": "09629aa6d88e3007946041ee5bb5e7fe743b3242efca3b1b8ea02df65fe0eb34"
  },
  "generation_seconds": 0.2864196249865927,
  "kernel_check_required": true,
  "heartbeats": "default",
  "compiler_threads": 1,
  "core_memory_limit_mib": 2048,
  "assembled_memory_limit_mib": 3072
}
