{
  "format": "THOMSON_UNTRUSTED_MERGED_GROUP_V1",
  "root": 3381437,
  "selection": "/Users/archiebrowne/source/Thomson/Thomson/GlobalCertificates/Production/selections/Node3381437.json",
  "selection_sha256": "8d138261e14e050e51d56cda725930d448294573ffa36aa3220079aa1a0b535a",
  "binary": "/Users/archiebrowne/source/Thomson/.lake/global-cover/search.bin",
  "binary_sha256": "6626a818d355868776501e252bbdafb97029a5a9ebe31122f3509e3e359020a4",
  "output_prefix": "Thomson.GlobalCertificates.Production.Node3381437",
  "module": "Thomson.GlobalCertificates.Production.Node3381437.Assembled",
  "namespace": "Thomson.Five.GlobalCertificates.Production.Node3381437.Assembled",
  "core": {
    "module": "Thomson.GlobalCertificates.Production.Node3381437.Core",
    "source": "Thomson/GlobalCertificates/Production/Node3381437/Core.lean",
    "source_sha256": "e74e523a84df45457d968d3d17c1bac05a6cbae4463d3476fc9e48cba311b58a",
    "source_bytes": 130823
  },
  "assembled": {
    "module": "Thomson.GlobalCertificates.Production.Node3381437.Assembled",
    "source": "Thomson/GlobalCertificates/Production/Node3381437/Assembled.lean",
    "source_sha256": "d93bf533082389b2adec8b3a64914549327ae3d4672b23e547010d739d69abe0",
    "source_bytes": 35182
  },
  "core_source": "Thomson/GlobalCertificates/Production/Node3381437/Core.lean",
  "assembled_source": "Thomson/GlobalCertificates/Production/Node3381437/Assembled.lean",
  "core_module": "Thomson.GlobalCertificates.Production.Node3381437.Core",
  "assembled_module": "Thomson.GlobalCertificates.Production.Node3381437.Assembled",
  "boundary_modules": [],
  "nodes": 19,
  "leaf_kinds": {
    "0": 9,
    "3": 10
  },
  "families": {
    "contraction": {
      "nodes": 19,
      "actual": 10,
      "rounds": 11,
      "actions": 38
    }
  },
  "reference_topology_sha256": {
    "pair": "65dfe5f05c0cab641b03d13ff573dc6bfa3f1d0fef0ed66dcd91cede0438a8ce"
  },
  "generation_seconds": 0.025212207983713597,
  "kernel_check_required": true,
  "heartbeats": "default",
  "compiler_threads": 1,
  "core_memory_limit_mib": 2048,
  "assembled_memory_limit_mib": 3072
}
