{
  "format": "THOMSON_UNTRUSTED_MERGED_GROUP_V1",
  "root": 3295510,
  "selection": "/Users/archiebrowne/source/Thomson/Thomson/GlobalCertificates/Production/selections/Node3295510.json",
  "selection_sha256": "4d7a39aa71b4b7d3888e11c4b5b9fafb99fa1d531b8d8d78145dfbe07f51b451",
  "binary": "/Users/archiebrowne/source/Thomson/.lake/global-cover/search.bin",
  "binary_sha256": "6626a818d355868776501e252bbdafb97029a5a9ebe31122f3509e3e359020a4",
  "output_prefix": "Thomson.GlobalCertificates.Production.Node3295510",
  "module": "Thomson.GlobalCertificates.Production.Node3295510.Assembled",
  "namespace": "Thomson.Five.GlobalCertificates.Production.Node3295510.Assembled",
  "core": {
    "module": "Thomson.GlobalCertificates.Production.Node3295510.Core",
    "source": "Thomson/GlobalCertificates/Production/Node3295510/Core.lean",
    "source_sha256": "ecf0d3c328b711b9af96097ac389684fa473899c0a722d46fd4c9073313a978d",
    "source_bytes": 3173142
  },
  "assembled": {
    "module": "Thomson.GlobalCertificates.Production.Node3295510.Assembled",
    "source": "Thomson/GlobalCertificates/Production/Node3295510/Assembled.lean",
    "source_sha256": "00411456a652f15405f48904e8ccd8a7da9523b414233aee5c4052c9ecdab222",
    "source_bytes": 239333
  },
  "core_source": "Thomson/GlobalCertificates/Production/Node3295510/Core.lean",
  "assembled_source": "Thomson/GlobalCertificates/Production/Node3295510/Assembled.lean",
  "core_module": "Thomson.GlobalCertificates.Production.Node3295510.Core",
  "assembled_module": "Thomson.GlobalCertificates.Production.Node3295510.Assembled",
  "boundary_modules": [],
  "nodes": 137,
  "leaf_kinds": {
    "0": 68,
    "8": 69
  },
  "families": {
    "contraction": {
      "nodes": 137,
      "actual": 0,
      "rounds": 0,
      "actions": 0
    }
  },
  "reference_topology_sha256": {
    "vertex": "09629aa6d88e3007946041ee5bb5e7fe743b3242efca3b1b8ea02df65fe0eb34"
  },
  "generation_seconds": 0.8057038750266656,
  "kernel_check_required": true,
  "heartbeats": "default",
  "compiler_threads": 1,
  "core_memory_limit_mib": 2048,
  "assembled_memory_limit_mib": 3072
}
