{
  "format": "THOMSON_UNTRUSTED_MERGED_GROUP_V1",
  "root": 3321849,
  "selection": "/Users/archiebrowne/source/Thomson/Thomson/GlobalCertificates/Production/selections/Node3321849.json",
  "selection_sha256": "e8f6e6b5ce114ba767265729d6cf8c654b4c791c936817102f7a6dd742b7ab66",
  "binary": "/Users/archiebrowne/source/Thomson/.lake/global-cover/search.bin",
  "binary_sha256": "6626a818d355868776501e252bbdafb97029a5a9ebe31122f3509e3e359020a4",
  "output_prefix": "Thomson.GlobalCertificates.Production.Node3321849",
  "module": "Thomson.GlobalCertificates.Production.Node3321849.Assembled",
  "namespace": "Thomson.Five.GlobalCertificates.Production.Node3321849.Assembled",
  "core": {
    "module": "Thomson.GlobalCertificates.Production.Node3321849.Core",
    "source": "Thomson/GlobalCertificates/Production/Node3321849/Core.lean",
    "source_sha256": "bbf1922f3f579f0c433740426529c644bd7bf55e65e0777511b9125f836584ec",
    "source_bytes": 197370
  },
  "assembled": {
    "module": "Thomson.GlobalCertificates.Production.Node3321849.Assembled",
    "source": "Thomson/GlobalCertificates/Production/Node3321849/Assembled.lean",
    "source_sha256": "09b0a8318be081b183304b3230482887bcbfc4fa4958eb795891b210db4e23b2",
    "source_bytes": 61207
  },
  "core_source": "Thomson/GlobalCertificates/Production/Node3321849/Core.lean",
  "assembled_source": "Thomson/GlobalCertificates/Production/Node3321849/Assembled.lean",
  "core_module": "Thomson.GlobalCertificates.Production.Node3321849.Core",
  "assembled_module": "Thomson.GlobalCertificates.Production.Node3321849.Assembled",
  "boundary_modules": [],
  "nodes": 33,
  "leaf_kinds": {
    "0": 16,
    "2": 1,
    "3": 16
  },
  "families": {
    "contraction": {
      "nodes": 33,
      "actual": 8,
      "rounds": 8,
      "actions": 12
    },
    "rejection": {
      "leaves": 1,
      "rounds": 0,
      "actions": 0
    }
  },
  "reference_topology_sha256": {
    "pair": "65dfe5f05c0cab641b03d13ff573dc6bfa3f1d0fef0ed66dcd91cede0438a8ce"
  },
  "generation_seconds": 0.0336452079936862,
  "kernel_check_required": true,
  "heartbeats": "default",
  "compiler_threads": 1,
  "core_memory_limit_mib": 2048,
  "assembled_memory_limit_mib": 3072
}
