{
  "format": "THOMSON_UNTRUSTED_MERGED_GROUP_V1",
  "root": 3281719,
  "selection": "/Users/archiebrowne/source/Thomson/Thomson/GlobalCertificates/Production/selections/Node3281719.json",
  "selection_sha256": "1ff00b946171bd67dc0b66e2001cdcf2cef8b878526aec58aff0c2f2d9f44325",
  "binary": "/Users/archiebrowne/source/Thomson/.lake/global-cover/search.bin",
  "binary_sha256": "6626a818d355868776501e252bbdafb97029a5a9ebe31122f3509e3e359020a4",
  "output_prefix": "Thomson.GlobalCertificates.Production.Node3281719",
  "module": "Thomson.GlobalCertificates.Production.Node3281719.Assembled",
  "namespace": "Thomson.Five.GlobalCertificates.Production.Node3281719.Assembled",
  "core": {
    "module": "Thomson.GlobalCertificates.Production.Node3281719.Core",
    "source": "Thomson/GlobalCertificates/Production/Node3281719/Core.lean",
    "source_sha256": "f5262263ad446e2f38497f1e6a9acb0f56ca2956d618457bc879a1f1e4f20130",
    "source_bytes": 4636732
  },
  "assembled": {
    "module": "Thomson.GlobalCertificates.Production.Node3281719.Assembled",
    "source": "Thomson/GlobalCertificates/Production/Node3281719/Assembled.lean",
    "source_sha256": "c7796543fe2c054f9c297c8db0886fe7af17ceaa6f7373823788652178914e78",
    "source_bytes": 351825
  },
  "core_source": "Thomson/GlobalCertificates/Production/Node3281719/Core.lean",
  "assembled_source": "Thomson/GlobalCertificates/Production/Node3281719/Assembled.lean",
  "core_module": "Thomson.GlobalCertificates.Production.Node3281719.Core",
  "assembled_module": "Thomson.GlobalCertificates.Production.Node3281719.Assembled",
  "boundary_modules": [],
  "nodes": 203,
  "leaf_kinds": {
    "0": 101,
    "2": 2,
    "8": 100
  },
  "families": {
    "contraction": {
      "nodes": 203,
      "actual": 23,
      "rounds": 23,
      "actions": 25
    },
    "rejection": {
      "leaves": 2,
      "rounds": 0,
      "actions": 0
    }
  },
  "reference_topology_sha256": {
    "vertex": "09629aa6d88e3007946041ee5bb5e7fe743b3242efca3b1b8ea02df65fe0eb34"
  },
  "generation_seconds": 1.3233310829964466,
  "kernel_check_required": true,
  "heartbeats": "default",
  "compiler_threads": 1,
  "core_memory_limit_mib": 2048,
  "assembled_memory_limit_mib": 3072
}
