{
  "format": "THOMSON_UNTRUSTED_MERGED_GROUP_V1",
  "root": 3303768,
  "selection": "/Users/archiebrowne/source/Thomson/Thomson/GlobalCertificates/Production/selections/Node3303768.json",
  "selection_sha256": "7d5cb03593c2bcda40088be99de23530d432d8030e6e7a90b6c55edf5c58beeb",
  "binary": "/Users/archiebrowne/source/Thomson/.lake/global-cover/search.bin",
  "binary_sha256": "6626a818d355868776501e252bbdafb97029a5a9ebe31122f3509e3e359020a4",
  "output_prefix": "Thomson.GlobalCertificates.Production.Node3303768",
  "module": "Thomson.GlobalCertificates.Production.Node3303768.Assembled",
  "namespace": "Thomson.Five.GlobalCertificates.Production.Node3303768.Assembled",
  "core": {
    "module": "Thomson.GlobalCertificates.Production.Node3303768.Core",
    "source": "Thomson/GlobalCertificates/Production/Node3303768/Core.lean",
    "source_sha256": "707e79991a8ac1b344c35fdf7cb963fdcb038205a4adbbae7eb73a255b054afb",
    "source_bytes": 2259798
  },
  "assembled": {
    "module": "Thomson.GlobalCertificates.Production.Node3303768.Assembled",
    "source": "Thomson/GlobalCertificates/Production/Node3303768/Assembled.lean",
    "source_sha256": "2a70f15cbb898aa35521db2bdfc384fe7ea7e9140d2667feec8dde53b63f7fd7",
    "source_bytes": 166337
  },
  "core_source": "Thomson/GlobalCertificates/Production/Node3303768/Core.lean",
  "assembled_source": "Thomson/GlobalCertificates/Production/Node3303768/Assembled.lean",
  "core_module": "Thomson.GlobalCertificates.Production.Node3303768.Core",
  "assembled_module": "Thomson.GlobalCertificates.Production.Node3303768.Assembled",
  "boundary_modules": [],
  "nodes": 95,
  "leaf_kinds": {
    "0": 47,
    "8": 48
  },
  "families": {
    "contraction": {
      "nodes": 95,
      "actual": 17,
      "rounds": 21,
      "actions": 30
    }
  },
  "reference_topology_sha256": {
    "vertex": "09629aa6d88e3007946041ee5bb5e7fe743b3242efca3b1b8ea02df65fe0eb34"
  },
  "generation_seconds": 0.6652752089430578,
  "kernel_check_required": true,
  "heartbeats": "default",
  "compiler_threads": 1,
  "core_memory_limit_mib": 2048,
  "assembled_memory_limit_mib": 3072
}
