{
  "format": "THOMSON_UNTRUSTED_MERGED_GROUP_V1",
  "root": 3365762,
  "selection": "/Users/archiebrowne/source/Thomson/Thomson/GlobalCertificates/Production/selections/Node3365762.json",
  "selection_sha256": "0294bdcfeaae274b13e209f8bf3de2afb770b11a831df20a2cc8c1935782a6a2",
  "binary": "/Users/archiebrowne/source/Thomson/.lake/global-cover/search.bin",
  "binary_sha256": "6626a818d355868776501e252bbdafb97029a5a9ebe31122f3509e3e359020a4",
  "output_prefix": "Thomson.GlobalCertificates.Production.Node3365762",
  "module": "Thomson.GlobalCertificates.Production.Node3365762.Assembled",
  "namespace": "Thomson.Five.GlobalCertificates.Production.Node3365762.Assembled",
  "core": {
    "module": "Thomson.GlobalCertificates.Production.Node3365762.Core",
    "source": "Thomson/GlobalCertificates/Production/Node3365762/Core.lean",
    "source_sha256": "4f2acef58f69eedf8d42024783252bd78cdb945298ccc94773a3967224879183",
    "source_bytes": 2169944
  },
  "assembled": {
    "module": "Thomson.GlobalCertificates.Production.Node3365762.Assembled",
    "source": "Thomson/GlobalCertificates/Production/Node3365762/Assembled.lean",
    "source_sha256": "8287f964c57470f2eacbb1b26f3655a1f2c858c00e3cac6209fbf027a2bf83a7",
    "source_bytes": 227882
  },
  "core_source": "Thomson/GlobalCertificates/Production/Node3365762/Core.lean",
  "assembled_source": "Thomson/GlobalCertificates/Production/Node3365762/Assembled.lean",
  "core_module": "Thomson.GlobalCertificates.Production.Node3365762.Core",
  "assembled_module": "Thomson.GlobalCertificates.Production.Node3365762.Assembled",
  "boundary_modules": [],
  "nodes": 131,
  "leaf_kinds": {
    "0": 65,
    "3": 4,
    "6": 22,
    "8": 40
  },
  "families": {
    "contraction": {
      "nodes": 131,
      "actual": 12,
      "rounds": 12,
      "actions": 12
    }
  },
  "reference_topology_sha256": {
    "vertex": "09629aa6d88e3007946041ee5bb5e7fe743b3242efca3b1b8ea02df65fe0eb34",
    "gradient": "58c374fbc03eab01d7423cf8888185f1410a0c20be14044aa309678ec2e4216c",
    "pair": "65dfe5f05c0cab641b03d13ff573dc6bfa3f1d0fef0ed66dcd91cede0438a8ce"
  },
  "generation_seconds": 0.4290073749725707,
  "kernel_check_required": true,
  "heartbeats": "default",
  "compiler_threads": 1,
  "core_memory_limit_mib": 2048,
  "assembled_memory_limit_mib": 3072
}
