{
  "format": "THOMSON_UNTRUSTED_MERGED_GROUP_V1",
  "root": 3312413,
  "selection": "/Users/archiebrowne/source/Thomson/Thomson/GlobalCertificates/Production/selections/Node3312413.json",
  "selection_sha256": "83f0865af2b5982f2425aba40f215353086a062ae8e486aa0e1c5ce12c623af5",
  "binary": "/Users/archiebrowne/source/Thomson/.lake/global-cover/search.bin",
  "binary_sha256": "6626a818d355868776501e252bbdafb97029a5a9ebe31122f3509e3e359020a4",
  "output_prefix": "Thomson.GlobalCertificates.Production.Node3312413",
  "module": "Thomson.GlobalCertificates.Production.Node3312413.Assembled",
  "namespace": "Thomson.Five.GlobalCertificates.Production.Node3312413.Assembled",
  "core": {
    "module": "Thomson.GlobalCertificates.Production.Node3312413.Core",
    "source": "Thomson/GlobalCertificates/Production/Node3312413/Core.lean",
    "source_sha256": "90ae9bec51493719500fbd542dc32fd4bafdae8a2cc847608470ddda0ec71d81",
    "source_bytes": 730417
  },
  "assembled": {
    "module": "Thomson.GlobalCertificates.Production.Node3312413.Assembled",
    "source": "Thomson/GlobalCertificates/Production/Node3312413/Assembled.lean",
    "source_sha256": "e96194019736bf64284022c76b3f1b552939a0f98c2bf756f0229161e726052f",
    "source_bytes": 105434
  },
  "core_source": "Thomson/GlobalCertificates/Production/Node3312413/Core.lean",
  "assembled_source": "Thomson/GlobalCertificates/Production/Node3312413/Assembled.lean",
  "core_module": "Thomson.GlobalCertificates.Production.Node3312413.Core",
  "assembled_module": "Thomson.GlobalCertificates.Production.Node3312413.Assembled",
  "boundary_modules": [],
  "nodes": 57,
  "leaf_kinds": {
    "0": 28,
    "3": 10,
    "6": 8,
    "8": 11
  },
  "families": {
    "contraction": {
      "nodes": 57,
      "actual": 7,
      "rounds": 7,
      "actions": 7
    }
  },
  "reference_topology_sha256": {
    "vertex": "09629aa6d88e3007946041ee5bb5e7fe743b3242efca3b1b8ea02df65fe0eb34",
    "gradient": "58c374fbc03eab01d7423cf8888185f1410a0c20be14044aa309678ec2e4216c",
    "pair": "65dfe5f05c0cab641b03d13ff573dc6bfa3f1d0fef0ed66dcd91cede0438a8ce"
  },
  "generation_seconds": 0.2098125420161523,
  "kernel_check_required": true,
  "heartbeats": "default",
  "compiler_threads": 1,
  "core_memory_limit_mib": 2048,
  "assembled_memory_limit_mib": 3072
}
