{
  "format": "THOMSON_UNTRUSTED_MERGED_GROUP_V1",
  "root": 3300021,
  "selection": "/Users/archiebrowne/source/Thomson/Thomson/GlobalCertificates/Production/selections/Node3300021.json",
  "selection_sha256": "3395c96a5050d7d7b1cd553d7fb6e3b0dee3d2e4f4427f3e189e5961c1e250d0",
  "binary": "/Users/archiebrowne/source/Thomson/.lake/global-cover/search.bin",
  "binary_sha256": "6626a818d355868776501e252bbdafb97029a5a9ebe31122f3509e3e359020a4",
  "output_prefix": "Thomson.GlobalCertificates.Production.Node3300021",
  "module": "Thomson.GlobalCertificates.Production.Node3300021.Assembled",
  "namespace": "Thomson.Five.GlobalCertificates.Production.Node3300021.Assembled",
  "core": {
    "module": "Thomson.GlobalCertificates.Production.Node3300021.Core",
    "source": "Thomson/GlobalCertificates/Production/Node3300021/Core.lean",
    "source_sha256": "d56ab4a156b9870b41b351b014baccbc8f41e66310aa8924689ff6043c8d37cc",
    "source_bytes": 3813157
  },
  "assembled": {
    "module": "Thomson.GlobalCertificates.Production.Node3300021.Assembled",
    "source": "Thomson/GlobalCertificates/Production/Node3300021/Assembled.lean",
    "source_sha256": "1e3926512672cbe8f3854e6a724a2b725341a7f2e92b50bb24e2b5afe7625dff",
    "source_bytes": 289478
  },
  "core_source": "Thomson/GlobalCertificates/Production/Node3300021/Core.lean",
  "assembled_source": "Thomson/GlobalCertificates/Production/Node3300021/Assembled.lean",
  "core_module": "Thomson.GlobalCertificates.Production.Node3300021.Core",
  "assembled_module": "Thomson.GlobalCertificates.Production.Node3300021.Assembled",
  "boundary_modules": [],
  "nodes": 165,
  "leaf_kinds": {
    "0": 82,
    "2": 1,
    "8": 82
  },
  "families": {
    "contraction": {
      "nodes": 165,
      "actual": 17,
      "rounds": 17,
      "actions": 21
    },
    "rejection": {
      "leaves": 1,
      "rounds": 0,
      "actions": 0
    }
  },
  "reference_topology_sha256": {
    "vertex": "09629aa6d88e3007946041ee5bb5e7fe743b3242efca3b1b8ea02df65fe0eb34"
  },
  "generation_seconds": 1.2655010829912499,
  "kernel_check_required": true,
  "heartbeats": "default",
  "compiler_threads": 1,
  "core_memory_limit_mib": 2048,
  "assembled_memory_limit_mib": 3072
}
