{
  "format": "THOMSON_UNTRUSTED_MERGED_GROUP_V1",
  "root": 3368596,
  "selection": "/Users/archiebrowne/source/Thomson/Thomson/GlobalCertificates/Production/selections/Node3368596.json",
  "selection_sha256": "49e033eb5ca5a0489231148f3afffd50b7e52ed2d9bf9bba3b169e2ca3de6dcd",
  "binary": "/Users/archiebrowne/source/Thomson/.lake/global-cover/search.bin",
  "binary_sha256": "6626a818d355868776501e252bbdafb97029a5a9ebe31122f3509e3e359020a4",
  "output_prefix": "Thomson.GlobalCertificates.Production.Node3368596",
  "module": "Thomson.GlobalCertificates.Production.Node3368596.Assembled",
  "namespace": "Thomson.Five.GlobalCertificates.Production.Node3368596.Assembled",
  "core": {
    "module": "Thomson.GlobalCertificates.Production.Node3368596.Core",
    "source": "Thomson/GlobalCertificates/Production/Node3368596/Core.lean",
    "source_sha256": "bb1da3e190b2840d7f2866b37cddbedc66a9db45fd3d448e96bb448539ac6afe",
    "source_bytes": 5052951
  },
  "assembled": {
    "module": "Thomson.GlobalCertificates.Production.Node3368596.Assembled",
    "source": "Thomson/GlobalCertificates/Production/Node3368596/Assembled.lean",
    "source_sha256": "78653ba38268d6eef0aafd2eab5048b8fa6da0b2f23c103edafe3290db147a5f",
    "source_bytes": 426544
  },
  "core_source": "Thomson/GlobalCertificates/Production/Node3368596/Core.lean",
  "assembled_source": "Thomson/GlobalCertificates/Production/Node3368596/Assembled.lean",
  "core_module": "Thomson.GlobalCertificates.Production.Node3368596.Core",
  "assembled_module": "Thomson.GlobalCertificates.Production.Node3368596.Assembled",
  "boundary_modules": [],
  "nodes": 243,
  "leaf_kinds": {
    "0": 121,
    "3": 2,
    "6": 18,
    "8": 102
  },
  "families": {
    "contraction": {
      "nodes": 243,
      "actual": 63,
      "rounds": 63,
      "actions": 71
    }
  },
  "reference_topology_sha256": {
    "vertex": "09629aa6d88e3007946041ee5bb5e7fe743b3242efca3b1b8ea02df65fe0eb34",
    "gradient": "58c374fbc03eab01d7423cf8888185f1410a0c20be14044aa309678ec2e4216c",
    "pair": "65dfe5f05c0cab641b03d13ff573dc6bfa3f1d0fef0ed66dcd91cede0438a8ce"
  },
  "generation_seconds": 1.0085187920485623,
  "kernel_check_required": true,
  "heartbeats": "default",
  "compiler_threads": 1,
  "core_memory_limit_mib": 2048,
  "assembled_memory_limit_mib": 3072
}
