{
  "format": "THOMSON_UNTRUSTED_MERGED_GROUP_V1",
  "root": 3383555,
  "selection": "/Users/archiebrowne/source/Thomson/Thomson/GlobalCertificates/Production/selections/Node3383555.json",
  "selection_sha256": "59c4084e3140c03f83f425c8e50212e08ba0250f8f90dd00cea9528c5d5af7fe",
  "binary": "/Users/archiebrowne/source/Thomson/.lake/global-cover/search.bin",
  "binary_sha256": "6626a818d355868776501e252bbdafb97029a5a9ebe31122f3509e3e359020a4",
  "output_prefix": "Thomson.GlobalCertificates.Production.Node3383555",
  "module": "Thomson.GlobalCertificates.Production.Node3383555.Assembled",
  "namespace": "Thomson.Five.GlobalCertificates.Production.Node3383555.Assembled",
  "core": {
    "module": "Thomson.GlobalCertificates.Production.Node3383555.Core",
    "source": "Thomson/GlobalCertificates/Production/Node3383555/Core.lean",
    "source_sha256": "f1e1eb0063fe369a3b5782eca3b0b0f28bda9bcd70be8c09afc8d07ca1652956",
    "source_bytes": 1801542
  },
  "assembled": {
    "module": "Thomson.GlobalCertificates.Production.Node3383555.Assembled",
    "source": "Thomson/GlobalCertificates/Production/Node3383555/Assembled.lean",
    "source_sha256": "c55617f5019a9c57877d382acd7f9294c9996e8b4150fba969e3c026fb5c79fe",
    "source_bytes": 413414
  },
  "core_source": "Thomson/GlobalCertificates/Production/Node3383555/Core.lean",
  "assembled_source": "Thomson/GlobalCertificates/Production/Node3383555/Assembled.lean",
  "core_module": "Thomson.GlobalCertificates.Production.Node3383555.Core",
  "assembled_module": "Thomson.GlobalCertificates.Production.Node3383555.Assembled",
  "boundary_modules": [],
  "nodes": 229,
  "leaf_kinds": {
    "0": 114,
    "3": 91,
    "6": 15,
    "8": 9
  },
  "families": {
    "contraction": {
      "nodes": 229,
      "actual": 89,
      "rounds": 103,
      "actions": 266
    }
  },
  "reference_topology_sha256": {
    "vertex": "09629aa6d88e3007946041ee5bb5e7fe743b3242efca3b1b8ea02df65fe0eb34",
    "gradient": "58c374fbc03eab01d7423cf8888185f1410a0c20be14044aa309678ec2e4216c",
    "pair": "65dfe5f05c0cab641b03d13ff573dc6bfa3f1d0fef0ed66dcd91cede0438a8ce"
  },
  "generation_seconds": 0.28842145804082975,
  "kernel_check_required": true,
  "heartbeats": "default",
  "compiler_threads": 1,
  "core_memory_limit_mib": 2048,
  "assembled_memory_limit_mib": 3072
}
