{
  "format": "THOMSON_UNTRUSTED_MERGED_GROUP_V1",
  "root": 3300715,
  "selection": "/Users/archiebrowne/source/Thomson/Thomson/GlobalCertificates/Production/selections/Node3300715.json",
  "selection_sha256": "4ccbc74f3775353589c6ce9ab20bcb8889ffb31857d42cad7facda0f2284c28b",
  "binary": "/Users/archiebrowne/source/Thomson/.lake/global-cover/search.bin",
  "binary_sha256": "6626a818d355868776501e252bbdafb97029a5a9ebe31122f3509e3e359020a4",
  "output_prefix": "Thomson.GlobalCertificates.Production.Node3300715",
  "module": "Thomson.GlobalCertificates.Production.Node3300715.Assembled",
  "namespace": "Thomson.Five.GlobalCertificates.Production.Node3300715.Assembled",
  "core": {
    "module": "Thomson.GlobalCertificates.Production.Node3300715.Core",
    "source": "Thomson/GlobalCertificates/Production/Node3300715/Core.lean",
    "source_sha256": "39cc2020515e425b47549788d8ab5f0de56242aae81c715d441d19435d83da2c",
    "source_bytes": 2321788
  },
  "assembled": {
    "module": "Thomson.GlobalCertificates.Production.Node3300715.Assembled",
    "source": "Thomson/GlobalCertificates/Production/Node3300715/Assembled.lean",
    "source_sha256": "0407f38ee8942aec02a7ef633708a525859652704b8be22d4ec815c4d2f83296",
    "source_bytes": 174265
  },
  "core_source": "Thomson/GlobalCertificates/Production/Node3300715/Core.lean",
  "assembled_source": "Thomson/GlobalCertificates/Production/Node3300715/Assembled.lean",
  "core_module": "Thomson.GlobalCertificates.Production.Node3300715.Core",
  "assembled_module": "Thomson.GlobalCertificates.Production.Node3300715.Assembled",
  "boundary_modules": [],
  "nodes": 99,
  "leaf_kinds": {
    "0": 49,
    "8": 50
  },
  "families": {
    "contraction": {
      "nodes": 99,
      "actual": 9,
      "rounds": 9,
      "actions": 9
    }
  },
  "reference_topology_sha256": {
    "vertex": "09629aa6d88e3007946041ee5bb5e7fe743b3242efca3b1b8ea02df65fe0eb34"
  },
  "generation_seconds": 0.6962127920123748,
  "kernel_check_required": true,
  "heartbeats": "default",
  "compiler_threads": 1,
  "core_memory_limit_mib": 2048,
  "assembled_memory_limit_mib": 3072
}
