{
  "format": "THOMSON_UNTRUSTED_MERGED_GROUP_V1",
  "root": 3376662,
  "selection": "/Users/archiebrowne/source/Thomson/Thomson/GlobalCertificates/Production/selections/Node3376662.json",
  "selection_sha256": "68af69872c505acb3577bd30ad135a08e03d6988c4938e72ebd1180bb21792d9",
  "binary": "/Users/archiebrowne/source/Thomson/.lake/global-cover/search.bin",
  "binary_sha256": "6626a818d355868776501e252bbdafb97029a5a9ebe31122f3509e3e359020a4",
  "output_prefix": "Thomson.GlobalCertificates.Production.Node3376662",
  "module": "Thomson.GlobalCertificates.Production.Node3376662.Assembled",
  "namespace": "Thomson.Five.GlobalCertificates.Production.Node3376662.Assembled",
  "core": {
    "module": "Thomson.GlobalCertificates.Production.Node3376662.Core",
    "source": "Thomson/GlobalCertificates/Production/Node3376662/Core.lean",
    "source_sha256": "54e1c4ea38f11e7e6dc851986a8139b515c53b5672101c7256b3ab0fa846aefd",
    "source_bytes": 2481091
  },
  "assembled": {
    "module": "Thomson.GlobalCertificates.Production.Node3376662.Assembled",
    "source": "Thomson/GlobalCertificates/Production/Node3376662/Assembled.lean",
    "source_sha256": "e8669863d61e8654b41ccaa76a3b941fcd9bb5b306262ce0557c6d983f89385b",
    "source_bytes": 203632
  },
  "core_source": "Thomson/GlobalCertificates/Production/Node3376662/Core.lean",
  "assembled_source": "Thomson/GlobalCertificates/Production/Node3376662/Assembled.lean",
  "core_module": "Thomson.GlobalCertificates.Production.Node3376662.Core",
  "assembled_module": "Thomson.GlobalCertificates.Production.Node3376662.Assembled",
  "boundary_modules": [],
  "nodes": 115,
  "leaf_kinds": {
    "0": 57,
    "6": 6,
    "8": 52
  },
  "families": {
    "contraction": {
      "nodes": 115,
      "actual": 0,
      "rounds": 0,
      "actions": 0
    }
  },
  "reference_topology_sha256": {
    "vertex": "09629aa6d88e3007946041ee5bb5e7fe743b3242efca3b1b8ea02df65fe0eb34",
    "gradient": "58c374fbc03eab01d7423cf8888185f1410a0c20be14044aa309678ec2e4216c"
  },
  "generation_seconds": 0.6230733750271611,
  "kernel_check_required": true,
  "heartbeats": "default",
  "compiler_threads": 1,
  "core_memory_limit_mib": 2048,
  "assembled_memory_limit_mib": 3072
}
