{
  "format": "THOMSON_UNTRUSTED_MERGED_GROUP_V1",
  "root": 3286723,
  "selection": "/Users/archiebrowne/source/Thomson/Thomson/GlobalCertificates/Production/selections/Node3286723.json",
  "selection_sha256": "c8075dbb2ef85181768d2ee52ce3b26ec2cc3c353af9bd3becb0f6637a5f7247",
  "binary": "/Users/archiebrowne/source/Thomson/.lake/global-cover/search.bin",
  "binary_sha256": "6626a818d355868776501e252bbdafb97029a5a9ebe31122f3509e3e359020a4",
  "output_prefix": "Thomson.GlobalCertificates.Production.Node3286723",
  "module": "Thomson.GlobalCertificates.Production.Node3286723.Assembled",
  "namespace": "Thomson.Five.GlobalCertificates.Production.Node3286723.Assembled",
  "core": {
    "module": "Thomson.GlobalCertificates.Production.Node3286723.Core",
    "source": "Thomson/GlobalCertificates/Production/Node3286723/Core.lean",
    "source_sha256": "b4a00cb96783f1418ecb9fd0a13aca22b1bbfd8c296e3451fc46c008a577107d",
    "source_bytes": 1595952
  },
  "assembled": {
    "module": "Thomson.GlobalCertificates.Production.Node3286723.Assembled",
    "source": "Thomson/GlobalCertificates/Production/Node3286723/Assembled.lean",
    "source_sha256": "6e4a24b3723232048132f73d089574e5b6631684eca4d168a50bfc96d270f3d6",
    "source_bytes": 119074
  },
  "core_source": "Thomson/GlobalCertificates/Production/Node3286723/Core.lean",
  "assembled_source": "Thomson/GlobalCertificates/Production/Node3286723/Assembled.lean",
  "core_module": "Thomson.GlobalCertificates.Production.Node3286723.Core",
  "assembled_module": "Thomson.GlobalCertificates.Production.Node3286723.Assembled",
  "boundary_modules": [],
  "nodes": 67,
  "leaf_kinds": {
    "0": 33,
    "8": 34
  },
  "families": {
    "contraction": {
      "nodes": 67,
      "actual": 20,
      "rounds": 20,
      "actions": 29
    }
  },
  "reference_topology_sha256": {
    "vertex": "09629aa6d88e3007946041ee5bb5e7fe743b3242efca3b1b8ea02df65fe0eb34"
  },
  "generation_seconds": 0.4484879589872435,
  "kernel_check_required": true,
  "heartbeats": "default",
  "compiler_threads": 1,
  "core_memory_limit_mib": 2048,
  "assembled_memory_limit_mib": 3072
}
