{
  "format": "THOMSON_UNTRUSTED_MERGED_GROUP_V1",
  "root": 3332709,
  "selection": "/Users/archiebrowne/source/Thomson/Thomson/GlobalCertificates/Production/selections/Node3332709.json",
  "selection_sha256": "bdf089622bc9188c034b172b7f56e46ccd8597d88ff318f2e4a858fd1d108929",
  "binary": "/Users/archiebrowne/source/Thomson/.lake/global-cover/search.bin",
  "binary_sha256": "6626a818d355868776501e252bbdafb97029a5a9ebe31122f3509e3e359020a4",
  "output_prefix": "Thomson.GlobalCertificates.Production.Node3332709",
  "module": "Thomson.GlobalCertificates.Production.Node3332709.Assembled",
  "namespace": "Thomson.Five.GlobalCertificates.Production.Node3332709.Assembled",
  "core": {
    "module": "Thomson.GlobalCertificates.Production.Node3332709.Core",
    "source": "Thomson/GlobalCertificates/Production/Node3332709/Core.lean",
    "source_sha256": "e152a6cd53f4fa6c45697500855b9802ad71d7aecddf5cb648bdd31834a50baa",
    "source_bytes": 2597323
  },
  "assembled": {
    "module": "Thomson.GlobalCertificates.Production.Node3332709.Assembled",
    "source": "Thomson/GlobalCertificates/Production/Node3332709/Assembled.lean",
    "source_sha256": "90be82726021eb4ee20bc336be66fec095b8a98eb869c076a93ed4d28a28e7e7",
    "source_bytes": 252868
  },
  "core_source": "Thomson/GlobalCertificates/Production/Node3332709/Core.lean",
  "assembled_source": "Thomson/GlobalCertificates/Production/Node3332709/Assembled.lean",
  "core_module": "Thomson.GlobalCertificates.Production.Node3332709.Core",
  "assembled_module": "Thomson.GlobalCertificates.Production.Node3332709.Assembled",
  "boundary_modules": [],
  "nodes": 143,
  "leaf_kinds": {
    "0": 71,
    "6": 22,
    "8": 50
  },
  "families": {
    "contraction": {
      "nodes": 143,
      "actual": 11,
      "rounds": 13,
      "actions": 13
    }
  },
  "reference_topology_sha256": {
    "vertex": "09629aa6d88e3007946041ee5bb5e7fe743b3242efca3b1b8ea02df65fe0eb34",
    "gradient": "58c374fbc03eab01d7423cf8888185f1410a0c20be14044aa309678ec2e4216c"
  },
  "generation_seconds": 0.6464210830163211,
  "kernel_check_required": true,
  "heartbeats": "default",
  "compiler_threads": 1,
  "core_memory_limit_mib": 2048,
  "assembled_memory_limit_mib": 3072
}
