{
  "format": "THOMSON_UNTRUSTED_MERGED_GROUP_V1",
  "root": 3352356,
  "selection": "/Users/archiebrowne/source/Thomson/Thomson/GlobalCertificates/Production/selections/Node3352356.json",
  "selection_sha256": "3e7060111c507d587b85699030b39a267efbc68c4829251dda06ff2eacfa7525",
  "binary": "/Users/archiebrowne/source/Thomson/.lake/global-cover/search.bin",
  "binary_sha256": "6626a818d355868776501e252bbdafb97029a5a9ebe31122f3509e3e359020a4",
  "output_prefix": "Thomson.GlobalCertificates.Production.Node3352356",
  "module": "Thomson.GlobalCertificates.Production.Node3352356.Assembled",
  "namespace": "Thomson.Five.GlobalCertificates.Production.Node3352356.Assembled",
  "core": {
    "module": "Thomson.GlobalCertificates.Production.Node3352356.Core",
    "source": "Thomson/GlobalCertificates/Production/Node3352356/Core.lean",
    "source_sha256": "86375a14d194151d47db85249229dfab276e5b613ace9515ee87db5253a1ba10",
    "source_bytes": 1427009
  },
  "assembled": {
    "module": "Thomson.GlobalCertificates.Production.Node3352356.Assembled",
    "source": "Thomson/GlobalCertificates/Production/Node3352356/Assembled.lean",
    "source_sha256": "f85ee4af3e48c08537dc6dfcc378a685617a43c96968e73bc95bcd0340efe96a",
    "source_bytes": 252988
  },
  "core_source": "Thomson/GlobalCertificates/Production/Node3352356/Core.lean",
  "assembled_source": "Thomson/GlobalCertificates/Production/Node3352356/Assembled.lean",
  "core_module": "Thomson.GlobalCertificates.Production.Node3352356.Core",
  "assembled_module": "Thomson.GlobalCertificates.Production.Node3352356.Assembled",
  "boundary_modules": [],
  "nodes": 141,
  "leaf_kinds": {
    "0": 70,
    "3": 14,
    "6": 40,
    "8": 17
  },
  "families": {
    "contraction": {
      "nodes": 141,
      "actual": 7,
      "rounds": 7,
      "actions": 7
    }
  },
  "reference_topology_sha256": {
    "vertex": "09629aa6d88e3007946041ee5bb5e7fe743b3242efca3b1b8ea02df65fe0eb34",
    "gradient": "58c374fbc03eab01d7423cf8888185f1410a0c20be14044aa309678ec2e4216c",
    "pair": "65dfe5f05c0cab641b03d13ff573dc6bfa3f1d0fef0ed66dcd91cede0438a8ce"
  },
  "generation_seconds": 0.2643613330437802,
  "kernel_check_required": true,
  "heartbeats": "default",
  "compiler_threads": 1,
  "core_memory_limit_mib": 2048,
  "assembled_memory_limit_mib": 3072
}
