{
  "format": "THOMSON_UNTRUSTED_MERGED_GROUP_V1",
  "root": 3281721,
  "selection": "/Users/archiebrowne/source/Thomson/Thomson/GlobalCertificates/Production/selections/Node3281721.json",
  "selection_sha256": "83d3afd8f4cf4b36e2e420eef3c685ee5cfe8caaeccaf8a5a5fca5246770cb7d",
  "binary": "/Users/archiebrowne/source/Thomson/.lake/global-cover/search.bin",
  "binary_sha256": "6626a818d355868776501e252bbdafb97029a5a9ebe31122f3509e3e359020a4",
  "output_prefix": "Thomson.GlobalCertificates.Production.Node3281721",
  "module": "Thomson.GlobalCertificates.Production.Node3281721.Assembled",
  "namespace": "Thomson.Five.GlobalCertificates.Production.Node3281721.Assembled",
  "core": {
    "module": "Thomson.GlobalCertificates.Production.Node3281721.Core",
    "source": "Thomson/GlobalCertificates/Production/Node3281721/Core.lean",
    "source_sha256": "584a842da8942bf9ebe85720b972c491f57d434499774009fce56f1734d71cac",
    "source_bytes": 740651
  },
  "assembled": {
    "module": "Thomson.GlobalCertificates.Production.Node3281721.Assembled",
    "source": "Thomson/GlobalCertificates/Production/Node3281721/Assembled.lean",
    "source_sha256": "2a5bef4b8ed3e731102b4f36916cddd626461555a86d215f92258d797ff8add1",
    "source_bytes": 56172
  },
  "core_source": "Thomson/GlobalCertificates/Production/Node3281721/Core.lean",
  "assembled_source": "Thomson/GlobalCertificates/Production/Node3281721/Assembled.lean",
  "core_module": "Thomson.GlobalCertificates.Production.Node3281721.Core",
  "assembled_module": "Thomson.GlobalCertificates.Production.Node3281721.Assembled",
  "boundary_modules": [],
  "nodes": 31,
  "leaf_kinds": {
    "0": 15,
    "8": 16
  },
  "families": {
    "contraction": {
      "nodes": 31,
      "actual": 3,
      "rounds": 3,
      "actions": 3
    }
  },
  "reference_topology_sha256": {
    "vertex": "09629aa6d88e3007946041ee5bb5e7fe743b3242efca3b1b8ea02df65fe0eb34"
  },
  "generation_seconds": 0.25135899998713285,
  "kernel_check_required": true,
  "heartbeats": "default",
  "compiler_threads": 1,
  "core_memory_limit_mib": 2048,
  "assembled_memory_limit_mib": 3072
}
