{
  "format": "THOMSON_UNTRUSTED_MERGED_GROUP_V1",
  "root": 3327162,
  "selection": "/Users/archiebrowne/source/Thomson/Thomson/GlobalCertificates/Production/selections/Node3327162.json",
  "selection_sha256": "58ec2c6476ac30fd37e599a95f66133ae7e8e30d1ab83f7f48889e40c7994eb2",
  "binary": "/Users/archiebrowne/source/Thomson/.lake/global-cover/search.bin",
  "binary_sha256": "6626a818d355868776501e252bbdafb97029a5a9ebe31122f3509e3e359020a4",
  "output_prefix": "Thomson.GlobalCertificates.Production.Node3327162",
  "module": "Thomson.GlobalCertificates.Production.Node3327162.Assembled",
  "namespace": "Thomson.Five.GlobalCertificates.Production.Node3327162.Assembled",
  "core": {
    "module": "Thomson.GlobalCertificates.Production.Node3327162.Core",
    "source": "Thomson/GlobalCertificates/Production/Node3327162/Core.lean",
    "source_sha256": "9e6ff667244165c1a13adb205da8aeccb222e6a6e4eb469066ddf84012f62229",
    "source_bytes": 1676590
  },
  "assembled": {
    "module": "Thomson.GlobalCertificates.Production.Node3327162.Assembled",
    "source": "Thomson/GlobalCertificates/Production/Node3327162/Assembled.lean",
    "source_sha256": "aea0a2cd10e7b494b6e94e577f14781b255134d56cbca37a335ba073bb1c016e",
    "source_bytes": 245192
  },
  "core_source": "Thomson/GlobalCertificates/Production/Node3327162/Core.lean",
  "assembled_source": "Thomson/GlobalCertificates/Production/Node3327162/Assembled.lean",
  "core_module": "Thomson.GlobalCertificates.Production.Node3327162.Core",
  "assembled_module": "Thomson.GlobalCertificates.Production.Node3327162.Assembled",
  "boundary_modules": [],
  "nodes": 139,
  "leaf_kinds": {
    "0": 69,
    "3": 4,
    "6": 44,
    "8": 22
  },
  "families": {
    "contraction": {
      "nodes": 139,
      "actual": 69,
      "rounds": 69,
      "actions": 79
    }
  },
  "reference_topology_sha256": {
    "vertex": "09629aa6d88e3007946041ee5bb5e7fe743b3242efca3b1b8ea02df65fe0eb34",
    "gradient": "58c374fbc03eab01d7423cf8888185f1410a0c20be14044aa309678ec2e4216c",
    "pair": "65dfe5f05c0cab641b03d13ff573dc6bfa3f1d0fef0ed66dcd91cede0438a8ce"
  },
  "generation_seconds": 0.4453254590043798,
  "kernel_check_required": true,
  "heartbeats": "default",
  "compiler_threads": 1,
  "core_memory_limit_mib": 2048,
  "assembled_memory_limit_mib": 3072
}
