{
  "format": "THOMSON_UNTRUSTED_MERGED_GROUP_V1",
  "root": 3349527,
  "selection": "/Users/archiebrowne/source/Thomson/Thomson/GlobalCertificates/Production/selections/Node3349527.json",
  "selection_sha256": "33260806d25cd447385a10edc701811efb69abdd3a7532531f838ff259dadb12",
  "binary": "/Users/archiebrowne/source/Thomson/.lake/global-cover/search.bin",
  "binary_sha256": "6626a818d355868776501e252bbdafb97029a5a9ebe31122f3509e3e359020a4",
  "output_prefix": "Thomson.GlobalCertificates.Production.Node3349527",
  "module": "Thomson.GlobalCertificates.Production.Node3349527.Assembled",
  "namespace": "Thomson.Five.GlobalCertificates.Production.Node3349527.Assembled",
  "core": {
    "module": "Thomson.GlobalCertificates.Production.Node3349527.Core",
    "source": "Thomson/GlobalCertificates/Production/Node3349527/Core.lean",
    "source_sha256": "53e1b03829d64e1360002a794c6fd3642ffc8ab42b8fe2c7f89c39647d56dda8",
    "source_bytes": 3366036
  },
  "assembled": {
    "module": "Thomson.GlobalCertificates.Production.Node3349527.Assembled",
    "source": "Thomson/GlobalCertificates/Production/Node3349527/Assembled.lean",
    "source_sha256": "87b7b40622ac0310ae4d3d31a6dc96e4da14348f7a15559658e0e5aaff6de691",
    "source_bytes": 312074
  },
  "core_source": "Thomson/GlobalCertificates/Production/Node3349527/Core.lean",
  "assembled_source": "Thomson/GlobalCertificates/Production/Node3349527/Assembled.lean",
  "core_module": "Thomson.GlobalCertificates.Production.Node3349527.Core",
  "assembled_module": "Thomson.GlobalCertificates.Production.Node3349527.Assembled",
  "boundary_modules": [],
  "nodes": 175,
  "leaf_kinds": {
    "0": 87,
    "2": 4,
    "6": 17,
    "8": 67
  },
  "families": {
    "contraction": {
      "nodes": 175,
      "actual": 34,
      "rounds": 34,
      "actions": 58
    },
    "rejection": {
      "leaves": 4,
      "rounds": 0,
      "actions": 0
    }
  },
  "reference_topology_sha256": {
    "vertex": "09629aa6d88e3007946041ee5bb5e7fe743b3242efca3b1b8ea02df65fe0eb34",
    "gradient": "58c374fbc03eab01d7423cf8888185f1410a0c20be14044aa309678ec2e4216c"
  },
  "generation_seconds": 0.6994543339824304,
  "kernel_check_required": true,
  "heartbeats": "default",
  "compiler_threads": 1,
  "core_memory_limit_mib": 2048,
  "assembled_memory_limit_mib": 3072
}
