{
  "format": "THOMSON_UNTRUSTED_MERGED_GROUP_V1",
  "root": 3350729,
  "selection": "/Users/archiebrowne/source/Thomson/Thomson/GlobalCertificates/Production/selections/Node3350729.json",
  "selection_sha256": "7c10a9fa0ca7b1b39ea0f509b05ac7fdac371966476a8864fbdacebedae5d0c3",
  "binary": "/Users/archiebrowne/source/Thomson/.lake/global-cover/search.bin",
  "binary_sha256": "6626a818d355868776501e252bbdafb97029a5a9ebe31122f3509e3e359020a4",
  "output_prefix": "Thomson.GlobalCertificates.Production.Node3350729",
  "module": "Thomson.GlobalCertificates.Production.Node3350729.Assembled",
  "namespace": "Thomson.Five.GlobalCertificates.Production.Node3350729.Assembled",
  "core": {
    "module": "Thomson.GlobalCertificates.Production.Node3350729.Core",
    "source": "Thomson/GlobalCertificates/Production/Node3350729/Core.lean",
    "source_sha256": "176d6e42f0fa054f24be634d2cd025d9098cf410bd275ed03849dcc888f2b651",
    "source_bytes": 1646602
  },
  "assembled": {
    "module": "Thomson.GlobalCertificates.Production.Node3350729.Assembled",
    "source": "Thomson/GlobalCertificates/Production/Node3350729/Assembled.lean",
    "source_sha256": "bda6f0cee09917531aab5e337943b7ee88430174f6b8f1cedea8b8c63f34ff66",
    "source_bytes": 319852
  },
  "core_source": "Thomson/GlobalCertificates/Production/Node3350729/Core.lean",
  "assembled_source": "Thomson/GlobalCertificates/Production/Node3350729/Assembled.lean",
  "core_module": "Thomson.GlobalCertificates.Production.Node3350729.Core",
  "assembled_module": "Thomson.GlobalCertificates.Production.Node3350729.Assembled",
  "boundary_modules": [],
  "nodes": 181,
  "leaf_kinds": {
    "0": 90,
    "3": 31,
    "6": 44,
    "8": 16
  },
  "families": {
    "contraction": {
      "nodes": 181,
      "actual": 34,
      "rounds": 34,
      "actions": 51
    }
  },
  "reference_topology_sha256": {
    "vertex": "09629aa6d88e3007946041ee5bb5e7fe743b3242efca3b1b8ea02df65fe0eb34",
    "gradient": "58c374fbc03eab01d7423cf8888185f1410a0c20be14044aa309678ec2e4216c",
    "pair": "65dfe5f05c0cab641b03d13ff573dc6bfa3f1d0fef0ed66dcd91cede0438a8ce"
  },
  "generation_seconds": 0.2890615420183167,
  "kernel_check_required": true,
  "heartbeats": "default",
  "compiler_threads": 1,
  "core_memory_limit_mib": 2048,
  "assembled_memory_limit_mib": 3072
}
