{
  "format": "THOMSON_UNTRUSTED_MERGED_GROUP_V1",
  "root": 3304547,
  "selection": "/Users/archiebrowne/source/Thomson/Thomson/GlobalCertificates/Production/selections/Node3304547.json",
  "selection_sha256": "49aa9fa4d757768990c0689784e0b28b033acbacc4b81b62ff6fd3320138fc6e",
  "binary": "/Users/archiebrowne/source/Thomson/.lake/global-cover/search.bin",
  "binary_sha256": "6626a818d355868776501e252bbdafb97029a5a9ebe31122f3509e3e359020a4",
  "output_prefix": "Thomson.GlobalCertificates.Production.Node3304547",
  "module": "Thomson.GlobalCertificates.Production.Node3304547.Assembled",
  "namespace": "Thomson.Five.GlobalCertificates.Production.Node3304547.Assembled",
  "core": {
    "module": "Thomson.GlobalCertificates.Production.Node3304547.Core",
    "source": "Thomson/GlobalCertificates/Production/Node3304547/Core.lean",
    "source_sha256": "6e36544a33d8f69b34dff11fdfab46bffffe281a531c843f6fd6b17619f1ff9b",
    "source_bytes": 2733065
  },
  "assembled": {
    "module": "Thomson.GlobalCertificates.Production.Node3304547.Assembled",
    "source": "Thomson/GlobalCertificates/Production/Node3304547/Assembled.lean",
    "source_sha256": "42d487856d6d4e1006333f9ca0ea55e10d8c07777fae919396feadc6bddf66af",
    "source_bytes": 229441
  },
  "core_source": "Thomson/GlobalCertificates/Production/Node3304547/Core.lean",
  "assembled_source": "Thomson/GlobalCertificates/Production/Node3304547/Assembled.lean",
  "core_module": "Thomson.GlobalCertificates.Production.Node3304547.Core",
  "assembled_module": "Thomson.GlobalCertificates.Production.Node3304547.Assembled",
  "boundary_modules": [],
  "nodes": 127,
  "leaf_kinds": {
    "0": 63,
    "6": 9,
    "8": 55
  },
  "families": {
    "contraction": {
      "nodes": 127,
      "actual": 38,
      "rounds": 45,
      "actions": 89
    }
  },
  "reference_topology_sha256": {
    "vertex": "09629aa6d88e3007946041ee5bb5e7fe743b3242efca3b1b8ea02df65fe0eb34",
    "gradient": "58c374fbc03eab01d7423cf8888185f1410a0c20be14044aa309678ec2e4216c"
  },
  "generation_seconds": 0.9605622920207679,
  "kernel_check_required": true,
  "heartbeats": "default",
  "compiler_threads": 1,
  "core_memory_limit_mib": 2048,
  "assembled_memory_limit_mib": 3072
}
