{
  "format": "THOMSON_UNTRUSTED_MERGED_GROUP_V1",
  "root": 3380999,
  "selection": "/Users/archiebrowne/source/Thomson/Thomson/GlobalCertificates/Production/selections/Node3380999.json",
  "selection_sha256": "0565f58432e9af1f0cbe4ecdd2813c19785736b62ef5ffc3d7cbd5d8537f730f",
  "binary": "/Users/archiebrowne/source/Thomson/.lake/global-cover/search.bin",
  "binary_sha256": "6626a818d355868776501e252bbdafb97029a5a9ebe31122f3509e3e359020a4",
  "output_prefix": "Thomson.GlobalCertificates.Production.Node3380999",
  "module": "Thomson.GlobalCertificates.Production.Node3380999.Assembled",
  "namespace": "Thomson.Five.GlobalCertificates.Production.Node3380999.Assembled",
  "core": {
    "module": "Thomson.GlobalCertificates.Production.Node3380999.Core",
    "source": "Thomson/GlobalCertificates/Production/Node3380999/Core.lean",
    "source_sha256": "30e026c91a2121990aa5ae4cf80e7d26fa0d38238c4edfcee0c6276d57c12af8",
    "source_bytes": 406245
  },
  "assembled": {
    "module": "Thomson.GlobalCertificates.Production.Node3380999.Assembled",
    "source": "Thomson/GlobalCertificates/Production/Node3380999/Assembled.lean",
    "source_sha256": "9fa50159066d73a2e82c5126332059723ca95424d9acc1539e2085559de2756d",
    "source_bytes": 113022
  },
  "core_source": "Thomson/GlobalCertificates/Production/Node3380999/Core.lean",
  "assembled_source": "Thomson/GlobalCertificates/Production/Node3380999/Assembled.lean",
  "core_module": "Thomson.GlobalCertificates.Production.Node3380999.Core",
  "assembled_module": "Thomson.GlobalCertificates.Production.Node3380999.Assembled",
  "boundary_modules": [],
  "nodes": 61,
  "leaf_kinds": {
    "0": 30,
    "3": 2,
    "6": 29
  },
  "families": {
    "contraction": {
      "nodes": 61,
      "actual": 26,
      "rounds": 27,
      "actions": 66
    }
  },
  "reference_topology_sha256": {
    "gradient": "58c374fbc03eab01d7423cf8888185f1410a0c20be14044aa309678ec2e4216c",
    "pair": "65dfe5f05c0cab641b03d13ff573dc6bfa3f1d0fef0ed66dcd91cede0438a8ce"
  },
  "generation_seconds": 0.08100125001510605,
  "kernel_check_required": true,
  "heartbeats": "default",
  "compiler_threads": 1,
  "core_memory_limit_mib": 2048,
  "assembled_memory_limit_mib": 3072
}
