{
  "format": "THOMSON_UNTRUSTED_MERGED_GROUP_V1",
  "root": 3333069,
  "selection": "/Users/archiebrowne/source/Thomson/Thomson/GlobalCertificates/Production/selections/Node3333069.json",
  "selection_sha256": "f12390b6b33785092cc178a1c0f506705dce97dd9598899f1a9f5722f39937cf",
  "binary": "/Users/archiebrowne/source/Thomson/.lake/global-cover/search.bin",
  "binary_sha256": "6626a818d355868776501e252bbdafb97029a5a9ebe31122f3509e3e359020a4",
  "output_prefix": "Thomson.GlobalCertificates.Production.Node3333069",
  "module": "Thomson.GlobalCertificates.Production.Node3333069.Assembled",
  "namespace": "Thomson.Five.GlobalCertificates.Production.Node3333069.Assembled",
  "core": {
    "module": "Thomson.GlobalCertificates.Production.Node3333069.Core",
    "source": "Thomson/GlobalCertificates/Production/Node3333069/Core.lean",
    "source_sha256": "a3a532378da6d363c4f7501e4371a15ecdaeb1779a8715b057b5cc72f028618e",
    "source_bytes": 2826672
  },
  "assembled": {
    "module": "Thomson.GlobalCertificates.Production.Node3333069.Assembled",
    "source": "Thomson/GlobalCertificates/Production/Node3333069/Assembled.lean",
    "source_sha256": "6cb10db4e1787be88f4ec8c52f91b8061fe847acb471fbec80a4d19c9f3e05d7",
    "source_bytes": 247767
  },
  "core_source": "Thomson/GlobalCertificates/Production/Node3333069/Core.lean",
  "assembled_source": "Thomson/GlobalCertificates/Production/Node3333069/Assembled.lean",
  "core_module": "Thomson.GlobalCertificates.Production.Node3333069.Core",
  "assembled_module": "Thomson.GlobalCertificates.Production.Node3333069.Assembled",
  "boundary_modules": [],
  "nodes": 141,
  "leaf_kinds": {
    "0": 70,
    "6": 16,
    "8": 55
  },
  "families": {
    "contraction": {
      "nodes": 141,
      "actual": 46,
      "rounds": 52,
      "actions": 95
    }
  },
  "reference_topology_sha256": {
    "vertex": "09629aa6d88e3007946041ee5bb5e7fe743b3242efca3b1b8ea02df65fe0eb34",
    "gradient": "58c374fbc03eab01d7423cf8888185f1410a0c20be14044aa309678ec2e4216c"
  },
  "generation_seconds": 0.6022876250208355,
  "kernel_check_required": true,
  "heartbeats": "default",
  "compiler_threads": 1,
  "core_memory_limit_mib": 2048,
  "assembled_memory_limit_mib": 3072
}
