{
  "format": "THOMSON_UNTRUSTED_MERGED_GROUP_V1",
  "root": 3324166,
  "selection": "/Users/archiebrowne/source/Thomson/Thomson/GlobalCertificates/Production/selections/Node3324166.json",
  "selection_sha256": "2515568504ea356ab615714ef5ddd0826afc52b4167c62839871f4059455b213",
  "binary": "/Users/archiebrowne/source/Thomson/.lake/global-cover/search.bin",
  "binary_sha256": "6626a818d355868776501e252bbdafb97029a5a9ebe31122f3509e3e359020a4",
  "output_prefix": "Thomson.GlobalCertificates.Production.Node3324166",
  "module": "Thomson.GlobalCertificates.Production.Node3324166.Assembled",
  "namespace": "Thomson.Five.GlobalCertificates.Production.Node3324166.Assembled",
  "core": {
    "module": "Thomson.GlobalCertificates.Production.Node3324166.Core",
    "source": "Thomson/GlobalCertificates/Production/Node3324166/Core.lean",
    "source_sha256": "278b40fb04353e9231fd4958fda4f5f13acdbd25e6ce82f16fea832e5f1eb8a1",
    "source_bytes": 5300374
  },
  "assembled": {
    "module": "Thomson.GlobalCertificates.Production.Node3324166.Assembled",
    "source": "Thomson/GlobalCertificates/Production/Node3324166/Assembled.lean",
    "source_sha256": "0dbfb0d70dc18eace87c6ee3f11c3baf22dcf79877e327e4cbc7ac8fe717370c",
    "source_bytes": 423706
  },
  "core_source": "Thomson/GlobalCertificates/Production/Node3324166/Core.lean",
  "assembled_source": "Thomson/GlobalCertificates/Production/Node3324166/Assembled.lean",
  "core_module": "Thomson.GlobalCertificates.Production.Node3324166.Core",
  "assembled_module": "Thomson.GlobalCertificates.Production.Node3324166.Assembled",
  "boundary_modules": [],
  "nodes": 245,
  "leaf_kinds": {
    "0": 122,
    "6": 12,
    "8": 111
  },
  "families": {
    "contraction": {
      "nodes": 245,
      "actual": 7,
      "rounds": 7,
      "actions": 7
    }
  },
  "reference_topology_sha256": {
    "vertex": "09629aa6d88e3007946041ee5bb5e7fe743b3242efca3b1b8ea02df65fe0eb34",
    "gradient": "58c374fbc03eab01d7423cf8888185f1410a0c20be14044aa309678ec2e4216c"
  },
  "generation_seconds": 1.698321916977875,
  "kernel_check_required": true,
  "heartbeats": "default",
  "compiler_threads": 1,
  "core_memory_limit_mib": 2048,
  "assembled_memory_limit_mib": 3072
}
