{
  "format": "THOMSON_UNTRUSTED_MERGED_GROUP_V1",
  "root": 3293042,
  "selection": "/Users/archiebrowne/source/Thomson/Thomson/GlobalCertificates/Production/selections/Node3293042.json",
  "selection_sha256": "e556d767b5173eb1108eefd86e5ad2c37b429c26a126e94d3c2e3676bbab1d73",
  "binary": "/Users/archiebrowne/source/Thomson/.lake/global-cover/search.bin",
  "binary_sha256": "6626a818d355868776501e252bbdafb97029a5a9ebe31122f3509e3e359020a4",
  "output_prefix": "Thomson.GlobalCertificates.Production.Node3293042",
  "module": "Thomson.GlobalCertificates.Production.Node3293042.Assembled",
  "namespace": "Thomson.Five.GlobalCertificates.Production.Node3293042.Assembled",
  "core": {
    "module": "Thomson.GlobalCertificates.Production.Node3293042.Core",
    "source": "Thomson/GlobalCertificates/Production/Node3293042/Core.lean",
    "source_sha256": "06926eb577bd2fd99cf67d20f6afcc52e79f64acc02df27d15c6db421584f51b",
    "source_bytes": 1996654
  },
  "assembled": {
    "module": "Thomson.GlobalCertificates.Production.Node3293042.Assembled",
    "source": "Thomson/GlobalCertificates/Production/Node3293042/Assembled.lean",
    "source_sha256": "363a7e3f7840373533a147e71ee47822b5bbd06abcdad1829c8a00c12fa7ff20",
    "source_bytes": 149929
  },
  "core_source": "Thomson/GlobalCertificates/Production/Node3293042/Core.lean",
  "assembled_source": "Thomson/GlobalCertificates/Production/Node3293042/Assembled.lean",
  "core_module": "Thomson.GlobalCertificates.Production.Node3293042.Core",
  "assembled_module": "Thomson.GlobalCertificates.Production.Node3293042.Assembled",
  "boundary_modules": [],
  "nodes": 85,
  "leaf_kinds": {
    "0": 42,
    "8": 43
  },
  "families": {
    "contraction": {
      "nodes": 85,
      "actual": 10,
      "rounds": 10,
      "actions": 10
    }
  },
  "reference_topology_sha256": {
    "vertex": "09629aa6d88e3007946041ee5bb5e7fe743b3242efca3b1b8ea02df65fe0eb34"
  },
  "generation_seconds": 0.4408450409537181,
  "kernel_check_required": true,
  "heartbeats": "default",
  "compiler_threads": 1,
  "core_memory_limit_mib": 2048,
  "assembled_memory_limit_mib": 3072
}
