{
  "format": "THOMSON_UNTRUSTED_MERGED_GROUP_V1",
  "root": 3320294,
  "selection": "/Users/archiebrowne/source/Thomson/Thomson/GlobalCertificates/Production/selections/Node3320294.json",
  "selection_sha256": "9de7ec007b6ef2e94bc3928ae372443a595b55ec1c26b3cf4dfd9b36145488b2",
  "binary": "/Users/archiebrowne/source/Thomson/.lake/global-cover/search.bin",
  "binary_sha256": "6626a818d355868776501e252bbdafb97029a5a9ebe31122f3509e3e359020a4",
  "output_prefix": "Thomson.GlobalCertificates.Production.Node3320294",
  "module": "Thomson.GlobalCertificates.Production.Node3320294.Assembled",
  "namespace": "Thomson.Five.GlobalCertificates.Production.Node3320294.Assembled",
  "core": {
    "module": "Thomson.GlobalCertificates.Production.Node3320294.Core",
    "source": "Thomson/GlobalCertificates/Production/Node3320294/Core.lean",
    "source_sha256": "11a52a395d5c98602cd05d0657e678dc87193a21253dc05c31dfc3556a9356ea",
    "source_bytes": 2471742
  },
  "assembled": {
    "module": "Thomson.GlobalCertificates.Production.Node3320294.Assembled",
    "source": "Thomson/GlobalCertificates/Production/Node3320294/Assembled.lean",
    "source_sha256": "a9ec7a30bba473482b2a5d8491889313fff2c7e343109ae9929ce89e3a369a0f",
    "source_bytes": 363597
  },
  "core_source": "Thomson/GlobalCertificates/Production/Node3320294/Core.lean",
  "assembled_source": "Thomson/GlobalCertificates/Production/Node3320294/Assembled.lean",
  "core_module": "Thomson.GlobalCertificates.Production.Node3320294.Core",
  "assembled_module": "Thomson.GlobalCertificates.Production.Node3320294.Assembled",
  "boundary_modules": [],
  "nodes": 203,
  "leaf_kinds": {
    "0": 101,
    "3": 33,
    "6": 32,
    "8": 37
  },
  "families": {
    "contraction": {
      "nodes": 203,
      "actual": 8,
      "rounds": 8,
      "actions": 8
    }
  },
  "reference_topology_sha256": {
    "vertex": "09629aa6d88e3007946041ee5bb5e7fe743b3242efca3b1b8ea02df65fe0eb34",
    "gradient": "58c374fbc03eab01d7423cf8888185f1410a0c20be14044aa309678ec2e4216c",
    "pair": "65dfe5f05c0cab641b03d13ff573dc6bfa3f1d0fef0ed66dcd91cede0438a8ce"
  },
  "generation_seconds": 0.518601417017635,
  "kernel_check_required": true,
  "heartbeats": "default",
  "compiler_threads": 1,
  "core_memory_limit_mib": 2048,
  "assembled_memory_limit_mib": 3072
}
