{
  "format": "THOMSON_UNTRUSTED_MERGED_GROUP_V1",
  "root": 3352355,
  "selection": "/Users/archiebrowne/source/Thomson/Thomson/GlobalCertificates/Production/selections/Node3352355.json",
  "selection_sha256": "f72c2b38a096f29721ff9ed21c38aee5c9cadcf878c6f86319ae5cb13a860a25",
  "binary": "/Users/archiebrowne/source/Thomson/.lake/global-cover/search.bin",
  "binary_sha256": "6626a818d355868776501e252bbdafb97029a5a9ebe31122f3509e3e359020a4",
  "output_prefix": "Thomson.GlobalCertificates.Production.Node3352355",
  "module": "Thomson.GlobalCertificates.Production.Node3352355.Assembled",
  "namespace": "Thomson.Five.GlobalCertificates.Production.Node3352355.Assembled",
  "core": {
    "module": "Thomson.GlobalCertificates.Production.Node3352355.Core",
    "source": "Thomson/GlobalCertificates/Production/Node3352355/Core.lean",
    "source_sha256": "bbc6a75b6449c9d2bdc4ddfe15014acac1968590b8f4a8f17033244a58764616",
    "source_bytes": 1539411
  },
  "assembled": {
    "module": "Thomson.GlobalCertificates.Production.Node3352355.Assembled",
    "source": "Thomson/GlobalCertificates/Production/Node3352355/Assembled.lean",
    "source_sha256": "03774e2a47100fe62c5199326d8bc77acdc2e13aff33f398b2b5150ceb3357eb",
    "source_bytes": 281853
  },
  "core_source": "Thomson/GlobalCertificates/Production/Node3352355/Core.lean",
  "assembled_source": "Thomson/GlobalCertificates/Production/Node3352355/Assembled.lean",
  "core_module": "Thomson.GlobalCertificates.Production.Node3352355.Core",
  "assembled_module": "Thomson.GlobalCertificates.Production.Node3352355.Assembled",
  "boundary_modules": [],
  "nodes": 157,
  "leaf_kinds": {
    "0": 78,
    "3": 15,
    "6": 47,
    "8": 17
  },
  "families": {
    "contraction": {
      "nodes": 157,
      "actual": 23,
      "rounds": 23,
      "actions": 29
    }
  },
  "reference_topology_sha256": {
    "vertex": "09629aa6d88e3007946041ee5bb5e7fe743b3242efca3b1b8ea02df65fe0eb34",
    "gradient": "58c374fbc03eab01d7423cf8888185f1410a0c20be14044aa309678ec2e4216c",
    "pair": "65dfe5f05c0cab641b03d13ff573dc6bfa3f1d0fef0ed66dcd91cede0438a8ce"
  },
  "generation_seconds": 0.27970791701227427,
  "kernel_check_required": true,
  "heartbeats": "default",
  "compiler_threads": 1,
  "core_memory_limit_mib": 2048,
  "assembled_memory_limit_mib": 3072
}
