{
  "format": "THOMSON_UNTRUSTED_MERGED_GROUP_V1",
  "root": 3326665,
  "selection": "/Users/archiebrowne/source/Thomson/Thomson/GlobalCertificates/Production/selections/Node3326665.json",
  "selection_sha256": "8f6675ab1852223b143c97a9c610ce4053f7735c76fc36dc8533273d376c5eb7",
  "binary": "/Users/archiebrowne/source/Thomson/.lake/global-cover/search.bin",
  "binary_sha256": "6626a818d355868776501e252bbdafb97029a5a9ebe31122f3509e3e359020a4",
  "output_prefix": "Thomson.GlobalCertificates.Production.Node3326665",
  "module": "Thomson.GlobalCertificates.Production.Node3326665.Assembled",
  "namespace": "Thomson.Five.GlobalCertificates.Production.Node3326665.Assembled",
  "core": {
    "module": "Thomson.GlobalCertificates.Production.Node3326665.Core",
    "source": "Thomson/GlobalCertificates/Production/Node3326665/Core.lean",
    "source_sha256": "52b1476d48a96934bf3145827d86c2922352323429644781f76add6ee0ca3f2e",
    "source_bytes": 2263186
  },
  "assembled": {
    "module": "Thomson.GlobalCertificates.Production.Node3326665.Assembled",
    "source": "Thomson/GlobalCertificates/Production/Node3326665/Assembled.lean",
    "source_sha256": "c3e7e0709bd0f620bc8b22a9a80cee51c82b0c7b12fcd5871f15be68dd22852f",
    "source_bytes": 448542
  },
  "core_source": "Thomson/GlobalCertificates/Production/Node3326665/Core.lean",
  "assembled_source": "Thomson/GlobalCertificates/Production/Node3326665/Assembled.lean",
  "core_module": "Thomson.GlobalCertificates.Production.Node3326665.Core",
  "assembled_module": "Thomson.GlobalCertificates.Production.Node3326665.Assembled",
  "boundary_modules": [],
  "nodes": 255,
  "leaf_kinds": {
    "0": 127,
    "3": 22,
    "6": 84,
    "8": 22
  },
  "families": {
    "contraction": {
      "nodes": 255,
      "actual": 19,
      "rounds": 19,
      "actions": 19
    }
  },
  "reference_topology_sha256": {
    "vertex": "09629aa6d88e3007946041ee5bb5e7fe743b3242efca3b1b8ea02df65fe0eb34",
    "gradient": "58c374fbc03eab01d7423cf8888185f1410a0c20be14044aa309678ec2e4216c",
    "pair": "65dfe5f05c0cab641b03d13ff573dc6bfa3f1d0fef0ed66dcd91cede0438a8ce"
  },
  "generation_seconds": 0.5502465829486027,
  "kernel_check_required": true,
  "heartbeats": "default",
  "compiler_threads": 1,
  "core_memory_limit_mib": 2048,
  "assembled_memory_limit_mib": 3072
}
