{
  "format": "THOMSON_UNTRUSTED_MERGED_GROUP_V1",
  "root": 3298737,
  "selection": "/Users/archiebrowne/source/Thomson/Thomson/GlobalCertificates/Production/selections/Node3298737.json",
  "selection_sha256": "ed6a8884aa5e6a74a756589dd3659f1d6720f631658c1ff7b2a647efb6ba32fd",
  "binary": "/Users/archiebrowne/source/Thomson/.lake/global-cover/search.bin",
  "binary_sha256": "6626a818d355868776501e252bbdafb97029a5a9ebe31122f3509e3e359020a4",
  "output_prefix": "Thomson.GlobalCertificates.Production.Node3298737",
  "module": "Thomson.GlobalCertificates.Production.Node3298737.Assembled",
  "namespace": "Thomson.Five.GlobalCertificates.Production.Node3298737.Assembled",
  "core": {
    "module": "Thomson.GlobalCertificates.Production.Node3298737.Core",
    "source": "Thomson/GlobalCertificates/Production/Node3298737/Core.lean",
    "source_sha256": "8c8bd5ed5cc8f757b15147c0ed1cabdc055ceb218bb7f5b4502b6b8ab9f47aa7",
    "source_bytes": 4512199
  },
  "assembled": {
    "module": "Thomson.GlobalCertificates.Production.Node3298737.Assembled",
    "source": "Thomson/GlobalCertificates/Production/Node3298737/Assembled.lean",
    "source_sha256": "ddba1c4e5c79c42f89e0f23d97f55644b5b0b83560197ef9cd01c6529da0cb08",
    "source_bytes": 432343
  },
  "core_source": "Thomson/GlobalCertificates/Production/Node3298737/Core.lean",
  "assembled_source": "Thomson/GlobalCertificates/Production/Node3298737/Assembled.lean",
  "core_module": "Thomson.GlobalCertificates.Production.Node3298737.Core",
  "assembled_module": "Thomson.GlobalCertificates.Production.Node3298737.Assembled",
  "boundary_modules": [],
  "nodes": 241,
  "leaf_kinds": {
    "0": 120,
    "6": 33,
    "8": 88
  },
  "families": {
    "contraction": {
      "nodes": 241,
      "actual": 39,
      "rounds": 39,
      "actions": 44
    }
  },
  "reference_topology_sha256": {
    "vertex": "09629aa6d88e3007946041ee5bb5e7fe743b3242efca3b1b8ea02df65fe0eb34",
    "gradient": "58c374fbc03eab01d7423cf8888185f1410a0c20be14044aa309678ec2e4216c"
  },
  "generation_seconds": 1.1280357909854501,
  "kernel_check_required": true,
  "heartbeats": "default",
  "compiler_threads": 1,
  "core_memory_limit_mib": 2048,
  "assembled_memory_limit_mib": 3072
}
