{
  "format": "THOMSON_UNTRUSTED_MERGED_GROUP_V1",
  "root": 3363009,
  "selection": "/Users/archiebrowne/source/Thomson/Thomson/GlobalCertificates/Production/selections/Node3363009.json",
  "selection_sha256": "79e6557df30c3ab6f2b54a192a704ceab3bc39350a8d186fdade1913e513aa98",
  "binary": "/Users/archiebrowne/source/Thomson/.lake/global-cover/search.bin",
  "binary_sha256": "6626a818d355868776501e252bbdafb97029a5a9ebe31122f3509e3e359020a4",
  "output_prefix": "Thomson.GlobalCertificates.Production.Node3363009",
  "module": "Thomson.GlobalCertificates.Production.Node3363009.Assembled",
  "namespace": "Thomson.Five.GlobalCertificates.Production.Node3363009.Assembled",
  "core": {
    "module": "Thomson.GlobalCertificates.Production.Node3363009.Core",
    "source": "Thomson/GlobalCertificates/Production/Node3363009/Core.lean",
    "source_sha256": "a3af4f999b4d3ee00b64a57eb94cd5da8672a27d6159b76f1a006f4b7d6c98c0",
    "source_bytes": 3405970
  },
  "assembled": {
    "module": "Thomson.GlobalCertificates.Production.Node3363009.Assembled",
    "source": "Thomson/GlobalCertificates/Production/Node3363009/Assembled.lean",
    "source_sha256": "a12fa9498fd51d0832a8b5ed331a9347819d548e179a1dcd3ae70800851532a6",
    "source_bytes": 269558
  },
  "core_source": "Thomson/GlobalCertificates/Production/Node3363009/Core.lean",
  "assembled_source": "Thomson/GlobalCertificates/Production/Node3363009/Assembled.lean",
  "core_module": "Thomson.GlobalCertificates.Production.Node3363009.Core",
  "assembled_module": "Thomson.GlobalCertificates.Production.Node3363009.Assembled",
  "boundary_modules": [],
  "nodes": 155,
  "leaf_kinds": {
    "0": 77,
    "2": 2,
    "6": 5,
    "8": 71
  },
  "families": {
    "contraction": {
      "nodes": 155,
      "actual": 36,
      "rounds": 36,
      "actions": 57
    },
    "rejection": {
      "leaves": 2,
      "rounds": 0,
      "actions": 0
    }
  },
  "reference_topology_sha256": {
    "vertex": "09629aa6d88e3007946041ee5bb5e7fe743b3242efca3b1b8ea02df65fe0eb34",
    "gradient": "58c374fbc03eab01d7423cf8888185f1410a0c20be14044aa309678ec2e4216c"
  },
  "generation_seconds": 0.6961686669965275,
  "kernel_check_required": true,
  "heartbeats": "default",
  "compiler_threads": 1,
  "core_memory_limit_mib": 2048,
  "assembled_memory_limit_mib": 3072
}
