{
  "format": "THOMSON_UNTRUSTED_MERGED_GROUP_V1",
  "root": 3372895,
  "selection": "/Users/archiebrowne/source/Thomson/Thomson/GlobalCertificates/Production/selections/Node3372895.json",
  "selection_sha256": "e2e7eb5a8b9b9c26197a04088ee67b174e56827a47e2a3d0d0317855a26da4a8",
  "binary": "/Users/archiebrowne/source/Thomson/.lake/global-cover/search.bin",
  "binary_sha256": "6626a818d355868776501e252bbdafb97029a5a9ebe31122f3509e3e359020a4",
  "output_prefix": "Thomson.GlobalCertificates.Production.Node3372895",
  "module": "Thomson.GlobalCertificates.Production.Node3372895.Assembled",
  "namespace": "Thomson.Five.GlobalCertificates.Production.Node3372895.Assembled",
  "core": {
    "module": "Thomson.GlobalCertificates.Production.Node3372895.Core",
    "source": "Thomson/GlobalCertificates/Production/Node3372895/Core.lean",
    "source_sha256": "ba3017d487d5507268d1b9cf14104ff712b31866d9789d2e97ede6659d06bd96",
    "source_bytes": 1382230
  },
  "assembled": {
    "module": "Thomson.GlobalCertificates.Production.Node3372895.Assembled",
    "source": "Thomson/GlobalCertificates/Production/Node3372895/Assembled.lean",
    "source_sha256": "97ce768d20ba4e8f445610d46f422dd4e0e06b3c0d08cb98272ed8bbd2d9d128",
    "source_bytes": 213000
  },
  "core_source": "Thomson/GlobalCertificates/Production/Node3372895/Core.lean",
  "assembled_source": "Thomson/GlobalCertificates/Production/Node3372895/Assembled.lean",
  "core_module": "Thomson.GlobalCertificates.Production.Node3372895.Core",
  "assembled_module": "Thomson.GlobalCertificates.Production.Node3372895.Assembled",
  "boundary_modules": [],
  "nodes": 115,
  "leaf_kinds": {
    "0": 57,
    "3": 4,
    "6": 36,
    "8": 18
  },
  "families": {
    "contraction": {
      "nodes": 115,
      "actual": 42,
      "rounds": 42,
      "actions": 104
    }
  },
  "reference_topology_sha256": {
    "vertex": "09629aa6d88e3007946041ee5bb5e7fe743b3242efca3b1b8ea02df65fe0eb34",
    "gradient": "58c374fbc03eab01d7423cf8888185f1410a0c20be14044aa309678ec2e4216c",
    "pair": "65dfe5f05c0cab641b03d13ff573dc6bfa3f1d0fef0ed66dcd91cede0438a8ce"
  },
  "generation_seconds": 0.2874290829640813,
  "kernel_check_required": true,
  "heartbeats": "default",
  "compiler_threads": 1,
  "core_memory_limit_mib": 2048,
  "assembled_memory_limit_mib": 3072
}
