{
  "format": "THOMSON_UNTRUSTED_MERGED_GROUP_V1",
  "root": 3355546,
  "selection": "/Users/archiebrowne/source/Thomson/Thomson/GlobalCertificates/Production/selections/Node3355546.json",
  "selection_sha256": "18a7fc60e927e5b6cdab3f36cd3fb5b63d3e930294d2622eda895a5a09d15728",
  "binary": "/Users/archiebrowne/source/Thomson/.lake/global-cover/search.bin",
  "binary_sha256": "6626a818d355868776501e252bbdafb97029a5a9ebe31122f3509e3e359020a4",
  "output_prefix": "Thomson.GlobalCertificates.Production.Node3355546",
  "module": "Thomson.GlobalCertificates.Production.Node3355546.Assembled",
  "namespace": "Thomson.Five.GlobalCertificates.Production.Node3355546.Assembled",
  "core": {
    "module": "Thomson.GlobalCertificates.Production.Node3355546.Core",
    "source": "Thomson/GlobalCertificates/Production/Node3355546/Core.lean",
    "source_sha256": "35d410574471a5af288e5b0a08a480d1e5941bac53be46e3450462485a0d1b0b",
    "source_bytes": 1318432
  },
  "assembled": {
    "module": "Thomson.GlobalCertificates.Production.Node3355546.Assembled",
    "source": "Thomson/GlobalCertificates/Production/Node3355546/Assembled.lean",
    "source_sha256": "9725d4dec62878668f26111c05875a1cdd2eb5826fa448de5864f691860e857b",
    "source_bytes": 251806
  },
  "core_source": "Thomson/GlobalCertificates/Production/Node3355546/Core.lean",
  "assembled_source": "Thomson/GlobalCertificates/Production/Node3355546/Assembled.lean",
  "core_module": "Thomson.GlobalCertificates.Production.Node3355546.Core",
  "assembled_module": "Thomson.GlobalCertificates.Production.Node3355546.Assembled",
  "boundary_modules": [],
  "nodes": 143,
  "leaf_kinds": {
    "0": 71,
    "3": 51,
    "6": 7,
    "8": 14
  },
  "families": {
    "contraction": {
      "nodes": 143,
      "actual": 6,
      "rounds": 6,
      "actions": 6
    }
  },
  "reference_topology_sha256": {
    "vertex": "09629aa6d88e3007946041ee5bb5e7fe743b3242efca3b1b8ea02df65fe0eb34",
    "gradient": "58c374fbc03eab01d7423cf8888185f1410a0c20be14044aa309678ec2e4216c",
    "pair": "65dfe5f05c0cab641b03d13ff573dc6bfa3f1d0fef0ed66dcd91cede0438a8ce"
  },
  "generation_seconds": 0.2314089160063304,
  "kernel_check_required": true,
  "heartbeats": "default",
  "compiler_threads": 1,
  "core_memory_limit_mib": 2048,
  "assembled_memory_limit_mib": 3072
}
