{
  "format": "THOMSON_UNTRUSTED_MERGED_GROUP_V1",
  "root": 3370545,
  "selection": "/Users/archiebrowne/source/Thomson/Thomson/GlobalCertificates/Production/selections/Node3370545.json",
  "selection_sha256": "d476b609df316ac08e82bf68b17d8c5bea3ee047dc5bfdb6580bb44ed7a544df",
  "binary": "/Users/archiebrowne/source/Thomson/.lake/global-cover/search.bin",
  "binary_sha256": "6626a818d355868776501e252bbdafb97029a5a9ebe31122f3509e3e359020a4",
  "output_prefix": "Thomson.GlobalCertificates.Production.Node3370545",
  "module": "Thomson.GlobalCertificates.Production.Node3370545.Assembled",
  "namespace": "Thomson.Five.GlobalCertificates.Production.Node3370545.Assembled",
  "core": {
    "module": "Thomson.GlobalCertificates.Production.Node3370545.Core",
    "source": "Thomson/GlobalCertificates/Production/Node3370545/Core.lean",
    "source_sha256": "18742335326d5f93d58cee1d915aeede3e106fef94eb91ec2818ce9c3e253838",
    "source_bytes": 326059
  },
  "assembled": {
    "module": "Thomson.GlobalCertificates.Production.Node3370545.Assembled",
    "source": "Thomson/GlobalCertificates/Production/Node3370545/Assembled.lean",
    "source_sha256": "8d8fabbf18a629e81409f84c04fe68ede299a85dbef6e0f0a3d8b8413a54a001",
    "source_bytes": 49852
  },
  "core_source": "Thomson/GlobalCertificates/Production/Node3370545/Core.lean",
  "assembled_source": "Thomson/GlobalCertificates/Production/Node3370545/Assembled.lean",
  "core_module": "Thomson.GlobalCertificates.Production.Node3370545.Core",
  "assembled_module": "Thomson.GlobalCertificates.Production.Node3370545.Assembled",
  "boundary_modules": [],
  "nodes": 27,
  "leaf_kinds": {
    "0": 13,
    "2": 7,
    "6": 1,
    "8": 6
  },
  "families": {
    "contraction": {
      "nodes": 27,
      "actual": 7,
      "rounds": 8,
      "actions": 18
    },
    "rejection": {
      "leaves": 7,
      "rounds": 0,
      "actions": 0
    }
  },
  "reference_topology_sha256": {
    "vertex": "09629aa6d88e3007946041ee5bb5e7fe743b3242efca3b1b8ea02df65fe0eb34",
    "gradient": "58c374fbc03eab01d7423cf8888185f1410a0c20be14044aa309678ec2e4216c"
  },
  "generation_seconds": 0.06951166602084413,
  "kernel_check_required": true,
  "heartbeats": "default",
  "compiler_threads": 1,
  "core_memory_limit_mib": 2048,
  "assembled_memory_limit_mib": 3072
}
