{
  "format": "THOMSON_UNTRUSTED_MERGED_GROUP_V1",
  "root": 3292763,
  "selection": "/Users/archiebrowne/source/Thomson/Thomson/GlobalCertificates/Production/selections/Node3292763.json",
  "selection_sha256": "cdd36703f196000c128ebcd7bfc24314b510f7b383a0c0fabed50ba3a83429d9",
  "binary": "/Users/archiebrowne/source/Thomson/.lake/global-cover/search.bin",
  "binary_sha256": "6626a818d355868776501e252bbdafb97029a5a9ebe31122f3509e3e359020a4",
  "output_prefix": "Thomson.GlobalCertificates.Production.Node3292763",
  "module": "Thomson.GlobalCertificates.Production.Node3292763.Assembled",
  "namespace": "Thomson.Five.GlobalCertificates.Production.Node3292763.Assembled",
  "core": {
    "module": "Thomson.GlobalCertificates.Production.Node3292763.Core",
    "source": "Thomson/GlobalCertificates/Production/Node3292763/Core.lean",
    "source_sha256": "603f74ec6ac55589d370ff86cb1c65ef90b484f1b267c6ed17228a4b805f007f",
    "source_bytes": 1314167
  },
  "assembled": {
    "module": "Thomson.GlobalCertificates.Production.Node3292763.Assembled",
    "source": "Thomson/GlobalCertificates/Production/Node3292763/Assembled.lean",
    "source_sha256": "564462f0a1d372d7f18cc56217e470993c781f09b807eb1e2c80f24e2662cec2",
    "source_bytes": 112384
  },
  "core_source": "Thomson/GlobalCertificates/Production/Node3292763/Core.lean",
  "assembled_source": "Thomson/GlobalCertificates/Production/Node3292763/Assembled.lean",
  "core_module": "Thomson.GlobalCertificates.Production.Node3292763.Core",
  "assembled_module": "Thomson.GlobalCertificates.Production.Node3292763.Assembled",
  "boundary_modules": [],
  "nodes": 61,
  "leaf_kinds": {
    "0": 30,
    "6": 4,
    "8": 27
  },
  "families": {
    "contraction": {
      "nodes": 61,
      "actual": 10,
      "rounds": 10,
      "actions": 16
    }
  },
  "reference_topology_sha256": {
    "vertex": "09629aa6d88e3007946041ee5bb5e7fe743b3242efca3b1b8ea02df65fe0eb34",
    "gradient": "58c374fbc03eab01d7423cf8888185f1410a0c20be14044aa309678ec2e4216c"
  },
  "generation_seconds": 0.30691975000081584,
  "kernel_check_required": true,
  "heartbeats": "default",
  "compiler_threads": 1,
  "core_memory_limit_mib": 2048,
  "assembled_memory_limit_mib": 3072
}
