{
  "format": "THOMSON_UNTRUSTED_MERGED_GROUP_V1",
  "root": 3304775,
  "selection": "/Users/archiebrowne/source/Thomson/Thomson/GlobalCertificates/Production/selections/Node3304775.json",
  "selection_sha256": "bc621df8a0c678c832d5fc4cf0acc23185749a2c2f62994e18415271828015ce",
  "binary": "/Users/archiebrowne/source/Thomson/.lake/global-cover/search.bin",
  "binary_sha256": "6626a818d355868776501e252bbdafb97029a5a9ebe31122f3509e3e359020a4",
  "output_prefix": "Thomson.GlobalCertificates.Production.Node3304775",
  "module": "Thomson.GlobalCertificates.Production.Node3304775.Assembled",
  "namespace": "Thomson.Five.GlobalCertificates.Production.Node3304775.Assembled",
  "core": {
    "module": "Thomson.GlobalCertificates.Production.Node3304775.Core",
    "source": "Thomson/GlobalCertificates/Production/Node3304775/Core.lean",
    "source_sha256": "fcd834c9688b2fcead35396b6b285fecbb964f6dfa5997a35dbb358add774c8b",
    "source_bytes": 3403425
  },
  "assembled": {
    "module": "Thomson.GlobalCertificates.Production.Node3304775.Assembled",
    "source": "Thomson/GlobalCertificates/Production/Node3304775/Assembled.lean",
    "source_sha256": "cdd2fe64f96104f9cc4bee1ab501bf23d6d26165d9ba9c89f1c32db862dacf3c",
    "source_bytes": 256554
  },
  "core_source": "Thomson/GlobalCertificates/Production/Node3304775/Core.lean",
  "assembled_source": "Thomson/GlobalCertificates/Production/Node3304775/Assembled.lean",
  "core_module": "Thomson.GlobalCertificates.Production.Node3304775.Core",
  "assembled_module": "Thomson.GlobalCertificates.Production.Node3304775.Assembled",
  "boundary_modules": [],
  "nodes": 145,
  "leaf_kinds": {
    "0": 72,
    "8": 73
  },
  "families": {
    "contraction": {
      "nodes": 145,
      "actual": 15,
      "rounds": 15,
      "actions": 20
    }
  },
  "reference_topology_sha256": {
    "vertex": "09629aa6d88e3007946041ee5bb5e7fe743b3242efca3b1b8ea02df65fe0eb34"
  },
  "generation_seconds": 0.8603643749956973,
  "kernel_check_required": true,
  "heartbeats": "default",
  "compiler_threads": 1,
  "core_memory_limit_mib": 2048,
  "assembled_memory_limit_mib": 3072
}
