{
  "format": "THOMSON_UNTRUSTED_MERGED_GROUP_V1",
  "root": 3369018,
  "selection": "/Users/archiebrowne/source/Thomson/Thomson/GlobalCertificates/Production/selections/Node3369018.json",
  "selection_sha256": "83f9134e4794b0a5898852a58517b63ef522e907d0c7e19021af9ceb30fb6cf5",
  "binary": "/Users/archiebrowne/source/Thomson/.lake/global-cover/search.bin",
  "binary_sha256": "6626a818d355868776501e252bbdafb97029a5a9ebe31122f3509e3e359020a4",
  "output_prefix": "Thomson.GlobalCertificates.Production.Node3369018",
  "module": "Thomson.GlobalCertificates.Production.Node3369018.Assembled",
  "namespace": "Thomson.Five.GlobalCertificates.Production.Node3369018.Assembled",
  "core": {
    "module": "Thomson.GlobalCertificates.Production.Node3369018.Core",
    "source": "Thomson/GlobalCertificates/Production/Node3369018/Core.lean",
    "source_sha256": "434782789fc654f27ca555b725378ffd0f3b37a5432ef6905e3ca261a075a8b1",
    "source_bytes": 3155046
  },
  "assembled": {
    "module": "Thomson.GlobalCertificates.Production.Node3369018.Assembled",
    "source": "Thomson/GlobalCertificates/Production/Node3369018/Assembled.lean",
    "source_sha256": "fdfd8232c4926027735f8d82632d4feb66cf2ba20c4a722b42f6f343b85ad724",
    "source_bytes": 357038
  },
  "core_source": "Thomson/GlobalCertificates/Production/Node3369018/Core.lean",
  "assembled_source": "Thomson/GlobalCertificates/Production/Node3369018/Assembled.lean",
  "core_module": "Thomson.GlobalCertificates.Production.Node3369018.Core",
  "assembled_module": "Thomson.GlobalCertificates.Production.Node3369018.Assembled",
  "boundary_modules": [],
  "nodes": 201,
  "leaf_kinds": {
    "0": 100,
    "3": 14,
    "6": 32,
    "8": 55
  },
  "families": {
    "contraction": {
      "nodes": 201,
      "actual": 26,
      "rounds": 26,
      "actions": 40
    }
  },
  "reference_topology_sha256": {
    "vertex": "09629aa6d88e3007946041ee5bb5e7fe743b3242efca3b1b8ea02df65fe0eb34",
    "gradient": "58c374fbc03eab01d7423cf8888185f1410a0c20be14044aa309678ec2e4216c",
    "pair": "65dfe5f05c0cab641b03d13ff573dc6bfa3f1d0fef0ed66dcd91cede0438a8ce"
  },
  "generation_seconds": 0.6253305000136606,
  "kernel_check_required": true,
  "heartbeats": "default",
  "compiler_threads": 1,
  "core_memory_limit_mib": 2048,
  "assembled_memory_limit_mib": 3072
}
