{
  "format": "THOMSON_UNTRUSTED_MERGED_GROUP_V1",
  "root": 3364181,
  "selection": "/Users/archiebrowne/source/Thomson/Thomson/GlobalCertificates/Production/selections/Node3364181.json",
  "selection_sha256": "d40445a17001648b8118cf719a97ef55bd4012656e085c467684f544239a90d1",
  "binary": "/Users/archiebrowne/source/Thomson/.lake/global-cover/search.bin",
  "binary_sha256": "6626a818d355868776501e252bbdafb97029a5a9ebe31122f3509e3e359020a4",
  "output_prefix": "Thomson.GlobalCertificates.Production.Node3364181",
  "module": "Thomson.GlobalCertificates.Production.Node3364181.Assembled",
  "namespace": "Thomson.Five.GlobalCertificates.Production.Node3364181.Assembled",
  "core": {
    "module": "Thomson.GlobalCertificates.Production.Node3364181.Core",
    "source": "Thomson/GlobalCertificates/Production/Node3364181/Core.lean",
    "source_sha256": "57eb729db1adb04e77a9812d38be66f22e9810ec5ca6cfb661bf2a27e7b3f416",
    "source_bytes": 2046230
  },
  "assembled": {
    "module": "Thomson.GlobalCertificates.Production.Node3364181.Assembled",
    "source": "Thomson/GlobalCertificates/Production/Node3364181/Assembled.lean",
    "source_sha256": "b3c596fc9ed4caece11c23b7ea1190fca13ffddcaaaccf6d85eb7514815152bf",
    "source_bytes": 249561
  },
  "core_source": "Thomson/GlobalCertificates/Production/Node3364181/Core.lean",
  "assembled_source": "Thomson/GlobalCertificates/Production/Node3364181/Assembled.lean",
  "core_module": "Thomson.GlobalCertificates.Production.Node3364181.Core",
  "assembled_module": "Thomson.GlobalCertificates.Production.Node3364181.Assembled",
  "boundary_modules": [],
  "nodes": 137,
  "leaf_kinds": {
    "0": 68,
    "3": 23,
    "6": 14,
    "8": 32
  },
  "families": {
    "contraction": {
      "nodes": 137,
      "actual": 65,
      "rounds": 65,
      "actions": 188
    }
  },
  "reference_topology_sha256": {
    "vertex": "09629aa6d88e3007946041ee5bb5e7fe743b3242efca3b1b8ea02df65fe0eb34",
    "gradient": "58c374fbc03eab01d7423cf8888185f1410a0c20be14044aa309678ec2e4216c",
    "pair": "65dfe5f05c0cab641b03d13ff573dc6bfa3f1d0fef0ed66dcd91cede0438a8ce"
  },
  "generation_seconds": 0.3872416250524111,
  "kernel_check_required": true,
  "heartbeats": "default",
  "compiler_threads": 1,
  "core_memory_limit_mib": 2048,
  "assembled_memory_limit_mib": 3072
}
