{
  "format": "THOMSON_UNTRUSTED_MERGED_GROUP_V1",
  "root": 3379287,
  "selection": "/Users/archiebrowne/source/Thomson/Thomson/GlobalCertificates/Production/selections/Node3379287.json",
  "selection_sha256": "23455850d49353d1d1aff0a6640abcf0e2b40a0ab5129cc671cc74cb9e18bed1",
  "binary": "/Users/archiebrowne/source/Thomson/.lake/global-cover/search.bin",
  "binary_sha256": "6626a818d355868776501e252bbdafb97029a5a9ebe31122f3509e3e359020a4",
  "output_prefix": "Thomson.GlobalCertificates.Production.Node3379287",
  "module": "Thomson.GlobalCertificates.Production.Node3379287.Assembled",
  "namespace": "Thomson.Five.GlobalCertificates.Production.Node3379287.Assembled",
  "core": {
    "module": "Thomson.GlobalCertificates.Production.Node3379287.Core",
    "source": "Thomson/GlobalCertificates/Production/Node3379287/Core.lean",
    "source_sha256": "9675c321026e112a663723f036404bda8ba8f88d3ecab3a5e6c0e9c63d1c286e",
    "source_bytes": 3863996
  },
  "assembled": {
    "module": "Thomson.GlobalCertificates.Production.Node3379287.Assembled",
    "source": "Thomson/GlobalCertificates/Production/Node3379287/Assembled.lean",
    "source_sha256": "dcfebd77cf70cacedf395af10d70f46c2ff2f72416ddad4e77d29e7d76021b7c",
    "source_bytes": 321468
  },
  "core_source": "Thomson/GlobalCertificates/Production/Node3379287/Core.lean",
  "assembled_source": "Thomson/GlobalCertificates/Production/Node3379287/Assembled.lean",
  "core_module": "Thomson.GlobalCertificates.Production.Node3379287.Core",
  "assembled_module": "Thomson.GlobalCertificates.Production.Node3379287.Assembled",
  "boundary_modules": [],
  "nodes": 181,
  "leaf_kinds": {
    "0": 90,
    "6": 13,
    "8": 78
  },
  "families": {
    "contraction": {
      "nodes": 181,
      "actual": 56,
      "rounds": 56,
      "actions": 129
    }
  },
  "reference_topology_sha256": {
    "vertex": "09629aa6d88e3007946041ee5bb5e7fe743b3242efca3b1b8ea02df65fe0eb34",
    "gradient": "58c374fbc03eab01d7423cf8888185f1410a0c20be14044aa309678ec2e4216c"
  },
  "generation_seconds": 0.9352270000381395,
  "kernel_check_required": true,
  "heartbeats": "default",
  "compiler_threads": 1,
  "core_memory_limit_mib": 2048,
  "assembled_memory_limit_mib": 3072
}
