{
  "format": "THOMSON_UNTRUSTED_MERGED_GROUP_V1",
  "root": 3289064,
  "selection": "/Users/archiebrowne/source/Thomson/Thomson/GlobalCertificates/Production/selections/Node3289064.json",
  "selection_sha256": "79f2fb8f72d2b183d4aebd1e044a7ce1d134023feb827ebb84e1a1e795ecabc2",
  "binary": "/Users/archiebrowne/source/Thomson/.lake/global-cover/search.bin",
  "binary_sha256": "6626a818d355868776501e252bbdafb97029a5a9ebe31122f3509e3e359020a4",
  "output_prefix": "Thomson.GlobalCertificates.Production.Node3289064",
  "module": "Thomson.GlobalCertificates.Production.Node3289064.Assembled",
  "namespace": "Thomson.Five.GlobalCertificates.Production.Node3289064.Assembled",
  "core": {
    "module": "Thomson.GlobalCertificates.Production.Node3289064.Core",
    "source": "Thomson/GlobalCertificates/Production/Node3289064/Core.lean",
    "source_sha256": "909c10b2553db6828320032799ea71a62fe5f6c3e544edfa754aa07ef162d42e",
    "source_bytes": 4199091
  },
  "assembled": {
    "module": "Thomson.GlobalCertificates.Production.Node3289064.Assembled",
    "source": "Thomson/GlobalCertificates/Production/Node3289064/Assembled.lean",
    "source_sha256": "fa286afcaa3abf724ffcd7f466c7113e3b3483fde4cae55bd78ab076671d68b9",
    "source_bytes": 314095
  },
  "core_source": "Thomson/GlobalCertificates/Production/Node3289064/Core.lean",
  "assembled_source": "Thomson/GlobalCertificates/Production/Node3289064/Assembled.lean",
  "core_module": "Thomson.GlobalCertificates.Production.Node3289064.Core",
  "assembled_module": "Thomson.GlobalCertificates.Production.Node3289064.Assembled",
  "boundary_modules": [],
  "nodes": 181,
  "leaf_kinds": {
    "0": 90,
    "8": 91
  },
  "families": {
    "contraction": {
      "nodes": 181,
      "actual": 16,
      "rounds": 16,
      "actions": 16
    }
  },
  "reference_topology_sha256": {
    "vertex": "09629aa6d88e3007946041ee5bb5e7fe743b3242efca3b1b8ea02df65fe0eb34"
  },
  "generation_seconds": 0.9169773749890737,
  "kernel_check_required": true,
  "heartbeats": "default",
  "compiler_threads": 1,
  "core_memory_limit_mib": 2048,
  "assembled_memory_limit_mib": 3072
}
