{
  "format": "THOMSON_UNTRUSTED_MERGED_GROUP_V1",
  "root": 3332079,
  "selection": "/Users/archiebrowne/source/Thomson/Thomson/GlobalCertificates/Production/selections/Node3332079.json",
  "selection_sha256": "2ae7a8847807159b09a1a50c1e0f43cfc9d5d41bf25fdb02f6ad8e626483c2b2",
  "binary": "/Users/archiebrowne/source/Thomson/.lake/global-cover/search.bin",
  "binary_sha256": "6626a818d355868776501e252bbdafb97029a5a9ebe31122f3509e3e359020a4",
  "output_prefix": "Thomson.GlobalCertificates.Production.Node3332079",
  "module": "Thomson.GlobalCertificates.Production.Node3332079.Assembled",
  "namespace": "Thomson.Five.GlobalCertificates.Production.Node3332079.Assembled",
  "core": {
    "module": "Thomson.GlobalCertificates.Production.Node3332079.Core",
    "source": "Thomson/GlobalCertificates/Production/Node3332079/Core.lean",
    "source_sha256": "17c86359ad2d817b23ad5b5e419a15d77c6cb57415ec2021bdb569bfbc8d4778",
    "source_bytes": 399032
  },
  "assembled": {
    "module": "Thomson.GlobalCertificates.Production.Node3332079.Assembled",
    "source": "Thomson/GlobalCertificates/Production/Node3332079/Assembled.lean",
    "source_sha256": "1d27af24b0cd7fe1b389f05927143e6764a37cf839ab23998627c1145439b67e",
    "source_bytes": 89841
  },
  "core_source": "Thomson/GlobalCertificates/Production/Node3332079/Core.lean",
  "assembled_source": "Thomson/GlobalCertificates/Production/Node3332079/Assembled.lean",
  "core_module": "Thomson.GlobalCertificates.Production.Node3332079.Core",
  "assembled_module": "Thomson.GlobalCertificates.Production.Node3332079.Assembled",
  "boundary_modules": [],
  "nodes": 49,
  "leaf_kinds": {
    "0": 24,
    "3": 17,
    "6": 5,
    "8": 3
  },
  "families": {
    "contraction": {
      "nodes": 49,
      "actual": 4,
      "rounds": 6,
      "actions": 6
    }
  },
  "reference_topology_sha256": {
    "vertex": "09629aa6d88e3007946041ee5bb5e7fe743b3242efca3b1b8ea02df65fe0eb34",
    "gradient": "58c374fbc03eab01d7423cf8888185f1410a0c20be14044aa309678ec2e4216c",
    "pair": "65dfe5f05c0cab641b03d13ff573dc6bfa3f1d0fef0ed66dcd91cede0438a8ce"
  },
  "generation_seconds": 0.07626562495715916,
  "kernel_check_required": true,
  "heartbeats": "default",
  "compiler_threads": 1,
  "core_memory_limit_mib": 2048,
  "assembled_memory_limit_mib": 3072
}
