{
  "format": "THOMSON_UNTRUSTED_MERGED_GROUP_V1",
  "root": 3370132,
  "selection": "/Users/archiebrowne/source/Thomson/Thomson/GlobalCertificates/Production/selections/Node3370132.json",
  "selection_sha256": "b2699537bc088cd9601e69f220b2a637b029ee95422b0c959e9290a855761f3c",
  "binary": "/Users/archiebrowne/source/Thomson/.lake/global-cover/search.bin",
  "binary_sha256": "6626a818d355868776501e252bbdafb97029a5a9ebe31122f3509e3e359020a4",
  "output_prefix": "Thomson.GlobalCertificates.Production.Node3370132",
  "module": "Thomson.GlobalCertificates.Production.Node3370132.Assembled",
  "namespace": "Thomson.Five.GlobalCertificates.Production.Node3370132.Assembled",
  "core": {
    "module": "Thomson.GlobalCertificates.Production.Node3370132.Core",
    "source": "Thomson/GlobalCertificates/Production/Node3370132/Core.lean",
    "source_sha256": "90db0d3ff85ec4f37700ae33e0aff2a8ab8db253ce662bd8ac84dcef9ce4cdbb",
    "source_bytes": 4694060
  },
  "assembled": {
    "module": "Thomson.GlobalCertificates.Production.Node3370132.Assembled",
    "source": "Thomson/GlobalCertificates/Production/Node3370132/Assembled.lean",
    "source_sha256": "37c553fa964c9c45736901ee6c9afc15080ee2f683d21642b1bd51414334db43",
    "source_bytes": 416094
  },
  "core_source": "Thomson/GlobalCertificates/Production/Node3370132/Core.lean",
  "assembled_source": "Thomson/GlobalCertificates/Production/Node3370132/Assembled.lean",
  "core_module": "Thomson.GlobalCertificates.Production.Node3370132.Core",
  "assembled_module": "Thomson.GlobalCertificates.Production.Node3370132.Assembled",
  "boundary_modules": [],
  "nodes": 237,
  "leaf_kinds": {
    "0": 118,
    "6": 25,
    "8": 94
  },
  "families": {
    "contraction": {
      "nodes": 237,
      "actual": 35,
      "rounds": 35,
      "actions": 39
    }
  },
  "reference_topology_sha256": {
    "vertex": "09629aa6d88e3007946041ee5bb5e7fe743b3242efca3b1b8ea02df65fe0eb34",
    "gradient": "58c374fbc03eab01d7423cf8888185f1410a0c20be14044aa309678ec2e4216c"
  },
  "generation_seconds": 0.9972467080224305,
  "kernel_check_required": true,
  "heartbeats": "default",
  "compiler_threads": 1,
  "core_memory_limit_mib": 2048,
  "assembled_memory_limit_mib": 3072
}
