{
  "format": "THOMSON_UNTRUSTED_MERGED_GROUP_V1",
  "root": 3333785,
  "selection": "/Users/archiebrowne/source/Thomson/Thomson/GlobalCertificates/Production/selections/Node3333785.json",
  "selection_sha256": "b4f480c08d2b20cf14ff7b5cd2f0fedf5fcaa024e08087a38bcdcf9f55ce42bc",
  "binary": "/Users/archiebrowne/source/Thomson/.lake/global-cover/search.bin",
  "binary_sha256": "6626a818d355868776501e252bbdafb97029a5a9ebe31122f3509e3e359020a4",
  "output_prefix": "Thomson.GlobalCertificates.Production.Node3333785",
  "module": "Thomson.GlobalCertificates.Production.Node3333785.Assembled",
  "namespace": "Thomson.Five.GlobalCertificates.Production.Node3333785.Assembled",
  "core": {
    "module": "Thomson.GlobalCertificates.Production.Node3333785.Core",
    "source": "Thomson/GlobalCertificates/Production/Node3333785/Core.lean",
    "source_sha256": "62551ae5556ab529fa426e34c5e56872aa477f531451a3ec583d16eb5127a8e1",
    "source_bytes": 2327442
  },
  "assembled": {
    "module": "Thomson.GlobalCertificates.Production.Node3333785.Assembled",
    "source": "Thomson/GlobalCertificates/Production/Node3333785/Assembled.lean",
    "source_sha256": "b79a614750059b95188949f660742a671c73718a0d27ae791e13758d4c9b4eda",
    "source_bytes": 422495
  },
  "core_source": "Thomson/GlobalCertificates/Production/Node3333785/Core.lean",
  "assembled_source": "Thomson/GlobalCertificates/Production/Node3333785/Assembled.lean",
  "core_module": "Thomson.GlobalCertificates.Production.Node3333785.Core",
  "assembled_module": "Thomson.GlobalCertificates.Production.Node3333785.Assembled",
  "boundary_modules": [],
  "nodes": 233,
  "leaf_kinds": {
    "0": 116,
    "3": 58,
    "6": 32,
    "8": 27
  },
  "families": {
    "contraction": {
      "nodes": 233,
      "actual": 23,
      "rounds": 25,
      "actions": 27
    }
  },
  "reference_topology_sha256": {
    "vertex": "09629aa6d88e3007946041ee5bb5e7fe743b3242efca3b1b8ea02df65fe0eb34",
    "gradient": "58c374fbc03eab01d7423cf8888185f1410a0c20be14044aa309678ec2e4216c",
    "pair": "65dfe5f05c0cab641b03d13ff573dc6bfa3f1d0fef0ed66dcd91cede0438a8ce"
  },
  "generation_seconds": 0.400013750011567,
  "kernel_check_required": true,
  "heartbeats": "default",
  "compiler_threads": 1,
  "core_memory_limit_mib": 2048,
  "assembled_memory_limit_mib": 3072
}
