{
  "format": "THOMSON_UNTRUSTED_MERGED_GROUP_V1",
  "root": 3331447,
  "selection": "/Users/archiebrowne/source/Thomson/Thomson/GlobalCertificates/Production/selections/Node3331447.json",
  "selection_sha256": "cb37280f180c420363f148bcf70668a59bd45e41bd29b306db2c2c0b6a13c6cd",
  "binary": "/Users/archiebrowne/source/Thomson/.lake/global-cover/search.bin",
  "binary_sha256": "6626a818d355868776501e252bbdafb97029a5a9ebe31122f3509e3e359020a4",
  "output_prefix": "Thomson.GlobalCertificates.Production.Node3331447",
  "module": "Thomson.GlobalCertificates.Production.Node3331447.Assembled",
  "namespace": "Thomson.Five.GlobalCertificates.Production.Node3331447.Assembled",
  "core": {
    "module": "Thomson.GlobalCertificates.Production.Node3331447.Core",
    "source": "Thomson/GlobalCertificates/Production/Node3331447/Core.lean",
    "source_sha256": "b4586deb1fb594150ac9d6d58a4bfcefbba7fd8c5252994d5b6df439f39aaac5",
    "source_bytes": 320072
  },
  "assembled": {
    "module": "Thomson.GlobalCertificates.Production.Node3331447.Assembled",
    "source": "Thomson/GlobalCertificates/Production/Node3331447/Assembled.lean",
    "source_sha256": "80b91a574a3f04e91084a4341f8e2e110a4a2719a18229350df5100a9906b887",
    "source_bytes": 96159
  },
  "core_source": "Thomson/GlobalCertificates/Production/Node3331447/Core.lean",
  "assembled_source": "Thomson/GlobalCertificates/Production/Node3331447/Assembled.lean",
  "core_module": "Thomson.GlobalCertificates.Production.Node3331447.Core",
  "assembled_module": "Thomson.GlobalCertificates.Production.Node3331447.Assembled",
  "boundary_modules": [],
  "nodes": 53,
  "leaf_kinds": {
    "0": 26,
    "3": 24,
    "6": 3
  },
  "families": {
    "contraction": {
      "nodes": 53,
      "actual": 9,
      "rounds": 9,
      "actions": 11
    }
  },
  "reference_topology_sha256": {
    "gradient": "58c374fbc03eab01d7423cf8888185f1410a0c20be14044aa309678ec2e4216c",
    "pair": "65dfe5f05c0cab641b03d13ff573dc6bfa3f1d0fef0ed66dcd91cede0438a8ce"
  },
  "generation_seconds": 0.05324216699227691,
  "kernel_check_required": true,
  "heartbeats": "default",
  "compiler_threads": 1,
  "core_memory_limit_mib": 2048,
  "assembled_memory_limit_mib": 3072
}
