{
  "format": "THOMSON_UNTRUSTED_MERGED_GROUP_V1",
  "root": 3287122,
  "selection": "/Users/archiebrowne/source/Thomson/Thomson/GlobalCertificates/Production/selections/Node3287122.json",
  "selection_sha256": "77bb4790fb43deb128c08cde61dbf8770a09dc02d4582ea7e4cc2390162d5355",
  "binary": "/Users/archiebrowne/source/Thomson/.lake/global-cover/search.bin",
  "binary_sha256": "6626a818d355868776501e252bbdafb97029a5a9ebe31122f3509e3e359020a4",
  "output_prefix": "Thomson.GlobalCertificates.Production.Node3287122",
  "module": "Thomson.GlobalCertificates.Production.Node3287122.Assembled",
  "namespace": "Thomson.Five.GlobalCertificates.Production.Node3287122.Assembled",
  "core": {
    "module": "Thomson.GlobalCertificates.Production.Node3287122.Core",
    "source": "Thomson/GlobalCertificates/Production/Node3287122/Core.lean",
    "source_sha256": "80dc46b848a822e3d6abd26f0b6827d03201ba9d416d3fcde0f1e705a5ed0dee",
    "source_bytes": 1220789
  },
  "assembled": {
    "module": "Thomson.GlobalCertificates.Production.Node3287122.Assembled",
    "source": "Thomson/GlobalCertificates/Production/Node3287122/Assembled.lean",
    "source_sha256": "7986e3e024c352cbb9ccca5ac99ec691adff41a1df6f84d1c77c85b06227c559",
    "source_bytes": 90226
  },
  "core_source": "Thomson/GlobalCertificates/Production/Node3287122/Core.lean",
  "assembled_source": "Thomson/GlobalCertificates/Production/Node3287122/Assembled.lean",
  "core_module": "Thomson.GlobalCertificates.Production.Node3287122.Core",
  "assembled_module": "Thomson.GlobalCertificates.Production.Node3287122.Assembled",
  "boundary_modules": [],
  "nodes": 51,
  "leaf_kinds": {
    "0": 25,
    "8": 26
  },
  "families": {
    "contraction": {
      "nodes": 51,
      "actual": 17,
      "rounds": 17,
      "actions": 26
    }
  },
  "reference_topology_sha256": {
    "vertex": "09629aa6d88e3007946041ee5bb5e7fe743b3242efca3b1b8ea02df65fe0eb34"
  },
  "generation_seconds": 0.3725125420023687,
  "kernel_check_required": true,
  "heartbeats": "default",
  "compiler_threads": 1,
  "core_memory_limit_mib": 2048,
  "assembled_memory_limit_mib": 3072
}
