{
  "format": "THOMSON_UNTRUSTED_MERGED_GROUP_V1",
  "root": 3371676,
  "selection": "/Users/archiebrowne/source/Thomson/Thomson/GlobalCertificates/Production/selections/Node3371676.json",
  "selection_sha256": "ef2628730d035606759ce325262a9a90d0d132c588ec34b204e677d42ea069dc",
  "binary": "/Users/archiebrowne/source/Thomson/.lake/global-cover/search.bin",
  "binary_sha256": "6626a818d355868776501e252bbdafb97029a5a9ebe31122f3509e3e359020a4",
  "output_prefix": "Thomson.GlobalCertificates.Production.Node3371676",
  "module": "Thomson.GlobalCertificates.Production.Node3371676.Assembled",
  "namespace": "Thomson.Five.GlobalCertificates.Production.Node3371676.Assembled",
  "core": {
    "module": "Thomson.GlobalCertificates.Production.Node3371676.Core",
    "source": "Thomson/GlobalCertificates/Production/Node3371676/Core.lean",
    "source_sha256": "12694bed965e4efb535b82c8d4ba7d0317b2b7213502c62205f5cb81d46b6476",
    "source_bytes": 4562079
  },
  "assembled": {
    "module": "Thomson.GlobalCertificates.Production.Node3371676.Assembled",
    "source": "Thomson/GlobalCertificates/Production/Node3371676/Assembled.lean",
    "source_sha256": "37131637eba52b867b34603c6f60860a7c069a2036eca75d359602d29e2bc3da",
    "source_bytes": 368247
  },
  "core_source": "Thomson/GlobalCertificates/Production/Node3371676/Core.lean",
  "assembled_source": "Thomson/GlobalCertificates/Production/Node3371676/Assembled.lean",
  "core_module": "Thomson.GlobalCertificates.Production.Node3371676.Core",
  "assembled_module": "Thomson.GlobalCertificates.Production.Node3371676.Assembled",
  "boundary_modules": [],
  "nodes": 209,
  "leaf_kinds": {
    "0": 104,
    "6": 10,
    "8": 95
  },
  "families": {
    "contraction": {
      "nodes": 209,
      "actual": 29,
      "rounds": 29,
      "actions": 29
    }
  },
  "reference_topology_sha256": {
    "vertex": "09629aa6d88e3007946041ee5bb5e7fe743b3242efca3b1b8ea02df65fe0eb34",
    "gradient": "58c374fbc03eab01d7423cf8888185f1410a0c20be14044aa309678ec2e4216c"
  },
  "generation_seconds": 1.0665835830150172,
  "kernel_check_required": true,
  "heartbeats": "default",
  "compiler_threads": 1,
  "core_memory_limit_mib": 2048,
  "assembled_memory_limit_mib": 3072
}
