{
  "format": "THOMSON_UNTRUSTED_MERGED_GROUP_V1",
  "root": 3382099,
  "selection": "/Users/archiebrowne/source/Thomson/Thomson/GlobalCertificates/Production/selections/Node3382099.json",
  "selection_sha256": "fb9f4bf948e93d67c2ba742d7391ed7a6a69f5ddb5c43c5cda70d6c189947592",
  "binary": "/Users/archiebrowne/source/Thomson/.lake/global-cover/search.bin",
  "binary_sha256": "6626a818d355868776501e252bbdafb97029a5a9ebe31122f3509e3e359020a4",
  "output_prefix": "Thomson.GlobalCertificates.Production.Node3382099",
  "module": "Thomson.GlobalCertificates.Production.Node3382099.Assembled",
  "namespace": "Thomson.Five.GlobalCertificates.Production.Node3382099.Assembled",
  "core": {
    "module": "Thomson.GlobalCertificates.Production.Node3382099.Core",
    "source": "Thomson/GlobalCertificates/Production/Node3382099/Core.lean",
    "source_sha256": "150b5d6052c1ce3ba0cdfc049bcd57c1e2f48953b65f30a19170b1174d4d4052",
    "source_bytes": 2082270
  },
  "assembled": {
    "module": "Thomson.GlobalCertificates.Production.Node3382099.Assembled",
    "source": "Thomson/GlobalCertificates/Production/Node3382099/Assembled.lean",
    "source_sha256": "fd9b1b12a55626e7a86be746975ebc709011ecfb963a3f4207e8f4af84cb854e",
    "source_bytes": 234919
  },
  "core_source": "Thomson/GlobalCertificates/Production/Node3382099/Core.lean",
  "assembled_source": "Thomson/GlobalCertificates/Production/Node3382099/Assembled.lean",
  "core_module": "Thomson.GlobalCertificates.Production.Node3382099.Core",
  "assembled_module": "Thomson.GlobalCertificates.Production.Node3382099.Assembled",
  "boundary_modules": [],
  "nodes": 129,
  "leaf_kinds": {
    "0": 64,
    "3": 9,
    "6": 22,
    "8": 34
  },
  "families": {
    "contraction": {
      "nodes": 129,
      "actual": 61,
      "rounds": 72,
      "actions": 278
    }
  },
  "reference_topology_sha256": {
    "vertex": "09629aa6d88e3007946041ee5bb5e7fe743b3242efca3b1b8ea02df65fe0eb34",
    "gradient": "58c374fbc03eab01d7423cf8888185f1410a0c20be14044aa309678ec2e4216c",
    "pair": "65dfe5f05c0cab641b03d13ff573dc6bfa3f1d0fef0ed66dcd91cede0438a8ce"
  },
  "generation_seconds": 0.4311564170056954,
  "kernel_check_required": true,
  "heartbeats": "default",
  "compiler_threads": 1,
  "core_memory_limit_mib": 2048,
  "assembled_memory_limit_mib": 3072
}
