{
  "format": "THOMSON_UNTRUSTED_MERGED_GROUP_V1",
  "root": 3360148,
  "selection": "/Users/archiebrowne/source/Thomson/Thomson/GlobalCertificates/Production/selections/Node3360148.json",
  "selection_sha256": "bfd60351927be045621c04eabae73c1ab03bf3f27af403dd10c625770923c8af",
  "binary": "/Users/archiebrowne/source/Thomson/.lake/global-cover/search.bin",
  "binary_sha256": "6626a818d355868776501e252bbdafb97029a5a9ebe31122f3509e3e359020a4",
  "output_prefix": "Thomson.GlobalCertificates.Production.Node3360148",
  "module": "Thomson.GlobalCertificates.Production.Node3360148.Assembled",
  "namespace": "Thomson.Five.GlobalCertificates.Production.Node3360148.Assembled",
  "core": {
    "module": "Thomson.GlobalCertificates.Production.Node3360148.Core",
    "source": "Thomson/GlobalCertificates/Production/Node3360148/Core.lean",
    "source_sha256": "350fb01d59891acf0cbc5f6d222033779af59a8dc8ba88fcf2a4bba3add455c4",
    "source_bytes": 2527376
  },
  "assembled": {
    "module": "Thomson.GlobalCertificates.Production.Node3360148.Assembled",
    "source": "Thomson/GlobalCertificates/Production/Node3360148/Assembled.lean",
    "source_sha256": "2f7e484272f6436a00f960a7198f2901e2de871932350b79d2ded94a45f58e51",
    "source_bytes": 385610
  },
  "core_source": "Thomson/GlobalCertificates/Production/Node3360148/Core.lean",
  "assembled_source": "Thomson/GlobalCertificates/Production/Node3360148/Assembled.lean",
  "core_module": "Thomson.GlobalCertificates.Production.Node3360148.Core",
  "assembled_module": "Thomson.GlobalCertificates.Production.Node3360148.Assembled",
  "boundary_modules": [],
  "nodes": 217,
  "leaf_kinds": {
    "0": 108,
    "3": 43,
    "6": 31,
    "8": 35
  },
  "families": {
    "contraction": {
      "nodes": 217,
      "actual": 30,
      "rounds": 30,
      "actions": 40
    }
  },
  "reference_topology_sha256": {
    "vertex": "09629aa6d88e3007946041ee5bb5e7fe743b3242efca3b1b8ea02df65fe0eb34",
    "gradient": "58c374fbc03eab01d7423cf8888185f1410a0c20be14044aa309678ec2e4216c",
    "pair": "65dfe5f05c0cab641b03d13ff573dc6bfa3f1d0fef0ed66dcd91cede0438a8ce"
  },
  "generation_seconds": 0.46103808301268145,
  "kernel_check_required": true,
  "heartbeats": "default",
  "compiler_threads": 1,
  "core_memory_limit_mib": 2048,
  "assembled_memory_limit_mib": 3072
}
