{
  "format": "THOMSON_UNTRUSTED_MERGED_GROUP_V1",
  "root": 3284985,
  "selection": "/Users/archiebrowne/source/Thomson/Thomson/GlobalCertificates/Production/selections/Node3284985.json",
  "selection_sha256": "41590957104b5508c16cfa7d9b42cc7f62c59f11645480da977bce8b1f37e3c5",
  "binary": "/Users/archiebrowne/source/Thomson/.lake/global-cover/search.bin",
  "binary_sha256": "6626a818d355868776501e252bbdafb97029a5a9ebe31122f3509e3e359020a4",
  "output_prefix": "Thomson.GlobalCertificates.Production.Node3284985",
  "module": "Thomson.GlobalCertificates.Production.Node3284985.Assembled",
  "namespace": "Thomson.Five.GlobalCertificates.Production.Node3284985.Assembled",
  "core": {
    "module": "Thomson.GlobalCertificates.Production.Node3284985.Core",
    "source": "Thomson/GlobalCertificates/Production/Node3284985/Core.lean",
    "source_sha256": "ab3c4d423f6fcb596ec0e7638ba1e9f981f52a135616b02b09a7495832336f2d",
    "source_bytes": 4829462
  },
  "assembled": {
    "module": "Thomson.GlobalCertificates.Production.Node3284985.Assembled",
    "source": "Thomson/GlobalCertificates/Production/Node3284985/Assembled.lean",
    "source_sha256": "0d3ce52008664ae20c8e6ee60307d44ce1fbdbab62a9f4b7eca366f5fdc2ac26",
    "source_bytes": 410471
  },
  "core_source": "Thomson/GlobalCertificates/Production/Node3284985/Core.lean",
  "assembled_source": "Thomson/GlobalCertificates/Production/Node3284985/Assembled.lean",
  "core_module": "Thomson.GlobalCertificates.Production.Node3284985.Core",
  "assembled_module": "Thomson.GlobalCertificates.Production.Node3284985.Assembled",
  "boundary_modules": [],
  "nodes": 237,
  "leaf_kinds": {
    "0": 118,
    "1": 15,
    "8": 104
  },
  "families": {
    "contraction": {
      "nodes": 237,
      "actual": 16,
      "rounds": 16,
      "actions": 16
    },
    "near": {
      "leaves": 15
    }
  },
  "reference_topology_sha256": {
    "vertex": "09629aa6d88e3007946041ee5bb5e7fe743b3242efca3b1b8ea02df65fe0eb34"
  },
  "generation_seconds": 2.6402895000064746,
  "kernel_check_required": true,
  "heartbeats": "default",
  "compiler_threads": 1,
  "core_memory_limit_mib": 2048,
  "assembled_memory_limit_mib": 3072
}
