{
  "format": "THOMSON_UNTRUSTED_MERGED_GROUP_V1",
  "root": 3326661,
  "selection": "/Users/archiebrowne/source/Thomson/Thomson/GlobalCertificates/Production/selections/Node3326661.json",
  "selection_sha256": "e67c9ed40fd248305e68285e297a0c809f43c0c2173ca213839e718c64b58a1d",
  "binary": "/Users/archiebrowne/source/Thomson/.lake/global-cover/search.bin",
  "binary_sha256": "6626a818d355868776501e252bbdafb97029a5a9ebe31122f3509e3e359020a4",
  "output_prefix": "Thomson.GlobalCertificates.Production.Node3326661",
  "module": "Thomson.GlobalCertificates.Production.Node3326661.Assembled",
  "namespace": "Thomson.Five.GlobalCertificates.Production.Node3326661.Assembled",
  "core": {
    "module": "Thomson.GlobalCertificates.Production.Node3326661.Core",
    "source": "Thomson/GlobalCertificates/Production/Node3326661/Core.lean",
    "source_sha256": "56e45eaafec9fdfca9e0199e3bd5bf723d2e671787860b28105837a516d6dd5d",
    "source_bytes": 912764
  },
  "assembled": {
    "module": "Thomson.GlobalCertificates.Production.Node3326661.Assembled",
    "source": "Thomson/GlobalCertificates/Production/Node3326661/Assembled.lean",
    "source_sha256": "e1f15fd9acbc530ece13cc09c129b03e5c37ed06b1b9dda7d947bc0f10280ac4",
    "source_bytes": 231369
  },
  "core_source": "Thomson/GlobalCertificates/Production/Node3326661/Core.lean",
  "assembled_source": "Thomson/GlobalCertificates/Production/Node3326661/Assembled.lean",
  "core_module": "Thomson.GlobalCertificates.Production.Node3326661.Core",
  "assembled_module": "Thomson.GlobalCertificates.Production.Node3326661.Assembled",
  "boundary_modules": [],
  "nodes": 129,
  "leaf_kinds": {
    "0": 64,
    "3": 51,
    "6": 10,
    "8": 4
  },
  "families": {
    "contraction": {
      "nodes": 129,
      "actual": 20,
      "rounds": 20,
      "actions": 23
    }
  },
  "reference_topology_sha256": {
    "vertex": "09629aa6d88e3007946041ee5bb5e7fe743b3242efca3b1b8ea02df65fe0eb34",
    "gradient": "58c374fbc03eab01d7423cf8888185f1410a0c20be14044aa309678ec2e4216c",
    "pair": "65dfe5f05c0cab641b03d13ff573dc6bfa3f1d0fef0ed66dcd91cede0438a8ce"
  },
  "generation_seconds": 0.20667958399280906,
  "kernel_check_required": true,
  "heartbeats": "default",
  "compiler_threads": 1,
  "core_memory_limit_mib": 2048,
  "assembled_memory_limit_mib": 3072
}
