{
  "format": "THOMSON_UNTRUSTED_MERGED_GROUP_V1",
  "root": 3306985,
  "selection": "/Users/archiebrowne/source/Thomson/Thomson/GlobalCertificates/Production/selections/Node3306985.json",
  "selection_sha256": "3b57d83999b01b71c57b439a101f67e4b3b41a8746eb81d07a2a067ad513e711",
  "binary": "/Users/archiebrowne/source/Thomson/.lake/global-cover/search.bin",
  "binary_sha256": "6626a818d355868776501e252bbdafb97029a5a9ebe31122f3509e3e359020a4",
  "output_prefix": "Thomson.GlobalCertificates.Production.Node3306985",
  "module": "Thomson.GlobalCertificates.Production.Node3306985.Assembled",
  "namespace": "Thomson.Five.GlobalCertificates.Production.Node3306985.Assembled",
  "core": {
    "module": "Thomson.GlobalCertificates.Production.Node3306985.Core",
    "source": "Thomson/GlobalCertificates/Production/Node3306985/Core.lean",
    "source_sha256": "e2ded0ca7f083d19006d6482657c39bfad994aed804c697e842cb7f5a4ece262",
    "source_bytes": 95933
  },
  "assembled": {
    "module": "Thomson.GlobalCertificates.Production.Node3306985.Assembled",
    "source": "Thomson/GlobalCertificates/Production/Node3306985/Assembled.lean",
    "source_sha256": "c921b31322d5bde917e23be784d151beb33dc928d791ccb9f60c35e4bb22d962",
    "source_bytes": 28146
  },
  "core_source": "Thomson/GlobalCertificates/Production/Node3306985/Core.lean",
  "assembled_source": "Thomson/GlobalCertificates/Production/Node3306985/Assembled.lean",
  "core_module": "Thomson.GlobalCertificates.Production.Node3306985.Core",
  "assembled_module": "Thomson.GlobalCertificates.Production.Node3306985.Assembled",
  "boundary_modules": [],
  "nodes": 15,
  "leaf_kinds": {
    "0": 7,
    "3": 8
  },
  "families": {
    "contraction": {
      "nodes": 15,
      "actual": 4,
      "rounds": 4,
      "actions": 4
    }
  },
  "reference_topology_sha256": {
    "pair": "65dfe5f05c0cab641b03d13ff573dc6bfa3f1d0fef0ed66dcd91cede0438a8ce"
  },
  "generation_seconds": 0.021813208993989974,
  "kernel_check_required": true,
  "heartbeats": "default",
  "compiler_threads": 1,
  "core_memory_limit_mib": 2048,
  "assembled_memory_limit_mib": 3072
}
