{
  "format": "THOMSON_UNTRUSTED_MERGED_GROUP_V1",
  "root": 3320650,
  "selection": "/Users/archiebrowne/source/Thomson/Thomson/GlobalCertificates/Production/selections/Node3320650.json",
  "selection_sha256": "434403d18c6477d712e5182744b682b399b7a2b3041c37b3976b250504485e03",
  "binary": "/Users/archiebrowne/source/Thomson/.lake/global-cover/search.bin",
  "binary_sha256": "6626a818d355868776501e252bbdafb97029a5a9ebe31122f3509e3e359020a4",
  "output_prefix": "Thomson.GlobalCertificates.Production.Node3320650",
  "module": "Thomson.GlobalCertificates.Production.Node3320650.Assembled",
  "namespace": "Thomson.Five.GlobalCertificates.Production.Node3320650.Assembled",
  "core": {
    "module": "Thomson.GlobalCertificates.Production.Node3320650.Core",
    "source": "Thomson/GlobalCertificates/Production/Node3320650/Core.lean",
    "source_sha256": "5c774f6d6591b4ffdb479c092baba94f2d47940c58b90d01ca89301ed70595c0",
    "source_bytes": 1280557
  },
  "assembled": {
    "module": "Thomson.GlobalCertificates.Production.Node3320650.Assembled",
    "source": "Thomson/GlobalCertificates/Production/Node3320650/Assembled.lean",
    "source_sha256": "bfac714915ec72e5cf43f14e33c894a1f585300804faa43bcefd68286c1ec342",
    "source_bytes": 294441
  },
  "core_source": "Thomson/GlobalCertificates/Production/Node3320650/Core.lean",
  "assembled_source": "Thomson/GlobalCertificates/Production/Node3320650/Assembled.lean",
  "core_module": "Thomson.GlobalCertificates.Production.Node3320650.Core",
  "assembled_module": "Thomson.GlobalCertificates.Production.Node3320650.Assembled",
  "boundary_modules": [],
  "nodes": 163,
  "leaf_kinds": {
    "0": 81,
    "2": 2,
    "3": 45,
    "6": 26,
    "8": 9
  },
  "families": {
    "contraction": {
      "nodes": 163,
      "actual": 29,
      "rounds": 29,
      "actions": 52
    },
    "rejection": {
      "leaves": 2,
      "rounds": 0,
      "actions": 0
    }
  },
  "reference_topology_sha256": {
    "vertex": "09629aa6d88e3007946041ee5bb5e7fe743b3242efca3b1b8ea02df65fe0eb34",
    "gradient": "58c374fbc03eab01d7423cf8888185f1410a0c20be14044aa309678ec2e4216c",
    "pair": "65dfe5f05c0cab641b03d13ff573dc6bfa3f1d0fef0ed66dcd91cede0438a8ce"
  },
  "generation_seconds": 0.22738249995745718,
  "kernel_check_required": true,
  "heartbeats": "default",
  "compiler_threads": 1,
  "core_memory_limit_mib": 2048,
  "assembled_memory_limit_mib": 3072
}
