{
  "format": "THOMSON_UNTRUSTED_MERGED_GROUP_V1",
  "root": 3319735,
  "selection": "/Users/archiebrowne/source/Thomson/Thomson/GlobalCertificates/Production/selections/Node3319735.json",
  "selection_sha256": "5526f6d9941de815ca1499ed7bb08ec967374c21d6fd13f491c0c10cfaab5d40",
  "binary": "/Users/archiebrowne/source/Thomson/.lake/global-cover/search.bin",
  "binary_sha256": "6626a818d355868776501e252bbdafb97029a5a9ebe31122f3509e3e359020a4",
  "output_prefix": "Thomson.GlobalCertificates.Production.Node3319735",
  "module": "Thomson.GlobalCertificates.Production.Node3319735.Assembled",
  "namespace": "Thomson.Five.GlobalCertificates.Production.Node3319735.Assembled",
  "core": {
    "module": "Thomson.GlobalCertificates.Production.Node3319735.Core",
    "source": "Thomson/GlobalCertificates/Production/Node3319735/Core.lean",
    "source_sha256": "c0b51f2d82476cd2d058a05526a6048f6a4af77373e058045408a7f4be91b341",
    "source_bytes": 4585573
  },
  "assembled": {
    "module": "Thomson.GlobalCertificates.Production.Node3319735.Assembled",
    "source": "Thomson/GlobalCertificates/Production/Node3319735/Assembled.lean",
    "source_sha256": "3b4ac6a322375f23dc25b68f8336e7931fb05d0fcfb818b7be228d8300b3f5e9",
    "source_bytes": 421299
  },
  "core_source": "Thomson/GlobalCertificates/Production/Node3319735/Core.lean",
  "assembled_source": "Thomson/GlobalCertificates/Production/Node3319735/Assembled.lean",
  "core_module": "Thomson.GlobalCertificates.Production.Node3319735.Core",
  "assembled_module": "Thomson.GlobalCertificates.Production.Node3319735.Assembled",
  "boundary_modules": [],
  "nodes": 237,
  "leaf_kinds": {
    "0": 118,
    "3": 15,
    "6": 13,
    "8": 91
  },
  "families": {
    "contraction": {
      "nodes": 237,
      "actual": 27,
      "rounds": 27,
      "actions": 37
    }
  },
  "reference_topology_sha256": {
    "vertex": "09629aa6d88e3007946041ee5bb5e7fe743b3242efca3b1b8ea02df65fe0eb34",
    "gradient": "58c374fbc03eab01d7423cf8888185f1410a0c20be14044aa309678ec2e4216c",
    "pair": "65dfe5f05c0cab641b03d13ff573dc6bfa3f1d0fef0ed66dcd91cede0438a8ce"
  },
  "generation_seconds": 0.9751652500126511,
  "kernel_check_required": true,
  "heartbeats": "default",
  "compiler_threads": 1,
  "core_memory_limit_mib": 2048,
  "assembled_memory_limit_mib": 3072
}
