{
  "format": "THOMSON_UNTRUSTED_MERGED_GROUP_V1",
  "root": 3355851,
  "selection": "/Users/archiebrowne/source/Thomson/Thomson/GlobalCertificates/Production/selections/Node3355851.json",
  "selection_sha256": "760d106e5f76eb5a5691f5638ca39448424a539b0d590b821539e45cd98dd8de",
  "binary": "/Users/archiebrowne/source/Thomson/.lake/global-cover/search.bin",
  "binary_sha256": "6626a818d355868776501e252bbdafb97029a5a9ebe31122f3509e3e359020a4",
  "output_prefix": "Thomson.GlobalCertificates.Production.Node3355851",
  "module": "Thomson.GlobalCertificates.Production.Node3355851.Assembled",
  "namespace": "Thomson.Five.GlobalCertificates.Production.Node3355851.Assembled",
  "core": {
    "module": "Thomson.GlobalCertificates.Production.Node3355851.Core",
    "source": "Thomson/GlobalCertificates/Production/Node3355851/Core.lean",
    "source_sha256": "4618c88c5897590cfadc019dec5485755ad0ea67bf357dfdbc724a418605c822",
    "source_bytes": 2300725
  },
  "assembled": {
    "module": "Thomson.GlobalCertificates.Production.Node3355851.Assembled",
    "source": "Thomson/GlobalCertificates/Production/Node3355851/Assembled.lean",
    "source_sha256": "6e680168c99a9c28afa14ee452aa1e4562dc2bc47d741ce4c4b21f7399f05ee1",
    "source_bytes": 404630
  },
  "core_source": "Thomson/GlobalCertificates/Production/Node3355851/Core.lean",
  "assembled_source": "Thomson/GlobalCertificates/Production/Node3355851/Assembled.lean",
  "core_module": "Thomson.GlobalCertificates.Production.Node3355851.Core",
  "assembled_module": "Thomson.GlobalCertificates.Production.Node3355851.Assembled",
  "boundary_modules": [],
  "nodes": 227,
  "leaf_kinds": {
    "0": 113,
    "3": 33,
    "6": 53,
    "8": 28
  },
  "families": {
    "contraction": {
      "nodes": 227,
      "actual": 9,
      "rounds": 9,
      "actions": 9
    }
  },
  "reference_topology_sha256": {
    "vertex": "09629aa6d88e3007946041ee5bb5e7fe743b3242efca3b1b8ea02df65fe0eb34",
    "gradient": "58c374fbc03eab01d7423cf8888185f1410a0c20be14044aa309678ec2e4216c",
    "pair": "65dfe5f05c0cab641b03d13ff573dc6bfa3f1d0fef0ed66dcd91cede0438a8ce"
  },
  "generation_seconds": 0.4163680410129018,
  "kernel_check_required": true,
  "heartbeats": "default",
  "compiler_threads": 1,
  "core_memory_limit_mib": 2048,
  "assembled_memory_limit_mib": 3072
}
