{
  "format": "THOMSON_UNTRUSTED_MERGED_GROUP_V1",
  "root": 3366317,
  "selection": "/Users/archiebrowne/source/Thomson/Thomson/GlobalCertificates/Production/selections/Node3366317.json",
  "selection_sha256": "d00b6753ff70cdfabe6defd2998c57f505ac542af0db3e465e5a79b66911a45d",
  "binary": "/Users/archiebrowne/source/Thomson/.lake/global-cover/search.bin",
  "binary_sha256": "6626a818d355868776501e252bbdafb97029a5a9ebe31122f3509e3e359020a4",
  "output_prefix": "Thomson.GlobalCertificates.Production.Node3366317",
  "module": "Thomson.GlobalCertificates.Production.Node3366317.Assembled",
  "namespace": "Thomson.Five.GlobalCertificates.Production.Node3366317.Assembled",
  "core": {
    "module": "Thomson.GlobalCertificates.Production.Node3366317.Core",
    "source": "Thomson/GlobalCertificates/Production/Node3366317/Core.lean",
    "source_sha256": "0f3c2e5aeff67fc497d07ebd1295520ce10d20453ab8c91ac61a7df3aa904aa7",
    "source_bytes": 1651834
  },
  "assembled": {
    "module": "Thomson.GlobalCertificates.Production.Node3366317.Assembled",
    "source": "Thomson/GlobalCertificates/Production/Node3366317/Assembled.lean",
    "source_sha256": "7861537b0d12f96e1c8cf2a2d4883c457e78acaacb5085fd6fd1968b5ad058ca",
    "source_bytes": 173499
  },
  "core_source": "Thomson/GlobalCertificates/Production/Node3366317/Core.lean",
  "assembled_source": "Thomson/GlobalCertificates/Production/Node3366317/Assembled.lean",
  "core_module": "Thomson.GlobalCertificates.Production.Node3366317.Core",
  "assembled_module": "Thomson.GlobalCertificates.Production.Node3366317.Assembled",
  "boundary_modules": [],
  "nodes": 99,
  "leaf_kinds": {
    "0": 49,
    "6": 21,
    "8": 29
  },
  "families": {
    "contraction": {
      "nodes": 99,
      "actual": 45,
      "rounds": 45,
      "actions": 71
    }
  },
  "reference_topology_sha256": {
    "vertex": "09629aa6d88e3007946041ee5bb5e7fe743b3242efca3b1b8ea02df65fe0eb34",
    "gradient": "58c374fbc03eab01d7423cf8888185f1410a0c20be14044aa309678ec2e4216c"
  },
  "generation_seconds": 0.3207716249744408,
  "kernel_check_required": true,
  "heartbeats": "default",
  "compiler_threads": 1,
  "core_memory_limit_mib": 2048,
  "assembled_memory_limit_mib": 3072
}
