{
  "format": "THOMSON_UNTRUSTED_MERGED_GROUP_V1",
  "root": 3378654,
  "selection": "/Users/archiebrowne/source/Thomson/Thomson/GlobalCertificates/Production/selections/Node3378654.json",
  "selection_sha256": "e7a5ffe476e34af0bf80b7e5f074254f962582afd207774780e624ba5c4861c7",
  "binary": "/Users/archiebrowne/source/Thomson/.lake/global-cover/search.bin",
  "binary_sha256": "6626a818d355868776501e252bbdafb97029a5a9ebe31122f3509e3e359020a4",
  "output_prefix": "Thomson.GlobalCertificates.Production.Node3378654",
  "module": "Thomson.GlobalCertificates.Production.Node3378654.Assembled",
  "namespace": "Thomson.Five.GlobalCertificates.Production.Node3378654.Assembled",
  "core": {
    "module": "Thomson.GlobalCertificates.Production.Node3378654.Core",
    "source": "Thomson/GlobalCertificates/Production/Node3378654/Core.lean",
    "source_sha256": "810f17bfdd0ddbf067193463ed0f98cf4725c5b21c1facdab54360f4caf413a1",
    "source_bytes": 2326044
  },
  "assembled": {
    "module": "Thomson.GlobalCertificates.Production.Node3378654.Assembled",
    "source": "Thomson/GlobalCertificates/Production/Node3378654/Assembled.lean",
    "source_sha256": "119d34bce2f9c44338478f1440b73e1d79922aaebcb8eae66d9142a393c00cd5",
    "source_bytes": 299723
  },
  "core_source": "Thomson/GlobalCertificates/Production/Node3378654/Core.lean",
  "assembled_source": "Thomson/GlobalCertificates/Production/Node3378654/Assembled.lean",
  "core_module": "Thomson.GlobalCertificates.Production.Node3378654.Core",
  "assembled_module": "Thomson.GlobalCertificates.Production.Node3378654.Assembled",
  "boundary_modules": [],
  "nodes": 167,
  "leaf_kinds": {
    "0": 83,
    "3": 7,
    "6": 42,
    "8": 35
  },
  "families": {
    "contraction": {
      "nodes": 167,
      "actual": 80,
      "rounds": 80,
      "actions": 157
    }
  },
  "reference_topology_sha256": {
    "vertex": "09629aa6d88e3007946041ee5bb5e7fe743b3242efca3b1b8ea02df65fe0eb34",
    "gradient": "58c374fbc03eab01d7423cf8888185f1410a0c20be14044aa309678ec2e4216c",
    "pair": "65dfe5f05c0cab641b03d13ff573dc6bfa3f1d0fef0ed66dcd91cede0438a8ce"
  },
  "generation_seconds": 0.501900041999761,
  "kernel_check_required": true,
  "heartbeats": "default",
  "compiler_threads": 1,
  "core_memory_limit_mib": 2048,
  "assembled_memory_limit_mib": 3072
}
