{
  "format": "THOMSON_UNTRUSTED_MERGED_GROUP_V1",
  "root": 3366875,
  "selection": "/Users/archiebrowne/source/Thomson/Thomson/GlobalCertificates/Production/selections/Node3366875.json",
  "selection_sha256": "f82e7098ef46b806db632e5fc15033b893c686007fc1df5ceffc9f04adf01989",
  "binary": "/Users/archiebrowne/source/Thomson/.lake/global-cover/search.bin",
  "binary_sha256": "6626a818d355868776501e252bbdafb97029a5a9ebe31122f3509e3e359020a4",
  "output_prefix": "Thomson.GlobalCertificates.Production.Node3366875",
  "module": "Thomson.GlobalCertificates.Production.Node3366875.Assembled",
  "namespace": "Thomson.Five.GlobalCertificates.Production.Node3366875.Assembled",
  "core": {
    "module": "Thomson.GlobalCertificates.Production.Node3366875.Core",
    "source": "Thomson/GlobalCertificates/Production/Node3366875/Core.lean",
    "source_sha256": "f8e84d639f734e3298f06880c9a1356e2a0eed9be64a83b6a47afdfd53d7826b",
    "source_bytes": 521290
  },
  "assembled": {
    "module": "Thomson.GlobalCertificates.Production.Node3366875.Assembled",
    "source": "Thomson/GlobalCertificates/Production/Node3366875/Assembled.lean",
    "source_sha256": "5839cc77058a1493a6e46d2315bc161366f1107f71a41803ff3928a313e37b92",
    "source_bytes": 138695
  },
  "core_source": "Thomson/GlobalCertificates/Production/Node3366875/Core.lean",
  "assembled_source": "Thomson/GlobalCertificates/Production/Node3366875/Assembled.lean",
  "core_module": "Thomson.GlobalCertificates.Production.Node3366875.Core",
  "assembled_module": "Thomson.GlobalCertificates.Production.Node3366875.Assembled",
  "boundary_modules": [],
  "nodes": 75,
  "leaf_kinds": {
    "0": 37,
    "3": 26,
    "6": 10,
    "8": 2
  },
  "families": {
    "contraction": {
      "nodes": 75,
      "actual": 10,
      "rounds": 10,
      "actions": 10
    }
  },
  "reference_topology_sha256": {
    "vertex": "09629aa6d88e3007946041ee5bb5e7fe743b3242efca3b1b8ea02df65fe0eb34",
    "gradient": "58c374fbc03eab01d7423cf8888185f1410a0c20be14044aa309678ec2e4216c",
    "pair": "65dfe5f05c0cab641b03d13ff573dc6bfa3f1d0fef0ed66dcd91cede0438a8ce"
  },
  "generation_seconds": 0.08756416698452085,
  "kernel_check_required": true,
  "heartbeats": "default",
  "compiler_threads": 1,
  "core_memory_limit_mib": 2048,
  "assembled_memory_limit_mib": 3072
}
