{
  "format": "THOMSON_UNTRUSTED_MERGED_GROUP_V1",
  "root": 3281949,
  "selection": "/Users/archiebrowne/source/Thomson/Thomson/GlobalCertificates/Production/selections/Node3281949.json",
  "selection_sha256": "4507c3d529402b346995c45c9056984d6cc07bdac30117ca56419ffb22e1200e",
  "binary": "/Users/archiebrowne/source/Thomson/.lake/global-cover/search.bin",
  "binary_sha256": "6626a818d355868776501e252bbdafb97029a5a9ebe31122f3509e3e359020a4",
  "output_prefix": "Thomson.GlobalCertificates.Production.Node3281949",
  "module": "Thomson.GlobalCertificates.Production.Node3281949.Assembled",
  "namespace": "Thomson.Five.GlobalCertificates.Production.Node3281949.Assembled",
  "core": {
    "module": "Thomson.GlobalCertificates.Production.Node3281949.Core",
    "source": "Thomson/GlobalCertificates/Production/Node3281949/Core.lean",
    "source_sha256": "04d5ee56755ae187348d2b7129ff05110a0d1ab017e0c776e6ce4dce7f27e797",
    "source_bytes": 968558
  },
  "assembled": {
    "module": "Thomson.GlobalCertificates.Production.Node3281949.Assembled",
    "source": "Thomson/GlobalCertificates/Production/Node3281949/Assembled.lean",
    "source_sha256": "8aefc39efd59407063bd7330b8cd03196c1fe7f69dcc371d874fbe8ec5e67216",
    "source_bytes": 73552
  },
  "core_source": "Thomson/GlobalCertificates/Production/Node3281949/Core.lean",
  "assembled_source": "Thomson/GlobalCertificates/Production/Node3281949/Assembled.lean",
  "core_module": "Thomson.GlobalCertificates.Production.Node3281949.Core",
  "assembled_module": "Thomson.GlobalCertificates.Production.Node3281949.Assembled",
  "boundary_modules": [],
  "nodes": 41,
  "leaf_kinds": {
    "0": 20,
    "8": 21
  },
  "families": {
    "contraction": {
      "nodes": 41,
      "actual": 2,
      "rounds": 2,
      "actions": 3
    }
  },
  "reference_topology_sha256": {
    "vertex": "09629aa6d88e3007946041ee5bb5e7fe743b3242efca3b1b8ea02df65fe0eb34"
  },
  "generation_seconds": 0.2489124999847263,
  "kernel_check_required": true,
  "heartbeats": "default",
  "compiler_threads": 1,
  "core_memory_limit_mib": 2048,
  "assembled_memory_limit_mib": 3072
}
