{
  "format": "THOMSON_UNTRUSTED_MERGED_GROUP_V1",
  "root": 3316558,
  "selection": "/Users/archiebrowne/source/Thomson/Thomson/GlobalCertificates/Production/selections/Node3316558.json",
  "selection_sha256": "b88b1eee54f3fc19ab97e1f0d64ebb935926deacc1173eb1eb271fd356f94932",
  "binary": "/Users/archiebrowne/source/Thomson/.lake/global-cover/search.bin",
  "binary_sha256": "6626a818d355868776501e252bbdafb97029a5a9ebe31122f3509e3e359020a4",
  "output_prefix": "Thomson.GlobalCertificates.Production.Node3316558",
  "module": "Thomson.GlobalCertificates.Production.Node3316558.Assembled",
  "namespace": "Thomson.Five.GlobalCertificates.Production.Node3316558.Assembled",
  "core": {
    "module": "Thomson.GlobalCertificates.Production.Node3316558.Core",
    "source": "Thomson/GlobalCertificates/Production/Node3316558/Core.lean",
    "source_sha256": "4a7ead92d33afc610074537aaabd7b17c24776adfbff59ac774314565307d08f",
    "source_bytes": 2115082
  },
  "assembled": {
    "module": "Thomson.GlobalCertificates.Production.Node3316558.Assembled",
    "source": "Thomson/GlobalCertificates/Production/Node3316558/Assembled.lean",
    "source_sha256": "800cc4e9d67d064acb987c7aec6abf0d69cf872a041e80504d6df53531192cc5",
    "source_bytes": 346387
  },
  "core_source": "Thomson/GlobalCertificates/Production/Node3316558/Core.lean",
  "assembled_source": "Thomson/GlobalCertificates/Production/Node3316558/Assembled.lean",
  "core_module": "Thomson.GlobalCertificates.Production.Node3316558.Core",
  "assembled_module": "Thomson.GlobalCertificates.Production.Node3316558.Assembled",
  "boundary_modules": [],
  "nodes": 195,
  "leaf_kinds": {
    "0": 97,
    "3": 44,
    "6": 26,
    "8": 28
  },
  "families": {
    "contraction": {
      "nodes": 195,
      "actual": 11,
      "rounds": 11,
      "actions": 11
    }
  },
  "reference_topology_sha256": {
    "vertex": "09629aa6d88e3007946041ee5bb5e7fe743b3242efca3b1b8ea02df65fe0eb34",
    "gradient": "58c374fbc03eab01d7423cf8888185f1410a0c20be14044aa309678ec2e4216c",
    "pair": "65dfe5f05c0cab641b03d13ff573dc6bfa3f1d0fef0ed66dcd91cede0438a8ce"
  },
  "generation_seconds": 0.5669495830079541,
  "kernel_check_required": true,
  "heartbeats": "default",
  "compiler_threads": 1,
  "core_memory_limit_mib": 2048,
  "assembled_memory_limit_mib": 3072
}
