{
  "format": "THOMSON_UNTRUSTED_MERGED_GROUP_V1",
  "root": 3324872,
  "selection": "/Users/archiebrowne/source/Thomson/Thomson/GlobalCertificates/Production/selections/Node3324872.json",
  "selection_sha256": "a6caf02b374ad56a28abb329edba8b614076138780b9da36814b373b66125b15",
  "binary": "/Users/archiebrowne/source/Thomson/.lake/global-cover/search.bin",
  "binary_sha256": "6626a818d355868776501e252bbdafb97029a5a9ebe31122f3509e3e359020a4",
  "output_prefix": "Thomson.GlobalCertificates.Production.Node3324872",
  "module": "Thomson.GlobalCertificates.Production.Node3324872.Assembled",
  "namespace": "Thomson.Five.GlobalCertificates.Production.Node3324872.Assembled",
  "core": {
    "module": "Thomson.GlobalCertificates.Production.Node3324872.Core",
    "source": "Thomson/GlobalCertificates/Production/Node3324872/Core.lean",
    "source_sha256": "1cfab3fe2bc0c6aeeabf498dfcc6ceb95d11e4bc015a529f84b4296fe131f72f",
    "source_bytes": 3487368
  },
  "assembled": {
    "module": "Thomson.GlobalCertificates.Production.Node3324872.Assembled",
    "source": "Thomson/GlobalCertificates/Production/Node3324872/Assembled.lean",
    "source_sha256": "4e292fd7b0140069aa1ade6feea9d5564f4f6afd9e912151cedf0fdec790e46e",
    "source_bytes": 254986
  },
  "core_source": "Thomson/GlobalCertificates/Production/Node3324872/Core.lean",
  "assembled_source": "Thomson/GlobalCertificates/Production/Node3324872/Assembled.lean",
  "core_module": "Thomson.GlobalCertificates.Production.Node3324872.Core",
  "assembled_module": "Thomson.GlobalCertificates.Production.Node3324872.Assembled",
  "boundary_modules": [],
  "nodes": 147,
  "leaf_kinds": {
    "0": 73,
    "8": 74
  },
  "families": {
    "contraction": {
      "nodes": 147,
      "actual": 44,
      "rounds": 44,
      "actions": 53
    }
  },
  "reference_topology_sha256": {
    "vertex": "09629aa6d88e3007946041ee5bb5e7fe743b3242efca3b1b8ea02df65fe0eb34"
  },
  "generation_seconds": 0.8367087079677731,
  "kernel_check_required": true,
  "heartbeats": "default",
  "compiler_threads": 1,
  "core_memory_limit_mib": 2048,
  "assembled_memory_limit_mib": 3072
}
