{
  "format": "THOMSON_UNTRUSTED_MERGED_GROUP_V1",
  "root": 3282749,
  "selection": "/Users/archiebrowne/source/Thomson/Thomson/GlobalCertificates/Production/selections/Node3282749.json",
  "selection_sha256": "cf7bea565f9d45715835b558af1ca8edf3a676ecc0bad4c7054bddb07fdeb649",
  "binary": "/Users/archiebrowne/source/Thomson/.lake/global-cover/search.bin",
  "binary_sha256": "6626a818d355868776501e252bbdafb97029a5a9ebe31122f3509e3e359020a4",
  "output_prefix": "Thomson.GlobalCertificates.Production.Node3282749",
  "module": "Thomson.GlobalCertificates.Production.Node3282749.Assembled",
  "namespace": "Thomson.Five.GlobalCertificates.Production.Node3282749.Assembled",
  "core": {
    "module": "Thomson.GlobalCertificates.Production.Node3282749.Core",
    "source": "Thomson/GlobalCertificates/Production/Node3282749/Core.lean",
    "source_sha256": "18e28567427e6c402cab9adf6fa3bf3ff5e4757e5ed3213368803573fe61fb50",
    "source_bytes": 555339
  },
  "assembled": {
    "module": "Thomson.GlobalCertificates.Production.Node3282749.Assembled",
    "source": "Thomson/GlobalCertificates/Production/Node3282749/Assembled.lean",
    "source_sha256": "052bd2d4463db341ca7e926ce91fca05ac6e1853121bab36411cc863eca61a19",
    "source_bytes": 41933
  },
  "core_source": "Thomson/GlobalCertificates/Production/Node3282749/Core.lean",
  "assembled_source": "Thomson/GlobalCertificates/Production/Node3282749/Assembled.lean",
  "core_module": "Thomson.GlobalCertificates.Production.Node3282749.Core",
  "assembled_module": "Thomson.GlobalCertificates.Production.Node3282749.Assembled",
  "boundary_modules": [],
  "nodes": 23,
  "leaf_kinds": {
    "0": 11,
    "8": 12
  },
  "families": {
    "contraction": {
      "nodes": 23,
      "actual": 2,
      "rounds": 2,
      "actions": 2
    }
  },
  "reference_topology_sha256": {
    "vertex": "09629aa6d88e3007946041ee5bb5e7fe743b3242efca3b1b8ea02df65fe0eb34"
  },
  "generation_seconds": 0.16441754100378603,
  "kernel_check_required": true,
  "heartbeats": "default",
  "compiler_threads": 1,
  "core_memory_limit_mib": 2048,
  "assembled_memory_limit_mib": 3072
}
