{
  "format": "THOMSON_UNTRUSTED_MERGED_GROUP_V1",
  "root": 3338808,
  "selection": "/Users/archiebrowne/source/Thomson/Thomson/GlobalCertificates/Production/selections/Node3338808.json",
  "selection_sha256": "00fa45914aed071d889e441c8a6f6741951a1e76007ea97a8d267dab56c2b66c",
  "binary": "/Users/archiebrowne/source/Thomson/.lake/global-cover/search.bin",
  "binary_sha256": "6626a818d355868776501e252bbdafb97029a5a9ebe31122f3509e3e359020a4",
  "output_prefix": "Thomson.GlobalCertificates.Production.Node3338808",
  "module": "Thomson.GlobalCertificates.Production.Node3338808.Assembled",
  "namespace": "Thomson.Five.GlobalCertificates.Production.Node3338808.Assembled",
  "core": {
    "module": "Thomson.GlobalCertificates.Production.Node3338808.Core",
    "source": "Thomson/GlobalCertificates/Production/Node3338808/Core.lean",
    "source_sha256": "2dd6050627af28e3114807e1cccf0fcbf7da52d19b4f88661e040f32dbf4acbc",
    "source_bytes": 2509165
  },
  "assembled": {
    "module": "Thomson.GlobalCertificates.Production.Node3338808.Assembled",
    "source": "Thomson/GlobalCertificates/Production/Node3338808/Assembled.lean",
    "source_sha256": "0e159c5f39b53151c0709b7d41abb0699cdd1128e581b7c53173afcd5f6fad0b",
    "source_bytes": 366229
  },
  "core_source": "Thomson/GlobalCertificates/Production/Node3338808/Core.lean",
  "assembled_source": "Thomson/GlobalCertificates/Production/Node3338808/Assembled.lean",
  "core_module": "Thomson.GlobalCertificates.Production.Node3338808.Core",
  "assembled_module": "Thomson.GlobalCertificates.Production.Node3338808.Assembled",
  "boundary_modules": [],
  "nodes": 201,
  "leaf_kinds": {
    "0": 100,
    "3": 4,
    "6": 59,
    "8": 38
  },
  "families": {
    "contraction": {
      "nodes": 201,
      "actual": 8,
      "rounds": 8,
      "actions": 8
    }
  },
  "reference_topology_sha256": {
    "vertex": "09629aa6d88e3007946041ee5bb5e7fe743b3242efca3b1b8ea02df65fe0eb34",
    "gradient": "58c374fbc03eab01d7423cf8888185f1410a0c20be14044aa309678ec2e4216c",
    "pair": "65dfe5f05c0cab641b03d13ff573dc6bfa3f1d0fef0ed66dcd91cede0438a8ce"
  },
  "generation_seconds": 0.5039347500423901,
  "kernel_check_required": true,
  "heartbeats": "default",
  "compiler_threads": 1,
  "core_memory_limit_mib": 2048,
  "assembled_memory_limit_mib": 3072
}
