{
  "format": "THOMSON_UNTRUSTED_MERGED_GROUP_V1",
  "root": 3335692,
  "selection": "/Users/archiebrowne/source/Thomson/Thomson/GlobalCertificates/Production/selections/Node3335692.json",
  "selection_sha256": "bc5adcf0c4f7ca6d89947047d96865a6b7a0ea674bda2f22658f98daea45a225",
  "binary": "/Users/archiebrowne/source/Thomson/.lake/global-cover/search.bin",
  "binary_sha256": "6626a818d355868776501e252bbdafb97029a5a9ebe31122f3509e3e359020a4",
  "output_prefix": "Thomson.GlobalCertificates.Production.Node3335692",
  "module": "Thomson.GlobalCertificates.Production.Node3335692.Assembled",
  "namespace": "Thomson.Five.GlobalCertificates.Production.Node3335692.Assembled",
  "core": {
    "module": "Thomson.GlobalCertificates.Production.Node3335692.Core",
    "source": "Thomson/GlobalCertificates/Production/Node3335692/Core.lean",
    "source_sha256": "1f6cf5c3b1244d92185ea46287a291e09aec50a886c74808649a6e880b3b9089",
    "source_bytes": 3975606
  },
  "assembled": {
    "module": "Thomson.GlobalCertificates.Production.Node3335692.Assembled",
    "source": "Thomson/GlobalCertificates/Production/Node3335692/Assembled.lean",
    "source_sha256": "504b274e32ea8aeb800556e47d1088b137625eb7b7212b200334bc262fca068c",
    "source_bytes": 354466
  },
  "core_source": "Thomson/GlobalCertificates/Production/Node3335692/Core.lean",
  "assembled_source": "Thomson/GlobalCertificates/Production/Node3335692/Assembled.lean",
  "core_module": "Thomson.GlobalCertificates.Production.Node3335692.Core",
  "assembled_module": "Thomson.GlobalCertificates.Production.Node3335692.Assembled",
  "boundary_modules": [],
  "nodes": 199,
  "leaf_kinds": {
    "0": 99,
    "3": 7,
    "6": 13,
    "8": 80
  },
  "families": {
    "contraction": {
      "nodes": 199,
      "actual": 6,
      "rounds": 6,
      "actions": 6
    }
  },
  "reference_topology_sha256": {
    "vertex": "09629aa6d88e3007946041ee5bb5e7fe743b3242efca3b1b8ea02df65fe0eb34",
    "gradient": "58c374fbc03eab01d7423cf8888185f1410a0c20be14044aa309678ec2e4216c",
    "pair": "65dfe5f05c0cab641b03d13ff573dc6bfa3f1d0fef0ed66dcd91cede0438a8ce"
  },
  "generation_seconds": 0.853547416976653,
  "kernel_check_required": true,
  "heartbeats": "default",
  "compiler_threads": 1,
  "core_memory_limit_mib": 2048,
  "assembled_memory_limit_mib": 3072
}
