{
  "format": "THOMSON_UNTRUSTED_MERGED_GROUP_V1",
  "root": 3328813,
  "selection": "/Users/archiebrowne/source/Thomson/Thomson/GlobalCertificates/Production/selections/Node3328813.json",
  "selection_sha256": "df3f26e2e546ab86bad130ca276e84fc1a88d046f126c3014871ae7384baede7",
  "binary": "/Users/archiebrowne/source/Thomson/.lake/global-cover/search.bin",
  "binary_sha256": "6626a818d355868776501e252bbdafb97029a5a9ebe31122f3509e3e359020a4",
  "output_prefix": "Thomson.GlobalCertificates.Production.Node3328813",
  "module": "Thomson.GlobalCertificates.Production.Node3328813.Assembled",
  "namespace": "Thomson.Five.GlobalCertificates.Production.Node3328813.Assembled",
  "core": {
    "module": "Thomson.GlobalCertificates.Production.Node3328813.Core",
    "source": "Thomson/GlobalCertificates/Production/Node3328813/Core.lean",
    "source_sha256": "6b1393b41730d7a7e5486c31c3b16546b9a9de863ba7796289ec1ff377976f96",
    "source_bytes": 579535
  },
  "assembled": {
    "module": "Thomson.GlobalCertificates.Production.Node3328813.Assembled",
    "source": "Thomson/GlobalCertificates/Production/Node3328813/Assembled.lean",
    "source_sha256": "53b32d20d9d18e432c031d4f7459a217ba63d04bcb4bb06d9b7f11985ccc2d7c",
    "source_bytes": 174937
  },
  "core_source": "Thomson/GlobalCertificates/Production/Node3328813/Core.lean",
  "assembled_source": "Thomson/GlobalCertificates/Production/Node3328813/Assembled.lean",
  "core_module": "Thomson.GlobalCertificates.Production.Node3328813.Core",
  "assembled_module": "Thomson.GlobalCertificates.Production.Node3328813.Assembled",
  "boundary_modules": [],
  "nodes": 97,
  "leaf_kinds": {
    "0": 48,
    "3": 49
  },
  "families": {
    "contraction": {
      "nodes": 97,
      "actual": 17,
      "rounds": 17,
      "actions": 23
    }
  },
  "reference_topology_sha256": {
    "pair": "65dfe5f05c0cab641b03d13ff573dc6bfa3f1d0fef0ed66dcd91cede0438a8ce"
  },
  "generation_seconds": 0.08992425003089011,
  "kernel_check_required": true,
  "heartbeats": "default",
  "compiler_threads": 1,
  "core_memory_limit_mib": 2048,
  "assembled_memory_limit_mib": 3072
}
