{
  "format": "THOMSON_UNTRUSTED_MERGED_GROUP_V1",
  "root": 3282411,
  "selection": "/Users/archiebrowne/source/Thomson/Thomson/GlobalCertificates/Production/selections/Node3282411.json",
  "selection_sha256": "9dbf574d3c2b999373d6606296e07a1ab132eb03cfbe5b3078a4196603f8449f",
  "binary": "/Users/archiebrowne/source/Thomson/.lake/global-cover/search.bin",
  "binary_sha256": "6626a818d355868776501e252bbdafb97029a5a9ebe31122f3509e3e359020a4",
  "output_prefix": "Thomson.GlobalCertificates.Production.Node3282411",
  "module": "Thomson.GlobalCertificates.Production.Node3282411.Assembled",
  "namespace": "Thomson.Five.GlobalCertificates.Production.Node3282411.Assembled",
  "core": {
    "module": "Thomson.GlobalCertificates.Production.Node3282411.Core",
    "source": "Thomson/GlobalCertificates/Production/Node3282411/Core.lean",
    "source_sha256": "63fa00f495ab715de8ed6ab3df14f8569414628bb9e4502ed1b6edd37ec0fb7e",
    "source_bytes": 377346
  },
  "assembled": {
    "module": "Thomson.GlobalCertificates.Production.Node3282411.Assembled",
    "source": "Thomson/GlobalCertificates/Production/Node3282411/Assembled.lean",
    "source_sha256": "4f85dc9218f4c355b38535c34b74f6d03121f96513691704d698986ffbd55142",
    "source_bytes": 31913
  },
  "core_source": "Thomson/GlobalCertificates/Production/Node3282411/Core.lean",
  "assembled_source": "Thomson/GlobalCertificates/Production/Node3282411/Assembled.lean",
  "core_module": "Thomson.GlobalCertificates.Production.Node3282411.Core",
  "assembled_module": "Thomson.GlobalCertificates.Production.Node3282411.Assembled",
  "boundary_modules": [],
  "nodes": 17,
  "leaf_kinds": {
    "0": 8,
    "2": 1,
    "8": 8
  },
  "families": {
    "contraction": {
      "nodes": 17,
      "actual": 3,
      "rounds": 3,
      "actions": 5
    },
    "rejection": {
      "leaves": 1,
      "rounds": 1,
      "actions": 1
    }
  },
  "reference_topology_sha256": {
    "vertex": "09629aa6d88e3007946041ee5bb5e7fe743b3242efca3b1b8ea02df65fe0eb34"
  },
  "generation_seconds": 0.08757220901316032,
  "kernel_check_required": true,
  "heartbeats": "default",
  "compiler_threads": 1,
  "core_memory_limit_mib": 2048,
  "assembled_memory_limit_mib": 3072
}
