{
  "format": "THOMSON_UNTRUSTED_MERGED_GROUP_V1",
  "root": 3287724,
  "selection": "/Users/archiebrowne/source/Thomson/Thomson/GlobalCertificates/Production/selections/Node3287724.json",
  "selection_sha256": "54cc1490353fa21411179e533d76f91c304d65824ef158ef4f7313e8572d9ff3",
  "binary": "/Users/archiebrowne/source/Thomson/.lake/global-cover/search.bin",
  "binary_sha256": "6626a818d355868776501e252bbdafb97029a5a9ebe31122f3509e3e359020a4",
  "output_prefix": "Thomson.GlobalCertificates.Production.Node3287724",
  "module": "Thomson.GlobalCertificates.Production.Node3287724.Assembled",
  "namespace": "Thomson.Five.GlobalCertificates.Production.Node3287724.Assembled",
  "core": {
    "module": "Thomson.GlobalCertificates.Production.Node3287724.Core",
    "source": "Thomson/GlobalCertificates/Production/Node3287724/Core.lean",
    "source_sha256": "ef7cd40daae34304f82af0ec61b53ec3f0ce46b6ae104abc45a158b2fe3c5b04",
    "source_bytes": 1622284
  },
  "assembled": {
    "module": "Thomson.GlobalCertificates.Production.Node3287724.Assembled",
    "source": "Thomson/GlobalCertificates/Production/Node3287724/Assembled.lean",
    "source_sha256": "a6f83de11717c075136e07d8f3e8471ad6ae37c225c61f38ca16443b5bfffc16",
    "source_bytes": 120429
  },
  "core_source": "Thomson/GlobalCertificates/Production/Node3287724/Core.lean",
  "assembled_source": "Thomson/GlobalCertificates/Production/Node3287724/Assembled.lean",
  "core_module": "Thomson.GlobalCertificates.Production.Node3287724.Core",
  "assembled_module": "Thomson.GlobalCertificates.Production.Node3287724.Assembled",
  "boundary_modules": [],
  "nodes": 69,
  "leaf_kinds": {
    "0": 34,
    "8": 35
  },
  "families": {
    "contraction": {
      "nodes": 69,
      "actual": 9,
      "rounds": 9,
      "actions": 9
    }
  },
  "reference_topology_sha256": {
    "vertex": "09629aa6d88e3007946041ee5bb5e7fe743b3242efca3b1b8ea02df65fe0eb34"
  },
  "generation_seconds": 0.40076620801119134,
  "kernel_check_required": true,
  "heartbeats": "default",
  "compiler_threads": 1,
  "core_memory_limit_mib": 2048,
  "assembled_memory_limit_mib": 3072
}
