{
  "format": "THOMSON_UNTRUSTED_MERGED_GROUP_V1",
  "root": 3310603,
  "selection": "/Users/archiebrowne/source/Thomson/Thomson/GlobalCertificates/Production/selections/Node3310603.json",
  "selection_sha256": "b382ff1206290aeb60542126f58e4833d7b8a56af5116b5059c1ba2082c045b4",
  "binary": "/Users/archiebrowne/source/Thomson/.lake/global-cover/search.bin",
  "binary_sha256": "6626a818d355868776501e252bbdafb97029a5a9ebe31122f3509e3e359020a4",
  "output_prefix": "Thomson.GlobalCertificates.Production.Node3310603",
  "module": "Thomson.GlobalCertificates.Production.Node3310603.Assembled",
  "namespace": "Thomson.Five.GlobalCertificates.Production.Node3310603.Assembled",
  "core": {
    "module": "Thomson.GlobalCertificates.Production.Node3310603.Core",
    "source": "Thomson/GlobalCertificates/Production/Node3310603/Core.lean",
    "source_sha256": "96385ed2ebb3df3a6c5fce639de5310e7e36a4834b33b96071d2bc68bea1f944",
    "source_bytes": 2610923
  },
  "assembled": {
    "module": "Thomson.GlobalCertificates.Production.Node3310603.Assembled",
    "source": "Thomson/GlobalCertificates/Production/Node3310603/Assembled.lean",
    "source_sha256": "fb92609d8ceaf9a70668fa47ed339df0f0005e3568d0d20748a10a46f9622591",
    "source_bytes": 433107
  },
  "core_source": "Thomson/GlobalCertificates/Production/Node3310603/Core.lean",
  "assembled_source": "Thomson/GlobalCertificates/Production/Node3310603/Assembled.lean",
  "core_module": "Thomson.GlobalCertificates.Production.Node3310603.Core",
  "assembled_module": "Thomson.GlobalCertificates.Production.Node3310603.Assembled",
  "boundary_modules": [],
  "nodes": 241,
  "leaf_kinds": {
    "0": 120,
    "3": 38,
    "6": 49,
    "8": 34
  },
  "families": {
    "contraction": {
      "nodes": 241,
      "actual": 8,
      "rounds": 8,
      "actions": 8
    }
  },
  "reference_topology_sha256": {
    "vertex": "09629aa6d88e3007946041ee5bb5e7fe743b3242efca3b1b8ea02df65fe0eb34",
    "gradient": "58c374fbc03eab01d7423cf8888185f1410a0c20be14044aa309678ec2e4216c",
    "pair": "65dfe5f05c0cab641b03d13ff573dc6bfa3f1d0fef0ed66dcd91cede0438a8ce"
  },
  "generation_seconds": 0.6248064580140635,
  "kernel_check_required": true,
  "heartbeats": "default",
  "compiler_threads": 1,
  "core_memory_limit_mib": 2048,
  "assembled_memory_limit_mib": 3072
}
