{
  "format": "THOMSON_UNTRUSTED_MERGED_GROUP_V1",
  "root": 3344442,
  "selection": "/Users/archiebrowne/source/Thomson/Thomson/GlobalCertificates/Production/selections/Node3344442.json",
  "selection_sha256": "82b0dec9baae45681c55042bed80ea489ff5fd2dfaa07ec676cb97c7ad0f4b18",
  "binary": "/Users/archiebrowne/source/Thomson/.lake/global-cover/search.bin",
  "binary_sha256": "6626a818d355868776501e252bbdafb97029a5a9ebe31122f3509e3e359020a4",
  "output_prefix": "Thomson.GlobalCertificates.Production.Node3344442",
  "module": "Thomson.GlobalCertificates.Production.Node3344442.Assembled",
  "namespace": "Thomson.Five.GlobalCertificates.Production.Node3344442.Assembled",
  "core": {
    "module": "Thomson.GlobalCertificates.Production.Node3344442.Core",
    "source": "Thomson/GlobalCertificates/Production/Node3344442/Core.lean",
    "source_sha256": "ce62da3279045f64bd320ea3100be3bc7982631237ff09bbcb95fa899a97ab4d",
    "source_bytes": 2259175
  },
  "assembled": {
    "module": "Thomson.GlobalCertificates.Production.Node3344442.Assembled",
    "source": "Thomson/GlobalCertificates/Production/Node3344442/Assembled.lean",
    "source_sha256": "f00b9b029e1e73127910aae6607e4e72a14c7155c49cc2222545589a2d59982e",
    "source_bytes": 169927
  },
  "core_source": "Thomson/GlobalCertificates/Production/Node3344442/Core.lean",
  "assembled_source": "Thomson/GlobalCertificates/Production/Node3344442/Assembled.lean",
  "core_module": "Thomson.GlobalCertificates.Production.Node3344442.Core",
  "assembled_module": "Thomson.GlobalCertificates.Production.Node3344442.Assembled",
  "boundary_modules": [],
  "nodes": 97,
  "leaf_kinds": {
    "0": 48,
    "8": 49
  },
  "families": {
    "contraction": {
      "nodes": 97,
      "actual": 0,
      "rounds": 0,
      "actions": 0
    }
  },
  "reference_topology_sha256": {
    "vertex": "09629aa6d88e3007946041ee5bb5e7fe743b3242efca3b1b8ea02df65fe0eb34"
  },
  "generation_seconds": 0.5439316250267439,
  "kernel_check_required": true,
  "heartbeats": "default",
  "compiler_threads": 1,
  "core_memory_limit_mib": 2048,
  "assembled_memory_limit_mib": 3072
}
