{
  "format": "THOMSON_UNTRUSTED_MERGED_GROUP_V1",
  "root": 3322899,
  "selection": "/Users/archiebrowne/source/Thomson/Thomson/GlobalCertificates/Production/selections/Node3322899.json",
  "selection_sha256": "46b6ce098579470a78097dbd2145c7b4b91043f69c83912328891e66149d691b",
  "binary": "/Users/archiebrowne/source/Thomson/.lake/global-cover/search.bin",
  "binary_sha256": "6626a818d355868776501e252bbdafb97029a5a9ebe31122f3509e3e359020a4",
  "output_prefix": "Thomson.GlobalCertificates.Production.Node3322899",
  "module": "Thomson.GlobalCertificates.Production.Node3322899.Assembled",
  "namespace": "Thomson.Five.GlobalCertificates.Production.Node3322899.Assembled",
  "core": {
    "module": "Thomson.GlobalCertificates.Production.Node3322899.Core",
    "source": "Thomson/GlobalCertificates/Production/Node3322899/Core.lean",
    "source_sha256": "03a2ed815e866202af6762c8ac6e71ccb6d49e83cc616b5fab3cf448218ea34d",
    "source_bytes": 2290131
  },
  "assembled": {
    "module": "Thomson.GlobalCertificates.Production.Node3322899.Assembled",
    "source": "Thomson/GlobalCertificates/Production/Node3322899/Assembled.lean",
    "source_sha256": "40beb1503bddfd203794d9368779264cc9b90009f1389405cde66795a41653f3",
    "source_bytes": 208194
  },
  "core_source": "Thomson/GlobalCertificates/Production/Node3322899/Core.lean",
  "assembled_source": "Thomson/GlobalCertificates/Production/Node3322899/Assembled.lean",
  "core_module": "Thomson.GlobalCertificates.Production.Node3322899.Core",
  "assembled_module": "Thomson.GlobalCertificates.Production.Node3322899.Assembled",
  "boundary_modules": [],
  "nodes": 119,
  "leaf_kinds": {
    "0": 59,
    "6": 16,
    "8": 44
  },
  "families": {
    "contraction": {
      "nodes": 119,
      "actual": 39,
      "rounds": 41,
      "actions": 58
    }
  },
  "reference_topology_sha256": {
    "vertex": "09629aa6d88e3007946041ee5bb5e7fe743b3242efca3b1b8ea02df65fe0eb34",
    "gradient": "58c374fbc03eab01d7423cf8888185f1410a0c20be14044aa309678ec2e4216c"
  },
  "generation_seconds": 0.5948494159965776,
  "kernel_check_required": true,
  "heartbeats": "default",
  "compiler_threads": 1,
  "core_memory_limit_mib": 2048,
  "assembled_memory_limit_mib": 3072
}
