{
  "format": "THOMSON_UNTRUSTED_MERGED_GROUP_V1",
  "root": 3343995,
  "selection": "/Users/archiebrowne/source/Thomson/Thomson/GlobalCertificates/Production/selections/Node3343995.json",
  "selection_sha256": "a298030f6027d8080eaa7de7610eb6302d83e57a5d1dcd96b273fd057822b2d6",
  "binary": "/Users/archiebrowne/source/Thomson/.lake/global-cover/search.bin",
  "binary_sha256": "6626a818d355868776501e252bbdafb97029a5a9ebe31122f3509e3e359020a4",
  "output_prefix": "Thomson.GlobalCertificates.Production.Node3343995",
  "module": "Thomson.GlobalCertificates.Production.Node3343995.Assembled",
  "namespace": "Thomson.Five.GlobalCertificates.Production.Node3343995.Assembled",
  "core": {
    "module": "Thomson.GlobalCertificates.Production.Node3343995.Core",
    "source": "Thomson/GlobalCertificates/Production/Node3343995/Core.lean",
    "source_sha256": "2290db26641764cf59e71d3227958d4d545bd3deb8c39cffaba26c61f118c50e",
    "source_bytes": 1758407
  },
  "assembled": {
    "module": "Thomson.GlobalCertificates.Production.Node3343995.Assembled",
    "source": "Thomson/GlobalCertificates/Production/Node3343995/Assembled.lean",
    "source_sha256": "86ebe9b11d8b2c2893731bdc86cde0fa970bccfc14e4697969fa216abd8560b3",
    "source_bytes": 134399
  },
  "core_source": "Thomson/GlobalCertificates/Production/Node3343995/Core.lean",
  "assembled_source": "Thomson/GlobalCertificates/Production/Node3343995/Assembled.lean",
  "core_module": "Thomson.GlobalCertificates.Production.Node3343995.Core",
  "assembled_module": "Thomson.GlobalCertificates.Production.Node3343995.Assembled",
  "boundary_modules": [],
  "nodes": 75,
  "leaf_kinds": {
    "0": 37,
    "8": 38
  },
  "families": {
    "contraction": {
      "nodes": 75,
      "actual": 0,
      "rounds": 0,
      "actions": 0
    }
  },
  "reference_topology_sha256": {
    "vertex": "09629aa6d88e3007946041ee5bb5e7fe743b3242efca3b1b8ea02df65fe0eb34"
  },
  "generation_seconds": 0.38015379197895527,
  "kernel_check_required": true,
  "heartbeats": "default",
  "compiler_threads": 1,
  "core_memory_limit_mib": 2048,
  "assembled_memory_limit_mib": 3072
}
