{
  "format": "THOMSON_UNTRUSTED_MERGED_GROUP_V1",
  "root": 3369777,
  "selection": "/Users/archiebrowne/source/Thomson/Thomson/GlobalCertificates/Production/selections/Node3369777.json",
  "selection_sha256": "39c3dfcbcf2f6cc6ab7f4e6dfa3be43f93fe73ba6e1d0ef1ded5ea70b4a571c6",
  "binary": "/Users/archiebrowne/source/Thomson/.lake/global-cover/search.bin",
  "binary_sha256": "6626a818d355868776501e252bbdafb97029a5a9ebe31122f3509e3e359020a4",
  "output_prefix": "Thomson.GlobalCertificates.Production.Node3369777",
  "module": "Thomson.GlobalCertificates.Production.Node3369777.Assembled",
  "namespace": "Thomson.Five.GlobalCertificates.Production.Node3369777.Assembled",
  "core": {
    "module": "Thomson.GlobalCertificates.Production.Node3369777.Core",
    "source": "Thomson/GlobalCertificates/Production/Node3369777/Core.lean",
    "source_sha256": "0f7ee3de3e745f7fef24a6ba6d4dae208d529da0aa15e354a88dcb2fb5af5270",
    "source_bytes": 456526
  },
  "assembled": {
    "module": "Thomson.GlobalCertificates.Production.Node3369777.Assembled",
    "source": "Thomson/GlobalCertificates/Production/Node3369777/Assembled.lean",
    "source_sha256": "bfc954d0a70ef75d5232daceeae0b8bfbb9750e30329ed86dae110289cfff66d",
    "source_bytes": 125056
  },
  "core_source": "Thomson/GlobalCertificates/Production/Node3369777/Core.lean",
  "assembled_source": "Thomson/GlobalCertificates/Production/Node3369777/Assembled.lean",
  "core_module": "Thomson.GlobalCertificates.Production.Node3369777.Core",
  "assembled_module": "Thomson.GlobalCertificates.Production.Node3369777.Assembled",
  "boundary_modules": [],
  "nodes": 69,
  "leaf_kinds": {
    "0": 34,
    "3": 35
  },
  "families": {
    "contraction": {
      "nodes": 69,
      "actual": 34,
      "rounds": 34,
      "actions": 111
    }
  },
  "reference_topology_sha256": {
    "pair": "65dfe5f05c0cab641b03d13ff573dc6bfa3f1d0fef0ed66dcd91cede0438a8ce"
  },
  "generation_seconds": 0.08164679096080363,
  "kernel_check_required": true,
  "heartbeats": "default",
  "compiler_threads": 1,
  "core_memory_limit_mib": 2048,
  "assembled_memory_limit_mib": 3072
}
