{
  "format": "THOMSON_UNTRUSTED_MERGED_GROUP_V1",
  "root": 3313453,
  "selection": "/Users/archiebrowne/source/Thomson/Thomson/GlobalCertificates/Production/selections/Node3313453.json",
  "selection_sha256": "6444035935bf96d4e3788c80b20624e5e5e8e07a19472aa118df83d468cc6efa",
  "binary": "/Users/archiebrowne/source/Thomson/.lake/global-cover/search.bin",
  "binary_sha256": "6626a818d355868776501e252bbdafb97029a5a9ebe31122f3509e3e359020a4",
  "output_prefix": "Thomson.GlobalCertificates.Production.Node3313453",
  "module": "Thomson.GlobalCertificates.Production.Node3313453.Assembled",
  "namespace": "Thomson.Five.GlobalCertificates.Production.Node3313453.Assembled",
  "core": {
    "module": "Thomson.GlobalCertificates.Production.Node3313453.Core",
    "source": "Thomson/GlobalCertificates/Production/Node3313453/Core.lean",
    "source_sha256": "69bb25ed88ba6190aedf1a715050e7fa1d3637c060a921e68313e606dc0787d7",
    "source_bytes": 1701990
  },
  "assembled": {
    "module": "Thomson.GlobalCertificates.Production.Node3313453.Assembled",
    "source": "Thomson/GlobalCertificates/Production/Node3313453/Assembled.lean",
    "source_sha256": "fb0e963aa40748acafa32d52521699b9383c610bcd47064adbb1f2f48c9f6d74",
    "source_bytes": 228631
  },
  "core_source": "Thomson/GlobalCertificates/Production/Node3313453/Core.lean",
  "assembled_source": "Thomson/GlobalCertificates/Production/Node3313453/Assembled.lean",
  "core_module": "Thomson.GlobalCertificates.Production.Node3313453.Core",
  "assembled_module": "Thomson.GlobalCertificates.Production.Node3313453.Assembled",
  "boundary_modules": [],
  "nodes": 127,
  "leaf_kinds": {
    "0": 63,
    "3": 2,
    "6": 35,
    "8": 27
  },
  "families": {
    "contraction": {
      "nodes": 127,
      "actual": 14,
      "rounds": 14,
      "actions": 14
    }
  },
  "reference_topology_sha256": {
    "vertex": "09629aa6d88e3007946041ee5bb5e7fe743b3242efca3b1b8ea02df65fe0eb34",
    "gradient": "58c374fbc03eab01d7423cf8888185f1410a0c20be14044aa309678ec2e4216c",
    "pair": "65dfe5f05c0cab641b03d13ff573dc6bfa3f1d0fef0ed66dcd91cede0438a8ce"
  },
  "generation_seconds": 0.5365295420051552,
  "kernel_check_required": true,
  "heartbeats": "default",
  "compiler_threads": 1,
  "core_memory_limit_mib": 2048,
  "assembled_memory_limit_mib": 3072
}
