{
  "format": "THOMSON_UNTRUSTED_MERGED_GROUP_V1",
  "root": 3316557,
  "selection": "/Users/archiebrowne/source/Thomson/Thomson/GlobalCertificates/Production/selections/Node3316557.json",
  "selection_sha256": "98ea74f83ecf041cfc1a160baa15ca132b08adb0852463991701cc51060c9ee1",
  "binary": "/Users/archiebrowne/source/Thomson/.lake/global-cover/search.bin",
  "binary_sha256": "6626a818d355868776501e252bbdafb97029a5a9ebe31122f3509e3e359020a4",
  "output_prefix": "Thomson.GlobalCertificates.Production.Node3316557",
  "module": "Thomson.GlobalCertificates.Production.Node3316557.Assembled",
  "namespace": "Thomson.Five.GlobalCertificates.Production.Node3316557.Assembled",
  "core": {
    "module": "Thomson.GlobalCertificates.Production.Node3316557.Core",
    "source": "Thomson/GlobalCertificates/Production/Node3316557/Core.lean",
    "source_sha256": "ff68f4ef15193ef9056947be32c09e8fd29fa4dfd6bd4daca3b518637bafaab7",
    "source_bytes": 2695704
  },
  "assembled": {
    "module": "Thomson.GlobalCertificates.Production.Node3316557.Assembled",
    "source": "Thomson/GlobalCertificates/Production/Node3316557/Assembled.lean",
    "source_sha256": "20c05cc1b503ff2de63e830fcc838b9fa2feb7987b511309e32250091e0996a3",
    "source_bytes": 423853
  },
  "core_source": "Thomson/GlobalCertificates/Production/Node3316557/Core.lean",
  "assembled_source": "Thomson/GlobalCertificates/Production/Node3316557/Assembled.lean",
  "core_module": "Thomson.GlobalCertificates.Production.Node3316557.Core",
  "assembled_module": "Thomson.GlobalCertificates.Production.Node3316557.Assembled",
  "boundary_modules": [],
  "nodes": 239,
  "leaf_kinds": {
    "0": 119,
    "3": 52,
    "6": 31,
    "8": 37
  },
  "families": {
    "contraction": {
      "nodes": 239,
      "actual": 19,
      "rounds": 19,
      "actions": 24
    }
  },
  "reference_topology_sha256": {
    "vertex": "09629aa6d88e3007946041ee5bb5e7fe743b3242efca3b1b8ea02df65fe0eb34",
    "gradient": "58c374fbc03eab01d7423cf8888185f1410a0c20be14044aa309678ec2e4216c",
    "pair": "65dfe5f05c0cab641b03d13ff573dc6bfa3f1d0fef0ed66dcd91cede0438a8ce"
  },
  "generation_seconds": 0.7880560840130784,
  "kernel_check_required": true,
  "heartbeats": "default",
  "compiler_threads": 1,
  "core_memory_limit_mib": 2048,
  "assembled_memory_limit_mib": 3072
}
