{
  "format": "THOMSON_UNTRUSTED_MERGED_GROUP_V1",
  "root": 3378070,
  "selection": "/Users/archiebrowne/source/Thomson/Thomson/GlobalCertificates/Production/selections/Node3378070.json",
  "selection_sha256": "407668ff05984ce44e06a6be41ef208fc15078e29a217c2874ad2dce4e527149",
  "binary": "/Users/archiebrowne/source/Thomson/.lake/global-cover/search.bin",
  "binary_sha256": "6626a818d355868776501e252bbdafb97029a5a9ebe31122f3509e3e359020a4",
  "output_prefix": "Thomson.GlobalCertificates.Production.Node3378070",
  "module": "Thomson.GlobalCertificates.Production.Node3378070.Assembled",
  "namespace": "Thomson.Five.GlobalCertificates.Production.Node3378070.Assembled",
  "core": {
    "module": "Thomson.GlobalCertificates.Production.Node3378070.Core",
    "source": "Thomson/GlobalCertificates/Production/Node3378070/Core.lean",
    "source_sha256": "69a05f7a8e42815c39f86027102eb62d5df3628dffdd5767f296f14223a88f51",
    "source_bytes": 2165685
  },
  "assembled": {
    "module": "Thomson.GlobalCertificates.Production.Node3378070.Assembled",
    "source": "Thomson/GlobalCertificates/Production/Node3378070/Assembled.lean",
    "source_sha256": "cb50e4a957982e0ec9331c04e4c3c0b5eead06217a3c81fe9d61b22a07f5dc2f",
    "source_bytes": 433731
  },
  "core_source": "Thomson/GlobalCertificates/Production/Node3378070/Core.lean",
  "assembled_source": "Thomson/GlobalCertificates/Production/Node3378070/Assembled.lean",
  "core_module": "Thomson.GlobalCertificates.Production.Node3378070.Core",
  "assembled_module": "Thomson.GlobalCertificates.Production.Node3378070.Assembled",
  "boundary_modules": [],
  "nodes": 243,
  "leaf_kinds": {
    "0": 121,
    "3": 6,
    "6": 95,
    "8": 21
  },
  "families": {
    "contraction": {
      "nodes": 243,
      "actual": 23,
      "rounds": 23,
      "actions": 33
    }
  },
  "reference_topology_sha256": {
    "vertex": "09629aa6d88e3007946041ee5bb5e7fe743b3242efca3b1b8ea02df65fe0eb34",
    "gradient": "58c374fbc03eab01d7423cf8888185f1410a0c20be14044aa309678ec2e4216c",
    "pair": "65dfe5f05c0cab641b03d13ff573dc6bfa3f1d0fef0ed66dcd91cede0438a8ce"
  },
  "generation_seconds": 0.48063091695075855,
  "kernel_check_required": true,
  "heartbeats": "default",
  "compiler_threads": 1,
  "core_memory_limit_mib": 2048,
  "assembled_memory_limit_mib": 3072
}
