{
  "format": "THOMSON_UNTRUSTED_MERGED_GROUP_V1",
  "root": 3306484,
  "selection": "/Users/archiebrowne/source/Thomson/Thomson/GlobalCertificates/Production/selections/Node3306484.json",
  "selection_sha256": "3bb5774c06425859edef63bb539399aef9b0a0364c9aa569a02d6a4c301fc340",
  "binary": "/Users/archiebrowne/source/Thomson/.lake/global-cover/search.bin",
  "binary_sha256": "6626a818d355868776501e252bbdafb97029a5a9ebe31122f3509e3e359020a4",
  "output_prefix": "Thomson.GlobalCertificates.Production.Node3306484",
  "module": "Thomson.GlobalCertificates.Production.Node3306484.Assembled",
  "namespace": "Thomson.Five.GlobalCertificates.Production.Node3306484.Assembled",
  "core": {
    "module": "Thomson.GlobalCertificates.Production.Node3306484.Core",
    "source": "Thomson/GlobalCertificates/Production/Node3306484/Core.lean",
    "source_sha256": "d97ed231c16395bc59b9455d29ae7238baaeca76000023229ed43021d60a172f",
    "source_bytes": 198213
  },
  "assembled": {
    "module": "Thomson.GlobalCertificates.Production.Node3306484.Assembled",
    "source": "Thomson/GlobalCertificates/Production/Node3306484/Assembled.lean",
    "source_sha256": "d8057aac38d15bc7afb0e5bae6628af5a18cfc15e34cee8a2201e19cb15f50a8",
    "source_bytes": 58613
  },
  "core_source": "Thomson/GlobalCertificates/Production/Node3306484/Core.lean",
  "assembled_source": "Thomson/GlobalCertificates/Production/Node3306484/Assembled.lean",
  "core_module": "Thomson.GlobalCertificates.Production.Node3306484.Core",
  "assembled_module": "Thomson.GlobalCertificates.Production.Node3306484.Assembled",
  "boundary_modules": [],
  "nodes": 33,
  "leaf_kinds": {
    "0": 16,
    "3": 17
  },
  "families": {
    "contraction": {
      "nodes": 33,
      "actual": 6,
      "rounds": 6,
      "actions": 6
    }
  },
  "reference_topology_sha256": {
    "pair": "65dfe5f05c0cab641b03d13ff573dc6bfa3f1d0fef0ed66dcd91cede0438a8ce"
  },
  "generation_seconds": 0.05447420896962285,
  "kernel_check_required": true,
  "heartbeats": "default",
  "compiler_threads": 1,
  "core_memory_limit_mib": 2048,
  "assembled_memory_limit_mib": 3072
}
