{
  "format": "THOMSON_UNTRUSTED_MERGED_GROUP_V1",
  "root": 3324165,
  "selection": "/Users/archiebrowne/source/Thomson/Thomson/GlobalCertificates/Production/selections/Node3324165.json",
  "selection_sha256": "232be2b98a7e480d5548d71cd6c3e687406a7bef908cd91029507e4352825ad9",
  "binary": "/Users/archiebrowne/source/Thomson/.lake/global-cover/search.bin",
  "binary_sha256": "6626a818d355868776501e252bbdafb97029a5a9ebe31122f3509e3e359020a4",
  "output_prefix": "Thomson.GlobalCertificates.Production.Node3324165",
  "module": "Thomson.GlobalCertificates.Production.Node3324165.Assembled",
  "namespace": "Thomson.Five.GlobalCertificates.Production.Node3324165.Assembled",
  "core": {
    "module": "Thomson.GlobalCertificates.Production.Node3324165.Core",
    "source": "Thomson/GlobalCertificates/Production/Node3324165/Core.lean",
    "source_sha256": "025e8fbf9a3f86860c430f242dc53dc6ec9a21c3498a977d1f305a27ebaaa48e",
    "source_bytes": 1993370
  },
  "assembled": {
    "module": "Thomson.GlobalCertificates.Production.Node3324165.Assembled",
    "source": "Thomson/GlobalCertificates/Production/Node3324165/Assembled.lean",
    "source_sha256": "5b78ac9d4fb719c06430fd9bef60900ac1a83ea47b46cc6c1103e697850c28ec",
    "source_bytes": 230349
  },
  "core_source": "Thomson/GlobalCertificates/Production/Node3324165/Core.lean",
  "assembled_source": "Thomson/GlobalCertificates/Production/Node3324165/Assembled.lean",
  "core_module": "Thomson.GlobalCertificates.Production.Node3324165.Core",
  "assembled_module": "Thomson.GlobalCertificates.Production.Node3324165.Assembled",
  "boundary_modules": [],
  "nodes": 129,
  "leaf_kinds": {
    "0": 64,
    "6": 30,
    "8": 35
  },
  "families": {
    "contraction": {
      "nodes": 129,
      "actual": 8,
      "rounds": 8,
      "actions": 8
    }
  },
  "reference_topology_sha256": {
    "vertex": "09629aa6d88e3007946041ee5bb5e7fe743b3242efca3b1b8ea02df65fe0eb34",
    "gradient": "58c374fbc03eab01d7423cf8888185f1410a0c20be14044aa309678ec2e4216c"
  },
  "generation_seconds": 0.5820629170048051,
  "kernel_check_required": true,
  "heartbeats": "default",
  "compiler_threads": 1,
  "core_memory_limit_mib": 2048,
  "assembled_memory_limit_mib": 3072
}
