{
  "format": "THOMSON_UNTRUSTED_MERGED_GROUP_V1",
  "root": 3383557,
  "selection": "/Users/archiebrowne/source/Thomson/Thomson/GlobalCertificates/Production/selections/Node3383557.json",
  "selection_sha256": "5d60b58013b05f82b560c1e5aa479ee8839297013cc8943e624a665b1113a27f",
  "binary": "/Users/archiebrowne/source/Thomson/.lake/global-cover/search.bin",
  "binary_sha256": "6626a818d355868776501e252bbdafb97029a5a9ebe31122f3509e3e359020a4",
  "output_prefix": "Thomson.GlobalCertificates.Production.Node3383557",
  "module": "Thomson.GlobalCertificates.Production.Node3383557.Assembled",
  "namespace": "Thomson.Five.GlobalCertificates.Production.Node3383557.Assembled",
  "core": {
    "module": "Thomson.GlobalCertificates.Production.Node3383557.Core",
    "source": "Thomson/GlobalCertificates/Production/Node3383557/Core.lean",
    "source_sha256": "2ab0d8f8df63bb54128b8a939b03c4452b6573cac4d9456fcef52ec6448e96f1",
    "source_bytes": 587463
  },
  "assembled": {
    "module": "Thomson.GlobalCertificates.Production.Node3383557.Assembled",
    "source": "Thomson/GlobalCertificates/Production/Node3383557/Assembled.lean",
    "source_sha256": "8cfad5ce67d68445dad759348643162fe688ab5418dca1d6429928b67ff376c0",
    "source_bytes": 128249
  },
  "core_source": "Thomson/GlobalCertificates/Production/Node3383557/Core.lean",
  "assembled_source": "Thomson/GlobalCertificates/Production/Node3383557/Assembled.lean",
  "core_module": "Thomson.GlobalCertificates.Production.Node3383557.Core",
  "assembled_module": "Thomson.GlobalCertificates.Production.Node3383557.Assembled",
  "boundary_modules": [],
  "nodes": 69,
  "leaf_kinds": {
    "0": 34,
    "3": 25,
    "6": 7,
    "8": 3
  },
  "families": {
    "contraction": {
      "nodes": 69,
      "actual": 35,
      "rounds": 41,
      "actions": 193
    }
  },
  "reference_topology_sha256": {
    "vertex": "09629aa6d88e3007946041ee5bb5e7fe743b3242efca3b1b8ea02df65fe0eb34",
    "gradient": "58c374fbc03eab01d7423cf8888185f1410a0c20be14044aa309678ec2e4216c",
    "pair": "65dfe5f05c0cab641b03d13ff573dc6bfa3f1d0fef0ed66dcd91cede0438a8ce"
  },
  "generation_seconds": 0.09693383297417313,
  "kernel_check_required": true,
  "heartbeats": "default",
  "compiler_threads": 1,
  "core_memory_limit_mib": 2048,
  "assembled_memory_limit_mib": 3072
}
