{
  "format": "THOMSON_UNTRUSTED_MERGED_GROUP_V1",
  "root": 3326309,
  "selection": "/Users/archiebrowne/source/Thomson/Thomson/GlobalCertificates/Production/selections/Node3326309.json",
  "selection_sha256": "7c47e5534bff7a46d0841e878c19f5ac1d6ae8b1aa9621c4bf2d0b77fcc02e29",
  "binary": "/Users/archiebrowne/source/Thomson/.lake/global-cover/search.bin",
  "binary_sha256": "6626a818d355868776501e252bbdafb97029a5a9ebe31122f3509e3e359020a4",
  "output_prefix": "Thomson.GlobalCertificates.Production.Node3326309",
  "module": "Thomson.GlobalCertificates.Production.Node3326309.Assembled",
  "namespace": "Thomson.Five.GlobalCertificates.Production.Node3326309.Assembled",
  "core": {
    "module": "Thomson.GlobalCertificates.Production.Node3326309.Core",
    "source": "Thomson/GlobalCertificates/Production/Node3326309/Core.lean",
    "source_sha256": "8395c76df73cb226aac6898c8d879d1a5ee9479c14250c2d8f49b21c216bac74",
    "source_bytes": 925787
  },
  "assembled": {
    "module": "Thomson.GlobalCertificates.Production.Node3326309.Assembled",
    "source": "Thomson/GlobalCertificates/Production/Node3326309/Assembled.lean",
    "source_sha256": "60b9fa566000d7936755b0d0d7e52faad10186a4fea92a1be57901e880b43c9a",
    "source_bytes": 101570
  },
  "core_source": "Thomson/GlobalCertificates/Production/Node3326309/Core.lean",
  "assembled_source": "Thomson/GlobalCertificates/Production/Node3326309/Assembled.lean",
  "core_module": "Thomson.GlobalCertificates.Production.Node3326309.Core",
  "assembled_module": "Thomson.GlobalCertificates.Production.Node3326309.Assembled",
  "boundary_modules": [],
  "nodes": 55,
  "leaf_kinds": {
    "0": 27,
    "3": 11,
    "6": 1,
    "8": 16
  },
  "families": {
    "contraction": {
      "nodes": 55,
      "actual": 19,
      "rounds": 23,
      "actions": 50
    }
  },
  "reference_topology_sha256": {
    "vertex": "09629aa6d88e3007946041ee5bb5e7fe743b3242efca3b1b8ea02df65fe0eb34",
    "gradient": "58c374fbc03eab01d7423cf8888185f1410a0c20be14044aa309678ec2e4216c",
    "pair": "65dfe5f05c0cab641b03d13ff573dc6bfa3f1d0fef0ed66dcd91cede0438a8ce"
  },
  "generation_seconds": 0.19288429204607382,
  "kernel_check_required": true,
  "heartbeats": "default",
  "compiler_threads": 1,
  "core_memory_limit_mib": 2048,
  "assembled_memory_limit_mib": 3072
}
