{
  "format": "THOMSON_UNTRUSTED_MERGED_GROUP_V1",
  "root": 3352717,
  "selection": "/Users/archiebrowne/source/Thomson/Thomson/GlobalCertificates/Production/selections/Node3352717.json",
  "selection_sha256": "83d5d9b8732725ede517fa0a30a34e4fa3548ec4fa75084f919a9ae687c00865",
  "binary": "/Users/archiebrowne/source/Thomson/.lake/global-cover/search.bin",
  "binary_sha256": "6626a818d355868776501e252bbdafb97029a5a9ebe31122f3509e3e359020a4",
  "output_prefix": "Thomson.GlobalCertificates.Production.Node3352717",
  "module": "Thomson.GlobalCertificates.Production.Node3352717.Assembled",
  "namespace": "Thomson.Five.GlobalCertificates.Production.Node3352717.Assembled",
  "core": {
    "module": "Thomson.GlobalCertificates.Production.Node3352717.Core",
    "source": "Thomson/GlobalCertificates/Production/Node3352717/Core.lean",
    "source_sha256": "5438a0431e9dcd4b841c2ae755476da74f8df81fbbf28e7859b2feff25da08c9",
    "source_bytes": 1603468
  },
  "assembled": {
    "module": "Thomson.GlobalCertificates.Production.Node3352717.Assembled",
    "source": "Thomson/GlobalCertificates/Production/Node3352717/Assembled.lean",
    "source_sha256": "f3d5893094538f93c2b76a39066af47890a79f59718bb3672e18ea6e3f6e3aa6",
    "source_bytes": 358188
  },
  "core_source": "Thomson/GlobalCertificates/Production/Node3352717/Core.lean",
  "assembled_source": "Thomson/GlobalCertificates/Production/Node3352717/Assembled.lean",
  "core_module": "Thomson.GlobalCertificates.Production.Node3352717.Core",
  "assembled_module": "Thomson.GlobalCertificates.Production.Node3352717.Assembled",
  "boundary_modules": [],
  "nodes": 201,
  "leaf_kinds": {
    "0": 100,
    "3": 25,
    "6": 65,
    "8": 11
  },
  "families": {
    "contraction": {
      "nodes": 201,
      "actual": 30,
      "rounds": 30,
      "actions": 55
    }
  },
  "reference_topology_sha256": {
    "vertex": "09629aa6d88e3007946041ee5bb5e7fe743b3242efca3b1b8ea02df65fe0eb34",
    "gradient": "58c374fbc03eab01d7423cf8888185f1410a0c20be14044aa309678ec2e4216c",
    "pair": "65dfe5f05c0cab641b03d13ff573dc6bfa3f1d0fef0ed66dcd91cede0438a8ce"
  },
  "generation_seconds": 0.28295129199977964,
  "kernel_check_required": true,
  "heartbeats": "default",
  "compiler_threads": 1,
  "core_memory_limit_mib": 2048,
  "assembled_memory_limit_mib": 3072
}
