{
  "format": "THOMSON_UNTRUSTED_MERGED_GROUP_V1",
  "root": 3303292,
  "selection": "/Users/archiebrowne/source/Thomson/Thomson/GlobalCertificates/Production/selections/Node3303292.json",
  "selection_sha256": "0eff337eb696e65bb93842c414c5f08545637f79ebb02cd610c694230185ebe4",
  "binary": "/Users/archiebrowne/source/Thomson/.lake/global-cover/search.bin",
  "binary_sha256": "6626a818d355868776501e252bbdafb97029a5a9ebe31122f3509e3e359020a4",
  "output_prefix": "Thomson.GlobalCertificates.Production.Node3303292",
  "module": "Thomson.GlobalCertificates.Production.Node3303292.Assembled",
  "namespace": "Thomson.Five.GlobalCertificates.Production.Node3303292.Assembled",
  "core": {
    "module": "Thomson.GlobalCertificates.Production.Node3303292.Core",
    "source": "Thomson/GlobalCertificates/Production/Node3303292/Core.lean",
    "source_sha256": "e3b4aaed31e59724b53a23c4e0bf116bb731774a3997ec01f7db71a2dd92556d",
    "source_bytes": 1724365
  },
  "assembled": {
    "module": "Thomson.GlobalCertificates.Production.Node3303292.Assembled",
    "source": "Thomson/GlobalCertificates/Production/Node3303292/Assembled.lean",
    "source_sha256": "41c964f2e241b2a338874bb363f2c133b07c7982535118e08a884e725ddcf02a",
    "source_bytes": 445213
  },
  "core_source": "Thomson/GlobalCertificates/Production/Node3303292/Core.lean",
  "assembled_source": "Thomson/GlobalCertificates/Production/Node3303292/Assembled.lean",
  "core_module": "Thomson.GlobalCertificates.Production.Node3303292.Core",
  "assembled_module": "Thomson.GlobalCertificates.Production.Node3303292.Assembled",
  "boundary_modules": [],
  "nodes": 245,
  "leaf_kinds": {
    "0": 122,
    "3": 34,
    "6": 86,
    "8": 3
  },
  "families": {
    "contraction": {
      "nodes": 245,
      "actual": 102,
      "rounds": 123,
      "actions": 252
    }
  },
  "reference_topology_sha256": {
    "vertex": "09629aa6d88e3007946041ee5bb5e7fe743b3242efca3b1b8ea02df65fe0eb34",
    "gradient": "58c374fbc03eab01d7423cf8888185f1410a0c20be14044aa309678ec2e4216c",
    "pair": "65dfe5f05c0cab641b03d13ff573dc6bfa3f1d0fef0ed66dcd91cede0438a8ce"
  },
  "generation_seconds": 0.3481387920328416,
  "kernel_check_required": true,
  "heartbeats": "default",
  "compiler_threads": 1,
  "core_memory_limit_mib": 2048,
  "assembled_memory_limit_mib": 3072
}
