{
  "format": "THOMSON_UNTRUSTED_MERGED_GROUP_V1",
  "root": 3286751,
  "selection": "/Users/archiebrowne/source/Thomson/Thomson/GlobalCertificates/Production/selections/Node3286751.json",
  "selection_sha256": "90f7320d806632cc77e3baa549bea8df59fb12d09a69f1d06ef21388048d98fa",
  "binary": "/Users/archiebrowne/source/Thomson/.lake/global-cover/search.bin",
  "binary_sha256": "6626a818d355868776501e252bbdafb97029a5a9ebe31122f3509e3e359020a4",
  "output_prefix": "Thomson.GlobalCertificates.Production.Node3286751",
  "module": "Thomson.GlobalCertificates.Production.Node3286751.Assembled",
  "namespace": "Thomson.Five.GlobalCertificates.Production.Node3286751.Assembled",
  "core": {
    "module": "Thomson.GlobalCertificates.Production.Node3286751.Core",
    "source": "Thomson/GlobalCertificates/Production/Node3286751/Core.lean",
    "source_sha256": "026fa40ba8c7d12a9c966b461ad9ad8b789a5a2a73201bdd59bd491b0bd2a187",
    "source_bytes": 1300320
  },
  "assembled": {
    "module": "Thomson.GlobalCertificates.Production.Node3286751.Assembled",
    "source": "Thomson/GlobalCertificates/Production/Node3286751/Assembled.lean",
    "source_sha256": "a21c5e9bc17c9e1cbe50b575fe731d2a2f83d1cbfb2d1f0390b11a8c13e94e3b",
    "source_bytes": 108842
  },
  "core_source": "Thomson/GlobalCertificates/Production/Node3286751/Core.lean",
  "assembled_source": "Thomson/GlobalCertificates/Production/Node3286751/Assembled.lean",
  "core_module": "Thomson.GlobalCertificates.Production.Node3286751.Core",
  "assembled_module": "Thomson.GlobalCertificates.Production.Node3286751.Assembled",
  "boundary_modules": [],
  "nodes": 61,
  "leaf_kinds": {
    "0": 30,
    "1": 3,
    "8": 28
  },
  "families": {
    "contraction": {
      "nodes": 61,
      "actual": 5,
      "rounds": 5,
      "actions": 7
    },
    "near": {
      "leaves": 3
    }
  },
  "reference_topology_sha256": {
    "vertex": "09629aa6d88e3007946041ee5bb5e7fe743b3242efca3b1b8ea02df65fe0eb34"
  },
  "generation_seconds": 0.35872270801337436,
  "kernel_check_required": true,
  "heartbeats": "default",
  "compiler_threads": 1,
  "core_memory_limit_mib": 2048,
  "assembled_memory_limit_mib": 3072
}
