{
  "format": "THOMSON_UNTRUSTED_MERGED_GROUP_V1",
  "root": 3345364,
  "selection": "/Users/archiebrowne/source/Thomson/Thomson/GlobalCertificates/Production/selections/Node3345364.json",
  "selection_sha256": "7973b002b969679f9d5a40649780e8ab6002620858f77adb4dd0e84c8a77db38",
  "binary": "/Users/archiebrowne/source/Thomson/.lake/global-cover/search.bin",
  "binary_sha256": "6626a818d355868776501e252bbdafb97029a5a9ebe31122f3509e3e359020a4",
  "output_prefix": "Thomson.GlobalCertificates.Production.Node3345364",
  "module": "Thomson.GlobalCertificates.Production.Node3345364.Assembled",
  "namespace": "Thomson.Five.GlobalCertificates.Production.Node3345364.Assembled",
  "core": {
    "module": "Thomson.GlobalCertificates.Production.Node3345364.Core",
    "source": "Thomson/GlobalCertificates/Production/Node3345364/Core.lean",
    "source_sha256": "b659297657c36aa0ca077eaa6fdc0ee842e700fe554b25ab50c74fa2392ce6ef",
    "source_bytes": 3092769
  },
  "assembled": {
    "module": "Thomson.GlobalCertificates.Production.Node3345364.Assembled",
    "source": "Thomson/GlobalCertificates/Production/Node3345364/Assembled.lean",
    "source_sha256": "ccc40eae0514c890ace1227ff0b5b7941d6f416ba2bad158bc54a16304368353",
    "source_bytes": 331927
  },
  "core_source": "Thomson/GlobalCertificates/Production/Node3345364/Core.lean",
  "assembled_source": "Thomson/GlobalCertificates/Production/Node3345364/Assembled.lean",
  "core_module": "Thomson.GlobalCertificates.Production.Node3345364.Core",
  "assembled_module": "Thomson.GlobalCertificates.Production.Node3345364.Assembled",
  "boundary_modules": [],
  "nodes": 189,
  "leaf_kinds": {
    "0": 94,
    "3": 1,
    "6": 37,
    "8": 57
  },
  "families": {
    "contraction": {
      "nodes": 189,
      "actual": 13,
      "rounds": 13,
      "actions": 19
    }
  },
  "reference_topology_sha256": {
    "vertex": "09629aa6d88e3007946041ee5bb5e7fe743b3242efca3b1b8ea02df65fe0eb34",
    "gradient": "58c374fbc03eab01d7423cf8888185f1410a0c20be14044aa309678ec2e4216c",
    "pair": "65dfe5f05c0cab641b03d13ff573dc6bfa3f1d0fef0ed66dcd91cede0438a8ce"
  },
  "generation_seconds": 0.6857953749713488,
  "kernel_check_required": true,
  "heartbeats": "default",
  "compiler_threads": 1,
  "core_memory_limit_mib": 2048,
  "assembled_memory_limit_mib": 3072
}
