{
  "format": "THOMSON_UNTRUSTED_MERGED_GROUP_V1",
  "root": 3303291,
  "selection": "/Users/archiebrowne/source/Thomson/Thomson/GlobalCertificates/Production/selections/Node3303291.json",
  "selection_sha256": "ee91a423f77bd0550ed324eeddee84985eea779c92418e382faf120453d28eff",
  "binary": "/Users/archiebrowne/source/Thomson/.lake/global-cover/search.bin",
  "binary_sha256": "6626a818d355868776501e252bbdafb97029a5a9ebe31122f3509e3e359020a4",
  "output_prefix": "Thomson.GlobalCertificates.Production.Node3303291",
  "module": "Thomson.GlobalCertificates.Production.Node3303291.Assembled",
  "namespace": "Thomson.Five.GlobalCertificates.Production.Node3303291.Assembled",
  "core": {
    "module": "Thomson.GlobalCertificates.Production.Node3303291.Core",
    "source": "Thomson/GlobalCertificates/Production/Node3303291/Core.lean",
    "source_sha256": "ee00fc78419617b5c0fa81f99a856841e53ee1909b8ec7e488ea4867c5ea8afc",
    "source_bytes": 132999
  },
  "assembled": {
    "module": "Thomson.GlobalCertificates.Production.Node3303291.Assembled",
    "source": "Thomson/GlobalCertificates/Production/Node3303291/Assembled.lean",
    "source_sha256": "484d996398c6fc4f5ccf9cb1eb44cec235cd5bc7de84c4491b0efb8f51f708fa",
    "source_bytes": 33456
  },
  "core_source": "Thomson/GlobalCertificates/Production/Node3303291/Core.lean",
  "assembled_source": "Thomson/GlobalCertificates/Production/Node3303291/Assembled.lean",
  "core_module": "Thomson.GlobalCertificates.Production.Node3303291.Core",
  "assembled_module": "Thomson.GlobalCertificates.Production.Node3303291.Assembled",
  "boundary_modules": [],
  "nodes": 17,
  "leaf_kinds": {
    "0": 8,
    "3": 8,
    "6": 1
  },
  "families": {
    "contraction": {
      "nodes": 17,
      "actual": 9,
      "rounds": 17,
      "actions": 45
    }
  },
  "reference_topology_sha256": {
    "gradient": "58c374fbc03eab01d7423cf8888185f1410a0c20be14044aa309678ec2e4216c",
    "pair": "65dfe5f05c0cab641b03d13ff573dc6bfa3f1d0fef0ed66dcd91cede0438a8ce"
  },
  "generation_seconds": 0.029010165948420763,
  "kernel_check_required": true,
  "heartbeats": "default",
  "compiler_threads": 1,
  "core_memory_limit_mib": 2048,
  "assembled_memory_limit_mib": 3072
}
