{
  "format": "THOMSON_UNTRUSTED_MERGED_GROUP_V1",
  "root": 3289061,
  "selection": "/Users/archiebrowne/source/Thomson/Thomson/GlobalCertificates/Production/selections/Node3289061.json",
  "selection_sha256": "2d5d1f7e85a5699d65464030d539d66c88c5917a2b21275ef969574b6914e5d2",
  "binary": "/Users/archiebrowne/source/Thomson/.lake/global-cover/search.bin",
  "binary_sha256": "6626a818d355868776501e252bbdafb97029a5a9ebe31122f3509e3e359020a4",
  "output_prefix": "Thomson.GlobalCertificates.Production.Node3289061",
  "module": "Thomson.GlobalCertificates.Production.Node3289061.Assembled",
  "namespace": "Thomson.Five.GlobalCertificates.Production.Node3289061.Assembled",
  "core": {
    "module": "Thomson.GlobalCertificates.Production.Node3289061.Core",
    "source": "Thomson/GlobalCertificates/Production/Node3289061/Core.lean",
    "source_sha256": "ae6cc7cde7675c2d3df3ed5bea5d0ccf671740de7524d1a8d88fd6e4aa33d54b",
    "source_bytes": 183689
  },
  "assembled": {
    "module": "Thomson.GlobalCertificates.Production.Node3289061.Assembled",
    "source": "Thomson/GlobalCertificates/Production/Node3289061/Assembled.lean",
    "source_sha256": "b9d643aa94f610268af79a4832000dc761179603bbd82d68b15551df265a6707",
    "source_bytes": 13892
  },
  "core_source": "Thomson/GlobalCertificates/Production/Node3289061/Core.lean",
  "assembled_source": "Thomson/GlobalCertificates/Production/Node3289061/Assembled.lean",
  "core_module": "Thomson.GlobalCertificates.Production.Node3289061.Core",
  "assembled_module": "Thomson.GlobalCertificates.Production.Node3289061.Assembled",
  "boundary_modules": [],
  "nodes": 7,
  "leaf_kinds": {
    "0": 3,
    "8": 4
  },
  "families": {
    "contraction": {
      "nodes": 7,
      "actual": 0,
      "rounds": 0,
      "actions": 0
    }
  },
  "reference_topology_sha256": {
    "vertex": "09629aa6d88e3007946041ee5bb5e7fe743b3242efca3b1b8ea02df65fe0eb34"
  },
  "generation_seconds": 0.04585858300561085,
  "kernel_check_required": true,
  "heartbeats": "default",
  "compiler_threads": 1,
  "core_memory_limit_mib": 2048,
  "assembled_memory_limit_mib": 3072
}
