{
  "format": "THOMSON_UNTRUSTED_MERGED_GROUP_V1",
  "root": 3372193,
  "selection": "/Users/archiebrowne/source/Thomson/Thomson/GlobalCertificates/Production/selections/Node3372193.json",
  "selection_sha256": "4e27266bd2aebf7522999c813a456dd4dfd05786d42f31a326328ffa9600759c",
  "binary": "/Users/archiebrowne/source/Thomson/.lake/global-cover/search.bin",
  "binary_sha256": "6626a818d355868776501e252bbdafb97029a5a9ebe31122f3509e3e359020a4",
  "output_prefix": "Thomson.GlobalCertificates.Production.Node3372193",
  "module": "Thomson.GlobalCertificates.Production.Node3372193.Assembled",
  "namespace": "Thomson.Five.GlobalCertificates.Production.Node3372193.Assembled",
  "core": {
    "module": "Thomson.GlobalCertificates.Production.Node3372193.Core",
    "source": "Thomson/GlobalCertificates/Production/Node3372193/Core.lean",
    "source_sha256": "40a9fc3ec3513fb5ff25c76cdcfee39e6523b43c8936064a5f88326c2b7dbf5b",
    "source_bytes": 2738282
  },
  "assembled": {
    "module": "Thomson.GlobalCertificates.Production.Node3372193.Assembled",
    "source": "Thomson/GlobalCertificates/Production/Node3372193/Assembled.lean",
    "source_sha256": "7db34def2c564c28d11248b05c3284586758af14c67e8ac1e5220a4649bfb5e1",
    "source_bytes": 217853
  },
  "core_source": "Thomson/GlobalCertificates/Production/Node3372193/Core.lean",
  "assembled_source": "Thomson/GlobalCertificates/Production/Node3372193/Assembled.lean",
  "core_module": "Thomson.GlobalCertificates.Production.Node3372193.Core",
  "assembled_module": "Thomson.GlobalCertificates.Production.Node3372193.Assembled",
  "boundary_modules": [],
  "nodes": 123,
  "leaf_kinds": {
    "0": 61,
    "6": 5,
    "8": 57
  },
  "families": {
    "contraction": {
      "nodes": 123,
      "actual": 27,
      "rounds": 27,
      "actions": 29
    }
  },
  "reference_topology_sha256": {
    "vertex": "09629aa6d88e3007946041ee5bb5e7fe743b3242efca3b1b8ea02df65fe0eb34",
    "gradient": "58c374fbc03eab01d7423cf8888185f1410a0c20be14044aa309678ec2e4216c"
  },
  "generation_seconds": 0.6236081660026684,
  "kernel_check_required": true,
  "heartbeats": "default",
  "compiler_threads": 1,
  "core_memory_limit_mib": 2048,
  "assembled_memory_limit_mib": 3072
}
