{
  "format": "THOMSON_UNTRUSTED_MERGED_GROUP_V1",
  "root": 3301934,
  "selection": "/Users/archiebrowne/source/Thomson/Thomson/GlobalCertificates/Production/selections/Node3301934.json",
  "selection_sha256": "cfd05f493b0d1eeebe35066060c49b8f78eb0ad586fc83a5b193ba19761f62a5",
  "binary": "/Users/archiebrowne/source/Thomson/.lake/global-cover/search.bin",
  "binary_sha256": "6626a818d355868776501e252bbdafb97029a5a9ebe31122f3509e3e359020a4",
  "output_prefix": "Thomson.GlobalCertificates.Production.Node3301934",
  "module": "Thomson.GlobalCertificates.Production.Node3301934.Assembled",
  "namespace": "Thomson.Five.GlobalCertificates.Production.Node3301934.Assembled",
  "core": {
    "module": "Thomson.GlobalCertificates.Production.Node3301934.Core",
    "source": "Thomson/GlobalCertificates/Production/Node3301934/Core.lean",
    "source_sha256": "00c493ff0e43a60e8ca3121b6465705b1055aaeebd13ba528c057d8da7f5c16c",
    "source_bytes": 3371005
  },
  "assembled": {
    "module": "Thomson.GlobalCertificates.Production.Node3301934.Assembled",
    "source": "Thomson/GlobalCertificates/Production/Node3301934/Assembled.lean",
    "source_sha256": "b233b32ac58dedc991ed9d280759e05c27569dd4fe1e483653a7bd25ea3ede45",
    "source_bytes": 263603
  },
  "core_source": "Thomson/GlobalCertificates/Production/Node3301934/Core.lean",
  "assembled_source": "Thomson/GlobalCertificates/Production/Node3301934/Assembled.lean",
  "core_module": "Thomson.GlobalCertificates.Production.Node3301934.Core",
  "assembled_module": "Thomson.GlobalCertificates.Production.Node3301934.Assembled",
  "boundary_modules": [],
  "nodes": 149,
  "leaf_kinds": {
    "0": 74,
    "2": 1,
    "6": 3,
    "8": 71
  },
  "families": {
    "contraction": {
      "nodes": 149,
      "actual": 35,
      "rounds": 35,
      "actions": 41
    },
    "rejection": {
      "leaves": 1,
      "rounds": 0,
      "actions": 0
    }
  },
  "reference_topology_sha256": {
    "vertex": "09629aa6d88e3007946041ee5bb5e7fe743b3242efca3b1b8ea02df65fe0eb34",
    "gradient": "58c374fbc03eab01d7423cf8888185f1410a0c20be14044aa309678ec2e4216c"
  },
  "generation_seconds": 0.8010479169897735,
  "kernel_check_required": true,
  "heartbeats": "default",
  "compiler_threads": 1,
  "core_memory_limit_mib": 2048,
  "assembled_memory_limit_mib": 3072
}
