{
  "format": "THOMSON_UNTRUSTED_MERGED_GROUP_V1",
  "root": 3378394,
  "selection": "/Users/archiebrowne/source/Thomson/Thomson/GlobalCertificates/Production/selections/Node3378394.json",
  "selection_sha256": "8518bf3788ae4c305f4f72038be0b9619559b23fb11ef5aaac15206e030b15f5",
  "binary": "/Users/archiebrowne/source/Thomson/.lake/global-cover/search.bin",
  "binary_sha256": "6626a818d355868776501e252bbdafb97029a5a9ebe31122f3509e3e359020a4",
  "output_prefix": "Thomson.GlobalCertificates.Production.Node3378394",
  "module": "Thomson.GlobalCertificates.Production.Node3378394.Assembled",
  "namespace": "Thomson.Five.GlobalCertificates.Production.Node3378394.Assembled",
  "core": {
    "module": "Thomson.GlobalCertificates.Production.Node3378394.Core",
    "source": "Thomson/GlobalCertificates/Production/Node3378394/Core.lean",
    "source_sha256": "2bf0b3edb8a97efe334d5a486f6f55d7d036f51e98e96f0836b868fc03052c70",
    "source_bytes": 1357567
  },
  "assembled": {
    "module": "Thomson.GlobalCertificates.Production.Node3378394.Assembled",
    "source": "Thomson/GlobalCertificates/Production/Node3378394/Assembled.lean",
    "source_sha256": "d8d12ce562a79c011c7f104e239bd43bb5d3233dbf7991fd889b85dd47c34fb6",
    "source_bytes": 230984
  },
  "core_source": "Thomson/GlobalCertificates/Production/Node3378394/Core.lean",
  "assembled_source": "Thomson/GlobalCertificates/Production/Node3378394/Assembled.lean",
  "core_module": "Thomson.GlobalCertificates.Production.Node3378394.Core",
  "assembled_module": "Thomson.GlobalCertificates.Production.Node3378394.Assembled",
  "boundary_modules": [],
  "nodes": 129,
  "leaf_kinds": {
    "0": 64,
    "3": 3,
    "6": 47,
    "8": 15
  },
  "families": {
    "contraction": {
      "nodes": 129,
      "actual": 51,
      "rounds": 55,
      "actions": 100
    }
  },
  "reference_topology_sha256": {
    "vertex": "09629aa6d88e3007946041ee5bb5e7fe743b3242efca3b1b8ea02df65fe0eb34",
    "gradient": "58c374fbc03eab01d7423cf8888185f1410a0c20be14044aa309678ec2e4216c",
    "pair": "65dfe5f05c0cab641b03d13ff573dc6bfa3f1d0fef0ed66dcd91cede0438a8ce"
  },
  "generation_seconds": 0.30376183398766443,
  "kernel_check_required": true,
  "heartbeats": "default",
  "compiler_threads": 1,
  "core_memory_limit_mib": 2048,
  "assembled_memory_limit_mib": 3072
}
