{
  "format": "THOMSON_UNTRUSTED_MERGED_GROUP_V1",
  "root": 3380729,
  "selection": "/Users/archiebrowne/source/Thomson/Thomson/GlobalCertificates/Production/selections/Node3380729.json",
  "selection_sha256": "0cf64622939969fb6eb51e729df64267ba4ebf5f36ad91ce673f5e47a1677016",
  "binary": "/Users/archiebrowne/source/Thomson/.lake/global-cover/search.bin",
  "binary_sha256": "6626a818d355868776501e252bbdafb97029a5a9ebe31122f3509e3e359020a4",
  "output_prefix": "Thomson.GlobalCertificates.Production.Node3380729",
  "module": "Thomson.GlobalCertificates.Production.Node3380729.Assembled",
  "namespace": "Thomson.Five.GlobalCertificates.Production.Node3380729.Assembled",
  "core": {
    "module": "Thomson.GlobalCertificates.Production.Node3380729.Core",
    "source": "Thomson/GlobalCertificates/Production/Node3380729/Core.lean",
    "source_sha256": "63d34e1b917aa2ff7d64142f9f55263fe6140775de6c9993577a3415dd08dc1a",
    "source_bytes": 307366
  },
  "assembled": {
    "module": "Thomson.GlobalCertificates.Production.Node3380729.Assembled",
    "source": "Thomson/GlobalCertificates/Production/Node3380729/Assembled.lean",
    "source_sha256": "1c38d4b604bdf84f72d124304a2192d3882d2f3c72bc964b5f442b0ba2ec8ae6",
    "source_bytes": 80052
  },
  "core_source": "Thomson/GlobalCertificates/Production/Node3380729/Core.lean",
  "assembled_source": "Thomson/GlobalCertificates/Production/Node3380729/Assembled.lean",
  "core_module": "Thomson.GlobalCertificates.Production.Node3380729.Core",
  "assembled_module": "Thomson.GlobalCertificates.Production.Node3380729.Assembled",
  "boundary_modules": [],
  "nodes": 43,
  "leaf_kinds": {
    "0": 21,
    "3": 11,
    "6": 11
  },
  "families": {
    "contraction": {
      "nodes": 43,
      "actual": 22,
      "rounds": 28,
      "actions": 95
    }
  },
  "reference_topology_sha256": {
    "gradient": "58c374fbc03eab01d7423cf8888185f1410a0c20be14044aa309678ec2e4216c",
    "pair": "65dfe5f05c0cab641b03d13ff573dc6bfa3f1d0fef0ed66dcd91cede0438a8ce"
  },
  "generation_seconds": 0.05478658399078995,
  "kernel_check_required": true,
  "heartbeats": "default",
  "compiler_threads": 1,
  "core_memory_limit_mib": 2048,
  "assembled_memory_limit_mib": 3072
}
