{
  "format": "THOMSON_UNTRUSTED_MERGED_GROUP_V1",
  "root": 3300013,
  "selection": "/Users/archiebrowne/source/Thomson/Thomson/GlobalCertificates/Production/selections/Node3300013.json",
  "selection_sha256": "6cd1bd85b4a19e0ab6552496f281554b6050c9ebf73684fda4d92c3944d18f4b",
  "binary": "/Users/archiebrowne/source/Thomson/.lake/global-cover/search.bin",
  "binary_sha256": "6626a818d355868776501e252bbdafb97029a5a9ebe31122f3509e3e359020a4",
  "output_prefix": "Thomson.GlobalCertificates.Production.Node3300013",
  "module": "Thomson.GlobalCertificates.Production.Node3300013.Assembled",
  "namespace": "Thomson.Five.GlobalCertificates.Production.Node3300013.Assembled",
  "core": {
    "module": "Thomson.GlobalCertificates.Production.Node3300013.Core",
    "source": "Thomson/GlobalCertificates/Production/Node3300013/Core.lean",
    "source_sha256": "ad95b2be18ec9aab935e447e98cfd93ba6713f47057fce02a1eb255e67b71bf4",
    "source_bytes": 1449291
  },
  "assembled": {
    "module": "Thomson.GlobalCertificates.Production.Node3300013.Assembled",
    "source": "Thomson/GlobalCertificates/Production/Node3300013/Assembled.lean",
    "source_sha256": "2dc69e55f736ea3fe6e19257a999c928a68530c5f59d23cb2848635f58099fe3",
    "source_bytes": 107933
  },
  "core_source": "Thomson/GlobalCertificates/Production/Node3300013/Core.lean",
  "assembled_source": "Thomson/GlobalCertificates/Production/Node3300013/Assembled.lean",
  "core_module": "Thomson.GlobalCertificates.Production.Node3300013.Core",
  "assembled_module": "Thomson.GlobalCertificates.Production.Node3300013.Assembled",
  "boundary_modules": [],
  "nodes": 61,
  "leaf_kinds": {
    "0": 30,
    "8": 31
  },
  "families": {
    "contraction": {
      "nodes": 61,
      "actual": 11,
      "rounds": 11,
      "actions": 11
    }
  },
  "reference_topology_sha256": {
    "vertex": "09629aa6d88e3007946041ee5bb5e7fe743b3242efca3b1b8ea02df65fe0eb34"
  },
  "generation_seconds": 0.38204387499717996,
  "kernel_check_required": true,
  "heartbeats": "default",
  "compiler_threads": 1,
  "core_memory_limit_mib": 2048,
  "assembled_memory_limit_mib": 3072
}
