{
  "format": "THOMSON_UNTRUSTED_MERGED_GROUP_V1",
  "root": 3346771,
  "selection": "/Users/archiebrowne/source/Thomson/Thomson/GlobalCertificates/Production/selections/Node3346771.json",
  "selection_sha256": "6469356d3abbee9a49bc891232220032e7c75dbfb745a285325950d5a974d6cb",
  "binary": "/Users/archiebrowne/source/Thomson/.lake/global-cover/search.bin",
  "binary_sha256": "6626a818d355868776501e252bbdafb97029a5a9ebe31122f3509e3e359020a4",
  "output_prefix": "Thomson.GlobalCertificates.Production.Node3346771",
  "module": "Thomson.GlobalCertificates.Production.Node3346771.Assembled",
  "namespace": "Thomson.Five.GlobalCertificates.Production.Node3346771.Assembled",
  "core": {
    "module": "Thomson.GlobalCertificates.Production.Node3346771.Core",
    "source": "Thomson/GlobalCertificates/Production/Node3346771/Core.lean",
    "source_sha256": "320e908ed2c9880da062dda4c1f88d8a2691a39b753c6a3709b58e1d0a3245a4",
    "source_bytes": 1677337
  },
  "assembled": {
    "module": "Thomson.GlobalCertificates.Production.Node3346771.Assembled",
    "source": "Thomson/GlobalCertificates/Production/Node3346771/Assembled.lean",
    "source_sha256": "f5b8f3283b5e1d0fc0abf2abe55a4b45d42dae45282a77e29ba45ca0d2ad88b1",
    "source_bytes": 131191
  },
  "core_source": "Thomson/GlobalCertificates/Production/Node3346771/Core.lean",
  "assembled_source": "Thomson/GlobalCertificates/Production/Node3346771/Assembled.lean",
  "core_module": "Thomson.GlobalCertificates.Production.Node3346771.Core",
  "assembled_module": "Thomson.GlobalCertificates.Production.Node3346771.Assembled",
  "boundary_modules": [],
  "nodes": 73,
  "leaf_kinds": {
    "0": 36,
    "6": 2,
    "8": 35
  },
  "families": {
    "contraction": {
      "nodes": 73,
      "actual": 18,
      "rounds": 18,
      "actions": 29
    }
  },
  "reference_topology_sha256": {
    "vertex": "09629aa6d88e3007946041ee5bb5e7fe743b3242efca3b1b8ea02df65fe0eb34",
    "gradient": "58c374fbc03eab01d7423cf8888185f1410a0c20be14044aa309678ec2e4216c"
  },
  "generation_seconds": 0.3660270000109449,
  "kernel_check_required": true,
  "heartbeats": "default",
  "compiler_threads": 1,
  "core_memory_limit_mib": 2048,
  "assembled_memory_limit_mib": 3072
}
