{
  "format": "THOMSON_UNTRUSTED_MERGED_GROUP_V1",
  "root": 3294089,
  "selection": "/Users/archiebrowne/source/Thomson/Thomson/GlobalCertificates/Production/selections/Node3294089.json",
  "selection_sha256": "9bac1ce42c656e6dde8e030af0cafaa0bdf3e0a4092df3c772f34b9ce95c9dc9",
  "binary": "/Users/archiebrowne/source/Thomson/.lake/global-cover/search.bin",
  "binary_sha256": "6626a818d355868776501e252bbdafb97029a5a9ebe31122f3509e3e359020a4",
  "output_prefix": "Thomson.GlobalCertificates.Production.Node3294089",
  "module": "Thomson.GlobalCertificates.Production.Node3294089.Assembled",
  "namespace": "Thomson.Five.GlobalCertificates.Production.Node3294089.Assembled",
  "core": {
    "module": "Thomson.GlobalCertificates.Production.Node3294089.Core",
    "source": "Thomson/GlobalCertificates/Production/Node3294089/Core.lean",
    "source_sha256": "1005aa6c25fcfbc01337c84abf953b6ce6984f607dc439b015e7715b6cfbcf56",
    "source_bytes": 923036
  },
  "assembled": {
    "module": "Thomson.GlobalCertificates.Production.Node3294089.Assembled",
    "source": "Thomson/GlobalCertificates/Production/Node3294089/Assembled.lean",
    "source_sha256": "d2cb748bc88e33c46d11b0a05ff48db5302516d3b3685a2ee31b3a7da84aba35",
    "source_bytes": 70731
  },
  "core_source": "Thomson/GlobalCertificates/Production/Node3294089/Core.lean",
  "assembled_source": "Thomson/GlobalCertificates/Production/Node3294089/Assembled.lean",
  "core_module": "Thomson.GlobalCertificates.Production.Node3294089.Core",
  "assembled_module": "Thomson.GlobalCertificates.Production.Node3294089.Assembled",
  "boundary_modules": [],
  "nodes": 39,
  "leaf_kinds": {
    "0": 19,
    "8": 20
  },
  "families": {
    "contraction": {
      "nodes": 39,
      "actual": 0,
      "rounds": 0,
      "actions": 0
    }
  },
  "reference_topology_sha256": {
    "vertex": "09629aa6d88e3007946041ee5bb5e7fe743b3242efca3b1b8ea02df65fe0eb34"
  },
  "generation_seconds": 0.2069855839945376,
  "kernel_check_required": true,
  "heartbeats": "default",
  "compiler_threads": 1,
  "core_memory_limit_mib": 2048,
  "assembled_memory_limit_mib": 3072
}
