{
  "format": "THOMSON_UNTRUSTED_MERGED_GROUP_V1",
  "root": 3350727,
  "selection": "/Users/archiebrowne/source/Thomson/Thomson/GlobalCertificates/Production/selections/Node3350727.json",
  "selection_sha256": "19c781ef6a5232cf0a3a55fe4b7c1a7d60ad2795b777f9ab9ba60145342530e2",
  "binary": "/Users/archiebrowne/source/Thomson/.lake/global-cover/search.bin",
  "binary_sha256": "6626a818d355868776501e252bbdafb97029a5a9ebe31122f3509e3e359020a4",
  "output_prefix": "Thomson.GlobalCertificates.Production.Node3350727",
  "module": "Thomson.GlobalCertificates.Production.Node3350727.Assembled",
  "namespace": "Thomson.Five.GlobalCertificates.Production.Node3350727.Assembled",
  "core": {
    "module": "Thomson.GlobalCertificates.Production.Node3350727.Core",
    "source": "Thomson/GlobalCertificates/Production/Node3350727/Core.lean",
    "source_sha256": "068a99680fef88270f9b1a9afe66aae20a43f8706d01db853ed702f6c5a3be98",
    "source_bytes": 171068
  },
  "assembled": {
    "module": "Thomson.GlobalCertificates.Production.Node3350727.Assembled",
    "source": "Thomson/GlobalCertificates/Production/Node3350727/Assembled.lean",
    "source_sha256": "0894b89b2ab5cbe3b9f21b0d82a7275aafac273a8f7f6992126ca3a1f4821672",
    "source_bytes": 49957
  },
  "core_source": "Thomson/GlobalCertificates/Production/Node3350727/Core.lean",
  "assembled_source": "Thomson/GlobalCertificates/Production/Node3350727/Assembled.lean",
  "core_module": "Thomson.GlobalCertificates.Production.Node3350727.Core",
  "assembled_module": "Thomson.GlobalCertificates.Production.Node3350727.Assembled",
  "boundary_modules": [],
  "nodes": 27,
  "leaf_kinds": {
    "0": 13,
    "3": 13,
    "6": 1
  },
  "families": {
    "contraction": {
      "nodes": 27,
      "actual": 8,
      "rounds": 8,
      "actions": 13
    }
  },
  "reference_topology_sha256": {
    "gradient": "58c374fbc03eab01d7423cf8888185f1410a0c20be14044aa309678ec2e4216c",
    "pair": "65dfe5f05c0cab641b03d13ff573dc6bfa3f1d0fef0ed66dcd91cede0438a8ce"
  },
  "generation_seconds": 0.02793666598154232,
  "kernel_check_required": true,
  "heartbeats": "default",
  "compiler_threads": 1,
  "core_memory_limit_mib": 2048,
  "assembled_memory_limit_mib": 3072
}
