{
  "format": "THOMSON_UNTRUSTED_MERGED_GROUP_V1",
  "root": 3315634,
  "selection": "/Users/archiebrowne/source/Thomson/Thomson/GlobalCertificates/Production/selections/Node3315634.json",
  "selection_sha256": "3f7a9ef6fa607bdda5877da8e28864e45e724ed5fee5374526429149826a7653",
  "binary": "/Users/archiebrowne/source/Thomson/.lake/global-cover/search.bin",
  "binary_sha256": "6626a818d355868776501e252bbdafb97029a5a9ebe31122f3509e3e359020a4",
  "output_prefix": "Thomson.GlobalCertificates.Production.Node3315634",
  "module": "Thomson.GlobalCertificates.Production.Node3315634.Assembled",
  "namespace": "Thomson.Five.GlobalCertificates.Production.Node3315634.Assembled",
  "core": {
    "module": "Thomson.GlobalCertificates.Production.Node3315634.Core",
    "source": "Thomson/GlobalCertificates/Production/Node3315634/Core.lean",
    "source_sha256": "0de3e4124356e742a1f508b6ad1ecaf9f3b0ff074e3586fc685cce56e9c09c54",
    "source_bytes": 141606
  },
  "assembled": {
    "module": "Thomson.GlobalCertificates.Production.Node3315634.Assembled",
    "source": "Thomson/GlobalCertificates/Production/Node3315634/Assembled.lean",
    "source_sha256": "13f97801edb02a310a79a859d53abbec65970b31f5fe0978e715d9f366764b71",
    "source_bytes": 41011
  },
  "core_source": "Thomson/GlobalCertificates/Production/Node3315634/Core.lean",
  "assembled_source": "Thomson/GlobalCertificates/Production/Node3315634/Assembled.lean",
  "core_module": "Thomson.GlobalCertificates.Production.Node3315634.Core",
  "assembled_module": "Thomson.GlobalCertificates.Production.Node3315634.Assembled",
  "boundary_modules": [],
  "nodes": 23,
  "leaf_kinds": {
    "0": 11,
    "3": 12
  },
  "families": {
    "contraction": {
      "nodes": 23,
      "actual": 6,
      "rounds": 6,
      "actions": 8
    }
  },
  "reference_topology_sha256": {
    "pair": "65dfe5f05c0cab641b03d13ff573dc6bfa3f1d0fef0ed66dcd91cede0438a8ce"
  },
  "generation_seconds": 0.05431937501998618,
  "kernel_check_required": true,
  "heartbeats": "default",
  "compiler_threads": 1,
  "core_memory_limit_mib": 2048,
  "assembled_memory_limit_mib": 3072
}
