{
  "format": "THOMSON_UNTRUSTED_MERGED_GROUP_V1",
  "root": 3333787,
  "selection": "/Users/archiebrowne/source/Thomson/Thomson/GlobalCertificates/Production/selections/Node3333787.json",
  "selection_sha256": "63c71ec965da29ed70899cd26946c6221949c8123849bf10e8c74cd980ad5fe2",
  "binary": "/Users/archiebrowne/source/Thomson/.lake/global-cover/search.bin",
  "binary_sha256": "6626a818d355868776501e252bbdafb97029a5a9ebe31122f3509e3e359020a4",
  "output_prefix": "Thomson.GlobalCertificates.Production.Node3333787",
  "module": "Thomson.GlobalCertificates.Production.Node3333787.Assembled",
  "namespace": "Thomson.Five.GlobalCertificates.Production.Node3333787.Assembled",
  "core": {
    "module": "Thomson.GlobalCertificates.Production.Node3333787.Core",
    "source": "Thomson/GlobalCertificates/Production/Node3333787/Core.lean",
    "source_sha256": "afc3c480ef30ac83c9e8912a879faef9c25cdbfc5eb0cb739ce685091507cdc1",
    "source_bytes": 1363758
  },
  "assembled": {
    "module": "Thomson.GlobalCertificates.Production.Node3333787.Assembled",
    "source": "Thomson/GlobalCertificates/Production/Node3333787/Assembled.lean",
    "source_sha256": "9273530c0c1f6bd22df6a0d726ce49271383c368afafb294de93033423724e63",
    "source_bytes": 225121
  },
  "core_source": "Thomson/GlobalCertificates/Production/Node3333787/Core.lean",
  "assembled_source": "Thomson/GlobalCertificates/Production/Node3333787/Assembled.lean",
  "core_module": "Thomson.GlobalCertificates.Production.Node3333787.Core",
  "assembled_module": "Thomson.GlobalCertificates.Production.Node3333787.Assembled",
  "boundary_modules": [],
  "nodes": 123,
  "leaf_kinds": {
    "0": 61,
    "3": 16,
    "6": 29,
    "8": 17
  },
  "families": {
    "contraction": {
      "nodes": 123,
      "actual": 26,
      "rounds": 34,
      "actions": 34
    }
  },
  "reference_topology_sha256": {
    "vertex": "09629aa6d88e3007946041ee5bb5e7fe743b3242efca3b1b8ea02df65fe0eb34",
    "gradient": "58c374fbc03eab01d7423cf8888185f1410a0c20be14044aa309678ec2e4216c",
    "pair": "65dfe5f05c0cab641b03d13ff573dc6bfa3f1d0fef0ed66dcd91cede0438a8ce"
  },
  "generation_seconds": 0.24569512496236712,
  "kernel_check_required": true,
  "heartbeats": "default",
  "compiler_threads": 1,
  "core_memory_limit_mib": 2048,
  "assembled_memory_limit_mib": 3072
}
