{
  "format": "THOMSON_UNTRUSTED_MERGED_GROUP_V1",
  "root": 3327932,
  "selection": "/Users/archiebrowne/source/Thomson/Thomson/GlobalCertificates/Production/selections/Node3327932.json",
  "selection_sha256": "7ceeb5e4e2bfaf788c700aac948b34ad21f8f8e4b80bccf8b9d6ae23a55c584f",
  "binary": "/Users/archiebrowne/source/Thomson/.lake/global-cover/search.bin",
  "binary_sha256": "6626a818d355868776501e252bbdafb97029a5a9ebe31122f3509e3e359020a4",
  "output_prefix": "Thomson.GlobalCertificates.Production.Node3327932",
  "module": "Thomson.GlobalCertificates.Production.Node3327932.Assembled",
  "namespace": "Thomson.Five.GlobalCertificates.Production.Node3327932.Assembled",
  "core": {
    "module": "Thomson.GlobalCertificates.Production.Node3327932.Core",
    "source": "Thomson/GlobalCertificates/Production/Node3327932/Core.lean",
    "source_sha256": "144fc113d1c05c3ab097a2315285c9ce580b7496d599ea0440ff218752eba4a8",
    "source_bytes": 4332228
  },
  "assembled": {
    "module": "Thomson.GlobalCertificates.Production.Node3327932.Assembled",
    "source": "Thomson/GlobalCertificates/Production/Node3327932/Assembled.lean",
    "source_sha256": "ba3d7a8268824ca999e1a649f606fe317ea256aaa7485a087a89d52517846f2d",
    "source_bytes": 335178
  },
  "core_source": "Thomson/GlobalCertificates/Production/Node3327932/Core.lean",
  "assembled_source": "Thomson/GlobalCertificates/Production/Node3327932/Assembled.lean",
  "core_module": "Thomson.GlobalCertificates.Production.Node3327932.Core",
  "assembled_module": "Thomson.GlobalCertificates.Production.Node3327932.Assembled",
  "boundary_modules": [],
  "nodes": 195,
  "leaf_kinds": {
    "0": 97,
    "6": 8,
    "8": 90
  },
  "families": {
    "contraction": {
      "nodes": 195,
      "actual": 60,
      "rounds": 60,
      "actions": 60
    }
  },
  "reference_topology_sha256": {
    "vertex": "09629aa6d88e3007946041ee5bb5e7fe743b3242efca3b1b8ea02df65fe0eb34",
    "gradient": "58c374fbc03eab01d7423cf8888185f1410a0c20be14044aa309678ec2e4216c"
  },
  "generation_seconds": 1.289932375017088,
  "kernel_check_required": true,
  "heartbeats": "default",
  "compiler_threads": 1,
  "core_memory_limit_mib": 2048,
  "assembled_memory_limit_mib": 3072
}
