{
  "format": "THOMSON_UNTRUSTED_MERGED_GROUP_V1",
  "root": 3307880,
  "selection": "/Users/archiebrowne/source/Thomson/Thomson/GlobalCertificates/Production/selections/Node3307880.json",
  "selection_sha256": "038fc37ae0263a229687c999f1bd3cacb3ce76248af7c425d35005db01a34612",
  "binary": "/Users/archiebrowne/source/Thomson/.lake/global-cover/search.bin",
  "binary_sha256": "6626a818d355868776501e252bbdafb97029a5a9ebe31122f3509e3e359020a4",
  "output_prefix": "Thomson.GlobalCertificates.Production.Node3307880",
  "module": "Thomson.GlobalCertificates.Production.Node3307880.Assembled",
  "namespace": "Thomson.Five.GlobalCertificates.Production.Node3307880.Assembled",
  "core": {
    "module": "Thomson.GlobalCertificates.Production.Node3307880.Core",
    "source": "Thomson/GlobalCertificates/Production/Node3307880/Core.lean",
    "source_sha256": "76a36b92ebd27634e95550466a78fef9460e5a6bc69fedc95fb09431cc91898f",
    "source_bytes": 2425588
  },
  "assembled": {
    "module": "Thomson.GlobalCertificates.Production.Node3307880.Assembled",
    "source": "Thomson/GlobalCertificates/Production/Node3307880/Assembled.lean",
    "source_sha256": "5685ba312cdf0296788cac484824f556d0caa649345e0c0007bd6250db48e8d7",
    "source_bytes": 375405
  },
  "core_source": "Thomson/GlobalCertificates/Production/Node3307880/Core.lean",
  "assembled_source": "Thomson/GlobalCertificates/Production/Node3307880/Assembled.lean",
  "core_module": "Thomson.GlobalCertificates.Production.Node3307880.Core",
  "assembled_module": "Thomson.GlobalCertificates.Production.Node3307880.Assembled",
  "boundary_modules": [],
  "nodes": 211,
  "leaf_kinds": {
    "0": 105,
    "3": 49,
    "6": 23,
    "8": 34
  },
  "families": {
    "contraction": {
      "nodes": 211,
      "actual": 8,
      "rounds": 8,
      "actions": 8
    }
  },
  "reference_topology_sha256": {
    "vertex": "09629aa6d88e3007946041ee5bb5e7fe743b3242efca3b1b8ea02df65fe0eb34",
    "gradient": "58c374fbc03eab01d7423cf8888185f1410a0c20be14044aa309678ec2e4216c",
    "pair": "65dfe5f05c0cab641b03d13ff573dc6bfa3f1d0fef0ed66dcd91cede0438a8ce"
  },
  "generation_seconds": 0.6478611250058748,
  "kernel_check_required": true,
  "heartbeats": "default",
  "compiler_threads": 1,
  "core_memory_limit_mib": 2048,
  "assembled_memory_limit_mib": 3072
}
