{
  "format": "THOMSON_UNTRUSTED_MERGED_GROUP_V1",
  "root": 3284787,
  "selection": "/Users/archiebrowne/source/Thomson/Thomson/GlobalCertificates/Production/selections/Node3284787.json",
  "selection_sha256": "11d566da4ed27f09191bac9b73882cfec61c88fc067a84c8727c355bb4a3cd04",
  "binary": "/Users/archiebrowne/source/Thomson/.lake/global-cover/search.bin",
  "binary_sha256": "6626a818d355868776501e252bbdafb97029a5a9ebe31122f3509e3e359020a4",
  "output_prefix": "Thomson.GlobalCertificates.Production.Node3284787",
  "module": "Thomson.GlobalCertificates.Production.Node3284787.Assembled",
  "namespace": "Thomson.Five.GlobalCertificates.Production.Node3284787.Assembled",
  "core": {
    "module": "Thomson.GlobalCertificates.Production.Node3284787.Core",
    "source": "Thomson/GlobalCertificates/Production/Node3284787/Core.lean",
    "source_sha256": "b583b5c3ca7ce3826713fb163e6e4bde45a29049cbf750637ce92fe29f2e245b",
    "source_bytes": 691248
  },
  "assembled": {
    "module": "Thomson.GlobalCertificates.Production.Node3284787.Assembled",
    "source": "Thomson/GlobalCertificates/Production/Node3284787/Assembled.lean",
    "source_sha256": "89f3d6136f0718734bcc1c8d4679c4b3fe081ca815252dc60ded8ce69e45b1d4",
    "source_bytes": 52502
  },
  "core_source": "Thomson/GlobalCertificates/Production/Node3284787/Core.lean",
  "assembled_source": "Thomson/GlobalCertificates/Production/Node3284787/Assembled.lean",
  "core_module": "Thomson.GlobalCertificates.Production.Node3284787.Core",
  "assembled_module": "Thomson.GlobalCertificates.Production.Node3284787.Assembled",
  "boundary_modules": [],
  "nodes": 29,
  "leaf_kinds": {
    "0": 14,
    "8": 15
  },
  "families": {
    "contraction": {
      "nodes": 29,
      "actual": 1,
      "rounds": 1,
      "actions": 1
    }
  },
  "reference_topology_sha256": {
    "vertex": "09629aa6d88e3007946041ee5bb5e7fe743b3242efca3b1b8ea02df65fe0eb34"
  },
  "generation_seconds": 0.46436545898905024,
  "kernel_check_required": true,
  "heartbeats": "default",
  "compiler_threads": 1,
  "core_memory_limit_mib": 2048,
  "assembled_memory_limit_mib": 3072
}
