{
  "format": "THOMSON_UNTRUSTED_MERGED_GROUP_V1",
  "root": 3311641,
  "selection": "/Users/archiebrowne/source/Thomson/Thomson/GlobalCertificates/Production/selections/Node3311641.json",
  "selection_sha256": "b32381995f10bf712e5303fb0ab4ff3fefcde9af181f8feb9772f8d0c2b57d90",
  "binary": "/Users/archiebrowne/source/Thomson/.lake/global-cover/search.bin",
  "binary_sha256": "6626a818d355868776501e252bbdafb97029a5a9ebe31122f3509e3e359020a4",
  "output_prefix": "Thomson.GlobalCertificates.Production.Node3311641",
  "module": "Thomson.GlobalCertificates.Production.Node3311641.Assembled",
  "namespace": "Thomson.Five.GlobalCertificates.Production.Node3311641.Assembled",
  "core": {
    "module": "Thomson.GlobalCertificates.Production.Node3311641.Core",
    "source": "Thomson/GlobalCertificates/Production/Node3311641/Core.lean",
    "source_sha256": "6d79924b114591de49a995b531f85c0ddd01e953c6980154962c93d2178aa2dc",
    "source_bytes": 968547
  },
  "assembled": {
    "module": "Thomson.GlobalCertificates.Production.Node3311641.Assembled",
    "source": "Thomson/GlobalCertificates/Production/Node3311641/Assembled.lean",
    "source_sha256": "a38f5d5bebe0d2f991edf48df62e8978ffe1c9524a60672e4d8f8cdec07a4c5c",
    "source_bytes": 186610
  },
  "core_source": "Thomson/GlobalCertificates/Production/Node3311641/Core.lean",
  "assembled_source": "Thomson/GlobalCertificates/Production/Node3311641/Assembled.lean",
  "core_module": "Thomson.GlobalCertificates.Production.Node3311641.Core",
  "assembled_module": "Thomson.GlobalCertificates.Production.Node3311641.Assembled",
  "boundary_modules": [],
  "nodes": 103,
  "leaf_kinds": {
    "0": 51,
    "3": 6,
    "6": 36,
    "8": 10
  },
  "families": {
    "contraction": {
      "nodes": 103,
      "actual": 12,
      "rounds": 12,
      "actions": 12
    }
  },
  "reference_topology_sha256": {
    "vertex": "09629aa6d88e3007946041ee5bb5e7fe743b3242efca3b1b8ea02df65fe0eb34",
    "gradient": "58c374fbc03eab01d7423cf8888185f1410a0c20be14044aa309678ec2e4216c",
    "pair": "65dfe5f05c0cab641b03d13ff573dc6bfa3f1d0fef0ed66dcd91cede0438a8ce"
  },
  "generation_seconds": 0.30953458294970915,
  "kernel_check_required": true,
  "heartbeats": "default",
  "compiler_threads": 1,
  "core_memory_limit_mib": 2048,
  "assembled_memory_limit_mib": 3072
}
