{
  "format": "THOMSON_UNTRUSTED_MERGED_GROUP_V1",
  "root": 3287507,
  "selection": "/Users/archiebrowne/source/Thomson/Thomson/GlobalCertificates/Production/selections/Node3287507.json",
  "selection_sha256": "9651fc2dc61d4492df71fbb8205fe9644099a87e5b71bc5b391f72234089a346",
  "binary": "/Users/archiebrowne/source/Thomson/.lake/global-cover/search.bin",
  "binary_sha256": "6626a818d355868776501e252bbdafb97029a5a9ebe31122f3509e3e359020a4",
  "output_prefix": "Thomson.GlobalCertificates.Production.Node3287507",
  "module": "Thomson.GlobalCertificates.Production.Node3287507.Assembled",
  "namespace": "Thomson.Five.GlobalCertificates.Production.Node3287507.Assembled",
  "core": {
    "module": "Thomson.GlobalCertificates.Production.Node3287507.Core",
    "source": "Thomson/GlobalCertificates/Production/Node3287507/Core.lean",
    "source_sha256": "4cf57f1856f60faa457ed97779955edb7ae1dfdc93ecf0b67e1fdb41457bcabc",
    "source_bytes": 3645241
  },
  "assembled": {
    "module": "Thomson.GlobalCertificates.Production.Node3287507.Assembled",
    "source": "Thomson/GlobalCertificates/Production/Node3287507/Assembled.lean",
    "source_sha256": "4019699d033e8326b4ba8c65116b1d3c08e0e9edde326e418ce26103abf02004",
    "source_bytes": 283824
  },
  "core_source": "Thomson/GlobalCertificates/Production/Node3287507/Core.lean",
  "assembled_source": "Thomson/GlobalCertificates/Production/Node3287507/Assembled.lean",
  "core_module": "Thomson.GlobalCertificates.Production.Node3287507.Core",
  "assembled_module": "Thomson.GlobalCertificates.Production.Node3287507.Assembled",
  "boundary_modules": [],
  "nodes": 163,
  "leaf_kinds": {
    "0": 81,
    "2": 1,
    "6": 4,
    "8": 77
  },
  "families": {
    "contraction": {
      "nodes": 163,
      "actual": 38,
      "rounds": 38,
      "actions": 48
    },
    "rejection": {
      "leaves": 1,
      "rounds": 0,
      "actions": 0
    }
  },
  "reference_topology_sha256": {
    "vertex": "09629aa6d88e3007946041ee5bb5e7fe743b3242efca3b1b8ea02df65fe0eb34",
    "gradient": "58c374fbc03eab01d7423cf8888185f1410a0c20be14044aa309678ec2e4216c"
  },
  "generation_seconds": 0.7792993749608286,
  "kernel_check_required": true,
  "heartbeats": "default",
  "compiler_threads": 1,
  "core_memory_limit_mib": 2048,
  "assembled_memory_limit_mib": 3072
}
