{
  "format": "THOMSON_UNTRUSTED_MERGED_GROUP_V1",
  "root": 3307255,
  "selection": "/Users/archiebrowne/source/Thomson/Thomson/GlobalCertificates/Production/selections/Node3307255.json",
  "selection_sha256": "b98f05534a814db5d3375dbf0fa92b7f7439f8c564d9ee75a089f8a709b5f4ed",
  "binary": "/Users/archiebrowne/source/Thomson/.lake/global-cover/search.bin",
  "binary_sha256": "6626a818d355868776501e252bbdafb97029a5a9ebe31122f3509e3e359020a4",
  "output_prefix": "Thomson.GlobalCertificates.Production.Node3307255",
  "module": "Thomson.GlobalCertificates.Production.Node3307255.Assembled",
  "namespace": "Thomson.Five.GlobalCertificates.Production.Node3307255.Assembled",
  "core": {
    "module": "Thomson.GlobalCertificates.Production.Node3307255.Core",
    "source": "Thomson/GlobalCertificates/Production/Node3307255/Core.lean",
    "source_sha256": "41f82251e884c5afb9d150873c4a8aa0c544a0fc2161faadfe1e9eb53fe34a33",
    "source_bytes": 2677365
  },
  "assembled": {
    "module": "Thomson.GlobalCertificates.Production.Node3307255.Assembled",
    "source": "Thomson/GlobalCertificates/Production/Node3307255/Assembled.lean",
    "source_sha256": "02cd308c893c5c1723ace8bfcae457e47d8689af47ff7d50fcf5e62c04c7c67d",
    "source_bytes": 439863
  },
  "core_source": "Thomson/GlobalCertificates/Production/Node3307255/Core.lean",
  "assembled_source": "Thomson/GlobalCertificates/Production/Node3307255/Assembled.lean",
  "core_module": "Thomson.GlobalCertificates.Production.Node3307255.Core",
  "assembled_module": "Thomson.GlobalCertificates.Production.Node3307255.Assembled",
  "boundary_modules": [],
  "nodes": 247,
  "leaf_kinds": {
    "0": 123,
    "3": 50,
    "6": 39,
    "8": 35
  },
  "families": {
    "contraction": {
      "nodes": 247,
      "actual": 25,
      "rounds": 26,
      "actions": 26
    }
  },
  "reference_topology_sha256": {
    "vertex": "09629aa6d88e3007946041ee5bb5e7fe743b3242efca3b1b8ea02df65fe0eb34",
    "gradient": "58c374fbc03eab01d7423cf8888185f1410a0c20be14044aa309678ec2e4216c",
    "pair": "65dfe5f05c0cab641b03d13ff573dc6bfa3f1d0fef0ed66dcd91cede0438a8ce"
  },
  "generation_seconds": 0.6133824580465443,
  "kernel_check_required": true,
  "heartbeats": "default",
  "compiler_threads": 1,
  "core_memory_limit_mib": 2048,
  "assembled_memory_limit_mib": 3072
}
