{
  "format": "THOMSON_UNTRUSTED_MERGED_GROUP_V1",
  "root": 3327925,
  "selection": "/Users/archiebrowne/source/Thomson/Thomson/GlobalCertificates/Production/selections/Node3327925.json",
  "selection_sha256": "93b3d6aee033035fb7d79bd260bb29b3d62135bb888dd0feef1731ae66187625",
  "binary": "/Users/archiebrowne/source/Thomson/.lake/global-cover/search.bin",
  "binary_sha256": "6626a818d355868776501e252bbdafb97029a5a9ebe31122f3509e3e359020a4",
  "output_prefix": "Thomson.GlobalCertificates.Production.Node3327925",
  "module": "Thomson.GlobalCertificates.Production.Node3327925.Assembled",
  "namespace": "Thomson.Five.GlobalCertificates.Production.Node3327925.Assembled",
  "core": {
    "module": "Thomson.GlobalCertificates.Production.Node3327925.Core",
    "source": "Thomson/GlobalCertificates/Production/Node3327925/Core.lean",
    "source_sha256": "3718802f07835ac35fe5e248aaaf1ebf5565259111dd0e17d137ff83dff21522",
    "source_bytes": 365213
  },
  "assembled": {
    "module": "Thomson.GlobalCertificates.Production.Node3327925.Assembled",
    "source": "Thomson/GlobalCertificates/Production/Node3327925/Assembled.lean",
    "source_sha256": "6323e2c173c868ef769953283680fd4f4e3e1ab032809be6032ce08b9d739ee2",
    "source_bytes": 110290
  },
  "core_source": "Thomson/GlobalCertificates/Production/Node3327925/Core.lean",
  "assembled_source": "Thomson/GlobalCertificates/Production/Node3327925/Assembled.lean",
  "core_module": "Thomson.GlobalCertificates.Production.Node3327925.Core",
  "assembled_module": "Thomson.GlobalCertificates.Production.Node3327925.Assembled",
  "boundary_modules": [],
  "nodes": 61,
  "leaf_kinds": {
    "0": 30,
    "3": 30,
    "6": 1
  },
  "families": {
    "contraction": {
      "nodes": 61,
      "actual": 10,
      "rounds": 10,
      "actions": 13
    }
  },
  "reference_topology_sha256": {
    "gradient": "58c374fbc03eab01d7423cf8888185f1410a0c20be14044aa309678ec2e4216c",
    "pair": "65dfe5f05c0cab641b03d13ff573dc6bfa3f1d0fef0ed66dcd91cede0438a8ce"
  },
  "generation_seconds": 0.10367179202148691,
  "kernel_check_required": true,
  "heartbeats": "default",
  "compiler_threads": 1,
  "core_memory_limit_mib": 2048,
  "assembled_memory_limit_mib": 3072
}
