{
  "format": "THOMSON_UNTRUSTED_MERGED_GROUP_V1",
  "root": 3331122,
  "selection": "/Users/archiebrowne/source/Thomson/Thomson/GlobalCertificates/Production/selections/Node3331122.json",
  "selection_sha256": "973e04329d109ad9a0d3477840fedd435e0fb0e2dc28bc8c2bd72a5aa5328e79",
  "binary": "/Users/archiebrowne/source/Thomson/.lake/global-cover/search.bin",
  "binary_sha256": "6626a818d355868776501e252bbdafb97029a5a9ebe31122f3509e3e359020a4",
  "output_prefix": "Thomson.GlobalCertificates.Production.Node3331122",
  "module": "Thomson.GlobalCertificates.Production.Node3331122.Assembled",
  "namespace": "Thomson.Five.GlobalCertificates.Production.Node3331122.Assembled",
  "core": {
    "module": "Thomson.GlobalCertificates.Production.Node3331122.Core",
    "source": "Thomson/GlobalCertificates/Production/Node3331122/Core.lean",
    "source_sha256": "3b05cc967445025300f846a3d646207853c12595ffe7ff23e011065a636db846",
    "source_bytes": 1893085
  },
  "assembled": {
    "module": "Thomson.GlobalCertificates.Production.Node3331122.Assembled",
    "source": "Thomson/GlobalCertificates/Production/Node3331122/Assembled.lean",
    "source_sha256": "d672237b56b10de18e67c561cc201c32f9808488d9019e79e072f6649b07ef00",
    "source_bytes": 361155
  },
  "core_source": "Thomson/GlobalCertificates/Production/Node3331122/Core.lean",
  "assembled_source": "Thomson/GlobalCertificates/Production/Node3331122/Assembled.lean",
  "core_module": "Thomson.GlobalCertificates.Production.Node3331122.Core",
  "assembled_module": "Thomson.GlobalCertificates.Production.Node3331122.Assembled",
  "boundary_modules": [],
  "nodes": 199,
  "leaf_kinds": {
    "0": 99,
    "3": 75,
    "6": 5,
    "8": 20
  },
  "families": {
    "contraction": {
      "nodes": 199,
      "actual": 30,
      "rounds": 30,
      "actions": 37
    }
  },
  "reference_topology_sha256": {
    "vertex": "09629aa6d88e3007946041ee5bb5e7fe743b3242efca3b1b8ea02df65fe0eb34",
    "gradient": "58c374fbc03eab01d7423cf8888185f1410a0c20be14044aa309678ec2e4216c",
    "pair": "65dfe5f05c0cab641b03d13ff573dc6bfa3f1d0fef0ed66dcd91cede0438a8ce"
  },
  "generation_seconds": 0.3261301249731332,
  "kernel_check_required": true,
  "heartbeats": "default",
  "compiler_threads": 1,
  "core_memory_limit_mib": 2048,
  "assembled_memory_limit_mib": 3072
}
