{
  "format": "THOMSON_UNTRUSTED_MERGED_GROUP_V1",
  "root": 3379009,
  "selection": "/Users/archiebrowne/source/Thomson/Thomson/GlobalCertificates/Production/selections/Node3379009.json",
  "selection_sha256": "a82c708335d73bad52ed792348ffba8c9ae5897f758621d9441f8c39565ecf5b",
  "binary": "/Users/archiebrowne/source/Thomson/.lake/global-cover/search.bin",
  "binary_sha256": "6626a818d355868776501e252bbdafb97029a5a9ebe31122f3509e3e359020a4",
  "output_prefix": "Thomson.GlobalCertificates.Production.Node3379009",
  "module": "Thomson.GlobalCertificates.Production.Node3379009.Assembled",
  "namespace": "Thomson.Five.GlobalCertificates.Production.Node3379009.Assembled",
  "core": {
    "module": "Thomson.GlobalCertificates.Production.Node3379009.Core",
    "source": "Thomson/GlobalCertificates/Production/Node3379009/Core.lean",
    "source_sha256": "e48be1314d925c0688e55fe64685931c23b2488c83eec42d8262ffe272339385",
    "source_bytes": 1196302
  },
  "assembled": {
    "module": "Thomson.GlobalCertificates.Production.Node3379009.Assembled",
    "source": "Thomson/GlobalCertificates/Production/Node3379009/Assembled.lean",
    "source_sha256": "39ba7f33b008ada59a7182c01d168018104b039690706bd6827004050402d6fd",
    "source_bytes": 253768
  },
  "core_source": "Thomson/GlobalCertificates/Production/Node3379009/Core.lean",
  "assembled_source": "Thomson/GlobalCertificates/Production/Node3379009/Assembled.lean",
  "core_module": "Thomson.GlobalCertificates.Production.Node3379009.Core",
  "assembled_module": "Thomson.GlobalCertificates.Production.Node3379009.Assembled",
  "boundary_modules": [],
  "nodes": 139,
  "leaf_kinds": {
    "0": 69,
    "3": 29,
    "6": 32,
    "8": 9
  },
  "families": {
    "contraction": {
      "nodes": 139,
      "actual": 45,
      "rounds": 45,
      "actions": 98
    }
  },
  "reference_topology_sha256": {
    "vertex": "09629aa6d88e3007946041ee5bb5e7fe743b3242efca3b1b8ea02df65fe0eb34",
    "gradient": "58c374fbc03eab01d7423cf8888185f1410a0c20be14044aa309678ec2e4216c",
    "pair": "65dfe5f05c0cab641b03d13ff573dc6bfa3f1d0fef0ed66dcd91cede0438a8ce"
  },
  "generation_seconds": 0.23289929202292114,
  "kernel_check_required": true,
  "heartbeats": "default",
  "compiler_threads": 1,
  "core_memory_limit_mib": 2048,
  "assembled_memory_limit_mib": 3072
}
