{
  "format": "THOMSON_UNTRUSTED_MERGED_GROUP_V1",
  "root": 3355130,
  "selection": "/Users/archiebrowne/source/Thomson/Thomson/GlobalCertificates/Production/selections/Node3355130.json",
  "selection_sha256": "e8a104b1dffb826be79dedb093912bc093daaf9da614e3cd17b8a54deb1b9fc5",
  "binary": "/Users/archiebrowne/source/Thomson/.lake/global-cover/search.bin",
  "binary_sha256": "6626a818d355868776501e252bbdafb97029a5a9ebe31122f3509e3e359020a4",
  "output_prefix": "Thomson.GlobalCertificates.Production.Node3355130",
  "module": "Thomson.GlobalCertificates.Production.Node3355130.Assembled",
  "namespace": "Thomson.Five.GlobalCertificates.Production.Node3355130.Assembled",
  "core": {
    "module": "Thomson.GlobalCertificates.Production.Node3355130.Core",
    "source": "Thomson/GlobalCertificates/Production/Node3355130/Core.lean",
    "source_sha256": "cf1971dfa36b9617e0b26e05003d839db4fd995274f61d34ef3643473bc7a503",
    "source_bytes": 2477713
  },
  "assembled": {
    "module": "Thomson.GlobalCertificates.Production.Node3355130.Assembled",
    "source": "Thomson/GlobalCertificates/Production/Node3355130/Assembled.lean",
    "source_sha256": "85ff4d52b8935566ed53db8b4df09e8a23fe1771cf98da85d3d8171b62a41320",
    "source_bytes": 357670
  },
  "core_source": "Thomson/GlobalCertificates/Production/Node3355130/Core.lean",
  "assembled_source": "Thomson/GlobalCertificates/Production/Node3355130/Assembled.lean",
  "core_module": "Thomson.GlobalCertificates.Production.Node3355130.Core",
  "assembled_module": "Thomson.GlobalCertificates.Production.Node3355130.Assembled",
  "boundary_modules": [],
  "nodes": 201,
  "leaf_kinds": {
    "0": 100,
    "3": 44,
    "6": 20,
    "8": 37
  },
  "families": {
    "contraction": {
      "nodes": 201,
      "actual": 6,
      "rounds": 6,
      "actions": 6
    }
  },
  "reference_topology_sha256": {
    "vertex": "09629aa6d88e3007946041ee5bb5e7fe743b3242efca3b1b8ea02df65fe0eb34",
    "gradient": "58c374fbc03eab01d7423cf8888185f1410a0c20be14044aa309678ec2e4216c",
    "pair": "65dfe5f05c0cab641b03d13ff573dc6bfa3f1d0fef0ed66dcd91cede0438a8ce"
  },
  "generation_seconds": 0.4668250000104308,
  "kernel_check_required": true,
  "heartbeats": "default",
  "compiler_threads": 1,
  "core_memory_limit_mib": 2048,
  "assembled_memory_limit_mib": 3072
}
