{
  "format": "THOMSON_UNTRUSTED_MERGED_GROUP_V1",
  "root": 3331119,
  "selection": "/Users/archiebrowne/source/Thomson/Thomson/GlobalCertificates/Production/selections/Node3331119.json",
  "selection_sha256": "336be027c56e90792eefc7f15b555c862ac4c39b8370180b5054264f7945812e",
  "binary": "/Users/archiebrowne/source/Thomson/.lake/global-cover/search.bin",
  "binary_sha256": "6626a818d355868776501e252bbdafb97029a5a9ebe31122f3509e3e359020a4",
  "output_prefix": "Thomson.GlobalCertificates.Production.Node3331119",
  "module": "Thomson.GlobalCertificates.Production.Node3331119.Assembled",
  "namespace": "Thomson.Five.GlobalCertificates.Production.Node3331119.Assembled",
  "core": {
    "module": "Thomson.GlobalCertificates.Production.Node3331119.Core",
    "source": "Thomson/GlobalCertificates/Production/Node3331119/Core.lean",
    "source_sha256": "38ad60bf41000f7bbe31ff224eb136c8bfb3113a157b37dabff3a4411f98d396",
    "source_bytes": 209602
  },
  "assembled": {
    "module": "Thomson.GlobalCertificates.Production.Node3331119.Assembled",
    "source": "Thomson/GlobalCertificates/Production/Node3331119/Assembled.lean",
    "source_sha256": "8920d3c6d728d48f6432cff3e25fa33d09332248f2c0fdc8a469e499ae9d71d1",
    "source_bytes": 62262
  },
  "core_source": "Thomson/GlobalCertificates/Production/Node3331119/Core.lean",
  "assembled_source": "Thomson/GlobalCertificates/Production/Node3331119/Assembled.lean",
  "core_module": "Thomson.GlobalCertificates.Production.Node3331119.Core",
  "assembled_module": "Thomson.GlobalCertificates.Production.Node3331119.Assembled",
  "boundary_modules": [],
  "nodes": 33,
  "leaf_kinds": {
    "0": 16,
    "3": 17
  },
  "families": {
    "contraction": {
      "nodes": 33,
      "actual": 9,
      "rounds": 9,
      "actions": 18
    }
  },
  "reference_topology_sha256": {
    "pair": "65dfe5f05c0cab641b03d13ff573dc6bfa3f1d0fef0ed66dcd91cede0438a8ce"
  },
  "generation_seconds": 0.03541454195510596,
  "kernel_check_required": true,
  "heartbeats": "default",
  "compiler_threads": 1,
  "core_memory_limit_mib": 2048,
  "assembled_memory_limit_mib": 3072
}
