{
  "format": "THOMSON_UNTRUSTED_MERGED_GROUP_V1",
  "root": 3372896,
  "selection": "/Users/archiebrowne/source/Thomson/Thomson/GlobalCertificates/Production/selections/Node3372896.json",
  "selection_sha256": "9dae422f31f84e42bbe87ca862d208346630c357f1db57981ffed63da844536f",
  "binary": "/Users/archiebrowne/source/Thomson/.lake/global-cover/search.bin",
  "binary_sha256": "6626a818d355868776501e252bbdafb97029a5a9ebe31122f3509e3e359020a4",
  "output_prefix": "Thomson.GlobalCertificates.Production.Node3372896",
  "module": "Thomson.GlobalCertificates.Production.Node3372896.Assembled",
  "namespace": "Thomson.Five.GlobalCertificates.Production.Node3372896.Assembled",
  "core": {
    "module": "Thomson.GlobalCertificates.Production.Node3372896.Core",
    "source": "Thomson/GlobalCertificates/Production/Node3372896/Core.lean",
    "source_sha256": "2c65e326d016fa0294c83a1ca2efd917c4169d973adc66513e035da6781021a5",
    "source_bytes": 1824094
  },
  "assembled": {
    "module": "Thomson.GlobalCertificates.Production.Node3372896.Assembled",
    "source": "Thomson/GlobalCertificates/Production/Node3372896/Assembled.lean",
    "source_sha256": "71eea2d5f66a223b4b91dbb7ed6c26bb2800b3dff2fcc81c23cd057cf8c65c17",
    "source_bytes": 296055
  },
  "core_source": "Thomson/GlobalCertificates/Production/Node3372896/Core.lean",
  "assembled_source": "Thomson/GlobalCertificates/Production/Node3372896/Assembled.lean",
  "core_module": "Thomson.GlobalCertificates.Production.Node3372896.Core",
  "assembled_module": "Thomson.GlobalCertificates.Production.Node3372896.Assembled",
  "boundary_modules": [],
  "nodes": 163,
  "leaf_kinds": {
    "0": 81,
    "6": 59,
    "8": 23
  },
  "families": {
    "contraction": {
      "nodes": 163,
      "actual": 43,
      "rounds": 43,
      "actions": 102
    }
  },
  "reference_topology_sha256": {
    "vertex": "09629aa6d88e3007946041ee5bb5e7fe743b3242efca3b1b8ea02df65fe0eb34",
    "gradient": "58c374fbc03eab01d7423cf8888185f1410a0c20be14044aa309678ec2e4216c"
  },
  "generation_seconds": 0.39130383299198,
  "kernel_check_required": true,
  "heartbeats": "default",
  "compiler_threads": 1,
  "core_memory_limit_mib": 2048,
  "assembled_memory_limit_mib": 3072
}
