{
  "format": "THOMSON_UNTRUSTED_MERGED_GROUP_V1",
  "root": 3355852,
  "selection": "/Users/archiebrowne/source/Thomson/Thomson/GlobalCertificates/Production/selections/Node3355852.json",
  "selection_sha256": "21fd1d6563838549b4005fc2a944e79ea9daa15058effdc5aad5e0aee4719e6b",
  "binary": "/Users/archiebrowne/source/Thomson/.lake/global-cover/search.bin",
  "binary_sha256": "6626a818d355868776501e252bbdafb97029a5a9ebe31122f3509e3e359020a4",
  "output_prefix": "Thomson.GlobalCertificates.Production.Node3355852",
  "module": "Thomson.GlobalCertificates.Production.Node3355852.Assembled",
  "namespace": "Thomson.Five.GlobalCertificates.Production.Node3355852.Assembled",
  "core": {
    "module": "Thomson.GlobalCertificates.Production.Node3355852.Core",
    "source": "Thomson/GlobalCertificates/Production/Node3355852/Core.lean",
    "source_sha256": "046842468128873f9f5c75ef27e73a215b949b9efd3ee31009e0bdf0e90fbfc3",
    "source_bytes": 2235488
  },
  "assembled": {
    "module": "Thomson.GlobalCertificates.Production.Node3355852.Assembled",
    "source": "Thomson/GlobalCertificates/Production/Node3355852/Assembled.lean",
    "source_sha256": "41fea6a4079bc1ab80049d35e2b150b55f76932a465f049f8c763889aa359b74",
    "source_bytes": 361793
  },
  "core_source": "Thomson/GlobalCertificates/Production/Node3355852/Core.lean",
  "assembled_source": "Thomson/GlobalCertificates/Production/Node3355852/Assembled.lean",
  "core_module": "Thomson.GlobalCertificates.Production.Node3355852.Core",
  "assembled_module": "Thomson.GlobalCertificates.Production.Node3355852.Assembled",
  "boundary_modules": [],
  "nodes": 203,
  "leaf_kinds": {
    "0": 101,
    "3": 33,
    "6": 39,
    "8": 30
  },
  "families": {
    "contraction": {
      "nodes": 203,
      "actual": 6,
      "rounds": 6,
      "actions": 6
    }
  },
  "reference_topology_sha256": {
    "vertex": "09629aa6d88e3007946041ee5bb5e7fe743b3242efca3b1b8ea02df65fe0eb34",
    "gradient": "58c374fbc03eab01d7423cf8888185f1410a0c20be14044aa309678ec2e4216c",
    "pair": "65dfe5f05c0cab641b03d13ff573dc6bfa3f1d0fef0ed66dcd91cede0438a8ce"
  },
  "generation_seconds": 0.40256608300842345,
  "kernel_check_required": true,
  "heartbeats": "default",
  "compiler_threads": 1,
  "core_memory_limit_mib": 2048,
  "assembled_memory_limit_mib": 3072
}
