{
  "format": "THOMSON_UNTRUSTED_MERGED_GROUP_V1",
  "root": 3323619,
  "selection": "/Users/archiebrowne/source/Thomson/Thomson/GlobalCertificates/Production/selections/Node3323619.json",
  "selection_sha256": "c039b9fe54557a2fa2edd739ff43446ffa6d6edadd9ae281a2004629d224839d",
  "binary": "/Users/archiebrowne/source/Thomson/.lake/global-cover/search.bin",
  "binary_sha256": "6626a818d355868776501e252bbdafb97029a5a9ebe31122f3509e3e359020a4",
  "output_prefix": "Thomson.GlobalCertificates.Production.Node3323619",
  "module": "Thomson.GlobalCertificates.Production.Node3323619.Assembled",
  "namespace": "Thomson.Five.GlobalCertificates.Production.Node3323619.Assembled",
  "core": {
    "module": "Thomson.GlobalCertificates.Production.Node3323619.Core",
    "source": "Thomson/GlobalCertificates/Production/Node3323619/Core.lean",
    "source_sha256": "9a33d191a1b8a5103cc8f2faecc132ad089b5ecf971156719bfc9717d989670a",
    "source_bytes": 1464592
  },
  "assembled": {
    "module": "Thomson.GlobalCertificates.Production.Node3323619.Assembled",
    "source": "Thomson/GlobalCertificates/Production/Node3323619/Assembled.lean",
    "source_sha256": "6c1e6d7b64c0b3d5ec91ec3a54d0d3d32712722417df12ecf274959107527819",
    "source_bytes": 318282
  },
  "core_source": "Thomson/GlobalCertificates/Production/Node3323619/Core.lean",
  "assembled_source": "Thomson/GlobalCertificates/Production/Node3323619/Assembled.lean",
  "core_module": "Thomson.GlobalCertificates.Production.Node3323619.Core",
  "assembled_module": "Thomson.GlobalCertificates.Production.Node3323619.Assembled",
  "boundary_modules": [],
  "nodes": 177,
  "leaf_kinds": {
    "0": 88,
    "3": 71,
    "6": 6,
    "8": 12
  },
  "families": {
    "contraction": {
      "nodes": 177,
      "actual": 19,
      "rounds": 19,
      "actions": 24
    }
  },
  "reference_topology_sha256": {
    "vertex": "09629aa6d88e3007946041ee5bb5e7fe743b3242efca3b1b8ea02df65fe0eb34",
    "gradient": "58c374fbc03eab01d7423cf8888185f1410a0c20be14044aa309678ec2e4216c",
    "pair": "65dfe5f05c0cab641b03d13ff573dc6bfa3f1d0fef0ed66dcd91cede0438a8ce"
  },
  "generation_seconds": 0.31814587500412017,
  "kernel_check_required": true,
  "heartbeats": "default",
  "compiler_threads": 1,
  "core_memory_limit_mib": 2048,
  "assembled_memory_limit_mib": 3072
}
