{
  "format": "THOMSON_UNTRUSTED_MERGED_GROUP_V1",
  "root": 3314462,
  "selection": "/Users/archiebrowne/source/Thomson/Thomson/GlobalCertificates/Production/selections/Node3314462.json",
  "selection_sha256": "f4142585f56c1aa873e793b2aed01b11b4b57bef924b063710443b58021dfda6",
  "binary": "/Users/archiebrowne/source/Thomson/.lake/global-cover/search.bin",
  "binary_sha256": "6626a818d355868776501e252bbdafb97029a5a9ebe31122f3509e3e359020a4",
  "output_prefix": "Thomson.GlobalCertificates.Production.Node3314462",
  "module": "Thomson.GlobalCertificates.Production.Node3314462.Assembled",
  "namespace": "Thomson.Five.GlobalCertificates.Production.Node3314462.Assembled",
  "core": {
    "module": "Thomson.GlobalCertificates.Production.Node3314462.Core",
    "source": "Thomson/GlobalCertificates/Production/Node3314462/Core.lean",
    "source_sha256": "9496c59a117da6f9097273ae78ca3256ba53a7d7a109d78f5603665519f6491c",
    "source_bytes": 1986201
  },
  "assembled": {
    "module": "Thomson.GlobalCertificates.Production.Node3314462.Assembled",
    "source": "Thomson/GlobalCertificates/Production/Node3314462/Assembled.lean",
    "source_sha256": "6f9be0ad4525aedcdd23c1ffc65ac9c32b8a1a02614b60fdb4c47bdac67ff5f8",
    "source_bytes": 435762
  },
  "core_source": "Thomson/GlobalCertificates/Production/Node3314462/Core.lean",
  "assembled_source": "Thomson/GlobalCertificates/Production/Node3314462/Assembled.lean",
  "core_module": "Thomson.GlobalCertificates.Production.Node3314462.Core",
  "assembled_module": "Thomson.GlobalCertificates.Production.Node3314462.Assembled",
  "boundary_modules": [],
  "nodes": 247,
  "leaf_kinds": {
    "0": 123,
    "3": 75,
    "6": 33,
    "8": 16
  },
  "families": {
    "contraction": {
      "nodes": 247,
      "actual": 10,
      "rounds": 10,
      "actions": 10
    }
  },
  "reference_topology_sha256": {
    "vertex": "09629aa6d88e3007946041ee5bb5e7fe743b3242efca3b1b8ea02df65fe0eb34",
    "gradient": "58c374fbc03eab01d7423cf8888185f1410a0c20be14044aa309678ec2e4216c",
    "pair": "65dfe5f05c0cab641b03d13ff573dc6bfa3f1d0fef0ed66dcd91cede0438a8ce"
  },
  "generation_seconds": 0.5716218330198899,
  "kernel_check_required": true,
  "heartbeats": "default",
  "compiler_threads": 1,
  "core_memory_limit_mib": 2048,
  "assembled_memory_limit_mib": 3072
}
