{
  "format": "THOMSON_UNTRUSTED_MERGED_GROUP_V1",
  "root": 3319231,
  "selection": "/Users/archiebrowne/source/Thomson/Thomson/GlobalCertificates/Production/selections/Node3319231.json",
  "selection_sha256": "27d27f5f2087116d4e7cc5934bf1851f786d3e79118e9836cb065d46c3a88923",
  "binary": "/Users/archiebrowne/source/Thomson/.lake/global-cover/search.bin",
  "binary_sha256": "6626a818d355868776501e252bbdafb97029a5a9ebe31122f3509e3e359020a4",
  "output_prefix": "Thomson.GlobalCertificates.Production.Node3319231",
  "module": "Thomson.GlobalCertificates.Production.Node3319231.Assembled",
  "namespace": "Thomson.Five.GlobalCertificates.Production.Node3319231.Assembled",
  "core": {
    "module": "Thomson.GlobalCertificates.Production.Node3319231.Core",
    "source": "Thomson/GlobalCertificates/Production/Node3319231/Core.lean",
    "source_sha256": "cee3ac864ae1cdb70efadafa36063aa80aea97398ab588e26f5a4e707342e1f7",
    "source_bytes": 1777771
  },
  "assembled": {
    "module": "Thomson.GlobalCertificates.Production.Node3319231.Assembled",
    "source": "Thomson/GlobalCertificates/Production/Node3319231/Assembled.lean",
    "source_sha256": "0cd22971f341a639c8d9d44b817be5dfce7241b017c23a6aaf9a43e56babd24b",
    "source_bytes": 410765
  },
  "core_source": "Thomson/GlobalCertificates/Production/Node3319231/Core.lean",
  "assembled_source": "Thomson/GlobalCertificates/Production/Node3319231/Assembled.lean",
  "core_module": "Thomson.GlobalCertificates.Production.Node3319231.Core",
  "assembled_module": "Thomson.GlobalCertificates.Production.Node3319231.Assembled",
  "boundary_modules": [],
  "nodes": 227,
  "leaf_kinds": {
    "0": 113,
    "2": 3,
    "3": 97,
    "6": 1,
    "8": 13
  },
  "families": {
    "contraction": {
      "nodes": 227,
      "actual": 30,
      "rounds": 30,
      "actions": 49
    },
    "rejection": {
      "leaves": 3,
      "rounds": 0,
      "actions": 0
    }
  },
  "reference_topology_sha256": {
    "vertex": "09629aa6d88e3007946041ee5bb5e7fe743b3242efca3b1b8ea02df65fe0eb34",
    "gradient": "58c374fbc03eab01d7423cf8888185f1410a0c20be14044aa309678ec2e4216c",
    "pair": "65dfe5f05c0cab641b03d13ff573dc6bfa3f1d0fef0ed66dcd91cede0438a8ce"
  },
  "generation_seconds": 0.2993411250063218,
  "kernel_check_required": true,
  "heartbeats": "default",
  "compiler_threads": 1,
  "core_memory_limit_mib": 2048,
  "assembled_memory_limit_mib": 3072
}
