{
  "format": "THOMSON_UNTRUSTED_MERGED_GROUP_V1",
  "root": 3311002,
  "selection": "/Users/archiebrowne/source/Thomson/Thomson/GlobalCertificates/Production/selections/Node3311002.json",
  "selection_sha256": "bc3d2ee3f36cf86f28df54809b5ced06a4301ecc39a09f83b1816f2ab5b7d29a",
  "binary": "/Users/archiebrowne/source/Thomson/.lake/global-cover/search.bin",
  "binary_sha256": "6626a818d355868776501e252bbdafb97029a5a9ebe31122f3509e3e359020a4",
  "output_prefix": "Thomson.GlobalCertificates.Production.Node3311002",
  "module": "Thomson.GlobalCertificates.Production.Node3311002.Assembled",
  "namespace": "Thomson.Five.GlobalCertificates.Production.Node3311002.Assembled",
  "core": {
    "module": "Thomson.GlobalCertificates.Production.Node3311002.Core",
    "source": "Thomson/GlobalCertificates/Production/Node3311002/Core.lean",
    "source_sha256": "108912ff8816f6606312e40bb303b691fbac483d1471c07a0b1c5a1c2271e1da",
    "source_bytes": 2441398
  },
  "assembled": {
    "module": "Thomson.GlobalCertificates.Production.Node3311002.Assembled",
    "source": "Thomson/GlobalCertificates/Production/Node3311002/Assembled.lean",
    "source_sha256": "2d6a043ec2023de07862adc7e9e142d6077d61fc01fc4b9245a99cb155961a80",
    "source_bytes": 389943
  },
  "core_source": "Thomson/GlobalCertificates/Production/Node3311002/Core.lean",
  "assembled_source": "Thomson/GlobalCertificates/Production/Node3311002/Assembled.lean",
  "core_module": "Thomson.GlobalCertificates.Production.Node3311002.Core",
  "assembled_module": "Thomson.GlobalCertificates.Production.Node3311002.Assembled",
  "boundary_modules": [],
  "nodes": 217,
  "leaf_kinds": {
    "0": 108,
    "3": 61,
    "6": 15,
    "8": 33
  },
  "families": {
    "contraction": {
      "nodes": 217,
      "actual": 23,
      "rounds": 23,
      "actions": 23
    }
  },
  "reference_topology_sha256": {
    "vertex": "09629aa6d88e3007946041ee5bb5e7fe743b3242efca3b1b8ea02df65fe0eb34",
    "gradient": "58c374fbc03eab01d7423cf8888185f1410a0c20be14044aa309678ec2e4216c",
    "pair": "65dfe5f05c0cab641b03d13ff573dc6bfa3f1d0fef0ed66dcd91cede0438a8ce"
  },
  "generation_seconds": 0.6468766670441255,
  "kernel_check_required": true,
  "heartbeats": "default",
  "compiler_threads": 1,
  "core_memory_limit_mib": 2048,
  "assembled_memory_limit_mib": 3072
}
