{
  "format": "THOMSON_UNTRUSTED_MERGED_GROUP_V1",
  "root": 3299529,
  "selection": "/Users/archiebrowne/source/Thomson/Thomson/GlobalCertificates/Production/selections/Node3299529.json",
  "selection_sha256": "5b7fa68682e86d3e7bad1c066e68932fef0dc218f1aa9640d24f7fdec81577a2",
  "binary": "/Users/archiebrowne/source/Thomson/.lake/global-cover/search.bin",
  "binary_sha256": "6626a818d355868776501e252bbdafb97029a5a9ebe31122f3509e3e359020a4",
  "output_prefix": "Thomson.GlobalCertificates.Production.Node3299529",
  "module": "Thomson.GlobalCertificates.Production.Node3299529.Assembled",
  "namespace": "Thomson.Five.GlobalCertificates.Production.Node3299529.Assembled",
  "core": {
    "module": "Thomson.GlobalCertificates.Production.Node3299529.Core",
    "source": "Thomson/GlobalCertificates/Production/Node3299529/Core.lean",
    "source_sha256": "5938a8f348d691deea525f7dd36e8e64f472cb33e02c04d221a3db4719794db6",
    "source_bytes": 3934808
  },
  "assembled": {
    "module": "Thomson.GlobalCertificates.Production.Node3299529.Assembled",
    "source": "Thomson/GlobalCertificates/Production/Node3299529/Assembled.lean",
    "source_sha256": "d2e3e5a878f83671ee3be21f2f0e8a5f4482f6b4063e165d4114117c17155c52",
    "source_bytes": 296743
  },
  "core_source": "Thomson/GlobalCertificates/Production/Node3299529/Core.lean",
  "assembled_source": "Thomson/GlobalCertificates/Production/Node3299529/Assembled.lean",
  "core_module": "Thomson.GlobalCertificates.Production.Node3299529.Core",
  "assembled_module": "Thomson.GlobalCertificates.Production.Node3299529.Assembled",
  "boundary_modules": [],
  "nodes": 169,
  "leaf_kinds": {
    "0": 84,
    "8": 85
  },
  "families": {
    "contraction": {
      "nodes": 169,
      "actual": 6,
      "rounds": 6,
      "actions": 6
    }
  },
  "reference_topology_sha256": {
    "vertex": "09629aa6d88e3007946041ee5bb5e7fe743b3242efca3b1b8ea02df65fe0eb34"
  },
  "generation_seconds": 1.0597205410012975,
  "kernel_check_required": true,
  "heartbeats": "default",
  "compiler_threads": 1,
  "core_memory_limit_mib": 2048,
  "assembled_memory_limit_mib": 3072
}
