{
  "format": "THOMSON_UNTRUSTED_MERGED_GROUP_V1",
  "root": 3296193,
  "selection": "/Users/archiebrowne/source/Thomson/Thomson/GlobalCertificates/Production/selections/Node3296193.json",
  "selection_sha256": "98b515576f730d386774d911a410e12886eb9e268ac64fa5081ccd4ebff90d12",
  "binary": "/Users/archiebrowne/source/Thomson/.lake/global-cover/search.bin",
  "binary_sha256": "6626a818d355868776501e252bbdafb97029a5a9ebe31122f3509e3e359020a4",
  "output_prefix": "Thomson.GlobalCertificates.Production.Node3296193",
  "module": "Thomson.GlobalCertificates.Production.Node3296193.Assembled",
  "namespace": "Thomson.Five.GlobalCertificates.Production.Node3296193.Assembled",
  "core": {
    "module": "Thomson.GlobalCertificates.Production.Node3296193.Core",
    "source": "Thomson/GlobalCertificates/Production/Node3296193/Core.lean",
    "source_sha256": "836f1bdeb8e39fc885450d553bab8ae27ff226bf306c782a98b99350f934af99",
    "source_bytes": 840524
  },
  "assembled": {
    "module": "Thomson.GlobalCertificates.Production.Node3296193.Assembled",
    "source": "Thomson/GlobalCertificates/Production/Node3296193/Assembled.lean",
    "source_sha256": "6c157b5e3cc946a5633dc03fa6f5c1b17ef1c4b8c4f0777b18111de22e0dd877",
    "source_bytes": 62625
  },
  "core_source": "Thomson/GlobalCertificates/Production/Node3296193/Core.lean",
  "assembled_source": "Thomson/GlobalCertificates/Production/Node3296193/Assembled.lean",
  "core_module": "Thomson.GlobalCertificates.Production.Node3296193.Core",
  "assembled_module": "Thomson.GlobalCertificates.Production.Node3296193.Assembled",
  "boundary_modules": [],
  "nodes": 35,
  "leaf_kinds": {
    "0": 17,
    "8": 18
  },
  "families": {
    "contraction": {
      "nodes": 35,
      "actual": 9,
      "rounds": 9,
      "actions": 13
    }
  },
  "reference_topology_sha256": {
    "vertex": "09629aa6d88e3007946041ee5bb5e7fe743b3242efca3b1b8ea02df65fe0eb34"
  },
  "generation_seconds": 0.2176446669618599,
  "kernel_check_required": true,
  "heartbeats": "default",
  "compiler_threads": 1,
  "core_memory_limit_mib": 2048,
  "assembled_memory_limit_mib": 3072
}
