{
  "format": "THOMSON_UNTRUSTED_MERGED_GROUP_V1",
  "root": 3358243,
  "selection": "/Users/archiebrowne/source/Thomson/Thomson/GlobalCertificates/Production/selections/Node3358243.json",
  "selection_sha256": "1ed79d0ad0a69c017de373ba374bb5ccd783f2020e673312dee421efe3f55dbe",
  "binary": "/Users/archiebrowne/source/Thomson/.lake/global-cover/search.bin",
  "binary_sha256": "6626a818d355868776501e252bbdafb97029a5a9ebe31122f3509e3e359020a4",
  "output_prefix": "Thomson.GlobalCertificates.Production.Node3358243",
  "module": "Thomson.GlobalCertificates.Production.Node3358243.Assembled",
  "namespace": "Thomson.Five.GlobalCertificates.Production.Node3358243.Assembled",
  "core": {
    "module": "Thomson.GlobalCertificates.Production.Node3358243.Core",
    "source": "Thomson/GlobalCertificates/Production/Node3358243/Core.lean",
    "source_sha256": "272321ca057dcc19b5763a9a9d0b2db1edaf2dc5db1d7421d2c87367a2fe7ac7",
    "source_bytes": 1058144
  },
  "assembled": {
    "module": "Thomson.GlobalCertificates.Production.Node3358243.Assembled",
    "source": "Thomson/GlobalCertificates/Production/Node3358243/Assembled.lean",
    "source_sha256": "9c1aa6a54b35d5c701033dac279c25d161e56ea918fcbac6618de8a487da26a3",
    "source_bytes": 272322
  },
  "core_source": "Thomson/GlobalCertificates/Production/Node3358243/Core.lean",
  "assembled_source": "Thomson/GlobalCertificates/Production/Node3358243/Assembled.lean",
  "core_module": "Thomson.GlobalCertificates.Production.Node3358243.Core",
  "assembled_module": "Thomson.GlobalCertificates.Production.Node3358243.Assembled",
  "boundary_modules": [],
  "nodes": 153,
  "leaf_kinds": {
    "0": 76,
    "3": 26,
    "6": 46,
    "8": 5
  },
  "families": {
    "contraction": {
      "nodes": 153,
      "actual": 0,
      "rounds": 0,
      "actions": 0
    }
  },
  "reference_topology_sha256": {
    "vertex": "09629aa6d88e3007946041ee5bb5e7fe743b3242efca3b1b8ea02df65fe0eb34",
    "gradient": "58c374fbc03eab01d7423cf8888185f1410a0c20be14044aa309678ec2e4216c",
    "pair": "65dfe5f05c0cab641b03d13ff573dc6bfa3f1d0fef0ed66dcd91cede0438a8ce"
  },
  "generation_seconds": 0.17726537497946993,
  "kernel_check_required": true,
  "heartbeats": "default",
  "compiler_threads": 1,
  "core_memory_limit_mib": 2048,
  "assembled_memory_limit_mib": 3072
}
