{
  "format": "THOMSON_UNTRUSTED_MERGED_GROUP_V1",
  "root": 3287719,
  "selection": "/Users/archiebrowne/source/Thomson/Thomson/GlobalCertificates/Production/selections/Node3287719.json",
  "selection_sha256": "5745679661996a770d9697380e8fae7ba5c37b991d2fb62f67ef3e83ec41d327",
  "binary": "/Users/archiebrowne/source/Thomson/.lake/global-cover/search.bin",
  "binary_sha256": "6626a818d355868776501e252bbdafb97029a5a9ebe31122f3509e3e359020a4",
  "output_prefix": "Thomson.GlobalCertificates.Production.Node3287719",
  "module": "Thomson.GlobalCertificates.Production.Node3287719.Assembled",
  "namespace": "Thomson.Five.GlobalCertificates.Production.Node3287719.Assembled",
  "core": {
    "module": "Thomson.GlobalCertificates.Production.Node3287719.Core",
    "source": "Thomson/GlobalCertificates/Production/Node3287719/Core.lean",
    "source_sha256": "344ed34688b35c065da63af84cd5a1027544109cfba1add4eef5358444167e5e",
    "source_bytes": 699591
  },
  "assembled": {
    "module": "Thomson.GlobalCertificates.Production.Node3287719.Assembled",
    "source": "Thomson/GlobalCertificates/Production/Node3287719/Assembled.lean",
    "source_sha256": "98717772cc49bdb26a91d6739ad5932e48e36a9088b310c37b2b059b15e9962a",
    "source_bytes": 52337
  },
  "core_source": "Thomson/GlobalCertificates/Production/Node3287719/Core.lean",
  "assembled_source": "Thomson/GlobalCertificates/Production/Node3287719/Assembled.lean",
  "core_module": "Thomson.GlobalCertificates.Production.Node3287719.Core",
  "assembled_module": "Thomson.GlobalCertificates.Production.Node3287719.Assembled",
  "boundary_modules": [],
  "nodes": 29,
  "leaf_kinds": {
    "0": 14,
    "8": 15
  },
  "families": {
    "contraction": {
      "nodes": 29,
      "actual": 6,
      "rounds": 6,
      "actions": 7
    }
  },
  "reference_topology_sha256": {
    "vertex": "09629aa6d88e3007946041ee5bb5e7fe743b3242efca3b1b8ea02df65fe0eb34"
  },
  "generation_seconds": 0.2286579579813406,
  "kernel_check_required": true,
  "heartbeats": "default",
  "compiler_threads": 1,
  "core_memory_limit_mib": 2048,
  "assembled_memory_limit_mib": 3072
}
