{
  "format": "THOMSON_UNTRUSTED_MERGED_GROUP_V1",
  "root": 3359389,
  "selection": "/Users/archiebrowne/source/Thomson/Thomson/GlobalCertificates/Production/selections/Node3359389.json",
  "selection_sha256": "0d01560635e04dcd2a3faf6734d1d80fbb1f4ea3696d4b91bde60297088e7083",
  "binary": "/Users/archiebrowne/source/Thomson/.lake/global-cover/search.bin",
  "binary_sha256": "6626a818d355868776501e252bbdafb97029a5a9ebe31122f3509e3e359020a4",
  "output_prefix": "Thomson.GlobalCertificates.Production.Node3359389",
  "module": "Thomson.GlobalCertificates.Production.Node3359389.Assembled",
  "namespace": "Thomson.Five.GlobalCertificates.Production.Node3359389.Assembled",
  "core": {
    "module": "Thomson.GlobalCertificates.Production.Node3359389.Core",
    "source": "Thomson/GlobalCertificates/Production/Node3359389/Core.lean",
    "source_sha256": "d0b77d856e6d8810aeff6f5ee7490b690ec0c52528abd668e769da18112e7054",
    "source_bytes": 993403
  },
  "assembled": {
    "module": "Thomson.GlobalCertificates.Production.Node3359389.Assembled",
    "source": "Thomson/GlobalCertificates/Production/Node3359389/Assembled.lean",
    "source_sha256": "f4cac33dfc624e9d0811ac480b916dc2c3facaddfcb39a0d5f80760213d34bc4",
    "source_bytes": 236582
  },
  "core_source": "Thomson/GlobalCertificates/Production/Node3359389/Core.lean",
  "assembled_source": "Thomson/GlobalCertificates/Production/Node3359389/Assembled.lean",
  "core_module": "Thomson.GlobalCertificates.Production.Node3359389.Core",
  "assembled_module": "Thomson.GlobalCertificates.Production.Node3359389.Assembled",
  "boundary_modules": [],
  "nodes": 133,
  "leaf_kinds": {
    "0": 66,
    "3": 60,
    "6": 1,
    "8": 6
  },
  "families": {
    "contraction": {
      "nodes": 133,
      "actual": 17,
      "rounds": 17,
      "actions": 18
    }
  },
  "reference_topology_sha256": {
    "vertex": "09629aa6d88e3007946041ee5bb5e7fe743b3242efca3b1b8ea02df65fe0eb34",
    "gradient": "58c374fbc03eab01d7423cf8888185f1410a0c20be14044aa309678ec2e4216c",
    "pair": "65dfe5f05c0cab641b03d13ff573dc6bfa3f1d0fef0ed66dcd91cede0438a8ce"
  },
  "generation_seconds": 0.16252287500537932,
  "kernel_check_required": true,
  "heartbeats": "default",
  "compiler_threads": 1,
  "core_memory_limit_mib": 2048,
  "assembled_memory_limit_mib": 3072
}
