{
  "format": "THOMSON_UNTRUSTED_MERGED_GROUP_V1",
  "root": 3367692,
  "selection": "/Users/archiebrowne/source/Thomson/Thomson/GlobalCertificates/Production/selections/Node3367692.json",
  "selection_sha256": "54ea8b325803a041a84c123329d94ef1da9f1d429be0f679ff1b8782dc9c9ee3",
  "binary": "/Users/archiebrowne/source/Thomson/.lake/global-cover/search.bin",
  "binary_sha256": "6626a818d355868776501e252bbdafb97029a5a9ebe31122f3509e3e359020a4",
  "output_prefix": "Thomson.GlobalCertificates.Production.Node3367692",
  "module": "Thomson.GlobalCertificates.Production.Node3367692.Assembled",
  "namespace": "Thomson.Five.GlobalCertificates.Production.Node3367692.Assembled",
  "core": {
    "module": "Thomson.GlobalCertificates.Production.Node3367692.Core",
    "source": "Thomson/GlobalCertificates/Production/Node3367692/Core.lean",
    "source_sha256": "34414656ad35357b1d3e7e2de4e226d876269178664d074e243bed88af83b2f2",
    "source_bytes": 1612358
  },
  "assembled": {
    "module": "Thomson.GlobalCertificates.Production.Node3367692.Assembled",
    "source": "Thomson/GlobalCertificates/Production/Node3367692/Assembled.lean",
    "source_sha256": "93763e0ff1dda3d0418586dbfc5e4b6624df4034cdf6f22f3cd6f20af71e3298",
    "source_bytes": 378417
  },
  "core_source": "Thomson/GlobalCertificates/Production/Node3367692/Core.lean",
  "assembled_source": "Thomson/GlobalCertificates/Production/Node3367692/Assembled.lean",
  "core_module": "Thomson.GlobalCertificates.Production.Node3367692.Core",
  "assembled_module": "Thomson.GlobalCertificates.Production.Node3367692.Assembled",
  "boundary_modules": [],
  "nodes": 209,
  "leaf_kinds": {
    "0": 104,
    "3": 89,
    "6": 6,
    "8": 10
  },
  "families": {
    "contraction": {
      "nodes": 209,
      "actual": 40,
      "rounds": 40,
      "actions": 57
    }
  },
  "reference_topology_sha256": {
    "vertex": "09629aa6d88e3007946041ee5bb5e7fe743b3242efca3b1b8ea02df65fe0eb34",
    "gradient": "58c374fbc03eab01d7423cf8888185f1410a0c20be14044aa309678ec2e4216c",
    "pair": "65dfe5f05c0cab641b03d13ff573dc6bfa3f1d0fef0ed66dcd91cede0438a8ce"
  },
  "generation_seconds": 0.25395837501855567,
  "kernel_check_required": true,
  "heartbeats": "default",
  "compiler_threads": 1,
  "core_memory_limit_mib": 2048,
  "assembled_memory_limit_mib": 3072
}
