{
  "format": "THOMSON_UNTRUSTED_MERGED_GROUP_V1",
  "root": 3334824,
  "selection": "/Users/archiebrowne/source/Thomson/Thomson/GlobalCertificates/Production/selections/Node3334824.json",
  "selection_sha256": "be55283b93894f7d652c390d2ff5d9a51a71276b9e903c4d37fff74d775060dd",
  "binary": "/Users/archiebrowne/source/Thomson/.lake/global-cover/search.bin",
  "binary_sha256": "6626a818d355868776501e252bbdafb97029a5a9ebe31122f3509e3e359020a4",
  "output_prefix": "Thomson.GlobalCertificates.Production.Node3334824",
  "module": "Thomson.GlobalCertificates.Production.Node3334824.Assembled",
  "namespace": "Thomson.Five.GlobalCertificates.Production.Node3334824.Assembled",
  "core": {
    "module": "Thomson.GlobalCertificates.Production.Node3334824.Core",
    "source": "Thomson/GlobalCertificates/Production/Node3334824/Core.lean",
    "source_sha256": "056dce4816686ba0b1538fb6b736c4e8db673aa9c823cb4c9c262fe0ab1f8b59",
    "source_bytes": 2546606
  },
  "assembled": {
    "module": "Thomson.GlobalCertificates.Production.Node3334824.Assembled",
    "source": "Thomson/GlobalCertificates/Production/Node3334824/Assembled.lean",
    "source_sha256": "6881f76c9114c1b6b09ff6d8f799d00eb1dd161810b212654cbcdd29eac418d3",
    "source_bytes": 189799
  },
  "core_source": "Thomson/GlobalCertificates/Production/Node3334824/Core.lean",
  "assembled_source": "Thomson/GlobalCertificates/Production/Node3334824/Assembled.lean",
  "core_module": "Thomson.GlobalCertificates.Production.Node3334824.Core",
  "assembled_module": "Thomson.GlobalCertificates.Production.Node3334824.Assembled",
  "boundary_modules": [],
  "nodes": 109,
  "leaf_kinds": {
    "0": 54,
    "8": 55
  },
  "families": {
    "contraction": {
      "nodes": 109,
      "actual": 2,
      "rounds": 2,
      "actions": 2
    }
  },
  "reference_topology_sha256": {
    "vertex": "09629aa6d88e3007946041ee5bb5e7fe743b3242efca3b1b8ea02df65fe0eb34"
  },
  "generation_seconds": 0.5590260419994593,
  "kernel_check_required": true,
  "heartbeats": "default",
  "compiler_threads": 1,
  "core_memory_limit_mib": 2048,
  "assembled_memory_limit_mib": 3072
}
