{
  "format": "THOMSON_UNTRUSTED_MERGED_GROUP_V1",
  "root": 3324871,
  "selection": "/Users/archiebrowne/source/Thomson/Thomson/GlobalCertificates/Production/selections/Node3324871.json",
  "selection_sha256": "43478eb5213abf43e4111a2f0e2f2908755df5acf45995ad160c1f38b3eca549",
  "binary": "/Users/archiebrowne/source/Thomson/.lake/global-cover/search.bin",
  "binary_sha256": "6626a818d355868776501e252bbdafb97029a5a9ebe31122f3509e3e359020a4",
  "output_prefix": "Thomson.GlobalCertificates.Production.Node3324871",
  "module": "Thomson.GlobalCertificates.Production.Node3324871.Assembled",
  "namespace": "Thomson.Five.GlobalCertificates.Production.Node3324871.Assembled",
  "core": {
    "module": "Thomson.GlobalCertificates.Production.Node3324871.Core",
    "source": "Thomson/GlobalCertificates/Production/Node3324871/Core.lean",
    "source_sha256": "b22a310c6423150f85b26dd8066cd5ea30d9b9f35a62cc267cb513beaf8f0bc0",
    "source_bytes": 2931122
  },
  "assembled": {
    "module": "Thomson.GlobalCertificates.Production.Node3324871.Assembled",
    "source": "Thomson/GlobalCertificates/Production/Node3324871/Assembled.lean",
    "source_sha256": "6f063b056bfc7a950ff44d8bdc3e8b1b63d09ddb68ae7f79e1a28df4d0ffae48",
    "source_bytes": 222352
  },
  "core_source": "Thomson/GlobalCertificates/Production/Node3324871/Core.lean",
  "assembled_source": "Thomson/GlobalCertificates/Production/Node3324871/Assembled.lean",
  "core_module": "Thomson.GlobalCertificates.Production.Node3324871.Core",
  "assembled_module": "Thomson.GlobalCertificates.Production.Node3324871.Assembled",
  "boundary_modules": [],
  "nodes": 125,
  "leaf_kinds": {
    "0": 62,
    "6": 2,
    "8": 61
  },
  "families": {
    "contraction": {
      "nodes": 125,
      "actual": 47,
      "rounds": 47,
      "actions": 69
    }
  },
  "reference_topology_sha256": {
    "vertex": "09629aa6d88e3007946041ee5bb5e7fe743b3242efca3b1b8ea02df65fe0eb34",
    "gradient": "58c374fbc03eab01d7423cf8888185f1410a0c20be14044aa309678ec2e4216c"
  },
  "generation_seconds": 0.6853685000096448,
  "kernel_check_required": true,
  "heartbeats": "default",
  "compiler_threads": 1,
  "core_memory_limit_mib": 2048,
  "assembled_memory_limit_mib": 3072
}
