{
  "format": "THOMSON_UNTRUSTED_MERGED_GROUP_V1",
  "root": 3353184,
  "selection": "/Users/archiebrowne/source/Thomson/Thomson/GlobalCertificates/Production/selections/Node3353184.json",
  "selection_sha256": "e208382418043eee7d6f3866082fca4af1979eeac64b82432dd243fe5cc4ae00",
  "binary": "/Users/archiebrowne/source/Thomson/.lake/global-cover/search.bin",
  "binary_sha256": "6626a818d355868776501e252bbdafb97029a5a9ebe31122f3509e3e359020a4",
  "output_prefix": "Thomson.GlobalCertificates.Production.Node3353184",
  "module": "Thomson.GlobalCertificates.Production.Node3353184.Assembled",
  "namespace": "Thomson.Five.GlobalCertificates.Production.Node3353184.Assembled",
  "core": {
    "module": "Thomson.GlobalCertificates.Production.Node3353184.Core",
    "source": "Thomson/GlobalCertificates/Production/Node3353184/Core.lean",
    "source_sha256": "0061f513ccdd4126dc01841d733a2990f6b39bf8f230f5a8393ba94776bbc78a",
    "source_bytes": 2312060
  },
  "assembled": {
    "module": "Thomson.GlobalCertificates.Production.Node3353184.Assembled",
    "source": "Thomson/GlobalCertificates/Production/Node3353184/Assembled.lean",
    "source_sha256": "155a2f55cd8572249bfc2354ebe564d119b2eae71ad9fbf2e8d9e03113e10204",
    "source_bytes": 297275
  },
  "core_source": "Thomson/GlobalCertificates/Production/Node3353184/Core.lean",
  "assembled_source": "Thomson/GlobalCertificates/Production/Node3353184/Assembled.lean",
  "core_module": "Thomson.GlobalCertificates.Production.Node3353184.Core",
  "assembled_module": "Thomson.GlobalCertificates.Production.Node3353184.Assembled",
  "boundary_modules": [],
  "nodes": 165,
  "leaf_kinds": {
    "0": 82,
    "3": 8,
    "6": 37,
    "8": 38
  },
  "families": {
    "contraction": {
      "nodes": 165,
      "actual": 0,
      "rounds": 0,
      "actions": 0
    }
  },
  "reference_topology_sha256": {
    "vertex": "09629aa6d88e3007946041ee5bb5e7fe743b3242efca3b1b8ea02df65fe0eb34",
    "gradient": "58c374fbc03eab01d7423cf8888185f1410a0c20be14044aa309678ec2e4216c",
    "pair": "65dfe5f05c0cab641b03d13ff573dc6bfa3f1d0fef0ed66dcd91cede0438a8ce"
  },
  "generation_seconds": 0.4500287499977276,
  "kernel_check_required": true,
  "heartbeats": "default",
  "compiler_threads": 1,
  "core_memory_limit_mib": 2048,
  "assembled_memory_limit_mib": 3072
}
