{
  "format": "THOMSON_UNTRUSTED_MERGED_GROUP_V1",
  "root": 3280199,
  "selection": "/Users/archiebrowne/source/Thomson/Thomson/GlobalCertificates/Production/selections/Node3280199.json",
  "selection_sha256": "edfc9bc3daafeccd59d7301b7edc606cfd99d15bdc0c84525bf35c9cc28fa420",
  "binary": "/Users/archiebrowne/source/Thomson/.lake/global-cover/search.bin",
  "binary_sha256": "6626a818d355868776501e252bbdafb97029a5a9ebe31122f3509e3e359020a4",
  "output_prefix": "Thomson.GlobalCertificates.Production.Node3280199",
  "module": "Thomson.GlobalCertificates.Production.Node3280199.Assembled",
  "namespace": "Thomson.Five.GlobalCertificates.Production.Node3280199.Assembled",
  "core": {
    "module": "Thomson.GlobalCertificates.Production.Node3280199.Core",
    "source": "Thomson/GlobalCertificates/Production/Node3280199/Core.lean",
    "source_sha256": "7c6675bfa673dfed2bd6f6caad4668377050717971dc21259da78cff26771ae3",
    "source_bytes": 751243
  },
  "assembled": {
    "module": "Thomson.GlobalCertificates.Production.Node3280199.Assembled",
    "source": "Thomson/GlobalCertificates/Production/Node3280199/Assembled.lean",
    "source_sha256": "6fd692a5f06fa2bfbce4635dda194ca377c200c6d88a3e19bfb3762f6affd9e4",
    "source_bytes": 56465
  },
  "core_source": "Thomson/GlobalCertificates/Production/Node3280199/Core.lean",
  "assembled_source": "Thomson/GlobalCertificates/Production/Node3280199/Assembled.lean",
  "core_module": "Thomson.GlobalCertificates.Production.Node3280199.Core",
  "assembled_module": "Thomson.GlobalCertificates.Production.Node3280199.Assembled",
  "boundary_modules": [],
  "nodes": 31,
  "leaf_kinds": {
    "0": 15,
    "8": 16
  },
  "families": {
    "contraction": {
      "nodes": 31,
      "actual": 8,
      "rounds": 8,
      "actions": 12
    }
  },
  "reference_topology_sha256": {
    "vertex": "09629aa6d88e3007946041ee5bb5e7fe743b3242efca3b1b8ea02df65fe0eb34"
  },
  "generation_seconds": 0.158048624987714,
  "kernel_check_required": true,
  "heartbeats": "default",
  "compiler_threads": 1,
  "core_memory_limit_mib": 2048,
  "assembled_memory_limit_mib": 3072
}
