{
  "format": "THOMSON_UNTRUSTED_MERGED_GROUP_V1",
  "root": 3358791,
  "selection": "/Users/archiebrowne/source/Thomson/Thomson/GlobalCertificates/Production/selections/Node3358791.json",
  "selection_sha256": "33625e302f72cdfcf5ce68d4efe9de0a1e2a8f8e4d7c8ca08a3fb2197dc1b8a9",
  "binary": "/Users/archiebrowne/source/Thomson/.lake/global-cover/search.bin",
  "binary_sha256": "6626a818d355868776501e252bbdafb97029a5a9ebe31122f3509e3e359020a4",
  "output_prefix": "Thomson.GlobalCertificates.Production.Node3358791",
  "module": "Thomson.GlobalCertificates.Production.Node3358791.Assembled",
  "namespace": "Thomson.Five.GlobalCertificates.Production.Node3358791.Assembled",
  "core": {
    "module": "Thomson.GlobalCertificates.Production.Node3358791.Core",
    "source": "Thomson/GlobalCertificates/Production/Node3358791/Core.lean",
    "source_sha256": "41cdb317ad84014b4d83ead8d791b8dfbaada6df5c6761cc2a3d7f070c48d8d4",
    "source_bytes": 2125774
  },
  "assembled": {
    "module": "Thomson.GlobalCertificates.Production.Node3358791.Assembled",
    "source": "Thomson/GlobalCertificates/Production/Node3358791/Assembled.lean",
    "source_sha256": "60d4217646d4a6163a7413bf19240e5d0afa0b156c9359ed5df3c2c2a9274df3",
    "source_bytes": 409055
  },
  "core_source": "Thomson/GlobalCertificates/Production/Node3358791/Core.lean",
  "assembled_source": "Thomson/GlobalCertificates/Production/Node3358791/Assembled.lean",
  "core_module": "Thomson.GlobalCertificates.Production.Node3358791.Core",
  "assembled_module": "Thomson.GlobalCertificates.Production.Node3358791.Assembled",
  "boundary_modules": [],
  "nodes": 231,
  "leaf_kinds": {
    "0": 115,
    "3": 67,
    "6": 28,
    "8": 21
  },
  "families": {
    "contraction": {
      "nodes": 231,
      "actual": 36,
      "rounds": 36,
      "actions": 67
    }
  },
  "reference_topology_sha256": {
    "vertex": "09629aa6d88e3007946041ee5bb5e7fe743b3242efca3b1b8ea02df65fe0eb34",
    "gradient": "58c374fbc03eab01d7423cf8888185f1410a0c20be14044aa309678ec2e4216c",
    "pair": "65dfe5f05c0cab641b03d13ff573dc6bfa3f1d0fef0ed66dcd91cede0438a8ce"
  },
  "generation_seconds": 0.37254625000059605,
  "kernel_check_required": true,
  "heartbeats": "default",
  "compiler_threads": 1,
  "core_memory_limit_mib": 2048,
  "assembled_memory_limit_mib": 3072
}
