{
  "format": "THOMSON_UNTRUSTED_MERGED_GROUP_V1",
  "root": 3326666,
  "selection": "/Users/archiebrowne/source/Thomson/Thomson/GlobalCertificates/Production/selections/Node3326666.json",
  "selection_sha256": "f5b52d2d82f49cb27ee65b65e9c5d8b181831166c7956b8a64d9d573b9336338",
  "binary": "/Users/archiebrowne/source/Thomson/.lake/global-cover/search.bin",
  "binary_sha256": "6626a818d355868776501e252bbdafb97029a5a9ebe31122f3509e3e359020a4",
  "output_prefix": "Thomson.GlobalCertificates.Production.Node3326666",
  "module": "Thomson.GlobalCertificates.Production.Node3326666.Assembled",
  "namespace": "Thomson.Five.GlobalCertificates.Production.Node3326666.Assembled",
  "core": {
    "module": "Thomson.GlobalCertificates.Production.Node3326666.Core",
    "source": "Thomson/GlobalCertificates/Production/Node3326666/Core.lean",
    "source_sha256": "db012b22d04038c4e41e26b81d0e4a272ab95958706f65063b8b737075f2c245",
    "source_bytes": 2221622
  },
  "assembled": {
    "module": "Thomson.GlobalCertificates.Production.Node3326666.Assembled",
    "source": "Thomson/GlobalCertificates/Production/Node3326666/Assembled.lean",
    "source_sha256": "25de7b23e812e44358f04cdfdbbe60640be38202a551523c8e8d6e2d2eb7fc72",
    "source_bytes": 424048
  },
  "core_source": "Thomson/GlobalCertificates/Production/Node3326666/Core.lean",
  "assembled_source": "Thomson/GlobalCertificates/Production/Node3326666/Assembled.lean",
  "core_module": "Thomson.GlobalCertificates.Production.Node3326666.Core",
  "assembled_module": "Thomson.GlobalCertificates.Production.Node3326666.Assembled",
  "boundary_modules": [],
  "nodes": 241,
  "leaf_kinds": {
    "0": 120,
    "3": 24,
    "6": 74,
    "8": 23
  },
  "families": {
    "contraction": {
      "nodes": 241,
      "actual": 19,
      "rounds": 19,
      "actions": 19
    }
  },
  "reference_topology_sha256": {
    "vertex": "09629aa6d88e3007946041ee5bb5e7fe743b3242efca3b1b8ea02df65fe0eb34",
    "gradient": "58c374fbc03eab01d7423cf8888185f1410a0c20be14044aa309678ec2e4216c",
    "pair": "65dfe5f05c0cab641b03d13ff573dc6bfa3f1d0fef0ed66dcd91cede0438a8ce"
  },
  "generation_seconds": 0.4753432080033235,
  "kernel_check_required": true,
  "heartbeats": "default",
  "compiler_threads": 1,
  "core_memory_limit_mib": 2048,
  "assembled_memory_limit_mib": 3072
}
