{
  "format": "THOMSON_UNTRUSTED_MERGED_GROUP_V1",
  "root": 3361745,
  "selection": "/Users/archiebrowne/source/Thomson/Thomson/GlobalCertificates/Production/selections/Node3361745.json",
  "selection_sha256": "6c95c2ad73c5a0e5657b3df5015c6468c2ebc06c7da6c8f51d15a5568688c502",
  "binary": "/Users/archiebrowne/source/Thomson/.lake/global-cover/search.bin",
  "binary_sha256": "6626a818d355868776501e252bbdafb97029a5a9ebe31122f3509e3e359020a4",
  "output_prefix": "Thomson.GlobalCertificates.Production.Node3361745",
  "module": "Thomson.GlobalCertificates.Production.Node3361745.Assembled",
  "namespace": "Thomson.Five.GlobalCertificates.Production.Node3361745.Assembled",
  "core": {
    "module": "Thomson.GlobalCertificates.Production.Node3361745.Core",
    "source": "Thomson/GlobalCertificates/Production/Node3361745/Core.lean",
    "source_sha256": "b9f3bb1337a47df4bab706c56d65db38301dd536e67aba10af2740323f170822",
    "source_bytes": 932038
  },
  "assembled": {
    "module": "Thomson.GlobalCertificates.Production.Node3361745.Assembled",
    "source": "Thomson/GlobalCertificates/Production/Node3361745/Assembled.lean",
    "source_sha256": "35a365f4695dc09de8467152404f7658c898544842cfc65cb52fb6ff745e9589",
    "source_bytes": 212198
  },
  "core_source": "Thomson/GlobalCertificates/Production/Node3361745/Core.lean",
  "assembled_source": "Thomson/GlobalCertificates/Production/Node3361745/Assembled.lean",
  "core_module": "Thomson.GlobalCertificates.Production.Node3361745.Core",
  "assembled_module": "Thomson.GlobalCertificates.Production.Node3361745.Assembled",
  "boundary_modules": [],
  "nodes": 117,
  "leaf_kinds": {
    "0": 58,
    "3": 48,
    "6": 4,
    "8": 7
  },
  "families": {
    "contraction": {
      "nodes": 117,
      "actual": 8,
      "rounds": 8,
      "actions": 9
    }
  },
  "reference_topology_sha256": {
    "vertex": "09629aa6d88e3007946041ee5bb5e7fe743b3242efca3b1b8ea02df65fe0eb34",
    "gradient": "58c374fbc03eab01d7423cf8888185f1410a0c20be14044aa309678ec2e4216c",
    "pair": "65dfe5f05c0cab641b03d13ff573dc6bfa3f1d0fef0ed66dcd91cede0438a8ce"
  },
  "generation_seconds": 0.1585042080259882,
  "kernel_check_required": true,
  "heartbeats": "default",
  "compiler_threads": 1,
  "core_memory_limit_mib": 2048,
  "assembled_memory_limit_mib": 3072
}
