{
  "format": "THOMSON_UNTRUSTED_MERGED_GROUP_V1",
  "root": 3362877,
  "selection": "/Users/archiebrowne/source/Thomson/Thomson/GlobalCertificates/Production/selections/Node3362877.json",
  "selection_sha256": "eced599f691bf7051e163da4ad61b97a3af6683081b5b1d9002a2d5e7b9cfc21",
  "binary": "/Users/archiebrowne/source/Thomson/.lake/global-cover/search.bin",
  "binary_sha256": "6626a818d355868776501e252bbdafb97029a5a9ebe31122f3509e3e359020a4",
  "output_prefix": "Thomson.GlobalCertificates.Production.Node3362877",
  "module": "Thomson.GlobalCertificates.Production.Node3362877.Assembled",
  "namespace": "Thomson.Five.GlobalCertificates.Production.Node3362877.Assembled",
  "core": {
    "module": "Thomson.GlobalCertificates.Production.Node3362877.Core",
    "source": "Thomson/GlobalCertificates/Production/Node3362877/Core.lean",
    "source_sha256": "508c09dc3d13bc5d2498e71874258712874975b29848f4669c6f2b6086449466",
    "source_bytes": 582333
  },
  "assembled": {
    "module": "Thomson.GlobalCertificates.Production.Node3362877.Assembled",
    "source": "Thomson/GlobalCertificates/Production/Node3362877/Assembled.lean",
    "source_sha256": "6007ee6e529cad508699f35a5ce46d3c0bae6aa5a9a28c7ec8d3f69e52e5cd4d",
    "source_bytes": 144001
  },
  "core_source": "Thomson/GlobalCertificates/Production/Node3362877/Core.lean",
  "assembled_source": "Thomson/GlobalCertificates/Production/Node3362877/Assembled.lean",
  "core_module": "Thomson.GlobalCertificates.Production.Node3362877.Core",
  "assembled_module": "Thomson.GlobalCertificates.Production.Node3362877.Assembled",
  "boundary_modules": [],
  "nodes": 79,
  "leaf_kinds": {
    "0": 39,
    "3": 27,
    "6": 11,
    "8": 2
  },
  "families": {
    "contraction": {
      "nodes": 79,
      "actual": 31,
      "rounds": 31,
      "actions": 92
    }
  },
  "reference_topology_sha256": {
    "vertex": "09629aa6d88e3007946041ee5bb5e7fe743b3242efca3b1b8ea02df65fe0eb34",
    "gradient": "58c374fbc03eab01d7423cf8888185f1410a0c20be14044aa309678ec2e4216c",
    "pair": "65dfe5f05c0cab641b03d13ff573dc6bfa3f1d0fef0ed66dcd91cede0438a8ce"
  },
  "generation_seconds": 0.1013764999806881,
  "kernel_check_required": true,
  "heartbeats": "default",
  "compiler_threads": 1,
  "core_memory_limit_mib": 2048,
  "assembled_memory_limit_mib": 3072
}
