{
  "format": "THOMSON_UNTRUSTED_MERGED_GROUP_V1",
  "root": 3356282,
  "selection": "/Users/archiebrowne/source/Thomson/Thomson/GlobalCertificates/Production/selections/Node3356282.json",
  "selection_sha256": "71914e3ec7b295fc71d04265d6cd0ad158dd92c0a8297a6db3d1b51d46b1eda6",
  "binary": "/Users/archiebrowne/source/Thomson/.lake/global-cover/search.bin",
  "binary_sha256": "6626a818d355868776501e252bbdafb97029a5a9ebe31122f3509e3e359020a4",
  "output_prefix": "Thomson.GlobalCertificates.Production.Node3356282",
  "module": "Thomson.GlobalCertificates.Production.Node3356282.Assembled",
  "namespace": "Thomson.Five.GlobalCertificates.Production.Node3356282.Assembled",
  "core": {
    "module": "Thomson.GlobalCertificates.Production.Node3356282.Core",
    "source": "Thomson/GlobalCertificates/Production/Node3356282/Core.lean",
    "source_sha256": "b506e42ad252cf6f7f5f814150ce8a0f48c17fa698611ee4a8945a33f59616ae",
    "source_bytes": 1176674
  },
  "assembled": {
    "module": "Thomson.GlobalCertificates.Production.Node3356282.Assembled",
    "source": "Thomson/GlobalCertificates/Production/Node3356282/Assembled.lean",
    "source_sha256": "a117e5c37f994656f084c9b68e4d94f719da02b68777015efbe7393a3323136a",
    "source_bytes": 252129
  },
  "core_source": "Thomson/GlobalCertificates/Production/Node3356282/Core.lean",
  "assembled_source": "Thomson/GlobalCertificates/Production/Node3356282/Assembled.lean",
  "core_module": "Thomson.GlobalCertificates.Production.Node3356282.Core",
  "assembled_module": "Thomson.GlobalCertificates.Production.Node3356282.Assembled",
  "boundary_modules": [],
  "nodes": 143,
  "leaf_kinds": {
    "0": 71,
    "3": 41,
    "6": 21,
    "8": 10
  },
  "families": {
    "contraction": {
      "nodes": 143,
      "actual": 6,
      "rounds": 6,
      "actions": 6
    }
  },
  "reference_topology_sha256": {
    "vertex": "09629aa6d88e3007946041ee5bb5e7fe743b3242efca3b1b8ea02df65fe0eb34",
    "gradient": "58c374fbc03eab01d7423cf8888185f1410a0c20be14044aa309678ec2e4216c",
    "pair": "65dfe5f05c0cab641b03d13ff573dc6bfa3f1d0fef0ed66dcd91cede0438a8ce"
  },
  "generation_seconds": 0.20625795901287347,
  "kernel_check_required": true,
  "heartbeats": "default",
  "compiler_threads": 1,
  "core_memory_limit_mib": 2048,
  "assembled_memory_limit_mib": 3072
}
