{
  "format": "THOMSON_UNTRUSTED_MERGED_GROUP_V1",
  "root": 3343899,
  "selection": "/Users/archiebrowne/source/Thomson/Thomson/GlobalCertificates/Production/selections/Node3343899.json",
  "selection_sha256": "23641438b878a2f2edabb582021f73e88425367fbb3aad417b2a6c8bb22f70ff",
  "binary": "/Users/archiebrowne/source/Thomson/.lake/global-cover/search.bin",
  "binary_sha256": "6626a818d355868776501e252bbdafb97029a5a9ebe31122f3509e3e359020a4",
  "output_prefix": "Thomson.GlobalCertificates.Production.Node3343899",
  "module": "Thomson.GlobalCertificates.Production.Node3343899.Assembled",
  "namespace": "Thomson.Five.GlobalCertificates.Production.Node3343899.Assembled",
  "core": {
    "module": "Thomson.GlobalCertificates.Production.Node3343899.Core",
    "source": "Thomson/GlobalCertificates/Production/Node3343899/Core.lean",
    "source_sha256": "0e5d7f087c78bcbb101edf46187d99296e70c0c43a1f3dcaaf2ab5b039c67b11",
    "source_bytes": 2412159
  },
  "assembled": {
    "module": "Thomson.GlobalCertificates.Production.Node3343899.Assembled",
    "source": "Thomson/GlobalCertificates/Production/Node3343899/Assembled.lean",
    "source_sha256": "4edf9dbac4d6d55770c5d16f3f1178c2383b7dbe09927cdd7e2dad8db1b867d4",
    "source_bytes": 238255
  },
  "core_source": "Thomson/GlobalCertificates/Production/Node3343899/Core.lean",
  "assembled_source": "Thomson/GlobalCertificates/Production/Node3343899/Assembled.lean",
  "core_module": "Thomson.GlobalCertificates.Production.Node3343899.Core",
  "assembled_module": "Thomson.GlobalCertificates.Production.Node3343899.Assembled",
  "boundary_modules": [],
  "nodes": 133,
  "leaf_kinds": {
    "0": 66,
    "3": 7,
    "6": 14,
    "8": 46
  },
  "families": {
    "contraction": {
      "nodes": 133,
      "actual": 20,
      "rounds": 20,
      "actions": 25
    }
  },
  "reference_topology_sha256": {
    "vertex": "09629aa6d88e3007946041ee5bb5e7fe743b3242efca3b1b8ea02df65fe0eb34",
    "gradient": "58c374fbc03eab01d7423cf8888185f1410a0c20be14044aa309678ec2e4216c",
    "pair": "65dfe5f05c0cab641b03d13ff573dc6bfa3f1d0fef0ed66dcd91cede0438a8ce"
  },
  "generation_seconds": 0.51709512504749,
  "kernel_check_required": true,
  "heartbeats": "default",
  "compiler_threads": 1,
  "core_memory_limit_mib": 2048,
  "assembled_memory_limit_mib": 3072
}
