{
  "format": "THOMSON_UNTRUSTED_MERGED_GROUP_V1",
  "root": 3355094,
  "selection": "/Users/archiebrowne/source/Thomson/Thomson/GlobalCertificates/Production/selections/Node3355094.json",
  "selection_sha256": "e140bdeb316d1b4a5227fed214be5f421524ab6e8f1b0899599abae89d863166",
  "binary": "/Users/archiebrowne/source/Thomson/.lake/global-cover/search.bin",
  "binary_sha256": "6626a818d355868776501e252bbdafb97029a5a9ebe31122f3509e3e359020a4",
  "output_prefix": "Thomson.GlobalCertificates.Production.Node3355094",
  "module": "Thomson.GlobalCertificates.Production.Node3355094.Assembled",
  "namespace": "Thomson.Five.GlobalCertificates.Production.Node3355094.Assembled",
  "core": {
    "module": "Thomson.GlobalCertificates.Production.Node3355094.Core",
    "source": "Thomson/GlobalCertificates/Production/Node3355094/Core.lean",
    "source_sha256": "d10426801fab127dd3bb2c8899c652e794fcb5b008a3af129895d73da149bc5b",
    "source_bytes": 197295
  },
  "assembled": {
    "module": "Thomson.GlobalCertificates.Production.Node3355094.Assembled",
    "source": "Thomson/GlobalCertificates/Production/Node3355094/Assembled.lean",
    "source_sha256": "b661197716bddaf6b0697ea22f426fb81fef94efff89cd24907c33287ae8153d",
    "source_bytes": 57867
  },
  "core_source": "Thomson/GlobalCertificates/Production/Node3355094/Core.lean",
  "assembled_source": "Thomson/GlobalCertificates/Production/Node3355094/Assembled.lean",
  "core_module": "Thomson.GlobalCertificates.Production.Node3355094.Core",
  "assembled_module": "Thomson.GlobalCertificates.Production.Node3355094.Assembled",
  "boundary_modules": [],
  "nodes": 33,
  "leaf_kinds": {
    "0": 16,
    "3": 17
  },
  "families": {
    "contraction": {
      "nodes": 33,
      "actual": 6,
      "rounds": 6,
      "actions": 6
    }
  },
  "reference_topology_sha256": {
    "pair": "65dfe5f05c0cab641b03d13ff573dc6bfa3f1d0fef0ed66dcd91cede0438a8ce"
  },
  "generation_seconds": 0.031490708992350847,
  "kernel_check_required": true,
  "heartbeats": "default",
  "compiler_threads": 1,
  "core_memory_limit_mib": 2048,
  "assembled_memory_limit_mib": 3072
}
