{
  "format": "THOMSON_UNTRUSTED_MERGED_GROUP_V1",
  "root": 3338118,
  "selection": "/Users/archiebrowne/source/Thomson/Thomson/GlobalCertificates/Production/selections/Node3338118.json",
  "selection_sha256": "eb79f67f3986cc6fffdd1ca0dad7825cfaa4104ae2d615e2b193d62786fee08f",
  "binary": "/Users/archiebrowne/source/Thomson/.lake/global-cover/search.bin",
  "binary_sha256": "6626a818d355868776501e252bbdafb97029a5a9ebe31122f3509e3e359020a4",
  "output_prefix": "Thomson.GlobalCertificates.Production.Node3338118",
  "module": "Thomson.GlobalCertificates.Production.Node3338118.Assembled",
  "namespace": "Thomson.Five.GlobalCertificates.Production.Node3338118.Assembled",
  "core": {
    "module": "Thomson.GlobalCertificates.Production.Node3338118.Core",
    "source": "Thomson/GlobalCertificates/Production/Node3338118/Core.lean",
    "source_sha256": "e0bf8596701a73848017424a31cdc1c6db1311e3c61c2a71c8356ef10b006a7c",
    "source_bytes": 2229484
  },
  "assembled": {
    "module": "Thomson.GlobalCertificates.Production.Node3338118.Assembled",
    "source": "Thomson/GlobalCertificates/Production/Node3338118/Assembled.lean",
    "source_sha256": "0447bc6303fb2d76eda36d6f8dbe78f0dedc288cbafe61d856cd1c99efe7be58",
    "source_bytes": 237238
  },
  "core_source": "Thomson/GlobalCertificates/Production/Node3338118/Core.lean",
  "assembled_source": "Thomson/GlobalCertificates/Production/Node3338118/Assembled.lean",
  "core_module": "Thomson.GlobalCertificates.Production.Node3338118.Core",
  "assembled_module": "Thomson.GlobalCertificates.Production.Node3338118.Assembled",
  "boundary_modules": [],
  "nodes": 133,
  "leaf_kinds": {
    "0": 66,
    "6": 26,
    "8": 41
  },
  "families": {
    "contraction": {
      "nodes": 133,
      "actual": 20,
      "rounds": 20,
      "actions": 20
    }
  },
  "reference_topology_sha256": {
    "vertex": "09629aa6d88e3007946041ee5bb5e7fe743b3242efca3b1b8ea02df65fe0eb34",
    "gradient": "58c374fbc03eab01d7423cf8888185f1410a0c20be14044aa309678ec2e4216c"
  },
  "generation_seconds": 0.4490976670058444,
  "kernel_check_required": true,
  "heartbeats": "default",
  "compiler_threads": 1,
  "core_memory_limit_mib": 2048,
  "assembled_memory_limit_mib": 3072
}
