{
  "format": "THOMSON_UNTRUSTED_MERGED_GROUP_V1",
  "root": 3311220,
  "selection": "/Users/archiebrowne/source/Thomson/Thomson/GlobalCertificates/Production/selections/Node3311220.json",
  "selection_sha256": "37cd388e20e2d65a56c9d08665c2ba49e7ff539d70aa642d23f54f49d4fe5afb",
  "binary": "/Users/archiebrowne/source/Thomson/.lake/global-cover/search.bin",
  "binary_sha256": "6626a818d355868776501e252bbdafb97029a5a9ebe31122f3509e3e359020a4",
  "output_prefix": "Thomson.GlobalCertificates.Production.Node3311220",
  "module": "Thomson.GlobalCertificates.Production.Node3311220.Assembled",
  "namespace": "Thomson.Five.GlobalCertificates.Production.Node3311220.Assembled",
  "core": {
    "module": "Thomson.GlobalCertificates.Production.Node3311220.Core",
    "source": "Thomson/GlobalCertificates/Production/Node3311220/Core.lean",
    "source_sha256": "2ebf217cc2f6c9a57e21f5b289661f9795b6b24aa71a79ed3e7b058f9e3bdfcb",
    "source_bytes": 3129118
  },
  "assembled": {
    "module": "Thomson.GlobalCertificates.Production.Node3311220.Assembled",
    "source": "Thomson/GlobalCertificates/Production/Node3311220/Assembled.lean",
    "source_sha256": "fcb10394533efa2117cc3c00f9d80d32a57e1d0e7256754c3ec76851002dfc43",
    "source_bytes": 374794
  },
  "core_source": "Thomson/GlobalCertificates/Production/Node3311220/Core.lean",
  "assembled_source": "Thomson/GlobalCertificates/Production/Node3311220/Assembled.lean",
  "core_module": "Thomson.GlobalCertificates.Production.Node3311220.Core",
  "assembled_module": "Thomson.GlobalCertificates.Production.Node3311220.Assembled",
  "boundary_modules": [],
  "nodes": 209,
  "leaf_kinds": {
    "0": 104,
    "3": 35,
    "6": 16,
    "8": 54
  },
  "families": {
    "contraction": {
      "nodes": 209,
      "actual": 8,
      "rounds": 8,
      "actions": 8
    }
  },
  "reference_topology_sha256": {
    "vertex": "09629aa6d88e3007946041ee5bb5e7fe743b3242efca3b1b8ea02df65fe0eb34",
    "gradient": "58c374fbc03eab01d7423cf8888185f1410a0c20be14044aa309678ec2e4216c",
    "pair": "65dfe5f05c0cab641b03d13ff573dc6bfa3f1d0fef0ed66dcd91cede0438a8ce"
  },
  "generation_seconds": 0.9586087500210851,
  "kernel_check_required": true,
  "heartbeats": "default",
  "compiler_threads": 1,
  "core_memory_limit_mib": 2048,
  "assembled_memory_limit_mib": 3072
}
