{
  "format": "THOMSON_UNTRUSTED_MERGED_GROUP_V1",
  "root": 3281659,
  "selection": "/Users/archiebrowne/source/Thomson/Thomson/GlobalCertificates/Production/selections/Node3281659.json",
  "selection_sha256": "73fac9d1abd00b92f9bc60dd11a43eb147f04c4c6c51b71665e187368d3bcf3b",
  "binary": "/Users/archiebrowne/source/Thomson/.lake/global-cover/search.bin",
  "binary_sha256": "6626a818d355868776501e252bbdafb97029a5a9ebe31122f3509e3e359020a4",
  "output_prefix": "Thomson.GlobalCertificates.Production.Node3281659",
  "module": "Thomson.GlobalCertificates.Production.Node3281659.Assembled",
  "namespace": "Thomson.Five.GlobalCertificates.Production.Node3281659.Assembled",
  "core": {
    "module": "Thomson.GlobalCertificates.Production.Node3281659.Core",
    "source": "Thomson/GlobalCertificates/Production/Node3281659/Core.lean",
    "source_sha256": "6f8924554454eed0251f79f3b6ce09fd45ec6c48c57327e800fc002f16cb653a",
    "source_bytes": 787990
  },
  "assembled": {
    "module": "Thomson.GlobalCertificates.Production.Node3281659.Assembled",
    "source": "Thomson/GlobalCertificates/Production/Node3281659/Assembled.lean",
    "source_sha256": "098faa564a3b9ce71e7f95011a0846a5841d03936cb65b1e7435e1c3474fec76",
    "source_bytes": 59718
  },
  "core_source": "Thomson/GlobalCertificates/Production/Node3281659/Core.lean",
  "assembled_source": "Thomson/GlobalCertificates/Production/Node3281659/Assembled.lean",
  "core_module": "Thomson.GlobalCertificates.Production.Node3281659.Core",
  "assembled_module": "Thomson.GlobalCertificates.Production.Node3281659.Assembled",
  "boundary_modules": [],
  "nodes": 33,
  "leaf_kinds": {
    "0": 16,
    "8": 17
  },
  "families": {
    "contraction": {
      "nodes": 33,
      "actual": 4,
      "rounds": 4,
      "actions": 5
    }
  },
  "reference_topology_sha256": {
    "vertex": "09629aa6d88e3007946041ee5bb5e7fe743b3242efca3b1b8ea02df65fe0eb34"
  },
  "generation_seconds": 0.25165820901747793,
  "kernel_check_required": true,
  "heartbeats": "default",
  "compiler_threads": 1,
  "core_memory_limit_mib": 2048,
  "assembled_memory_limit_mib": 3072
}
