{
  "format": "THOMSON_UNTRUSTED_MERGED_GROUP_V1",
  "root": 3382835,
  "selection": "/Users/archiebrowne/source/Thomson/Thomson/GlobalCertificates/Production/selections/Node3382835.json",
  "selection_sha256": "78d352035eb7428b3f0539ff560bf4a791faf185a3ec368a9febdc7b209a3f08",
  "binary": "/Users/archiebrowne/source/Thomson/.lake/global-cover/search.bin",
  "binary_sha256": "6626a818d355868776501e252bbdafb97029a5a9ebe31122f3509e3e359020a4",
  "output_prefix": "Thomson.GlobalCertificates.Production.Node3382835",
  "module": "Thomson.GlobalCertificates.Production.Node3382835.Assembled",
  "namespace": "Thomson.Five.GlobalCertificates.Production.Node3382835.Assembled",
  "core": {
    "module": "Thomson.GlobalCertificates.Production.Node3382835.Core",
    "source": "Thomson/GlobalCertificates/Production/Node3382835/Core.lean",
    "source_sha256": "11e63e8cd3799bf0051430aeb0ce8e5dbf7a0ea8bdb6076bbe20c6614b389c2e",
    "source_bytes": 153268
  },
  "assembled": {
    "module": "Thomson.GlobalCertificates.Production.Node3382835.Assembled",
    "source": "Thomson/GlobalCertificates/Production/Node3382835/Assembled.lean",
    "source_sha256": "b86580c4108574e62dccb6a1eec5f17635df99c7859f3ca1932b91ee67de7e40",
    "source_bytes": 22272
  },
  "core_source": "Thomson/GlobalCertificates/Production/Node3382835/Core.lean",
  "assembled_source": "Thomson/GlobalCertificates/Production/Node3382835/Assembled.lean",
  "core_module": "Thomson.GlobalCertificates.Production.Node3382835.Core",
  "assembled_module": "Thomson.GlobalCertificates.Production.Node3382835.Assembled",
  "boundary_modules": [],
  "nodes": 11,
  "leaf_kinds": {
    "0": 5,
    "3": 2,
    "6": 2,
    "8": 2
  },
  "families": {
    "contraction": {
      "nodes": 11,
      "actual": 6,
      "rounds": 7,
      "actions": 35
    }
  },
  "reference_topology_sha256": {
    "vertex": "09629aa6d88e3007946041ee5bb5e7fe743b3242efca3b1b8ea02df65fe0eb34",
    "gradient": "58c374fbc03eab01d7423cf8888185f1410a0c20be14044aa309678ec2e4216c",
    "pair": "65dfe5f05c0cab641b03d13ff573dc6bfa3f1d0fef0ed66dcd91cede0438a8ce"
  },
  "generation_seconds": 0.033772667055018246,
  "kernel_check_required": true,
  "heartbeats": "default",
  "compiler_threads": 1,
  "core_memory_limit_mib": 2048,
  "assembled_memory_limit_mib": 3072
}
