{
  "format": "THOMSON_UNTRUSTED_MERGED_GROUP_V1",
  "root": 3286332,
  "selection": "/Users/archiebrowne/source/Thomson/Thomson/GlobalCertificates/Production/selections/Node3286332.json",
  "selection_sha256": "b82cfb93d4d1ba67b07110e07ef2b90063eb881b54784c03c555ad79de906991",
  "binary": "/Users/archiebrowne/source/Thomson/.lake/global-cover/search.bin",
  "binary_sha256": "6626a818d355868776501e252bbdafb97029a5a9ebe31122f3509e3e359020a4",
  "output_prefix": "Thomson.GlobalCertificates.Production.Node3286332",
  "module": "Thomson.GlobalCertificates.Production.Node3286332.Assembled",
  "namespace": "Thomson.Five.GlobalCertificates.Production.Node3286332.Assembled",
  "core": {
    "module": "Thomson.GlobalCertificates.Production.Node3286332.Core",
    "source": "Thomson/GlobalCertificates/Production/Node3286332/Core.lean",
    "source_sha256": "4c0583091cc89665a5bd864b286e6b720a4bb77bfd7dacb5103b4077e250d291",
    "source_bytes": 5707306
  },
  "assembled": {
    "module": "Thomson.GlobalCertificates.Production.Node3286332.Assembled",
    "source": "Thomson/GlobalCertificates/Production/Node3286332/Assembled.lean",
    "source_sha256": "5b7396c0c949ea83337a052d0369028a266b2c5b10413147fb7af04ad2897e6f",
    "source_bytes": 426322
  },
  "core_source": "Thomson/GlobalCertificates/Production/Node3286332/Core.lean",
  "assembled_source": "Thomson/GlobalCertificates/Production/Node3286332/Assembled.lean",
  "core_module": "Thomson.GlobalCertificates.Production.Node3286332.Core",
  "assembled_module": "Thomson.GlobalCertificates.Production.Node3286332.Assembled",
  "boundary_modules": [],
  "nodes": 247,
  "leaf_kinds": {
    "0": 123,
    "8": 124
  },
  "families": {
    "contraction": {
      "nodes": 247,
      "actual": 16,
      "rounds": 16,
      "actions": 16
    }
  },
  "reference_topology_sha256": {
    "vertex": "09629aa6d88e3007946041ee5bb5e7fe743b3242efca3b1b8ea02df65fe0eb34"
  },
  "generation_seconds": 1.510134125011973,
  "kernel_check_required": true,
  "heartbeats": "default",
  "compiler_threads": 1,
  "core_memory_limit_mib": 2048,
  "assembled_memory_limit_mib": 3072
}
