{
  "format": "THOMSON_UNTRUSTED_MERGED_GROUP_V1",
  "root": 3375483,
  "selection": "/Users/archiebrowne/source/Thomson/Thomson/GlobalCertificates/Production/selections/Node3375483.json",
  "selection_sha256": "4b0af1dd371c0a7db8f5989d7f6de2fc1efb3514701657083cb8984f5ada07e0",
  "binary": "/Users/archiebrowne/source/Thomson/.lake/global-cover/search.bin",
  "binary_sha256": "6626a818d355868776501e252bbdafb97029a5a9ebe31122f3509e3e359020a4",
  "output_prefix": "Thomson.GlobalCertificates.Production.Node3375483",
  "module": "Thomson.GlobalCertificates.Production.Node3375483.Assembled",
  "namespace": "Thomson.Five.GlobalCertificates.Production.Node3375483.Assembled",
  "core": {
    "module": "Thomson.GlobalCertificates.Production.Node3375483.Core",
    "source": "Thomson/GlobalCertificates/Production/Node3375483/Core.lean",
    "source_sha256": "b1c8a5c681b0a1f1a598d2d21e4a7faa1c4115379545ddc3121425668db39f33",
    "source_bytes": 1297562
  },
  "assembled": {
    "module": "Thomson.GlobalCertificates.Production.Node3375483.Assembled",
    "source": "Thomson/GlobalCertificates/Production/Node3375483/Assembled.lean",
    "source_sha256": "7b605d9ab2a6f8bf956849390ad5e772ee6b3312e4e26a334c96379bf7981381",
    "source_bytes": 142548
  },
  "core_source": "Thomson/GlobalCertificates/Production/Node3375483/Core.lean",
  "assembled_source": "Thomson/GlobalCertificates/Production/Node3375483/Assembled.lean",
  "core_module": "Thomson.GlobalCertificates.Production.Node3375483.Core",
  "assembled_module": "Thomson.GlobalCertificates.Production.Node3375483.Assembled",
  "boundary_modules": [],
  "nodes": 79,
  "leaf_kinds": {
    "0": 39,
    "6": 17,
    "8": 23
  },
  "families": {
    "contraction": {
      "nodes": 79,
      "actual": 21,
      "rounds": 21,
      "actions": 35
    }
  },
  "reference_topology_sha256": {
    "vertex": "09629aa6d88e3007946041ee5bb5e7fe743b3242efca3b1b8ea02df65fe0eb34",
    "gradient": "58c374fbc03eab01d7423cf8888185f1410a0c20be14044aa309678ec2e4216c"
  },
  "generation_seconds": 0.3420788749936037,
  "kernel_check_required": true,
  "heartbeats": "default",
  "compiler_threads": 1,
  "core_memory_limit_mib": 2048,
  "assembled_memory_limit_mib": 3072
}
