{
  "format": "THOMSON_UNTRUSTED_MERGED_GROUP_V1",
  "root": 3351929,
  "selection": "/Users/archiebrowne/source/Thomson/Thomson/GlobalCertificates/Production/selections/Node3351929.json",
  "selection_sha256": "4ba972a409ac838997132e2443e873364192f7f6ce9698abf943f801b88b44e0",
  "binary": "/Users/archiebrowne/source/Thomson/.lake/global-cover/search.bin",
  "binary_sha256": "6626a818d355868776501e252bbdafb97029a5a9ebe31122f3509e3e359020a4",
  "output_prefix": "Thomson.GlobalCertificates.Production.Node3351929",
  "module": "Thomson.GlobalCertificates.Production.Node3351929.Assembled",
  "namespace": "Thomson.Five.GlobalCertificates.Production.Node3351929.Assembled",
  "core": {
    "module": "Thomson.GlobalCertificates.Production.Node3351929.Core",
    "source": "Thomson/GlobalCertificates/Production/Node3351929/Core.lean",
    "source_sha256": "07a9e12e8f635ac89c5e61d5a4a39bda6ac1c969cc3c2a2217e1ad5fe806fc93",
    "source_bytes": 1539920
  },
  "assembled": {
    "module": "Thomson.GlobalCertificates.Production.Node3351929.Assembled",
    "source": "Thomson/GlobalCertificates/Production/Node3351929/Assembled.lean",
    "source_sha256": "549129fe3b09f6bf0259a0b7000fd29c0b6f3ddea6decad5a988a56dd88b9b83",
    "source_bytes": 238719
  },
  "core_source": "Thomson/GlobalCertificates/Production/Node3351929/Core.lean",
  "assembled_source": "Thomson/GlobalCertificates/Production/Node3351929/Assembled.lean",
  "core_module": "Thomson.GlobalCertificates.Production.Node3351929.Core",
  "assembled_module": "Thomson.GlobalCertificates.Production.Node3351929.Assembled",
  "boundary_modules": [],
  "nodes": 133,
  "leaf_kinds": {
    "0": 66,
    "3": 20,
    "6": 26,
    "8": 21
  },
  "families": {
    "contraction": {
      "nodes": 133,
      "actual": 20,
      "rounds": 20,
      "actions": 26
    }
  },
  "reference_topology_sha256": {
    "vertex": "09629aa6d88e3007946041ee5bb5e7fe743b3242efca3b1b8ea02df65fe0eb34",
    "gradient": "58c374fbc03eab01d7423cf8888185f1410a0c20be14044aa309678ec2e4216c",
    "pair": "65dfe5f05c0cab641b03d13ff573dc6bfa3f1d0fef0ed66dcd91cede0438a8ce"
  },
  "generation_seconds": 0.2896982500096783,
  "kernel_check_required": true,
  "heartbeats": "default",
  "compiler_threads": 1,
  "core_memory_limit_mib": 2048,
  "assembled_memory_limit_mib": 3072
}
