{
  "format": "THOMSON_UNTRUSTED_MERGED_GROUP_V1",
  "root": 3314180,
  "selection": "/Users/archiebrowne/source/Thomson/Thomson/GlobalCertificates/Production/selections/Node3314180.json",
  "selection_sha256": "2737e037cfba079cd9dd6620b8475e09df0a8bc5532b460483ac963a60fb0762",
  "binary": "/Users/archiebrowne/source/Thomson/.lake/global-cover/search.bin",
  "binary_sha256": "6626a818d355868776501e252bbdafb97029a5a9ebe31122f3509e3e359020a4",
  "output_prefix": "Thomson.GlobalCertificates.Production.Node3314180",
  "module": "Thomson.GlobalCertificates.Production.Node3314180.Assembled",
  "namespace": "Thomson.Five.GlobalCertificates.Production.Node3314180.Assembled",
  "core": {
    "module": "Thomson.GlobalCertificates.Production.Node3314180.Core",
    "source": "Thomson/GlobalCertificates/Production/Node3314180/Core.lean",
    "source_sha256": "88e7cd3d98d12497a784f15c36fd469716e93878d841ffd9a739bcf7627964a5",
    "source_bytes": 115198
  },
  "assembled": {
    "module": "Thomson.GlobalCertificates.Production.Node3314180.Assembled",
    "source": "Thomson/GlobalCertificates/Production/Node3314180/Assembled.lean",
    "source_sha256": "e037d19691e097fea0c57cb9af493c4a4283754a896c6a85d4db727bb4f51f04",
    "source_bytes": 33761
  },
  "core_source": "Thomson/GlobalCertificates/Production/Node3314180/Core.lean",
  "assembled_source": "Thomson/GlobalCertificates/Production/Node3314180/Assembled.lean",
  "core_module": "Thomson.GlobalCertificates.Production.Node3314180.Core",
  "assembled_module": "Thomson.GlobalCertificates.Production.Node3314180.Assembled",
  "boundary_modules": [],
  "nodes": 19,
  "leaf_kinds": {
    "0": 9,
    "3": 10
  },
  "families": {
    "contraction": {
      "nodes": 19,
      "actual": 3,
      "rounds": 3,
      "actions": 3
    }
  },
  "reference_topology_sha256": {
    "pair": "65dfe5f05c0cab641b03d13ff573dc6bfa3f1d0fef0ed66dcd91cede0438a8ce"
  },
  "generation_seconds": 0.05181962496135384,
  "kernel_check_required": true,
  "heartbeats": "default",
  "compiler_threads": 1,
  "core_memory_limit_mib": 2048,
  "assembled_memory_limit_mib": 3072
}
