{
  "format": "THOMSON_UNTRUSTED_MERGED_GROUP_V1",
  "root": 3321429,
  "selection": "/Users/archiebrowne/source/Thomson/Thomson/GlobalCertificates/Production/selections/Node3321429.json",
  "selection_sha256": "c286e191b108c28feb2d8ff0d4bec3bf2bc89418b0c1fe7a512a24f5a6e4c957",
  "binary": "/Users/archiebrowne/source/Thomson/.lake/global-cover/search.bin",
  "binary_sha256": "6626a818d355868776501e252bbdafb97029a5a9ebe31122f3509e3e359020a4",
  "output_prefix": "Thomson.GlobalCertificates.Production.Node3321429",
  "module": "Thomson.GlobalCertificates.Production.Node3321429.Assembled",
  "namespace": "Thomson.Five.GlobalCertificates.Production.Node3321429.Assembled",
  "core": {
    "module": "Thomson.GlobalCertificates.Production.Node3321429.Core",
    "source": "Thomson/GlobalCertificates/Production/Node3321429/Core.lean",
    "source_sha256": "fad1d0a842c513339a263acdcbcc0502b2655fe9f3ed7cfe4bb076dc074fee47",
    "source_bytes": 597844
  },
  "assembled": {
    "module": "Thomson.GlobalCertificates.Production.Node3321429.Assembled",
    "source": "Thomson/GlobalCertificates/Production/Node3321429/Assembled.lean",
    "source_sha256": "3582a58783128c87547732e3df64029dacf6d98e5b446ec59116600700f8029c",
    "source_bytes": 178801
  },
  "core_source": "Thomson/GlobalCertificates/Production/Node3321429/Core.lean",
  "assembled_source": "Thomson/GlobalCertificates/Production/Node3321429/Assembled.lean",
  "core_module": "Thomson.GlobalCertificates.Production.Node3321429.Core",
  "assembled_module": "Thomson.GlobalCertificates.Production.Node3321429.Assembled",
  "boundary_modules": [],
  "nodes": 101,
  "leaf_kinds": {
    "0": 50,
    "3": 49,
    "6": 2
  },
  "families": {
    "contraction": {
      "nodes": 101,
      "actual": 18,
      "rounds": 18,
      "actions": 32
    }
  },
  "reference_topology_sha256": {
    "gradient": "58c374fbc03eab01d7423cf8888185f1410a0c20be14044aa309678ec2e4216c",
    "pair": "65dfe5f05c0cab641b03d13ff573dc6bfa3f1d0fef0ed66dcd91cede0438a8ce"
  },
  "generation_seconds": 0.09669050003867596,
  "kernel_check_required": true,
  "heartbeats": "default",
  "compiler_threads": 1,
  "core_memory_limit_mib": 2048,
  "assembled_memory_limit_mib": 3072
}
