{
  "format": "THOMSON_UNTRUSTED_MERGED_GROUP_V1",
  "root": 3286331,
  "selection": "/Users/archiebrowne/source/Thomson/Thomson/GlobalCertificates/Production/selections/Node3286331.json",
  "selection_sha256": "b1f7d89636e892cf7cdf5f3579913174e8705d8b77cdd104c5c8b1e816eb7709",
  "binary": "/Users/archiebrowne/source/Thomson/.lake/global-cover/search.bin",
  "binary_sha256": "6626a818d355868776501e252bbdafb97029a5a9ebe31122f3509e3e359020a4",
  "output_prefix": "Thomson.GlobalCertificates.Production.Node3286331",
  "module": "Thomson.GlobalCertificates.Production.Node3286331.Assembled",
  "namespace": "Thomson.Five.GlobalCertificates.Production.Node3286331.Assembled",
  "core": {
    "module": "Thomson.GlobalCertificates.Production.Node3286331.Core",
    "source": "Thomson/GlobalCertificates/Production/Node3286331/Core.lean",
    "source_sha256": "dd6df410296d25021ef5008409202b1e04cc33993612d34667151cbfeb088f2b",
    "source_bytes": 1254163
  },
  "assembled": {
    "module": "Thomson.GlobalCertificates.Production.Node3286331.Assembled",
    "source": "Thomson/GlobalCertificates/Production/Node3286331/Assembled.lean",
    "source_sha256": "79cf5e4934960b8c32a99fcb85e355cbe938569444b882a0352816ea73c4dad2",
    "source_bytes": 100398
  },
  "core_source": "Thomson/GlobalCertificates/Production/Node3286331/Core.lean",
  "assembled_source": "Thomson/GlobalCertificates/Production/Node3286331/Assembled.lean",
  "core_module": "Thomson.GlobalCertificates.Production.Node3286331.Core",
  "assembled_module": "Thomson.GlobalCertificates.Production.Node3286331.Assembled",
  "boundary_modules": [],
  "nodes": 57,
  "leaf_kinds": {
    "0": 28,
    "2": 2,
    "8": 27
  },
  "families": {
    "contraction": {
      "nodes": 57,
      "actual": 8,
      "rounds": 8,
      "actions": 10
    },
    "rejection": {
      "leaves": 2,
      "rounds": 0,
      "actions": 0
    }
  },
  "reference_topology_sha256": {
    "vertex": "09629aa6d88e3007946041ee5bb5e7fe743b3242efca3b1b8ea02df65fe0eb34"
  },
  "generation_seconds": 0.3714257499668747,
  "kernel_check_required": true,
  "heartbeats": "default",
  "compiler_threads": 1,
  "core_memory_limit_mib": 2048,
  "assembled_memory_limit_mib": 3072
}
