{
  "format": "THOMSON_UNTRUSTED_MERGED_GROUP_V1",
  "root": 3372599,
  "selection": "/Users/archiebrowne/source/Thomson/Thomson/GlobalCertificates/Production/selections/Node3372599.json",
  "selection_sha256": "bb6f49b1fc1303ce0d22ffcaee9e8c449dc0b1849c2a2dffc92c709829367a80",
  "binary": "/Users/archiebrowne/source/Thomson/.lake/global-cover/search.bin",
  "binary_sha256": "6626a818d355868776501e252bbdafb97029a5a9ebe31122f3509e3e359020a4",
  "output_prefix": "Thomson.GlobalCertificates.Production.Node3372599",
  "module": "Thomson.GlobalCertificates.Production.Node3372599.Assembled",
  "namespace": "Thomson.Five.GlobalCertificates.Production.Node3372599.Assembled",
  "core": {
    "module": "Thomson.GlobalCertificates.Production.Node3372599.Core",
    "source": "Thomson/GlobalCertificates/Production/Node3372599/Core.lean",
    "source_sha256": "1dc6474633a4ca4321ac3fe96512db947c4255d4ef59c85040c0ae59441fa1a3",
    "source_bytes": 2179388
  },
  "assembled": {
    "module": "Thomson.GlobalCertificates.Production.Node3372599.Assembled",
    "source": "Thomson/GlobalCertificates/Production/Node3372599/Assembled.lean",
    "source_sha256": "8a151ebca6c3bc43c6eefd2a249b37ea304f75614c27c817365ff566020ea840",
    "source_bytes": 230008
  },
  "core_source": "Thomson/GlobalCertificates/Production/Node3372599/Core.lean",
  "assembled_source": "Thomson/GlobalCertificates/Production/Node3372599/Assembled.lean",
  "core_module": "Thomson.GlobalCertificates.Production.Node3372599.Core",
  "assembled_module": "Thomson.GlobalCertificates.Production.Node3372599.Assembled",
  "boundary_modules": [],
  "nodes": 127,
  "leaf_kinds": {
    "0": 63,
    "6": 25,
    "8": 39
  },
  "families": {
    "contraction": {
      "nodes": 127,
      "actual": 45,
      "rounds": 45,
      "actions": 90
    }
  },
  "reference_topology_sha256": {
    "vertex": "09629aa6d88e3007946041ee5bb5e7fe743b3242efca3b1b8ea02df65fe0eb34",
    "gradient": "58c374fbc03eab01d7423cf8888185f1410a0c20be14044aa309678ec2e4216c"
  },
  "generation_seconds": 0.4999287499813363,
  "kernel_check_required": true,
  "heartbeats": "default",
  "compiler_threads": 1,
  "core_memory_limit_mib": 2048,
  "assembled_memory_limit_mib": 3072
}
