{
  "format": "THOMSON_UNTRUSTED_MERGED_GROUP_V1",
  "root": 3345919,
  "selection": "/Users/archiebrowne/source/Thomson/Thomson/GlobalCertificates/Production/selections/Node3345919.json",
  "selection_sha256": "9e5545c5b9fecccbc810e03682970dbbe0fe5c68589ece17a67c0281dbf6d5be",
  "binary": "/Users/archiebrowne/source/Thomson/.lake/global-cover/search.bin",
  "binary_sha256": "6626a818d355868776501e252bbdafb97029a5a9ebe31122f3509e3e359020a4",
  "output_prefix": "Thomson.GlobalCertificates.Production.Node3345919",
  "module": "Thomson.GlobalCertificates.Production.Node3345919.Assembled",
  "namespace": "Thomson.Five.GlobalCertificates.Production.Node3345919.Assembled",
  "core": {
    "module": "Thomson.GlobalCertificates.Production.Node3345919.Core",
    "source": "Thomson/GlobalCertificates/Production/Node3345919/Core.lean",
    "source_sha256": "1b39b1fbb2a06c0526f14323e4a65fb278357ba081a6ebedc12d37da1430d5f8",
    "source_bytes": 2424098
  },
  "assembled": {
    "module": "Thomson.GlobalCertificates.Production.Node3345919.Assembled",
    "source": "Thomson/GlobalCertificates/Production/Node3345919/Assembled.lean",
    "source_sha256": "0f2a012ca7e12df70c2efc66b7b973a320625520d0fdb86e99266d450ba3c328",
    "source_bytes": 189132
  },
  "core_source": "Thomson/GlobalCertificates/Production/Node3345919/Core.lean",
  "assembled_source": "Thomson/GlobalCertificates/Production/Node3345919/Assembled.lean",
  "core_module": "Thomson.GlobalCertificates.Production.Node3345919.Core",
  "assembled_module": "Thomson.GlobalCertificates.Production.Node3345919.Assembled",
  "boundary_modules": [],
  "nodes": 107,
  "leaf_kinds": {
    "0": 53,
    "6": 3,
    "8": 51
  },
  "families": {
    "contraction": {
      "nodes": 107,
      "actual": 20,
      "rounds": 20,
      "actions": 30
    }
  },
  "reference_topology_sha256": {
    "vertex": "09629aa6d88e3007946041ee5bb5e7fe743b3242efca3b1b8ea02df65fe0eb34",
    "gradient": "58c374fbc03eab01d7423cf8888185f1410a0c20be14044aa309678ec2e4216c"
  },
  "generation_seconds": 0.5256898330408148,
  "kernel_check_required": true,
  "heartbeats": "default",
  "compiler_threads": 1,
  "core_memory_limit_mib": 2048,
  "assembled_memory_limit_mib": 3072
}
