{
  "format": "THOMSON_UNTRUSTED_MERGED_GROUP_V1",
  "root": 3325562,
  "selection": "/Users/archiebrowne/source/Thomson/Thomson/GlobalCertificates/Production/selections/Node3325562.json",
  "selection_sha256": "d423e0bd29a7347802e3f6b676c5bd6cacab55049893292aa62776731510f0c3",
  "binary": "/Users/archiebrowne/source/Thomson/.lake/global-cover/search.bin",
  "binary_sha256": "6626a818d355868776501e252bbdafb97029a5a9ebe31122f3509e3e359020a4",
  "output_prefix": "Thomson.GlobalCertificates.Production.Node3325562",
  "module": "Thomson.GlobalCertificates.Production.Node3325562.Assembled",
  "namespace": "Thomson.Five.GlobalCertificates.Production.Node3325562.Assembled",
  "core": {
    "module": "Thomson.GlobalCertificates.Production.Node3325562.Core",
    "source": "Thomson/GlobalCertificates/Production/Node3325562/Core.lean",
    "source_sha256": "765b1686aed587347b5b4d3aa169878a463466ae053a7e99acb586584fe0800a",
    "source_bytes": 3470834
  },
  "assembled": {
    "module": "Thomson.GlobalCertificates.Production.Node3325562.Assembled",
    "source": "Thomson/GlobalCertificates/Production/Node3325562/Assembled.lean",
    "source_sha256": "429bb6db933d635b88d233898fcee03cc6bf467cd0304e5172b02961af1b1868",
    "source_bytes": 328660
  },
  "core_source": "Thomson/GlobalCertificates/Production/Node3325562/Core.lean",
  "assembled_source": "Thomson/GlobalCertificates/Production/Node3325562/Assembled.lean",
  "core_module": "Thomson.GlobalCertificates.Production.Node3325562.Core",
  "assembled_module": "Thomson.GlobalCertificates.Production.Node3325562.Assembled",
  "boundary_modules": [],
  "nodes": 185,
  "leaf_kinds": {
    "0": 92,
    "6": 25,
    "8": 68
  },
  "families": {
    "contraction": {
      "nodes": 185,
      "actual": 2,
      "rounds": 2,
      "actions": 2
    }
  },
  "reference_topology_sha256": {
    "vertex": "09629aa6d88e3007946041ee5bb5e7fe743b3242efca3b1b8ea02df65fe0eb34",
    "gradient": "58c374fbc03eab01d7423cf8888185f1410a0c20be14044aa309678ec2e4216c"
  },
  "generation_seconds": 0.8478046249947511,
  "kernel_check_required": true,
  "heartbeats": "default",
  "compiler_threads": 1,
  "core_memory_limit_mib": 2048,
  "assembled_memory_limit_mib": 3072
}
