{
  "format": "THOMSON_UNTRUSTED_MERGED_GROUP_V1",
  "root": 3350067,
  "selection": "/Users/archiebrowne/source/Thomson/Thomson/GlobalCertificates/Production/selections/Node3350067.json",
  "selection_sha256": "487b35d5fdfea8cfad8e1d047052e7701f14d029d6ed110c023495fff8d473c1",
  "binary": "/Users/archiebrowne/source/Thomson/.lake/global-cover/search.bin",
  "binary_sha256": "6626a818d355868776501e252bbdafb97029a5a9ebe31122f3509e3e359020a4",
  "output_prefix": "Thomson.GlobalCertificates.Production.Node3350067",
  "module": "Thomson.GlobalCertificates.Production.Node3350067.Assembled",
  "namespace": "Thomson.Five.GlobalCertificates.Production.Node3350067.Assembled",
  "core": {
    "module": "Thomson.GlobalCertificates.Production.Node3350067.Core",
    "source": "Thomson/GlobalCertificates/Production/Node3350067/Core.lean",
    "source_sha256": "444dc994b4105b82fd9aa5f4d0299764d92c5368510b5bebfb8bb66ed1d2f4c9",
    "source_bytes": 1205787
  },
  "assembled": {
    "module": "Thomson.GlobalCertificates.Production.Node3350067.Assembled",
    "source": "Thomson/GlobalCertificates/Production/Node3350067/Assembled.lean",
    "source_sha256": "4e74dfd2e6d7087ace23a9ee29a2411f8f9a8d1df8e5b7b5788d3592123e84c6",
    "source_bytes": 214754
  },
  "core_source": "Thomson/GlobalCertificates/Production/Node3350067/Core.lean",
  "assembled_source": "Thomson/GlobalCertificates/Production/Node3350067/Assembled.lean",
  "core_module": "Thomson.GlobalCertificates.Production.Node3350067.Core",
  "assembled_module": "Thomson.GlobalCertificates.Production.Node3350067.Assembled",
  "boundary_modules": [],
  "nodes": 117,
  "leaf_kinds": {
    "0": 58,
    "3": 5,
    "6": 40,
    "8": 14
  },
  "families": {
    "contraction": {
      "nodes": 117,
      "actual": 20,
      "rounds": 20,
      "actions": 37
    }
  },
  "reference_topology_sha256": {
    "vertex": "09629aa6d88e3007946041ee5bb5e7fe743b3242efca3b1b8ea02df65fe0eb34",
    "gradient": "58c374fbc03eab01d7423cf8888185f1410a0c20be14044aa309678ec2e4216c",
    "pair": "65dfe5f05c0cab641b03d13ff573dc6bfa3f1d0fef0ed66dcd91cede0438a8ce"
  },
  "generation_seconds": 0.22138391702901572,
  "kernel_check_required": true,
  "heartbeats": "default",
  "compiler_threads": 1,
  "core_memory_limit_mib": 2048,
  "assembled_memory_limit_mib": 3072
}
