{
  "format": "THOMSON_UNTRUSTED_MERGED_GROUP_V1",
  "root": 3298109,
  "selection": "/Users/archiebrowne/source/Thomson/Thomson/GlobalCertificates/Production/selections/Node3298109.json",
  "selection_sha256": "b77aaa898a10f48af1b32007fce79fc6035a52c2c4123098d0c5cb6cc116e5e2",
  "binary": "/Users/archiebrowne/source/Thomson/.lake/global-cover/search.bin",
  "binary_sha256": "6626a818d355868776501e252bbdafb97029a5a9ebe31122f3509e3e359020a4",
  "output_prefix": "Thomson.GlobalCertificates.Production.Node3298109",
  "module": "Thomson.GlobalCertificates.Production.Node3298109.Assembled",
  "namespace": "Thomson.Five.GlobalCertificates.Production.Node3298109.Assembled",
  "core": {
    "module": "Thomson.GlobalCertificates.Production.Node3298109.Core",
    "source": "Thomson/GlobalCertificates/Production/Node3298109/Core.lean",
    "source_sha256": "45064981a7e598d68fed0a6d346d22aac2b8ad77210a391455be531576969b2b",
    "source_bytes": 4236522
  },
  "assembled": {
    "module": "Thomson.GlobalCertificates.Production.Node3298109.Assembled",
    "source": "Thomson/GlobalCertificates/Production/Node3298109/Assembled.lean",
    "source_sha256": "1508d7f0b98b5b397cfb7cfd9c8d6a14a7d62a4765b51e41e3b5198fff0ac1b4",
    "source_bytes": 354935
  },
  "core_source": "Thomson/GlobalCertificates/Production/Node3298109/Core.lean",
  "assembled_source": "Thomson/GlobalCertificates/Production/Node3298109/Assembled.lean",
  "core_module": "Thomson.GlobalCertificates.Production.Node3298109.Core",
  "assembled_module": "Thomson.GlobalCertificates.Production.Node3298109.Assembled",
  "boundary_modules": [],
  "nodes": 201,
  "leaf_kinds": {
    "0": 100,
    "2": 10,
    "6": 1,
    "8": 90
  },
  "families": {
    "contraction": {
      "nodes": 201,
      "actual": 25,
      "rounds": 25,
      "actions": 31
    },
    "rejection": {
      "leaves": 10,
      "rounds": 0,
      "actions": 0
    }
  },
  "reference_topology_sha256": {
    "vertex": "09629aa6d88e3007946041ee5bb5e7fe743b3242efca3b1b8ea02df65fe0eb34",
    "gradient": "58c374fbc03eab01d7423cf8888185f1410a0c20be14044aa309678ec2e4216c"
  },
  "generation_seconds": 1.2436151669826359,
  "kernel_check_required": true,
  "heartbeats": "default",
  "compiler_threads": 1,
  "core_memory_limit_mib": 2048,
  "assembled_memory_limit_mib": 3072
}
