{
  "format": "THOMSON_UNTRUSTED_MERGED_GROUP_V1",
  "root": 3361080,
  "selection": "/Users/archiebrowne/source/Thomson/Thomson/GlobalCertificates/Production/selections/Node3361080.json",
  "selection_sha256": "6e5555c1b26abcf0518f6851b35b0182d627685a873532073aa15797a0fcd958",
  "binary": "/Users/archiebrowne/source/Thomson/.lake/global-cover/search.bin",
  "binary_sha256": "6626a818d355868776501e252bbdafb97029a5a9ebe31122f3509e3e359020a4",
  "output_prefix": "Thomson.GlobalCertificates.Production.Node3361080",
  "module": "Thomson.GlobalCertificates.Production.Node3361080.Assembled",
  "namespace": "Thomson.Five.GlobalCertificates.Production.Node3361080.Assembled",
  "core": {
    "module": "Thomson.GlobalCertificates.Production.Node3361080.Core",
    "source": "Thomson/GlobalCertificates/Production/Node3361080/Core.lean",
    "source_sha256": "5f8afda27d4439458395f02f647a70c7a1360fe44ce299500483fee575753b46",
    "source_bytes": 1087021
  },
  "assembled": {
    "module": "Thomson.GlobalCertificates.Production.Node3361080.Assembled",
    "source": "Thomson/GlobalCertificates/Production/Node3361080/Assembled.lean",
    "source_sha256": "cfd75e6efdb6726baea45c19635ced2aa0786352a4c6db033fb655b29d27e203",
    "source_bytes": 267591
  },
  "core_source": "Thomson/GlobalCertificates/Production/Node3361080/Core.lean",
  "assembled_source": "Thomson/GlobalCertificates/Production/Node3361080/Assembled.lean",
  "core_module": "Thomson.GlobalCertificates.Production.Node3361080.Core",
  "assembled_module": "Thomson.GlobalCertificates.Production.Node3361080.Assembled",
  "boundary_modules": [],
  "nodes": 151,
  "leaf_kinds": {
    "0": 75,
    "3": 59,
    "6": 11,
    "8": 6
  },
  "families": {
    "contraction": {
      "nodes": 151,
      "actual": 10,
      "rounds": 10,
      "actions": 11
    }
  },
  "reference_topology_sha256": {
    "vertex": "09629aa6d88e3007946041ee5bb5e7fe743b3242efca3b1b8ea02df65fe0eb34",
    "gradient": "58c374fbc03eab01d7423cf8888185f1410a0c20be14044aa309678ec2e4216c",
    "pair": "65dfe5f05c0cab641b03d13ff573dc6bfa3f1d0fef0ed66dcd91cede0438a8ce"
  },
  "generation_seconds": 0.18809133302420378,
  "kernel_check_required": true,
  "heartbeats": "default",
  "compiler_threads": 1,
  "core_memory_limit_mib": 2048,
  "assembled_memory_limit_mib": 3072
}
