{
  "format": "THOMSON_UNTRUSTED_MERGED_GROUP_V1",
  "root": 3350731,
  "selection": "/Users/archiebrowne/source/Thomson/Thomson/GlobalCertificates/Production/selections/Node3350731.json",
  "selection_sha256": "b4be8a702a90b0f4a41e6437a157e1bd32914620ea752abcace6cf0220d7bb2b",
  "binary": "/Users/archiebrowne/source/Thomson/.lake/global-cover/search.bin",
  "binary_sha256": "6626a818d355868776501e252bbdafb97029a5a9ebe31122f3509e3e359020a4",
  "output_prefix": "Thomson.GlobalCertificates.Production.Node3350731",
  "module": "Thomson.GlobalCertificates.Production.Node3350731.Assembled",
  "namespace": "Thomson.Five.GlobalCertificates.Production.Node3350731.Assembled",
  "core": {
    "module": "Thomson.GlobalCertificates.Production.Node3350731.Core",
    "source": "Thomson/GlobalCertificates/Production/Node3350731/Core.lean",
    "source_sha256": "b40588831bca50226ae3918dd82b00591ce103c927fd54631111913d6acf082d",
    "source_bytes": 2146433
  },
  "assembled": {
    "module": "Thomson.GlobalCertificates.Production.Node3350731.Assembled",
    "source": "Thomson/GlobalCertificates/Production/Node3350731/Assembled.lean",
    "source_sha256": "95366fea85a46a6c60c20be84068c15fa34fd5b789e39ff0224bc735dc8879e3",
    "source_bytes": 383858
  },
  "core_source": "Thomson/GlobalCertificates/Production/Node3350731/Core.lean",
  "assembled_source": "Thomson/GlobalCertificates/Production/Node3350731/Assembled.lean",
  "core_module": "Thomson.GlobalCertificates.Production.Node3350731.Core",
  "assembled_module": "Thomson.GlobalCertificates.Production.Node3350731.Assembled",
  "boundary_modules": [],
  "nodes": 217,
  "leaf_kinds": {
    "0": 108,
    "3": 10,
    "6": 74,
    "8": 25
  },
  "families": {
    "contraction": {
      "nodes": 217,
      "actual": 18,
      "rounds": 18,
      "actions": 24
    }
  },
  "reference_topology_sha256": {
    "vertex": "09629aa6d88e3007946041ee5bb5e7fe743b3242efca3b1b8ea02df65fe0eb34",
    "gradient": "58c374fbc03eab01d7423cf8888185f1410a0c20be14044aa309678ec2e4216c",
    "pair": "65dfe5f05c0cab641b03d13ff573dc6bfa3f1d0fef0ed66dcd91cede0438a8ce"
  },
  "generation_seconds": 0.4309970830217935,
  "kernel_check_required": true,
  "heartbeats": "default",
  "compiler_threads": 1,
  "core_memory_limit_mib": 2048,
  "assembled_memory_limit_mib": 3072
}
