{
  "format": "THOMSON_UNTRUSTED_MERGED_GROUP_V1",
  "root": 3383558,
  "selection": "/Users/archiebrowne/source/Thomson/Thomson/GlobalCertificates/Production/selections/Node3383558.json",
  "selection_sha256": "8418741719e8601e07041aa69237482b85b97738601605aed4c2ea03d7c8d7fd",
  "binary": "/Users/archiebrowne/source/Thomson/.lake/global-cover/search.bin",
  "binary_sha256": "6626a818d355868776501e252bbdafb97029a5a9ebe31122f3509e3e359020a4",
  "output_prefix": "Thomson.GlobalCertificates.Production.Node3383558",
  "module": "Thomson.GlobalCertificates.Production.Node3383558.Assembled",
  "namespace": "Thomson.Five.GlobalCertificates.Production.Node3383558.Assembled",
  "core": {
    "module": "Thomson.GlobalCertificates.Production.Node3383558.Core",
    "source": "Thomson/GlobalCertificates/Production/Node3383558/Core.lean",
    "source_sha256": "bbb6c778d8a50941f5e8fcdce49f5376c772d593849ba7f42c5f5335bbd9d8a0",
    "source_bytes": 3830022
  },
  "assembled": {
    "module": "Thomson.GlobalCertificates.Production.Node3383558.Assembled",
    "source": "Thomson/GlobalCertificates/Production/Node3383558/Assembled.lean",
    "source_sha256": "60b579f866fefb25bc0dd806396a3be297be7761cf015b6e1c83da31f91eb50b",
    "source_bytes": 407908
  },
  "core_source": "Thomson/GlobalCertificates/Production/Node3383558/Core.lean",
  "assembled_source": "Thomson/GlobalCertificates/Production/Node3383558/Assembled.lean",
  "core_module": "Thomson.GlobalCertificates.Production.Node3383558.Core",
  "assembled_module": "Thomson.GlobalCertificates.Production.Node3383558.Assembled",
  "boundary_modules": [],
  "nodes": 227,
  "leaf_kinds": {
    "0": 113,
    "3": 33,
    "6": 16,
    "8": 65
  },
  "families": {
    "contraction": {
      "nodes": 227,
      "actual": 100,
      "rounds": 117,
      "actions": 434
    }
  },
  "reference_topology_sha256": {
    "vertex": "09629aa6d88e3007946041ee5bb5e7fe743b3242efca3b1b8ea02df65fe0eb34",
    "gradient": "58c374fbc03eab01d7423cf8888185f1410a0c20be14044aa309678ec2e4216c",
    "pair": "65dfe5f05c0cab641b03d13ff573dc6bfa3f1d0fef0ed66dcd91cede0438a8ce"
  },
  "generation_seconds": 0.7488431250094436,
  "kernel_check_required": true,
  "heartbeats": "default",
  "compiler_threads": 1,
  "core_memory_limit_mib": 2048,
  "assembled_memory_limit_mib": 3072
}
