{
  "format": "THOMSON_UNTRUSTED_MERGED_GROUP_V1",
  "root": 3357866,
  "selection": "/Users/archiebrowne/source/Thomson/Thomson/GlobalCertificates/Production/selections/Node3357866.json",
  "selection_sha256": "f6754b18d923408191a358093222e1ed25daae3764a990328352c1b58d242582",
  "binary": "/Users/archiebrowne/source/Thomson/.lake/global-cover/search.bin",
  "binary_sha256": "6626a818d355868776501e252bbdafb97029a5a9ebe31122f3509e3e359020a4",
  "output_prefix": "Thomson.GlobalCertificates.Production.Node3357866",
  "module": "Thomson.GlobalCertificates.Production.Node3357866.Assembled",
  "namespace": "Thomson.Five.GlobalCertificates.Production.Node3357866.Assembled",
  "core": {
    "module": "Thomson.GlobalCertificates.Production.Node3357866.Core",
    "source": "Thomson/GlobalCertificates/Production/Node3357866/Core.lean",
    "source_sha256": "8036771900f590a415ad3385473a5ade1eef843db51c56c1431f5f131278d696",
    "source_bytes": 2890729
  },
  "assembled": {
    "module": "Thomson.GlobalCertificates.Production.Node3357866.Assembled",
    "source": "Thomson/GlobalCertificates/Production/Node3357866/Assembled.lean",
    "source_sha256": "34e56dc7f4357563ac8285e2d9baa7512cf140057a7b1fd2e9a42e5644f543af",
    "source_bytes": 383496
  },
  "core_source": "Thomson/GlobalCertificates/Production/Node3357866/Core.lean",
  "assembled_source": "Thomson/GlobalCertificates/Production/Node3357866/Assembled.lean",
  "core_module": "Thomson.GlobalCertificates.Production.Node3357866.Core",
  "assembled_module": "Thomson.GlobalCertificates.Production.Node3357866.Assembled",
  "boundary_modules": [],
  "nodes": 215,
  "leaf_kinds": {
    "0": 107,
    "3": 8,
    "6": 53,
    "8": 47
  },
  "families": {
    "contraction": {
      "nodes": 215,
      "actual": 0,
      "rounds": 0,
      "actions": 0
    }
  },
  "reference_topology_sha256": {
    "vertex": "09629aa6d88e3007946041ee5bb5e7fe743b3242efca3b1b8ea02df65fe0eb34",
    "gradient": "58c374fbc03eab01d7423cf8888185f1410a0c20be14044aa309678ec2e4216c",
    "pair": "65dfe5f05c0cab641b03d13ff573dc6bfa3f1d0fef0ed66dcd91cede0438a8ce"
  },
  "generation_seconds": 0.5761483749956824,
  "kernel_check_required": true,
  "heartbeats": "default",
  "compiler_threads": 1,
  "core_memory_limit_mib": 2048,
  "assembled_memory_limit_mib": 3072
}
