{
  "format": "THOMSON_UNTRUSTED_MERGED_GROUP_V1",
  "root": 3326312,
  "selection": "/Users/archiebrowne/source/Thomson/Thomson/GlobalCertificates/Production/selections/Node3326312.json",
  "selection_sha256": "cdfff20e9e8f8cb6e148b6d3df9a787f9e8541537f327a9009129e36dd9ef957",
  "binary": "/Users/archiebrowne/source/Thomson/.lake/global-cover/search.bin",
  "binary_sha256": "6626a818d355868776501e252bbdafb97029a5a9ebe31122f3509e3e359020a4",
  "output_prefix": "Thomson.GlobalCertificates.Production.Node3326312",
  "module": "Thomson.GlobalCertificates.Production.Node3326312.Assembled",
  "namespace": "Thomson.Five.GlobalCertificates.Production.Node3326312.Assembled",
  "core": {
    "module": "Thomson.GlobalCertificates.Production.Node3326312.Core",
    "source": "Thomson/GlobalCertificates/Production/Node3326312/Core.lean",
    "source_sha256": "7f5587376b83409379cb3f9a2c5d330a3f2fef36e68b77c2fa55a43ea1b2dbec",
    "source_bytes": 1095023
  },
  "assembled": {
    "module": "Thomson.GlobalCertificates.Production.Node3326312.Assembled",
    "source": "Thomson/GlobalCertificates/Production/Node3326312/Assembled.lean",
    "source_sha256": "47455772b29d771f24cb58b350887bad1036fbdf216363b1e2aa3851a7ca950e",
    "source_bytes": 231428
  },
  "core_source": "Thomson/GlobalCertificates/Production/Node3326312/Core.lean",
  "assembled_source": "Thomson/GlobalCertificates/Production/Node3326312/Assembled.lean",
  "core_module": "Thomson.GlobalCertificates.Production.Node3326312.Core",
  "assembled_module": "Thomson.GlobalCertificates.Production.Node3326312.Assembled",
  "boundary_modules": [],
  "nodes": 127,
  "leaf_kinds": {
    "0": 63,
    "3": 46,
    "6": 8,
    "8": 10
  },
  "families": {
    "contraction": {
      "nodes": 127,
      "actual": 5,
      "rounds": 5,
      "actions": 5
    }
  },
  "reference_topology_sha256": {
    "vertex": "09629aa6d88e3007946041ee5bb5e7fe743b3242efca3b1b8ea02df65fe0eb34",
    "gradient": "58c374fbc03eab01d7423cf8888185f1410a0c20be14044aa309678ec2e4216c",
    "pair": "65dfe5f05c0cab641b03d13ff573dc6bfa3f1d0fef0ed66dcd91cede0438a8ce"
  },
  "generation_seconds": 0.23796158301411197,
  "kernel_check_required": true,
  "heartbeats": "default",
  "compiler_threads": 1,
  "core_memory_limit_mib": 2048,
  "assembled_memory_limit_mib": 3072
}
