{
  "format": "THOMSON_UNTRUSTED_MERGED_GROUP_V1",
  "root": 3284607,
  "selection": "/Users/archiebrowne/source/Thomson/Thomson/GlobalCertificates/Production/selections/Node3284607.json",
  "selection_sha256": "bea54bb7eeda402f83ff19ef0bae4f8af798376adb28554bda067793e1588790",
  "binary": "/Users/archiebrowne/source/Thomson/.lake/global-cover/search.bin",
  "binary_sha256": "6626a818d355868776501e252bbdafb97029a5a9ebe31122f3509e3e359020a4",
  "output_prefix": "Thomson.GlobalCertificates.Production.Node3284607",
  "module": "Thomson.GlobalCertificates.Production.Node3284607.Assembled",
  "namespace": "Thomson.Five.GlobalCertificates.Production.Node3284607.Assembled",
  "core": {
    "module": "Thomson.GlobalCertificates.Production.Node3284607.Core",
    "source": "Thomson/GlobalCertificates/Production/Node3284607/Core.lean",
    "source_sha256": "6f4c9cd8fd36e33f1be53012d16c97d31b44f0dc44606209ade72609ceed1ad3",
    "source_bytes": 1700573
  },
  "assembled": {
    "module": "Thomson.GlobalCertificates.Production.Node3284607.Assembled",
    "source": "Thomson/GlobalCertificates/Production/Node3284607/Assembled.lean",
    "source_sha256": "970e75f971aa45e48df2273964a45ba3c746ac5de547d0145e1d76b7b2939329",
    "source_bytes": 139219
  },
  "core_source": "Thomson/GlobalCertificates/Production/Node3284607/Core.lean",
  "assembled_source": "Thomson/GlobalCertificates/Production/Node3284607/Assembled.lean",
  "core_module": "Thomson.GlobalCertificates.Production.Node3284607.Core",
  "assembled_module": "Thomson.GlobalCertificates.Production.Node3284607.Assembled",
  "boundary_modules": [],
  "nodes": 79,
  "leaf_kinds": {
    "0": 39,
    "6": 5,
    "8": 35
  },
  "families": {
    "contraction": {
      "nodes": 79,
      "actual": 22,
      "rounds": 22,
      "actions": 30
    }
  },
  "reference_topology_sha256": {
    "vertex": "09629aa6d88e3007946041ee5bb5e7fe743b3242efca3b1b8ea02df65fe0eb34",
    "gradient": "58c374fbc03eab01d7423cf8888185f1410a0c20be14044aa309678ec2e4216c"
  },
  "generation_seconds": 0.3626441669766791,
  "kernel_check_required": true,
  "heartbeats": "default",
  "compiler_threads": 1,
  "core_memory_limit_mib": 2048,
  "assembled_memory_limit_mib": 3072
}
