{
  "format": "THOMSON_UNTRUSTED_MERGED_GROUP_V1",
  "root": 3296195,
  "selection": "/Users/archiebrowne/source/Thomson/Thomson/GlobalCertificates/Production/selections/Node3296195.json",
  "selection_sha256": "566ecf5b4dc5aaa3616d111e4a8be6bceb931529ed56082d284d7bcc1f425586",
  "binary": "/Users/archiebrowne/source/Thomson/.lake/global-cover/search.bin",
  "binary_sha256": "6626a818d355868776501e252bbdafb97029a5a9ebe31122f3509e3e359020a4",
  "output_prefix": "Thomson.GlobalCertificates.Production.Node3296195",
  "module": "Thomson.GlobalCertificates.Production.Node3296195.Assembled",
  "namespace": "Thomson.Five.GlobalCertificates.Production.Node3296195.Assembled",
  "core": {
    "module": "Thomson.GlobalCertificates.Production.Node3296195.Core",
    "source": "Thomson/GlobalCertificates/Production/Node3296195/Core.lean",
    "source_sha256": "47686ec267b29ff06853d4dcd294803c668138bc22fb84dd3e6cf86e25588edd",
    "source_bytes": 701170
  },
  "assembled": {
    "module": "Thomson.GlobalCertificates.Production.Node3296195.Assembled",
    "source": "Thomson/GlobalCertificates/Production/Node3296195/Assembled.lean",
    "source_sha256": "a7602f8f3a9c88262d4dae27e9b2f1232b993f8bf353624be85f7129615dc0db",
    "source_bytes": 52982
  },
  "core_source": "Thomson/GlobalCertificates/Production/Node3296195/Core.lean",
  "assembled_source": "Thomson/GlobalCertificates/Production/Node3296195/Assembled.lean",
  "core_module": "Thomson.GlobalCertificates.Production.Node3296195.Core",
  "assembled_module": "Thomson.GlobalCertificates.Production.Node3296195.Assembled",
  "boundary_modules": [],
  "nodes": 29,
  "leaf_kinds": {
    "0": 14,
    "8": 15
  },
  "families": {
    "contraction": {
      "nodes": 29,
      "actual": 7,
      "rounds": 7,
      "actions": 11
    }
  },
  "reference_topology_sha256": {
    "vertex": "09629aa6d88e3007946041ee5bb5e7fe743b3242efca3b1b8ea02df65fe0eb34"
  },
  "generation_seconds": 0.17253758304286748,
  "kernel_check_required": true,
  "heartbeats": "default",
  "compiler_threads": 1,
  "core_memory_limit_mib": 2048,
  "assembled_memory_limit_mib": 3072
}
