{
  "format": "THOMSON_UNTRUSTED_MERGED_GROUP_V1",
  "root": 3353183,
  "selection": "/Users/archiebrowne/source/Thomson/Thomson/GlobalCertificates/Production/selections/Node3353183.json",
  "selection_sha256": "18f443454f9842f31fd713202a49e25a662332f2d86f05d2bde59a1d235283e8",
  "binary": "/Users/archiebrowne/source/Thomson/.lake/global-cover/search.bin",
  "binary_sha256": "6626a818d355868776501e252bbdafb97029a5a9ebe31122f3509e3e359020a4",
  "output_prefix": "Thomson.GlobalCertificates.Production.Node3353183",
  "module": "Thomson.GlobalCertificates.Production.Node3353183.Assembled",
  "namespace": "Thomson.Five.GlobalCertificates.Production.Node3353183.Assembled",
  "core": {
    "module": "Thomson.GlobalCertificates.Production.Node3353183.Core",
    "source": "Thomson/GlobalCertificates/Production/Node3353183/Core.lean",
    "source_sha256": "b5dc785b690af6256c97f3782b1862ba951eab45285a47388678996f2edfea08",
    "source_bytes": 3811606
  },
  "assembled": {
    "module": "Thomson.GlobalCertificates.Production.Node3353183.Assembled",
    "source": "Thomson/GlobalCertificates/Production/Node3353183/Assembled.lean",
    "source_sha256": "4d9a363ed8678c3cf9c385f15a8b0d5a28f6b090828b05caa07f16e4e9fdd0e1",
    "source_bytes": 447019
  },
  "core_source": "Thomson/GlobalCertificates/Production/Node3353183/Core.lean",
  "assembled_source": "Thomson/GlobalCertificates/Production/Node3353183/Assembled.lean",
  "core_module": "Thomson.GlobalCertificates.Production.Node3353183.Core",
  "assembled_module": "Thomson.GlobalCertificates.Production.Node3353183.Assembled",
  "boundary_modules": [],
  "nodes": 249,
  "leaf_kinds": {
    "0": 124,
    "3": 23,
    "6": 36,
    "8": 66
  },
  "families": {
    "contraction": {
      "nodes": 249,
      "actual": 23,
      "rounds": 23,
      "actions": 23
    }
  },
  "reference_topology_sha256": {
    "vertex": "09629aa6d88e3007946041ee5bb5e7fe743b3242efca3b1b8ea02df65fe0eb34",
    "gradient": "58c374fbc03eab01d7423cf8888185f1410a0c20be14044aa309678ec2e4216c",
    "pair": "65dfe5f05c0cab641b03d13ff573dc6bfa3f1d0fef0ed66dcd91cede0438a8ce"
  },
  "generation_seconds": 0.7481995840207674,
  "kernel_check_required": true,
  "heartbeats": "default",
  "compiler_threads": 1,
  "core_memory_limit_mib": 2048,
  "assembled_memory_limit_mib": 3072
}
