{
  "format": "THOMSON_UNTRUSTED_MERGED_GROUP_V1",
  "root": 3319736,
  "selection": "/Users/archiebrowne/source/Thomson/Thomson/GlobalCertificates/Production/selections/Node3319736.json",
  "selection_sha256": "06c7e1671bbe746a8e3886793db1b1210eaaf29a88ce33d9640b0a104fa6d30d",
  "binary": "/Users/archiebrowne/source/Thomson/.lake/global-cover/search.bin",
  "binary_sha256": "6626a818d355868776501e252bbdafb97029a5a9ebe31122f3509e3e359020a4",
  "output_prefix": "Thomson.GlobalCertificates.Production.Node3319736",
  "module": "Thomson.GlobalCertificates.Production.Node3319736.Assembled",
  "namespace": "Thomson.Five.GlobalCertificates.Production.Node3319736.Assembled",
  "core": {
    "module": "Thomson.GlobalCertificates.Production.Node3319736.Core",
    "source": "Thomson/GlobalCertificates/Production/Node3319736/Core.lean",
    "source_sha256": "4800c7b7c89044d8417ad9820686b740f5f8c2be443f9e0ca62bd59e43cbeeef",
    "source_bytes": 813714
  },
  "assembled": {
    "module": "Thomson.GlobalCertificates.Production.Node3319736.Assembled",
    "source": "Thomson/GlobalCertificates/Production/Node3319736/Assembled.lean",
    "source_sha256": "b7c5613b79808b439c88ade9ed3bf99dbd1c28a7116ae3d454d803b793bac7fb",
    "source_bytes": 143519
  },
  "core_source": "Thomson/GlobalCertificates/Production/Node3319736/Core.lean",
  "assembled_source": "Thomson/GlobalCertificates/Production/Node3319736/Assembled.lean",
  "core_module": "Thomson.GlobalCertificates.Production.Node3319736.Core",
  "assembled_module": "Thomson.GlobalCertificates.Production.Node3319736.Assembled",
  "boundary_modules": [],
  "nodes": 79,
  "leaf_kinds": {
    "0": 39,
    "3": 16,
    "6": 14,
    "8": 10
  },
  "families": {
    "contraction": {
      "nodes": 79,
      "actual": 3,
      "rounds": 3,
      "actions": 3
    }
  },
  "reference_topology_sha256": {
    "vertex": "09629aa6d88e3007946041ee5bb5e7fe743b3242efca3b1b8ea02df65fe0eb34",
    "gradient": "58c374fbc03eab01d7423cf8888185f1410a0c20be14044aa309678ec2e4216c",
    "pair": "65dfe5f05c0cab641b03d13ff573dc6bfa3f1d0fef0ed66dcd91cede0438a8ce"
  },
  "generation_seconds": 0.1642170409904793,
  "kernel_check_required": true,
  "heartbeats": "default",
  "compiler_threads": 1,
  "core_memory_limit_mib": 2048,
  "assembled_memory_limit_mib": 3072
}
