{
  "format": "THOMSON_UNTRUSTED_MERGED_GROUP_V1",
  "root": 3377411,
  "selection": "/Users/archiebrowne/source/Thomson/Thomson/GlobalCertificates/Production/selections/Node3377411.json",
  "selection_sha256": "81a7fe499365aec9fc6433b7e1cb5a771347ffb5210074ef8f5c0715f58b884f",
  "binary": "/Users/archiebrowne/source/Thomson/.lake/global-cover/search.bin",
  "binary_sha256": "6626a818d355868776501e252bbdafb97029a5a9ebe31122f3509e3e359020a4",
  "output_prefix": "Thomson.GlobalCertificates.Production.Node3377411",
  "module": "Thomson.GlobalCertificates.Production.Node3377411.Assembled",
  "namespace": "Thomson.Five.GlobalCertificates.Production.Node3377411.Assembled",
  "core": {
    "module": "Thomson.GlobalCertificates.Production.Node3377411.Core",
    "source": "Thomson/GlobalCertificates/Production/Node3377411/Core.lean",
    "source_sha256": "9a6e69da35460a5fd31fa531922ea02f7e1d670f6b70cd6f5071bfbf9f90fb94",
    "source_bytes": 3585961
  },
  "assembled": {
    "module": "Thomson.GlobalCertificates.Production.Node3377411.Assembled",
    "source": "Thomson/GlobalCertificates/Production/Node3377411/Assembled.lean",
    "source_sha256": "bb3ff739c4e943f6ddefd715b871ad7d2248acd09a0fb9c08c8b82f16d3bc575",
    "source_bytes": 408819
  },
  "core_source": "Thomson/GlobalCertificates/Production/Node3377411/Core.lean",
  "assembled_source": "Thomson/GlobalCertificates/Production/Node3377411/Assembled.lean",
  "core_module": "Thomson.GlobalCertificates.Production.Node3377411.Core",
  "assembled_module": "Thomson.GlobalCertificates.Production.Node3377411.Assembled",
  "boundary_modules": [],
  "nodes": 233,
  "leaf_kinds": {
    "0": 116,
    "3": 2,
    "6": 52,
    "8": 63
  },
  "families": {
    "contraction": {
      "nodes": 233,
      "actual": 35,
      "rounds": 35,
      "actions": 50
    }
  },
  "reference_topology_sha256": {
    "vertex": "09629aa6d88e3007946041ee5bb5e7fe743b3242efca3b1b8ea02df65fe0eb34",
    "gradient": "58c374fbc03eab01d7423cf8888185f1410a0c20be14044aa309678ec2e4216c",
    "pair": "65dfe5f05c0cab641b03d13ff573dc6bfa3f1d0fef0ed66dcd91cede0438a8ce"
  },
  "generation_seconds": 0.8735207919962704,
  "kernel_check_required": true,
  "heartbeats": "default",
  "compiler_threads": 1,
  "core_memory_limit_mib": 2048,
  "assembled_memory_limit_mib": 3072
}
