{
  "format": "THOMSON_UNTRUSTED_MERGED_GROUP_V1",
  "root": 3309828,
  "selection": "/Users/archiebrowne/source/Thomson/Thomson/GlobalCertificates/Production/selections/Node3309828.json",
  "selection_sha256": "082fc3bd167509ebb1a800f2b900393534ed66517da6b2e9eafee125309af72d",
  "binary": "/Users/archiebrowne/source/Thomson/.lake/global-cover/search.bin",
  "binary_sha256": "6626a818d355868776501e252bbdafb97029a5a9ebe31122f3509e3e359020a4",
  "output_prefix": "Thomson.GlobalCertificates.Production.Node3309828",
  "module": "Thomson.GlobalCertificates.Production.Node3309828.Assembled",
  "namespace": "Thomson.Five.GlobalCertificates.Production.Node3309828.Assembled",
  "core": {
    "module": "Thomson.GlobalCertificates.Production.Node3309828.Core",
    "source": "Thomson/GlobalCertificates/Production/Node3309828/Core.lean",
    "source_sha256": "8b60b238c5ad10b81947fcd0e5e902c44b1ad89daf6cdb5a1657b46cbea08278",
    "source_bytes": 3131305
  },
  "assembled": {
    "module": "Thomson.GlobalCertificates.Production.Node3309828.Assembled",
    "source": "Thomson/GlobalCertificates/Production/Node3309828/Assembled.lean",
    "source_sha256": "2354f1cf338225cf0779a516aa85e0fcf19948969e403c6f3fb2f1b06b957897",
    "source_bytes": 392524
  },
  "core_source": "Thomson/GlobalCertificates/Production/Node3309828/Core.lean",
  "assembled_source": "Thomson/GlobalCertificates/Production/Node3309828/Assembled.lean",
  "core_module": "Thomson.GlobalCertificates.Production.Node3309828.Core",
  "assembled_module": "Thomson.GlobalCertificates.Production.Node3309828.Assembled",
  "boundary_modules": [],
  "nodes": 221,
  "leaf_kinds": {
    "0": 110,
    "3": 22,
    "6": 36,
    "8": 53
  },
  "families": {
    "contraction": {
      "nodes": 221,
      "actual": 6,
      "rounds": 6,
      "actions": 6
    }
  },
  "reference_topology_sha256": {
    "vertex": "09629aa6d88e3007946041ee5bb5e7fe743b3242efca3b1b8ea02df65fe0eb34",
    "gradient": "58c374fbc03eab01d7423cf8888185f1410a0c20be14044aa309678ec2e4216c",
    "pair": "65dfe5f05c0cab641b03d13ff573dc6bfa3f1d0fef0ed66dcd91cede0438a8ce"
  },
  "generation_seconds": 0.8315457089920528,
  "kernel_check_required": true,
  "heartbeats": "default",
  "compiler_threads": 1,
  "core_memory_limit_mib": 2048,
  "assembled_memory_limit_mib": 3072
}
