{
  "format": "THOMSON_UNTRUSTED_MERGED_GROUP_V1",
  "root": 3337421,
  "selection": "/Users/archiebrowne/source/Thomson/Thomson/GlobalCertificates/Production/selections/Node3337421.json",
  "selection_sha256": "e20d8feb1ecf91a6d5bf0292ac8c4023a09753a4c16774e4023400e4f4f77f74",
  "binary": "/Users/archiebrowne/source/Thomson/.lake/global-cover/search.bin",
  "binary_sha256": "6626a818d355868776501e252bbdafb97029a5a9ebe31122f3509e3e359020a4",
  "output_prefix": "Thomson.GlobalCertificates.Production.Node3337421",
  "module": "Thomson.GlobalCertificates.Production.Node3337421.Assembled",
  "namespace": "Thomson.Five.GlobalCertificates.Production.Node3337421.Assembled",
  "core": {
    "module": "Thomson.GlobalCertificates.Production.Node3337421.Core",
    "source": "Thomson/GlobalCertificates/Production/Node3337421/Core.lean",
    "source_sha256": "1e18bed0c74f67eb16c8958604758ef49bbf3ccc3c1b7b532c2d5c2ced558356",
    "source_bytes": 1433081
  },
  "assembled": {
    "module": "Thomson.GlobalCertificates.Production.Node3337421.Assembled",
    "source": "Thomson/GlobalCertificates/Production/Node3337421/Assembled.lean",
    "source_sha256": "0b7f92b88fdd1c20f13c99429c7eee19716ab30343d2bba1b9d0150156b6de71",
    "source_bytes": 128781
  },
  "core_source": "Thomson/GlobalCertificates/Production/Node3337421/Core.lean",
  "assembled_source": "Thomson/GlobalCertificates/Production/Node3337421/Assembled.lean",
  "core_module": "Thomson.GlobalCertificates.Production.Node3337421.Core",
  "assembled_module": "Thomson.GlobalCertificates.Production.Node3337421.Assembled",
  "boundary_modules": [],
  "nodes": 71,
  "leaf_kinds": {
    "0": 35,
    "6": 7,
    "8": 29
  },
  "families": {
    "contraction": {
      "nodes": 71,
      "actual": 4,
      "rounds": 4,
      "actions": 4
    }
  },
  "reference_topology_sha256": {
    "vertex": "09629aa6d88e3007946041ee5bb5e7fe743b3242efca3b1b8ea02df65fe0eb34",
    "gradient": "58c374fbc03eab01d7423cf8888185f1410a0c20be14044aa309678ec2e4216c"
  },
  "generation_seconds": 0.3025712500093505,
  "kernel_check_required": true,
  "heartbeats": "default",
  "compiler_threads": 1,
  "core_memory_limit_mib": 2048,
  "assembled_memory_limit_mib": 3072
}
