{
  "format": "THOMSON_UNTRUSTED_MERGED_GROUP_V1",
  "root": 3312854,
  "selection": "/Users/archiebrowne/source/Thomson/Thomson/GlobalCertificates/Production/selections/Node3312854.json",
  "selection_sha256": "ebd1f6bdb8e736f4574f982d5d24eddd7af816b4388cf3390ea484039fd65305",
  "binary": "/Users/archiebrowne/source/Thomson/.lake/global-cover/search.bin",
  "binary_sha256": "6626a818d355868776501e252bbdafb97029a5a9ebe31122f3509e3e359020a4",
  "output_prefix": "Thomson.GlobalCertificates.Production.Node3312854",
  "module": "Thomson.GlobalCertificates.Production.Node3312854.Assembled",
  "namespace": "Thomson.Five.GlobalCertificates.Production.Node3312854.Assembled",
  "core": {
    "module": "Thomson.GlobalCertificates.Production.Node3312854.Core",
    "source": "Thomson/GlobalCertificates/Production/Node3312854/Core.lean",
    "source_sha256": "bfa1260ce509c6a923706e506bb315a5ab3253a889cb670bedd37ab4f301c5d4",
    "source_bytes": 847054
  },
  "assembled": {
    "module": "Thomson.GlobalCertificates.Production.Node3312854.Assembled",
    "source": "Thomson/GlobalCertificates/Production/Node3312854/Assembled.lean",
    "source_sha256": "60f7d59dba20cf9e64a248ccfa388cbe416cd89561878e7c70b1a326c05d7251",
    "source_bytes": 143799
  },
  "core_source": "Thomson/GlobalCertificates/Production/Node3312854/Core.lean",
  "assembled_source": "Thomson/GlobalCertificates/Production/Node3312854/Assembled.lean",
  "core_module": "Thomson.GlobalCertificates.Production.Node3312854.Core",
  "assembled_module": "Thomson.GlobalCertificates.Production.Node3312854.Assembled",
  "boundary_modules": [],
  "nodes": 79,
  "leaf_kinds": {
    "0": 39,
    "3": 8,
    "6": 21,
    "8": 11
  },
  "families": {
    "contraction": {
      "nodes": 79,
      "actual": 0,
      "rounds": 0,
      "actions": 0
    }
  },
  "reference_topology_sha256": {
    "vertex": "09629aa6d88e3007946041ee5bb5e7fe743b3242efca3b1b8ea02df65fe0eb34",
    "gradient": "58c374fbc03eab01d7423cf8888185f1410a0c20be14044aa309678ec2e4216c",
    "pair": "65dfe5f05c0cab641b03d13ff573dc6bfa3f1d0fef0ed66dcd91cede0438a8ce"
  },
  "generation_seconds": 0.26475404197117314,
  "kernel_check_required": true,
  "heartbeats": "default",
  "compiler_threads": 1,
  "core_memory_limit_mib": 2048,
  "assembled_memory_limit_mib": 3072
}
