{
  "format": "THOMSON_UNTRUSTED_MERGED_GROUP_V1",
  "root": 3351283,
  "selection": "/Users/archiebrowne/source/Thomson/Thomson/GlobalCertificates/Production/selections/Node3351283.json",
  "selection_sha256": "d59879b8d8f4e498ad6bbf81897d32affcb5b531aada594695424f55f49a8c27",
  "binary": "/Users/archiebrowne/source/Thomson/.lake/global-cover/search.bin",
  "binary_sha256": "6626a818d355868776501e252bbdafb97029a5a9ebe31122f3509e3e359020a4",
  "output_prefix": "Thomson.GlobalCertificates.Production.Node3351283",
  "module": "Thomson.GlobalCertificates.Production.Node3351283.Assembled",
  "namespace": "Thomson.Five.GlobalCertificates.Production.Node3351283.Assembled",
  "core": {
    "module": "Thomson.GlobalCertificates.Production.Node3351283.Core",
    "source": "Thomson/GlobalCertificates/Production/Node3351283/Core.lean",
    "source_sha256": "99b57d0e192b77d683e3738c2f56926466a01cc8ca8de5aa700ce51fb5cdf218",
    "source_bytes": 771591
  },
  "assembled": {
    "module": "Thomson.GlobalCertificates.Production.Node3351283.Assembled",
    "source": "Thomson/GlobalCertificates/Production/Node3351283/Assembled.lean",
    "source_sha256": "a0d7f74a4661f056341c0684e556d5dab60f8aa8f644641e63fbd62c646b1e83",
    "source_bytes": 158935
  },
  "core_source": "Thomson/GlobalCertificates/Production/Node3351283/Core.lean",
  "assembled_source": "Thomson/GlobalCertificates/Production/Node3351283/Assembled.lean",
  "core_module": "Thomson.GlobalCertificates.Production.Node3351283.Core",
  "assembled_module": "Thomson.GlobalCertificates.Production.Node3351283.Assembled",
  "boundary_modules": [],
  "nodes": 87,
  "leaf_kinds": {
    "0": 43,
    "3": 28,
    "6": 9,
    "8": 7
  },
  "families": {
    "contraction": {
      "nodes": 87,
      "actual": 14,
      "rounds": 14,
      "actions": 27
    }
  },
  "reference_topology_sha256": {
    "vertex": "09629aa6d88e3007946041ee5bb5e7fe743b3242efca3b1b8ea02df65fe0eb34",
    "gradient": "58c374fbc03eab01d7423cf8888185f1410a0c20be14044aa309678ec2e4216c",
    "pair": "65dfe5f05c0cab641b03d13ff573dc6bfa3f1d0fef0ed66dcd91cede0438a8ce"
  },
  "generation_seconds": 0.1419190830201842,
  "kernel_check_required": true,
  "heartbeats": "default",
  "compiler_threads": 1,
  "core_memory_limit_mib": 2048,
  "assembled_memory_limit_mib": 3072
}
