{
  "format": "THOMSON_UNTRUSTED_MERGED_GROUP_V1",
  "root": 3296197,
  "selection": "/Users/archiebrowne/source/Thomson/Thomson/GlobalCertificates/Production/selections/Node3296197.json",
  "selection_sha256": "e0ed1035a0cae3f85b523db0fe4f55111e258e6579562803ec8ceebfc2a3c03a",
  "binary": "/Users/archiebrowne/source/Thomson/.lake/global-cover/search.bin",
  "binary_sha256": "6626a818d355868776501e252bbdafb97029a5a9ebe31122f3509e3e359020a4",
  "output_prefix": "Thomson.GlobalCertificates.Production.Node3296197",
  "module": "Thomson.GlobalCertificates.Production.Node3296197.Assembled",
  "namespace": "Thomson.Five.GlobalCertificates.Production.Node3296197.Assembled",
  "core": {
    "module": "Thomson.GlobalCertificates.Production.Node3296197.Core",
    "source": "Thomson/GlobalCertificates/Production/Node3296197/Core.lean",
    "source_sha256": "bc1aab24c522715a4a1de35bc8908a8bdada5ef023112efe2aba968ffe87c6b7",
    "source_bytes": 787548
  },
  "assembled": {
    "module": "Thomson.GlobalCertificates.Production.Node3296197.Assembled",
    "source": "Thomson/GlobalCertificates/Production/Node3296197/Assembled.lean",
    "source_sha256": "bcaf429cbe38caaf3202ceeca73f369b2d55f1ac4ec1190e1db8a5f08445c076",
    "source_bytes": 59948
  },
  "core_source": "Thomson/GlobalCertificates/Production/Node3296197/Core.lean",
  "assembled_source": "Thomson/GlobalCertificates/Production/Node3296197/Assembled.lean",
  "core_module": "Thomson.GlobalCertificates.Production.Node3296197.Core",
  "assembled_module": "Thomson.GlobalCertificates.Production.Node3296197.Assembled",
  "boundary_modules": [],
  "nodes": 33,
  "leaf_kinds": {
    "0": 16,
    "8": 17
  },
  "families": {
    "contraction": {
      "nodes": 33,
      "actual": 4,
      "rounds": 4,
      "actions": 6
    }
  },
  "reference_topology_sha256": {
    "vertex": "09629aa6d88e3007946041ee5bb5e7fe743b3242efca3b1b8ea02df65fe0eb34"
  },
  "generation_seconds": 0.19503512501250952,
  "kernel_check_required": true,
  "heartbeats": "default",
  "compiler_threads": 1,
  "core_memory_limit_mib": 2048,
  "assembled_memory_limit_mib": 3072
}
