{
  "format": "THOMSON_UNTRUSTED_MERGED_GROUP_V1",
  "root": 3378069,
  "selection": "/Users/archiebrowne/source/Thomson/Thomson/GlobalCertificates/Production/selections/Node3378069.json",
  "selection_sha256": "5e11099164fac7796f8de9f6975027375acae2be2e91a5155621df50e8df07ec",
  "binary": "/Users/archiebrowne/source/Thomson/.lake/global-cover/search.bin",
  "binary_sha256": "6626a818d355868776501e252bbdafb97029a5a9ebe31122f3509e3e359020a4",
  "output_prefix": "Thomson.GlobalCertificates.Production.Node3378069",
  "module": "Thomson.GlobalCertificates.Production.Node3378069.Assembled",
  "namespace": "Thomson.Five.GlobalCertificates.Production.Node3378069.Assembled",
  "core": {
    "module": "Thomson.GlobalCertificates.Production.Node3378069.Core",
    "source": "Thomson/GlobalCertificates/Production/Node3378069/Core.lean",
    "source_sha256": "948fe21dff46c5094b8ebb06a6e04c5480c5ef1a5c99145d7300577d57de266f",
    "source_bytes": 478736
  },
  "assembled": {
    "module": "Thomson.GlobalCertificates.Production.Node3378069.Assembled",
    "source": "Thomson/GlobalCertificates/Production/Node3378069/Assembled.lean",
    "source_sha256": "d17e649a4e9a02fa1e08b6163de8c03e5b4d95f17ed41b2f5e83fdedd66dfda8",
    "source_bytes": 144430
  },
  "core_source": "Thomson/GlobalCertificates/Production/Node3378069/Core.lean",
  "assembled_source": "Thomson/GlobalCertificates/Production/Node3378069/Assembled.lean",
  "core_module": "Thomson.GlobalCertificates.Production.Node3378069.Core",
  "assembled_module": "Thomson.GlobalCertificates.Production.Node3378069.Assembled",
  "boundary_modules": [],
  "nodes": 79,
  "leaf_kinds": {
    "0": 39,
    "3": 6,
    "6": 34
  },
  "families": {
    "contraction": {
      "nodes": 79,
      "actual": 11,
      "rounds": 11,
      "actions": 14
    }
  },
  "reference_topology_sha256": {
    "gradient": "58c374fbc03eab01d7423cf8888185f1410a0c20be14044aa309678ec2e4216c",
    "pair": "65dfe5f05c0cab641b03d13ff573dc6bfa3f1d0fef0ed66dcd91cede0438a8ce"
  },
  "generation_seconds": 0.10043708304874599,
  "kernel_check_required": true,
  "heartbeats": "default",
  "compiler_threads": 1,
  "core_memory_limit_mib": 2048,
  "assembled_memory_limit_mib": 3072
}
