{
  "format": "THOMSON_UNTRUSTED_MERGED_GROUP_V1",
  "root": 3342765,
  "selection": "/Users/archiebrowne/source/Thomson/Thomson/GlobalCertificates/Production/selections/Node3342765.json",
  "selection_sha256": "45b203434886e87244eeabd1eeea78e399dca9babf0b401c90a3e1a0360b31a5",
  "binary": "/Users/archiebrowne/source/Thomson/.lake/global-cover/search.bin",
  "binary_sha256": "6626a818d355868776501e252bbdafb97029a5a9ebe31122f3509e3e359020a4",
  "output_prefix": "Thomson.GlobalCertificates.Production.Node3342765",
  "module": "Thomson.GlobalCertificates.Production.Node3342765.Assembled",
  "namespace": "Thomson.Five.GlobalCertificates.Production.Node3342765.Assembled",
  "core": {
    "module": "Thomson.GlobalCertificates.Production.Node3342765.Core",
    "source": "Thomson/GlobalCertificates/Production/Node3342765/Core.lean",
    "source_sha256": "3a45c35836eba1efe90d088408cdef9b56da1ee3d35a57241d7b0d3d6d80f9a9",
    "source_bytes": 942329
  },
  "assembled": {
    "module": "Thomson.GlobalCertificates.Production.Node3342765.Assembled",
    "source": "Thomson/GlobalCertificates/Production/Node3342765/Assembled.lean",
    "source_sha256": "0f1054470e5c3eb12a619020e12c9dfd04b2617362ae67f582b2e6838cea21e0",
    "source_bytes": 78701
  },
  "core_source": "Thomson/GlobalCertificates/Production/Node3342765/Core.lean",
  "assembled_source": "Thomson/GlobalCertificates/Production/Node3342765/Assembled.lean",
  "core_module": "Thomson.GlobalCertificates.Production.Node3342765.Core",
  "assembled_module": "Thomson.GlobalCertificates.Production.Node3342765.Assembled",
  "boundary_modules": [],
  "nodes": 43,
  "leaf_kinds": {
    "0": 21,
    "6": 3,
    "8": 19
  },
  "families": {
    "contraction": {
      "nodes": 43,
      "actual": 9,
      "rounds": 16,
      "actions": 28
    }
  },
  "reference_topology_sha256": {
    "vertex": "09629aa6d88e3007946041ee5bb5e7fe743b3242efca3b1b8ea02df65fe0eb34",
    "gradient": "58c374fbc03eab01d7423cf8888185f1410a0c20be14044aa309678ec2e4216c"
  },
  "generation_seconds": 0.20231770805548877,
  "kernel_check_required": true,
  "heartbeats": "default",
  "compiler_threads": 1,
  "core_memory_limit_mib": 2048,
  "assembled_memory_limit_mib": 3072
}
