{
  "format": "THOMSON_UNTRUSTED_MERGED_GROUP_V1",
  "root": 3376661,
  "selection": "/Users/archiebrowne/source/Thomson/Thomson/GlobalCertificates/Production/selections/Node3376661.json",
  "selection_sha256": "1a78aa4a7ed26b13c1849f26bab78ca9c58c07604cfe9ae825bee69287ac97a0",
  "binary": "/Users/archiebrowne/source/Thomson/.lake/global-cover/search.bin",
  "binary_sha256": "6626a818d355868776501e252bbdafb97029a5a9ebe31122f3509e3e359020a4",
  "output_prefix": "Thomson.GlobalCertificates.Production.Node3376661",
  "module": "Thomson.GlobalCertificates.Production.Node3376661.Assembled",
  "namespace": "Thomson.Five.GlobalCertificates.Production.Node3376661.Assembled",
  "core": {
    "module": "Thomson.GlobalCertificates.Production.Node3376661.Core",
    "source": "Thomson/GlobalCertificates/Production/Node3376661/Core.lean",
    "source_sha256": "1636a39e48b5b16d2994ed90c5bd93e846b64880ac496395e26b45c22e36e69a",
    "source_bytes": 5029424
  },
  "assembled": {
    "module": "Thomson.GlobalCertificates.Production.Node3376661.Assembled",
    "source": "Thomson/GlobalCertificates/Production/Node3376661/Assembled.lean",
    "source_sha256": "8174eec97ebc50caf29fac81fdfc661934ac38b7ff3993532930a9a10ed6f55b",
    "source_bytes": 400066
  },
  "core_source": "Thomson/GlobalCertificates/Production/Node3376661/Core.lean",
  "assembled_source": "Thomson/GlobalCertificates/Production/Node3376661/Assembled.lean",
  "core_module": "Thomson.GlobalCertificates.Production.Node3376661.Core",
  "assembled_module": "Thomson.GlobalCertificates.Production.Node3376661.Assembled",
  "boundary_modules": [],
  "nodes": 227,
  "leaf_kinds": {
    "0": 113,
    "6": 9,
    "8": 105
  },
  "families": {
    "contraction": {
      "nodes": 227,
      "actual": 37,
      "rounds": 37,
      "actions": 50
    }
  },
  "reference_topology_sha256": {
    "vertex": "09629aa6d88e3007946041ee5bb5e7fe743b3242efca3b1b8ea02df65fe0eb34",
    "gradient": "58c374fbc03eab01d7423cf8888185f1410a0c20be14044aa309678ec2e4216c"
  },
  "generation_seconds": 1.3125869169598445,
  "kernel_check_required": true,
  "heartbeats": "default",
  "compiler_threads": 1,
  "core_memory_limit_mib": 2048,
  "assembled_memory_limit_mib": 3072
}
