{
  "format": "THOMSON_UNTRUSTED_MERGED_GROUP_V1",
  "root": 3361077,
  "selection": "/Users/archiebrowne/source/Thomson/Thomson/GlobalCertificates/Production/selections/Node3361077.json",
  "selection_sha256": "a1d3ca9cd5f7eb5748f019b0db5f364dde25c19aa0a7b5c55dd5e8908fdebf49",
  "binary": "/Users/archiebrowne/source/Thomson/.lake/global-cover/search.bin",
  "binary_sha256": "6626a818d355868776501e252bbdafb97029a5a9ebe31122f3509e3e359020a4",
  "output_prefix": "Thomson.GlobalCertificates.Production.Node3361077",
  "module": "Thomson.GlobalCertificates.Production.Node3361077.Assembled",
  "namespace": "Thomson.Five.GlobalCertificates.Production.Node3361077.Assembled",
  "core": {
    "module": "Thomson.GlobalCertificates.Production.Node3361077.Core",
    "source": "Thomson/GlobalCertificates/Production/Node3361077/Core.lean",
    "source_sha256": "465ee6366dbc6404a6a1a23759a703c330271f1d363d622575a51f5b305683fd",
    "source_bytes": 275646
  },
  "assembled": {
    "module": "Thomson.GlobalCertificates.Production.Node3361077.Assembled",
    "source": "Thomson/GlobalCertificates/Production/Node3361077/Assembled.lean",
    "source_sha256": "c5f18dd7bb7740078c0400c3b999604edf957b32cf93245540196cc3cf667c0d",
    "source_bytes": 82353
  },
  "core_source": "Thomson/GlobalCertificates/Production/Node3361077/Core.lean",
  "assembled_source": "Thomson/GlobalCertificates/Production/Node3361077/Assembled.lean",
  "core_module": "Thomson.GlobalCertificates.Production.Node3361077.Core",
  "assembled_module": "Thomson.GlobalCertificates.Production.Node3361077.Assembled",
  "boundary_modules": [],
  "nodes": 45,
  "leaf_kinds": {
    "0": 22,
    "3": 23
  },
  "families": {
    "contraction": {
      "nodes": 45,
      "actual": 10,
      "rounds": 10,
      "actions": 13
    }
  },
  "reference_topology_sha256": {
    "pair": "65dfe5f05c0cab641b03d13ff573dc6bfa3f1d0fef0ed66dcd91cede0438a8ce"
  },
  "generation_seconds": 0.04227291699498892,
  "kernel_check_required": true,
  "heartbeats": "default",
  "compiler_threads": 1,
  "core_memory_limit_mib": 2048,
  "assembled_memory_limit_mib": 3072
}
