{
  "format": "THOMSON_UNTRUSTED_MERGED_GROUP_V1",
  "root": 3325559,
  "selection": "/Users/archiebrowne/source/Thomson/Thomson/GlobalCertificates/Production/selections/Node3325559.json",
  "selection_sha256": "4b09ca0910fe8b929cc47ea45c803154bb96641f760cb4a47e0e66a60b52df1e",
  "binary": "/Users/archiebrowne/source/Thomson/.lake/global-cover/search.bin",
  "binary_sha256": "6626a818d355868776501e252bbdafb97029a5a9ebe31122f3509e3e359020a4",
  "output_prefix": "Thomson.GlobalCertificates.Production.Node3325559",
  "module": "Thomson.GlobalCertificates.Production.Node3325559.Assembled",
  "namespace": "Thomson.Five.GlobalCertificates.Production.Node3325559.Assembled",
  "core": {
    "module": "Thomson.GlobalCertificates.Production.Node3325559.Core",
    "source": "Thomson/GlobalCertificates/Production/Node3325559/Core.lean",
    "source_sha256": "14b80f8b3e515a796902c2cae4102b9332bbdbfa2a555033e83d30b7341b3001",
    "source_bytes": 1637582
  },
  "assembled": {
    "module": "Thomson.GlobalCertificates.Production.Node3325559.Assembled",
    "source": "Thomson/GlobalCertificates/Production/Node3325559/Assembled.lean",
    "source_sha256": "409a37df805873a0677bb607f237cae36cfcb04e79b04d918cb8d7d0e3e449ca",
    "source_bytes": 217269
  },
  "core_source": "Thomson/GlobalCertificates/Production/Node3325559/Core.lean",
  "assembled_source": "Thomson/GlobalCertificates/Production/Node3325559/Assembled.lean",
  "core_module": "Thomson.GlobalCertificates.Production.Node3325559.Core",
  "assembled_module": "Thomson.GlobalCertificates.Production.Node3325559.Assembled",
  "boundary_modules": [],
  "nodes": 119,
  "leaf_kinds": {
    "0": 59,
    "3": 18,
    "6": 16,
    "8": 26
  },
  "families": {
    "contraction": {
      "nodes": 119,
      "actual": 16,
      "rounds": 16,
      "actions": 17
    }
  },
  "reference_topology_sha256": {
    "vertex": "09629aa6d88e3007946041ee5bb5e7fe743b3242efca3b1b8ea02df65fe0eb34",
    "gradient": "58c374fbc03eab01d7423cf8888185f1410a0c20be14044aa309678ec2e4216c",
    "pair": "65dfe5f05c0cab641b03d13ff573dc6bfa3f1d0fef0ed66dcd91cede0438a8ce"
  },
  "generation_seconds": 0.40305062499828637,
  "kernel_check_required": true,
  "heartbeats": "default",
  "compiler_threads": 1,
  "core_memory_limit_mib": 2048,
  "assembled_memory_limit_mib": 3072
}
