{
  "format": "THOMSON_UNTRUSTED_MERGED_GROUP_V1",
  "root": 3356592,
  "selection": "/Users/archiebrowne/source/Thomson/Thomson/GlobalCertificates/Production/selections/Node3356592.json",
  "selection_sha256": "d9051f359c220bfc4140e0886ca9aabf2e07be4cc60b12a4f9c8cee92910f094",
  "binary": "/Users/archiebrowne/source/Thomson/.lake/global-cover/search.bin",
  "binary_sha256": "6626a818d355868776501e252bbdafb97029a5a9ebe31122f3509e3e359020a4",
  "output_prefix": "Thomson.GlobalCertificates.Production.Node3356592",
  "module": "Thomson.GlobalCertificates.Production.Node3356592.Assembled",
  "namespace": "Thomson.Five.GlobalCertificates.Production.Node3356592.Assembled",
  "core": {
    "module": "Thomson.GlobalCertificates.Production.Node3356592.Core",
    "source": "Thomson/GlobalCertificates/Production/Node3356592/Core.lean",
    "source_sha256": "910712d6eb4a045d92115561a6a5d86cb12b8c38d455072a6ff5e8ed76ee937e",
    "source_bytes": 1418216
  },
  "assembled": {
    "module": "Thomson.GlobalCertificates.Production.Node3356592.Assembled",
    "source": "Thomson/GlobalCertificates/Production/Node3356592/Assembled.lean",
    "source_sha256": "b9472c3b43bfed99213a333bd0803bc0146966808c9a0ed98bcfda50b44df785",
    "source_bytes": 394110
  },
  "core_source": "Thomson/GlobalCertificates/Production/Node3356592/Core.lean",
  "assembled_source": "Thomson/GlobalCertificates/Production/Node3356592/Assembled.lean",
  "core_module": "Thomson.GlobalCertificates.Production.Node3356592.Core",
  "assembled_module": "Thomson.GlobalCertificates.Production.Node3356592.Assembled",
  "boundary_modules": [],
  "nodes": 223,
  "leaf_kinds": {
    "0": 111,
    "3": 67,
    "6": 41,
    "8": 4
  },
  "families": {
    "contraction": {
      "nodes": 223,
      "actual": 0,
      "rounds": 0,
      "actions": 0
    }
  },
  "reference_topology_sha256": {
    "vertex": "09629aa6d88e3007946041ee5bb5e7fe743b3242efca3b1b8ea02df65fe0eb34",
    "gradient": "58c374fbc03eab01d7423cf8888185f1410a0c20be14044aa309678ec2e4216c",
    "pair": "65dfe5f05c0cab641b03d13ff573dc6bfa3f1d0fef0ed66dcd91cede0438a8ce"
  },
  "generation_seconds": 0.23463516699848697,
  "kernel_check_required": true,
  "heartbeats": "default",
  "compiler_threads": 1,
  "core_memory_limit_mib": 2048,
  "assembled_memory_limit_mib": 3072
}
