{
  "format": "THOMSON_UNTRUSTED_MERGED_GROUP_V1",
  "root": 3324869,
  "selection": "/Users/archiebrowne/source/Thomson/Thomson/GlobalCertificates/Production/selections/Node3324869.json",
  "selection_sha256": "d23e9c143eedcdc950e7928fd2672c824cf5d9bdd3b539eb640eff3b8f2ddf7e",
  "binary": "/Users/archiebrowne/source/Thomson/.lake/global-cover/search.bin",
  "binary_sha256": "6626a818d355868776501e252bbdafb97029a5a9ebe31122f3509e3e359020a4",
  "output_prefix": "Thomson.GlobalCertificates.Production.Node3324869",
  "module": "Thomson.GlobalCertificates.Production.Node3324869.Assembled",
  "namespace": "Thomson.Five.GlobalCertificates.Production.Node3324869.Assembled",
  "core": {
    "module": "Thomson.GlobalCertificates.Production.Node3324869.Core",
    "source": "Thomson/GlobalCertificates/Production/Node3324869/Core.lean",
    "source_sha256": "d6d546504cb5bf1d6a52f5a7c86a95f7ac924f63fa01b19143a4ab3af7e99a08",
    "source_bytes": 5149446
  },
  "assembled": {
    "module": "Thomson.GlobalCertificates.Production.Node3324869.Assembled",
    "source": "Thomson/GlobalCertificates/Production/Node3324869/Assembled.lean",
    "source_sha256": "75d255354212965361c27da3498c416b26599075aca0e851b124856d0085a132",
    "source_bytes": 414589
  },
  "core_source": "Thomson/GlobalCertificates/Production/Node3324869/Core.lean",
  "assembled_source": "Thomson/GlobalCertificates/Production/Node3324869/Assembled.lean",
  "core_module": "Thomson.GlobalCertificates.Production.Node3324869.Core",
  "assembled_module": "Thomson.GlobalCertificates.Production.Node3324869.Assembled",
  "boundary_modules": [],
  "nodes": 237,
  "leaf_kinds": {
    "0": 118,
    "6": 15,
    "8": 104
  },
  "families": {
    "contraction": {
      "nodes": 237,
      "actual": 94,
      "rounds": 94,
      "actions": 131
    }
  },
  "reference_topology_sha256": {
    "vertex": "09629aa6d88e3007946041ee5bb5e7fe743b3242efca3b1b8ea02df65fe0eb34",
    "gradient": "58c374fbc03eab01d7423cf8888185f1410a0c20be14044aa309678ec2e4216c"
  },
  "generation_seconds": 1.2014456669567153,
  "kernel_check_required": true,
  "heartbeats": "default",
  "compiler_threads": 1,
  "core_memory_limit_mib": 2048,
  "assembled_memory_limit_mib": 3072
}
