{
  "format": "THOMSON_UNTRUSTED_MERGED_GROUP_V1",
  "root": 3284421,
  "selection": "/Users/archiebrowne/source/Thomson/Thomson/GlobalCertificates/Production/selections/Node3284421.json",
  "selection_sha256": "b4d01385598c5bf6242e140e36bb07283749d46bc8a80037bec17771cf13b116",
  "binary": "/Users/archiebrowne/source/Thomson/.lake/global-cover/search.bin",
  "binary_sha256": "6626a818d355868776501e252bbdafb97029a5a9ebe31122f3509e3e359020a4",
  "output_prefix": "Thomson.GlobalCertificates.Production.Node3284421",
  "module": "Thomson.GlobalCertificates.Production.Node3284421.Assembled",
  "namespace": "Thomson.Five.GlobalCertificates.Production.Node3284421.Assembled",
  "core": {
    "module": "Thomson.GlobalCertificates.Production.Node3284421.Core",
    "source": "Thomson/GlobalCertificates/Production/Node3284421/Core.lean",
    "source_sha256": "a2aa97948bf5d890abbc932b2eaebf7a75f6353d93b89941f61a58f4ebc0bc91",
    "source_bytes": 3435307
  },
  "assembled": {
    "module": "Thomson.GlobalCertificates.Production.Node3284421.Assembled",
    "source": "Thomson/GlobalCertificates/Production/Node3284421/Assembled.lean",
    "source_sha256": "b1c8bc100972cdd33c7f3497300ca883163941ca2a7ffa45c80c1c8dab3d87aa",
    "source_bytes": 256197
  },
  "core_source": "Thomson/GlobalCertificates/Production/Node3284421/Core.lean",
  "assembled_source": "Thomson/GlobalCertificates/Production/Node3284421/Assembled.lean",
  "core_module": "Thomson.GlobalCertificates.Production.Node3284421.Core",
  "assembled_module": "Thomson.GlobalCertificates.Production.Node3284421.Assembled",
  "boundary_modules": [],
  "nodes": 147,
  "leaf_kinds": {
    "0": 73,
    "8": 74
  },
  "families": {
    "contraction": {
      "nodes": 147,
      "actual": 23,
      "rounds": 23,
      "actions": 33
    }
  },
  "reference_topology_sha256": {
    "vertex": "09629aa6d88e3007946041ee5bb5e7fe743b3242efca3b1b8ea02df65fe0eb34"
  },
  "generation_seconds": 0.7118297909619287,
  "kernel_check_required": true,
  "heartbeats": "default",
  "compiler_threads": 1,
  "core_memory_limit_mib": 2048,
  "assembled_memory_limit_mib": 3072
}
