{
  "format": "THOMSON_UNTRUSTED_MERGED_GROUP_V1",
  "root": 3329253,
  "selection": "/Users/archiebrowne/source/Thomson/Thomson/GlobalCertificates/Production/selections/Node3329253.json",
  "selection_sha256": "334f06545c42aa40d6f671adc1ed2bd0bfda03e6c84dfcb9641287f4f2ab8515",
  "binary": "/Users/archiebrowne/source/Thomson/.lake/global-cover/search.bin",
  "binary_sha256": "6626a818d355868776501e252bbdafb97029a5a9ebe31122f3509e3e359020a4",
  "output_prefix": "Thomson.GlobalCertificates.Production.Node3329253",
  "module": "Thomson.GlobalCertificates.Production.Node3329253.Assembled",
  "namespace": "Thomson.Five.GlobalCertificates.Production.Node3329253.Assembled",
  "core": {
    "module": "Thomson.GlobalCertificates.Production.Node3329253.Core",
    "source": "Thomson/GlobalCertificates/Production/Node3329253/Core.lean",
    "source_sha256": "be7096826fe77b677f46f17dd3c8bc0f7b945976dd67582cf488f953287bb61a",
    "source_bytes": 3006882
  },
  "assembled": {
    "module": "Thomson.GlobalCertificates.Production.Node3329253.Assembled",
    "source": "Thomson/GlobalCertificates/Production/Node3329253/Assembled.lean",
    "source_sha256": "9bfcdcb56b0ade3ee31c4b57b39c001152faba66d9a2fe0583629b8ceaa0b7c3",
    "source_bytes": 232011
  },
  "core_source": "Thomson/GlobalCertificates/Production/Node3329253/Core.lean",
  "assembled_source": "Thomson/GlobalCertificates/Production/Node3329253/Assembled.lean",
  "core_module": "Thomson.GlobalCertificates.Production.Node3329253.Core",
  "assembled_module": "Thomson.GlobalCertificates.Production.Node3329253.Assembled",
  "boundary_modules": [],
  "nodes": 131,
  "leaf_kinds": {
    "0": 65,
    "6": 3,
    "8": 63
  },
  "families": {
    "contraction": {
      "nodes": 131,
      "actual": 36,
      "rounds": 36,
      "actions": 52
    }
  },
  "reference_topology_sha256": {
    "vertex": "09629aa6d88e3007946041ee5bb5e7fe743b3242efca3b1b8ea02df65fe0eb34",
    "gradient": "58c374fbc03eab01d7423cf8888185f1410a0c20be14044aa309678ec2e4216c"
  },
  "generation_seconds": 0.6881804579752497,
  "kernel_check_required": true,
  "heartbeats": "default",
  "compiler_threads": 1,
  "core_memory_limit_mib": 2048,
  "assembled_memory_limit_mib": 3072
}
