{
  "format": "THOMSON_UNTRUSTED_MERGED_GROUP_V1",
  "root": 3280191,
  "selection": "/Users/archiebrowne/source/Thomson/Thomson/GlobalCertificates/Production/selections/Node3280191.json",
  "selection_sha256": "686b232e65fe4ae20251cc276a686cf4a3327445466c9086fee5bfa13a4e5693",
  "binary": "/Users/archiebrowne/source/Thomson/.lake/global-cover/search.bin",
  "binary_sha256": "6626a818d355868776501e252bbdafb97029a5a9ebe31122f3509e3e359020a4",
  "output_prefix": "Thomson.GlobalCertificates.Production.Node3280191",
  "module": "Thomson.GlobalCertificates.Production.Node3280191.Assembled",
  "namespace": "Thomson.Five.GlobalCertificates.Production.Node3280191.Assembled",
  "core": {
    "module": "Thomson.GlobalCertificates.Production.Node3280191.Core",
    "source": "Thomson/GlobalCertificates/Production/Node3280191/Core.lean",
    "source_sha256": "826a20b0c28b6f0ffdce95f9a8633f29ecb640a4ec5996570d42564696a1b0ca",
    "source_bytes": 522565
  },
  "assembled": {
    "module": "Thomson.GlobalCertificates.Production.Node3280191.Assembled",
    "source": "Thomson/GlobalCertificates/Production/Node3280191/Assembled.lean",
    "source_sha256": "b780bb5f3fc61e7de507fb75c5c07acc674c5c09ddef04fd41586213a179beec",
    "source_bytes": 46298
  },
  "core_source": "Thomson/GlobalCertificates/Production/Node3280191/Core.lean",
  "assembled_source": "Thomson/GlobalCertificates/Production/Node3280191/Assembled.lean",
  "core_module": "Thomson.GlobalCertificates.Production.Node3280191.Core",
  "assembled_module": "Thomson.GlobalCertificates.Production.Node3280191.Assembled",
  "boundary_modules": [],
  "nodes": 25,
  "leaf_kinds": {
    "0": 12,
    "2": 2,
    "8": 11
  },
  "families": {
    "contraction": {
      "nodes": 25,
      "actual": 5,
      "rounds": 5,
      "actions": 8
    },
    "rejection": {
      "leaves": 2,
      "rounds": 0,
      "actions": 0
    }
  },
  "reference_topology_sha256": {
    "vertex": "09629aa6d88e3007946041ee5bb5e7fe743b3242efca3b1b8ea02df65fe0eb34"
  },
  "generation_seconds": 0.11092337500303984,
  "kernel_check_required": true,
  "heartbeats": "default",
  "compiler_threads": 1,
  "core_memory_limit_mib": 2048,
  "assembled_memory_limit_mib": 3072
}
