{
  "format": "THOMSON_UNTRUSTED_MERGED_GROUP_V1",
  "root": 3305031,
  "selection": "/Users/archiebrowne/source/Thomson/Thomson/GlobalCertificates/Production/selections/Node3305031.json",
  "selection_sha256": "cbd66d588ec043c3ed84e9fd208df41d1a61085802e3b01f10ec25cf967cf8e7",
  "binary": "/Users/archiebrowne/source/Thomson/.lake/global-cover/search.bin",
  "binary_sha256": "6626a818d355868776501e252bbdafb97029a5a9ebe31122f3509e3e359020a4",
  "output_prefix": "Thomson.GlobalCertificates.Production.Node3305031",
  "module": "Thomson.GlobalCertificates.Production.Node3305031.Assembled",
  "namespace": "Thomson.Five.GlobalCertificates.Production.Node3305031.Assembled",
  "core": {
    "module": "Thomson.GlobalCertificates.Production.Node3305031.Core",
    "source": "Thomson/GlobalCertificates/Production/Node3305031/Core.lean",
    "source_sha256": "2018fa0ab3bd98c86f11a9ef296d23e84abcddcf139609a897f1f27924c4f04f",
    "source_bytes": 4383463
  },
  "assembled": {
    "module": "Thomson.GlobalCertificates.Production.Node3305031.Assembled",
    "source": "Thomson/GlobalCertificates/Production/Node3305031/Assembled.lean",
    "source_sha256": "4219e53e0438e2bb041401e10fca0db5a05579761693f99b837b5f00326ef4f5",
    "source_bytes": 338043
  },
  "core_source": "Thomson/GlobalCertificates/Production/Node3305031/Core.lean",
  "assembled_source": "Thomson/GlobalCertificates/Production/Node3305031/Assembled.lean",
  "core_module": "Thomson.GlobalCertificates.Production.Node3305031.Core",
  "assembled_module": "Thomson.GlobalCertificates.Production.Node3305031.Assembled",
  "boundary_modules": [],
  "nodes": 191,
  "leaf_kinds": {
    "0": 95,
    "6": 3,
    "8": 93
  },
  "families": {
    "contraction": {
      "nodes": 191,
      "actual": 28,
      "rounds": 28,
      "actions": 44
    }
  },
  "reference_topology_sha256": {
    "vertex": "09629aa6d88e3007946041ee5bb5e7fe743b3242efca3b1b8ea02df65fe0eb34",
    "gradient": "58c374fbc03eab01d7423cf8888185f1410a0c20be14044aa309678ec2e4216c"
  },
  "generation_seconds": 1.1860729169566184,
  "kernel_check_required": true,
  "heartbeats": "default",
  "compiler_threads": 1,
  "core_memory_limit_mib": 2048,
  "assembled_memory_limit_mib": 3072
}
