{
  "format": "THOMSON_UNTRUSTED_MERGED_GROUP_V1",
  "root": 3303560,
  "selection": "/Users/archiebrowne/source/Thomson/Thomson/GlobalCertificates/Production/selections/Node3303560.json",
  "selection_sha256": "a969485f93b9f326140ba28dd3587d41e626614afb179b8c4a39b5f01c221aa7",
  "binary": "/Users/archiebrowne/source/Thomson/.lake/global-cover/search.bin",
  "binary_sha256": "6626a818d355868776501e252bbdafb97029a5a9ebe31122f3509e3e359020a4",
  "output_prefix": "Thomson.GlobalCertificates.Production.Node3303560",
  "module": "Thomson.GlobalCertificates.Production.Node3303560.Assembled",
  "namespace": "Thomson.Five.GlobalCertificates.Production.Node3303560.Assembled",
  "core": {
    "module": "Thomson.GlobalCertificates.Production.Node3303560.Core",
    "source": "Thomson/GlobalCertificates/Production/Node3303560/Core.lean",
    "source_sha256": "d80e07ca4ac8f5f9f62fc3fe35173a8c9a50679a6b377c8cf5209511b132ac16",
    "source_bytes": 4458175
  },
  "assembled": {
    "module": "Thomson.GlobalCertificates.Production.Node3303560.Assembled",
    "source": "Thomson/GlobalCertificates/Production/Node3303560/Assembled.lean",
    "source_sha256": "c67ec69775b9f197d14304622216d9c734158e4b3545c24cab6e4f5adb633261",
    "source_bytes": 361129
  },
  "core_source": "Thomson/GlobalCertificates/Production/Node3303560/Core.lean",
  "assembled_source": "Thomson/GlobalCertificates/Production/Node3303560/Assembled.lean",
  "core_module": "Thomson.GlobalCertificates.Production.Node3303560.Core",
  "assembled_module": "Thomson.GlobalCertificates.Production.Node3303560.Assembled",
  "boundary_modules": [],
  "nodes": 205,
  "leaf_kinds": {
    "0": 102,
    "6": 14,
    "8": 89
  },
  "families": {
    "contraction": {
      "nodes": 205,
      "actual": 87,
      "rounds": 109,
      "actions": 291
    }
  },
  "reference_topology_sha256": {
    "vertex": "09629aa6d88e3007946041ee5bb5e7fe743b3242efca3b1b8ea02df65fe0eb34",
    "gradient": "58c374fbc03eab01d7423cf8888185f1410a0c20be14044aa309678ec2e4216c"
  },
  "generation_seconds": 1.2864220420015045,
  "kernel_check_required": true,
  "heartbeats": "default",
  "compiler_threads": 1,
  "core_memory_limit_mib": 2048,
  "assembled_memory_limit_mib": 3072
}
