{
  "format": "THOMSON_UNTRUSTED_MERGED_GROUP_V1",
  "root": 3310604,
  "selection": "/Users/archiebrowne/source/Thomson/Thomson/GlobalCertificates/Production/selections/Node3310604.json",
  "selection_sha256": "3624c8007725811b725bba8f46d7d741d18ca9ed72891c15f67104e6681d386e",
  "binary": "/Users/archiebrowne/source/Thomson/.lake/global-cover/search.bin",
  "binary_sha256": "6626a818d355868776501e252bbdafb97029a5a9ebe31122f3509e3e359020a4",
  "output_prefix": "Thomson.GlobalCertificates.Production.Node3310604",
  "module": "Thomson.GlobalCertificates.Production.Node3310604.Assembled",
  "namespace": "Thomson.Five.GlobalCertificates.Production.Node3310604.Assembled",
  "core": {
    "module": "Thomson.GlobalCertificates.Production.Node3310604.Core",
    "source": "Thomson/GlobalCertificates/Production/Node3310604/Core.lean",
    "source_sha256": "543be2fc2a532abc0e2f909a9624fb609387b4488ec6965091619a4ea51938ed",
    "source_bytes": 1745736
  },
  "assembled": {
    "module": "Thomson.GlobalCertificates.Production.Node3310604.Assembled",
    "source": "Thomson/GlobalCertificates/Production/Node3310604/Assembled.lean",
    "source_sha256": "2a790f40f3002b60d7a0ef1c2b6286176750ea11a4cf0d391ea598687863f340",
    "source_bytes": 283072
  },
  "core_source": "Thomson/GlobalCertificates/Production/Node3310604/Core.lean",
  "assembled_source": "Thomson/GlobalCertificates/Production/Node3310604/Assembled.lean",
  "core_module": "Thomson.GlobalCertificates.Production.Node3310604.Core",
  "assembled_module": "Thomson.GlobalCertificates.Production.Node3310604.Assembled",
  "boundary_modules": [],
  "nodes": 157,
  "leaf_kinds": {
    "0": 78,
    "3": 34,
    "6": 22,
    "8": 23
  },
  "families": {
    "contraction": {
      "nodes": 157,
      "actual": 17,
      "rounds": 17,
      "actions": 17
    }
  },
  "reference_topology_sha256": {
    "vertex": "09629aa6d88e3007946041ee5bb5e7fe743b3242efca3b1b8ea02df65fe0eb34",
    "gradient": "58c374fbc03eab01d7423cf8888185f1410a0c20be14044aa309678ec2e4216c",
    "pair": "65dfe5f05c0cab641b03d13ff573dc6bfa3f1d0fef0ed66dcd91cede0438a8ce"
  },
  "generation_seconds": 0.44297212501987815,
  "kernel_check_required": true,
  "heartbeats": "default",
  "compiler_threads": 1,
  "core_memory_limit_mib": 2048,
  "assembled_memory_limit_mib": 3072
}
