{
  "format": "THOMSON_UNTRUSTED_MERGED_GROUP_V1",
  "root": 3347407,
  "selection": "/Users/archiebrowne/source/Thomson/Thomson/GlobalCertificates/Production/selections/Node3347407.json",
  "selection_sha256": "f44d03dfcb1c8805e9819a922fcc404219070598a4377643062588977ada161d",
  "binary": "/Users/archiebrowne/source/Thomson/.lake/global-cover/search.bin",
  "binary_sha256": "6626a818d355868776501e252bbdafb97029a5a9ebe31122f3509e3e359020a4",
  "output_prefix": "Thomson.GlobalCertificates.Production.Node3347407",
  "module": "Thomson.GlobalCertificates.Production.Node3347407.Assembled",
  "namespace": "Thomson.Five.GlobalCertificates.Production.Node3347407.Assembled",
  "core": {
    "module": "Thomson.GlobalCertificates.Production.Node3347407.Core",
    "source": "Thomson/GlobalCertificates/Production/Node3347407/Core.lean",
    "source_sha256": "07bf521ff1bfb4e079c7f7f1337d300c37471cb1d3a53ec35a2474e6abf3bf06",
    "source_bytes": 2377937
  },
  "assembled": {
    "module": "Thomson.GlobalCertificates.Production.Node3347407.Assembled",
    "source": "Thomson/GlobalCertificates/Production/Node3347407/Assembled.lean",
    "source_sha256": "be1611ca2690d0895774d21b4730186176205afa2573c580a2b05f0ce723f43a",
    "source_bytes": 180967
  },
  "core_source": "Thomson/GlobalCertificates/Production/Node3347407/Core.lean",
  "assembled_source": "Thomson/GlobalCertificates/Production/Node3347407/Assembled.lean",
  "core_module": "Thomson.GlobalCertificates.Production.Node3347407.Core",
  "assembled_module": "Thomson.GlobalCertificates.Production.Node3347407.Assembled",
  "boundary_modules": [],
  "nodes": 103,
  "leaf_kinds": {
    "0": 51,
    "6": 1,
    "8": 51
  },
  "families": {
    "contraction": {
      "nodes": 103,
      "actual": 12,
      "rounds": 12,
      "actions": 19
    }
  },
  "reference_topology_sha256": {
    "vertex": "09629aa6d88e3007946041ee5bb5e7fe743b3242efca3b1b8ea02df65fe0eb34",
    "gradient": "58c374fbc03eab01d7423cf8888185f1410a0c20be14044aa309678ec2e4216c"
  },
  "generation_seconds": 0.5339927499881014,
  "kernel_check_required": true,
  "heartbeats": "default",
  "compiler_threads": 1,
  "core_memory_limit_mib": 2048,
  "assembled_memory_limit_mib": 3072
}
