{
  "format": "THOMSON_UNTRUSTED_MERGED_GROUP_V1",
  "root": 3308827,
  "selection": "/Users/archiebrowne/source/Thomson/Thomson/GlobalCertificates/Production/selections/Node3308827.json",
  "selection_sha256": "3f7a653024ecc364060960dc970e07ec5572a6830ba869a2a5afc7c0baa97bd3",
  "binary": "/Users/archiebrowne/source/Thomson/.lake/global-cover/search.bin",
  "binary_sha256": "6626a818d355868776501e252bbdafb97029a5a9ebe31122f3509e3e359020a4",
  "output_prefix": "Thomson.GlobalCertificates.Production.Node3308827",
  "module": "Thomson.GlobalCertificates.Production.Node3308827.Assembled",
  "namespace": "Thomson.Five.GlobalCertificates.Production.Node3308827.Assembled",
  "core": {
    "module": "Thomson.GlobalCertificates.Production.Node3308827.Core",
    "source": "Thomson/GlobalCertificates/Production/Node3308827/Core.lean",
    "source_sha256": "b8aa828e69430a599a749c0508d78f9aa862e5e33cadddcd4c0ef5088419389d",
    "source_bytes": 1430957
  },
  "assembled": {
    "module": "Thomson.GlobalCertificates.Production.Node3308827.Assembled",
    "source": "Thomson/GlobalCertificates/Production/Node3308827/Assembled.lean",
    "source_sha256": "70c1a9d8083c0f8ccc8b760a109a0cfbad76751f44715a9b945de2b0b55e866d",
    "source_bytes": 223448
  },
  "core_source": "Thomson/GlobalCertificates/Production/Node3308827/Core.lean",
  "assembled_source": "Thomson/GlobalCertificates/Production/Node3308827/Assembled.lean",
  "core_module": "Thomson.GlobalCertificates.Production.Node3308827.Core",
  "assembled_module": "Thomson.GlobalCertificates.Production.Node3308827.Assembled",
  "boundary_modules": [],
  "nodes": 125,
  "leaf_kinds": {
    "0": 62,
    "3": 23,
    "6": 20,
    "8": 20
  },
  "families": {
    "contraction": {
      "nodes": 125,
      "actual": 3,
      "rounds": 3,
      "actions": 3
    }
  },
  "reference_topology_sha256": {
    "vertex": "09629aa6d88e3007946041ee5bb5e7fe743b3242efca3b1b8ea02df65fe0eb34",
    "gradient": "58c374fbc03eab01d7423cf8888185f1410a0c20be14044aa309678ec2e4216c",
    "pair": "65dfe5f05c0cab641b03d13ff573dc6bfa3f1d0fef0ed66dcd91cede0438a8ce"
  },
  "generation_seconds": 0.3413229580037296,
  "kernel_check_required": true,
  "heartbeats": "default",
  "compiler_threads": 1,
  "core_memory_limit_mib": 2048,
  "assembled_memory_limit_mib": 3072
}
