{
  "format": "THOMSON_UNTRUSTED_MERGED_GROUP_V1",
  "root": 3351836,
  "selection": "/Users/archiebrowne/source/Thomson/Thomson/GlobalCertificates/Production/selections/Node3351836.json",
  "selection_sha256": "89c1dd5e540737b2d6a85b5731ae2216fbd348191d483b1d6d58778bf8c0cc8c",
  "binary": "/Users/archiebrowne/source/Thomson/.lake/global-cover/search.bin",
  "binary_sha256": "6626a818d355868776501e252bbdafb97029a5a9ebe31122f3509e3e359020a4",
  "output_prefix": "Thomson.GlobalCertificates.Production.Node3351836",
  "module": "Thomson.GlobalCertificates.Production.Node3351836.Assembled",
  "namespace": "Thomson.Five.GlobalCertificates.Production.Node3351836.Assembled",
  "core": {
    "module": "Thomson.GlobalCertificates.Production.Node3351836.Core",
    "source": "Thomson/GlobalCertificates/Production/Node3351836/Core.lean",
    "source_sha256": "68b7128d2af3fb41b4ddee2570d82a212340198bb81fe172bdce4fcc02d9c7bf",
    "source_bytes": 895329
  },
  "assembled": {
    "module": "Thomson.GlobalCertificates.Production.Node3351836.Assembled",
    "source": "Thomson/GlobalCertificates/Production/Node3351836/Assembled.lean",
    "source_sha256": "fc722a3012f521955852240e4cec8e3bc8418cfe347afff3d598503ecaaf922e",
    "source_bytes": 164346
  },
  "core_source": "Thomson/GlobalCertificates/Production/Node3351836/Core.lean",
  "assembled_source": "Thomson/GlobalCertificates/Production/Node3351836/Assembled.lean",
  "core_module": "Thomson.GlobalCertificates.Production.Node3351836.Core",
  "assembled_module": "Thomson.GlobalCertificates.Production.Node3351836.Assembled",
  "boundary_modules": [],
  "nodes": 91,
  "leaf_kinds": {
    "0": 45,
    "3": 20,
    "6": 18,
    "8": 8
  },
  "families": {
    "contraction": {
      "nodes": 91,
      "actual": 48,
      "rounds": 48,
      "actions": 118
    }
  },
  "reference_topology_sha256": {
    "vertex": "09629aa6d88e3007946041ee5bb5e7fe743b3242efca3b1b8ea02df65fe0eb34",
    "gradient": "58c374fbc03eab01d7423cf8888185f1410a0c20be14044aa309678ec2e4216c",
    "pair": "65dfe5f05c0cab641b03d13ff573dc6bfa3f1d0fef0ed66dcd91cede0438a8ce"
  },
  "generation_seconds": 0.1661045840010047,
  "kernel_check_required": true,
  "heartbeats": "default",
  "compiler_threads": 1,
  "core_memory_limit_mib": 2048,
  "assembled_memory_limit_mib": 3072
}
