{
  "format": "THOMSON_UNTRUSTED_MERGED_GROUP_V1",
  "root": 3344838,
  "selection": "/Users/archiebrowne/source/Thomson/Thomson/GlobalCertificates/Production/selections/Node3344838.json",
  "selection_sha256": "ad22f0c47ac516a062ed6d98815b7f0940344b5cb3b79cd4bcc12c371223bf7e",
  "binary": "/Users/archiebrowne/source/Thomson/.lake/global-cover/search.bin",
  "binary_sha256": "6626a818d355868776501e252bbdafb97029a5a9ebe31122f3509e3e359020a4",
  "output_prefix": "Thomson.GlobalCertificates.Production.Node3344838",
  "module": "Thomson.GlobalCertificates.Production.Node3344838.Assembled",
  "namespace": "Thomson.Five.GlobalCertificates.Production.Node3344838.Assembled",
  "core": {
    "module": "Thomson.GlobalCertificates.Production.Node3344838.Core",
    "source": "Thomson/GlobalCertificates/Production/Node3344838/Core.lean",
    "source_sha256": "0ebfa36be110c9e965d63ed4ff71c71de42d4e0617825e7f2bddb9b32f7e0e14",
    "source_bytes": 4444715
  },
  "assembled": {
    "module": "Thomson.GlobalCertificates.Production.Node3344838.Assembled",
    "source": "Thomson/GlobalCertificates/Production/Node3344838/Assembled.lean",
    "source_sha256": "524cfa8e7845f309a883b457d30bf0fd4a8623f61adf3d20804fade8e07a2c2a",
    "source_bytes": 333520
  },
  "core_source": "Thomson/GlobalCertificates/Production/Node3344838/Core.lean",
  "assembled_source": "Thomson/GlobalCertificates/Production/Node3344838/Assembled.lean",
  "core_module": "Thomson.GlobalCertificates.Production.Node3344838.Core",
  "assembled_module": "Thomson.GlobalCertificates.Production.Node3344838.Assembled",
  "boundary_modules": [],
  "nodes": 191,
  "leaf_kinds": {
    "0": 95,
    "6": 1,
    "8": 95
  },
  "families": {
    "contraction": {
      "nodes": 191,
      "actual": 29,
      "rounds": 29,
      "actions": 42
    }
  },
  "reference_topology_sha256": {
    "vertex": "09629aa6d88e3007946041ee5bb5e7fe743b3242efca3b1b8ea02df65fe0eb34",
    "gradient": "58c374fbc03eab01d7423cf8888185f1410a0c20be14044aa309678ec2e4216c"
  },
  "generation_seconds": 1.022520083002746,
  "kernel_check_required": true,
  "heartbeats": "default",
  "compiler_threads": 1,
  "core_memory_limit_mib": 2048,
  "assembled_memory_limit_mib": 3072
}
