{
  "format": "THOMSON_UNTRUSTED_MERGED_GROUP_V1",
  "root": 3356815,
  "selection": "/Users/archiebrowne/source/Thomson/Thomson/GlobalCertificates/Production/selections/Node3356815.json",
  "selection_sha256": "0f8a9be0a394dfa0567d7ad7fbbdaeda67ada3a8fa116f3af93ba6ad1efef592",
  "binary": "/Users/archiebrowne/source/Thomson/.lake/global-cover/search.bin",
  "binary_sha256": "6626a818d355868776501e252bbdafb97029a5a9ebe31122f3509e3e359020a4",
  "output_prefix": "Thomson.GlobalCertificates.Production.Node3356815",
  "module": "Thomson.GlobalCertificates.Production.Node3356815.Assembled",
  "namespace": "Thomson.Five.GlobalCertificates.Production.Node3356815.Assembled",
  "core": {
    "module": "Thomson.GlobalCertificates.Production.Node3356815.Core",
    "source": "Thomson/GlobalCertificates/Production/Node3356815/Core.lean",
    "source_sha256": "db9f9d9abed39efc04f6f9c88cbac25df992faf07675050077a9921107e5bc35",
    "source_bytes": 940310
  },
  "assembled": {
    "module": "Thomson.GlobalCertificates.Production.Node3356815.Assembled",
    "source": "Thomson/GlobalCertificates/Production/Node3356815/Assembled.lean",
    "source_sha256": "669aa49145c254ed52c224fde36ec4b583a22c1b9638eee03be094c4734ea633",
    "source_bytes": 272479
  },
  "core_source": "Thomson/GlobalCertificates/Production/Node3356815/Core.lean",
  "assembled_source": "Thomson/GlobalCertificates/Production/Node3356815/Assembled.lean",
  "core_module": "Thomson.GlobalCertificates.Production.Node3356815.Core",
  "assembled_module": "Thomson.GlobalCertificates.Production.Node3356815.Assembled",
  "boundary_modules": [],
  "nodes": 153,
  "leaf_kinds": {
    "0": 76,
    "3": 70,
    "6": 5,
    "8": 2
  },
  "families": {
    "contraction": {
      "nodes": 153,
      "actual": 0,
      "rounds": 0,
      "actions": 0
    }
  },
  "reference_topology_sha256": {
    "vertex": "09629aa6d88e3007946041ee5bb5e7fe743b3242efca3b1b8ea02df65fe0eb34",
    "gradient": "58c374fbc03eab01d7423cf8888185f1410a0c20be14044aa309678ec2e4216c",
    "pair": "65dfe5f05c0cab641b03d13ff573dc6bfa3f1d0fef0ed66dcd91cede0438a8ce"
  },
  "generation_seconds": 0.15091566601768136,
  "kernel_check_required": true,
  "heartbeats": "default",
  "compiler_threads": 1,
  "core_memory_limit_mib": 2048,
  "assembled_memory_limit_mib": 3072
}
