{
  "format": "THOMSON_UNTRUSTED_MERGED_GROUP_V1",
  "root": 3359239,
  "selection": "/Users/archiebrowne/source/Thomson/Thomson/GlobalCertificates/Production/selections/Node3359239.json",
  "selection_sha256": "dddf0c1ef289b5fd21122474d22c77701dbd84ccc10a3f1cc2ea8d8d342814db",
  "binary": "/Users/archiebrowne/source/Thomson/.lake/global-cover/search.bin",
  "binary_sha256": "6626a818d355868776501e252bbdafb97029a5a9ebe31122f3509e3e359020a4",
  "output_prefix": "Thomson.GlobalCertificates.Production.Node3359239",
  "module": "Thomson.GlobalCertificates.Production.Node3359239.Assembled",
  "namespace": "Thomson.Five.GlobalCertificates.Production.Node3359239.Assembled",
  "core": {
    "module": "Thomson.GlobalCertificates.Production.Node3359239.Core",
    "source": "Thomson/GlobalCertificates/Production/Node3359239/Core.lean",
    "source_sha256": "69f9f5d8d9287491c85689f8c4f599901af1d2776d515424c7de0f5e899f462f",
    "source_bytes": 196249
  },
  "assembled": {
    "module": "Thomson.GlobalCertificates.Production.Node3359239.Assembled",
    "source": "Thomson/GlobalCertificates/Production/Node3359239/Assembled.lean",
    "source_sha256": "8e6b1fb98a8555426cb00f92b5a9ecf644f3a05cbc3451216e5861ae3594533b",
    "source_bytes": 53780
  },
  "core_source": "Thomson/GlobalCertificates/Production/Node3359239/Core.lean",
  "assembled_source": "Thomson/GlobalCertificates/Production/Node3359239/Assembled.lean",
  "core_module": "Thomson.GlobalCertificates.Production.Node3359239.Core",
  "assembled_module": "Thomson.GlobalCertificates.Production.Node3359239.Assembled",
  "boundary_modules": [],
  "nodes": 29,
  "leaf_kinds": {
    "0": 14,
    "3": 15
  },
  "families": {
    "contraction": {
      "nodes": 29,
      "actual": 16,
      "rounds": 16,
      "actions": 28
    }
  },
  "reference_topology_sha256": {
    "pair": "65dfe5f05c0cab641b03d13ff573dc6bfa3f1d0fef0ed66dcd91cede0438a8ce"
  },
  "generation_seconds": 0.031174791045486927,
  "kernel_check_required": true,
  "heartbeats": "default",
  "compiler_threads": 1,
  "core_memory_limit_mib": 2048,
  "assembled_memory_limit_mib": 3072
}
