{
  "format": "THOMSON_UNTRUSTED_MERGED_GROUP_V1",
  "root": 3286065,
  "selection": "/Users/archiebrowne/source/Thomson/Thomson/GlobalCertificates/Production/selections/Node3286065.json",
  "selection_sha256": "b910858fb03587d9870013aed19aed153577e5222437e1e785eb094d5cdde526",
  "binary": "/Users/archiebrowne/source/Thomson/.lake/global-cover/search.bin",
  "binary_sha256": "6626a818d355868776501e252bbdafb97029a5a9ebe31122f3509e3e359020a4",
  "output_prefix": "Thomson.GlobalCertificates.Production.Node3286065",
  "module": "Thomson.GlobalCertificates.Production.Node3286065.Assembled",
  "namespace": "Thomson.Five.GlobalCertificates.Production.Node3286065.Assembled",
  "core": {
    "module": "Thomson.GlobalCertificates.Production.Node3286065.Core",
    "source": "Thomson/GlobalCertificates/Production/Node3286065/Core.lean",
    "source_sha256": "d69363cf0fe3f0d01ea45765603e011c6d532557e18cb72d4007bebb84aebbf5",
    "source_bytes": 1850492
  },
  "assembled": {
    "module": "Thomson.GlobalCertificates.Production.Node3286065.Assembled",
    "source": "Thomson/GlobalCertificates/Production/Node3286065/Assembled.lean",
    "source_sha256": "26405f63751093d514ba4025ca81e7ef6b1f342c0f3c222e335d9ba47662f81e",
    "source_bytes": 139646
  },
  "core_source": "Thomson/GlobalCertificates/Production/Node3286065/Core.lean",
  "assembled_source": "Thomson/GlobalCertificates/Production/Node3286065/Assembled.lean",
  "core_module": "Thomson.GlobalCertificates.Production.Node3286065.Core",
  "assembled_module": "Thomson.GlobalCertificates.Production.Node3286065.Assembled",
  "boundary_modules": [],
  "nodes": 79,
  "leaf_kinds": {
    "0": 39,
    "8": 40
  },
  "families": {
    "contraction": {
      "nodes": 79,
      "actual": 9,
      "rounds": 9,
      "actions": 12
    }
  },
  "reference_topology_sha256": {
    "vertex": "09629aa6d88e3007946041ee5bb5e7fe743b3242efca3b1b8ea02df65fe0eb34"
  },
  "generation_seconds": 0.4270175830461085,
  "kernel_check_required": true,
  "heartbeats": "default",
  "compiler_threads": 1,
  "core_memory_limit_mib": 2048,
  "assembled_memory_limit_mib": 3072
}
