{
  "format": "THOMSON_UNTRUSTED_MERGED_GROUP_V1",
  "root": 3317196,
  "selection": "/Users/archiebrowne/source/Thomson/Thomson/GlobalCertificates/Production/selections/Node3317196.json",
  "selection_sha256": "ef44ee19810bedd05d8b9b27211e57e77ad36565e0f786716548df5e53ffcca4",
  "binary": "/Users/archiebrowne/source/Thomson/.lake/global-cover/search.bin",
  "binary_sha256": "6626a818d355868776501e252bbdafb97029a5a9ebe31122f3509e3e359020a4",
  "output_prefix": "Thomson.GlobalCertificates.Production.Node3317196",
  "module": "Thomson.GlobalCertificates.Production.Node3317196.Assembled",
  "namespace": "Thomson.Five.GlobalCertificates.Production.Node3317196.Assembled",
  "core": {
    "module": "Thomson.GlobalCertificates.Production.Node3317196.Core",
    "source": "Thomson/GlobalCertificates/Production/Node3317196/Core.lean",
    "source_sha256": "fdac48b02338ff493af2ade09eacfe4288022745f7a098bbc2ea2b5d33d935fa",
    "source_bytes": 2651906
  },
  "assembled": {
    "module": "Thomson.GlobalCertificates.Production.Node3317196.Assembled",
    "source": "Thomson/GlobalCertificates/Production/Node3317196/Assembled.lean",
    "source_sha256": "cf6a8797c0ca8d6ad568556dd4e8ae4f5bc18a0b41148be8e99df7eb8e87ff66",
    "source_bytes": 363643
  },
  "core_source": "Thomson/GlobalCertificates/Production/Node3317196/Core.lean",
  "assembled_source": "Thomson/GlobalCertificates/Production/Node3317196/Assembled.lean",
  "core_module": "Thomson.GlobalCertificates.Production.Node3317196.Core",
  "assembled_module": "Thomson.GlobalCertificates.Production.Node3317196.Assembled",
  "boundary_modules": [],
  "nodes": 205,
  "leaf_kinds": {
    "0": 102,
    "3": 27,
    "6": 34,
    "8": 42
  },
  "families": {
    "contraction": {
      "nodes": 205,
      "actual": 9,
      "rounds": 9,
      "actions": 9
    }
  },
  "reference_topology_sha256": {
    "vertex": "09629aa6d88e3007946041ee5bb5e7fe743b3242efca3b1b8ea02df65fe0eb34",
    "gradient": "58c374fbc03eab01d7423cf8888185f1410a0c20be14044aa309678ec2e4216c",
    "pair": "65dfe5f05c0cab641b03d13ff573dc6bfa3f1d0fef0ed66dcd91cede0438a8ce"
  },
  "generation_seconds": 0.8105353330029175,
  "kernel_check_required": true,
  "heartbeats": "default",
  "compiler_threads": 1,
  "core_memory_limit_mib": 2048,
  "assembled_memory_limit_mib": 3072
}
