{
  "format": "THOMSON_UNTRUSTED_MERGED_GROUP_V1",
  "root": 3336711,
  "selection": "/Users/archiebrowne/source/Thomson/Thomson/GlobalCertificates/Production/selections/Node3336711.json",
  "selection_sha256": "c4a5458161411d558269dbf5a5bc788508b91da2668a19887f29a19504f956fd",
  "binary": "/Users/archiebrowne/source/Thomson/.lake/global-cover/search.bin",
  "binary_sha256": "6626a818d355868776501e252bbdafb97029a5a9ebe31122f3509e3e359020a4",
  "output_prefix": "Thomson.GlobalCertificates.Production.Node3336711",
  "module": "Thomson.GlobalCertificates.Production.Node3336711.Assembled",
  "namespace": "Thomson.Five.GlobalCertificates.Production.Node3336711.Assembled",
  "core": {
    "module": "Thomson.GlobalCertificates.Production.Node3336711.Core",
    "source": "Thomson/GlobalCertificates/Production/Node3336711/Core.lean",
    "source_sha256": "14e170f7cd473a023af07f70b04fd9d732e5a24d8451ae82da988ba1d8a3a534",
    "source_bytes": 776487
  },
  "assembled": {
    "module": "Thomson.GlobalCertificates.Production.Node3336711.Assembled",
    "source": "Thomson/GlobalCertificates/Production/Node3336711/Assembled.lean",
    "source_sha256": "7a1a72f60c2607d68e185ddbf6c98ed2d9e1a6e5d85d874bca0639f7cc75ef80",
    "source_bytes": 89956
  },
  "core_source": "Thomson/GlobalCertificates/Production/Node3336711/Core.lean",
  "assembled_source": "Thomson/GlobalCertificates/Production/Node3336711/Assembled.lean",
  "core_module": "Thomson.GlobalCertificates.Production.Node3336711.Core",
  "assembled_module": "Thomson.GlobalCertificates.Production.Node3336711.Assembled",
  "boundary_modules": [],
  "nodes": 49,
  "leaf_kinds": {
    "0": 24,
    "6": 11,
    "8": 14
  },
  "families": {
    "contraction": {
      "nodes": 49,
      "actual": 0,
      "rounds": 0,
      "actions": 0
    }
  },
  "reference_topology_sha256": {
    "vertex": "09629aa6d88e3007946041ee5bb5e7fe743b3242efca3b1b8ea02df65fe0eb34",
    "gradient": "58c374fbc03eab01d7423cf8888185f1410a0c20be14044aa309678ec2e4216c"
  },
  "generation_seconds": 0.15808949997881427,
  "kernel_check_required": true,
  "heartbeats": "default",
  "compiler_threads": 1,
  "core_memory_limit_mib": 2048,
  "assembled_memory_limit_mib": 3072
}
