{
  "format": "THOMSON_UNTRUSTED_MERGED_GROUP_V1",
  "root": 3355545,
  "selection": "/Users/archiebrowne/source/Thomson/Thomson/GlobalCertificates/Production/selections/Node3355545.json",
  "selection_sha256": "6dd4562855dda9870da54931aa67c8ce005b449d23304742b04e6196b1b399d0",
  "binary": "/Users/archiebrowne/source/Thomson/.lake/global-cover/search.bin",
  "binary_sha256": "6626a818d355868776501e252bbdafb97029a5a9ebe31122f3509e3e359020a4",
  "output_prefix": "Thomson.GlobalCertificates.Production.Node3355545",
  "module": "Thomson.GlobalCertificates.Production.Node3355545.Assembled",
  "namespace": "Thomson.Five.GlobalCertificates.Production.Node3355545.Assembled",
  "core": {
    "module": "Thomson.GlobalCertificates.Production.Node3355545.Core",
    "source": "Thomson/GlobalCertificates/Production/Node3355545/Core.lean",
    "source_sha256": "fa1daf4b8cdcbadb6b9a13d0a2c4f00c10c08962e79e496c8132ff3fdd9cb40a",
    "source_bytes": 1558820
  },
  "assembled": {
    "module": "Thomson.GlobalCertificates.Production.Node3355545.Assembled",
    "source": "Thomson/GlobalCertificates/Production/Node3355545/Assembled.lean",
    "source_sha256": "096dea1221ebff501e2e8a236dabc0c3c6e19d9e35cc7afa9e6b0c4d6e3ce369",
    "source_bytes": 280422
  },
  "core_source": "Thomson/GlobalCertificates/Production/Node3355545/Core.lean",
  "assembled_source": "Thomson/GlobalCertificates/Production/Node3355545/Assembled.lean",
  "core_module": "Thomson.GlobalCertificates.Production.Node3355545.Core",
  "assembled_module": "Thomson.GlobalCertificates.Production.Node3355545.Assembled",
  "boundary_modules": [],
  "nodes": 159,
  "leaf_kinds": {
    "0": 79,
    "3": 49,
    "6": 13,
    "8": 18
  },
  "families": {
    "contraction": {
      "nodes": 159,
      "actual": 10,
      "rounds": 10,
      "actions": 10
    }
  },
  "reference_topology_sha256": {
    "vertex": "09629aa6d88e3007946041ee5bb5e7fe743b3242efca3b1b8ea02df65fe0eb34",
    "gradient": "58c374fbc03eab01d7423cf8888185f1410a0c20be14044aa309678ec2e4216c",
    "pair": "65dfe5f05c0cab641b03d13ff573dc6bfa3f1d0fef0ed66dcd91cede0438a8ce"
  },
  "generation_seconds": 0.29185816703829914,
  "kernel_check_required": true,
  "heartbeats": "default",
  "compiler_threads": 1,
  "core_memory_limit_mib": 2048,
  "assembled_memory_limit_mib": 3072
}
