{
  "format": "THOMSON_UNTRUSTED_MERGED_GROUP_V1",
  "root": 3305546,
  "selection": "/Users/archiebrowne/source/Thomson/Thomson/GlobalCertificates/Production/selections/Node3305546.json",
  "selection_sha256": "eff7504238cd43a0a33cec382f5fc77fa5a47338fc780bd2ef14a5d95024c2fc",
  "binary": "/Users/archiebrowne/source/Thomson/.lake/global-cover/search.bin",
  "binary_sha256": "6626a818d355868776501e252bbdafb97029a5a9ebe31122f3509e3e359020a4",
  "output_prefix": "Thomson.GlobalCertificates.Production.Node3305546",
  "module": "Thomson.GlobalCertificates.Production.Node3305546.Assembled",
  "namespace": "Thomson.Five.GlobalCertificates.Production.Node3305546.Assembled",
  "core": {
    "module": "Thomson.GlobalCertificates.Production.Node3305546.Core",
    "source": "Thomson/GlobalCertificates/Production/Node3305546/Core.lean",
    "source_sha256": "38b510d8f777336ed9bcc3aa38efbf4bbff2366df3a69a1ce979041f7c6c27ff",
    "source_bytes": 2313406
  },
  "assembled": {
    "module": "Thomson.GlobalCertificates.Production.Node3305546.Assembled",
    "source": "Thomson/GlobalCertificates/Production/Node3305546/Assembled.lean",
    "source_sha256": "3b2d413527f8c7dec35aafe198226136f90cc1e98e18dee22209fa6b6bfb3a9f",
    "source_bytes": 202326
  },
  "core_source": "Thomson/GlobalCertificates/Production/Node3305546/Core.lean",
  "assembled_source": "Thomson/GlobalCertificates/Production/Node3305546/Assembled.lean",
  "core_module": "Thomson.GlobalCertificates.Production.Node3305546.Core",
  "assembled_module": "Thomson.GlobalCertificates.Production.Node3305546.Assembled",
  "boundary_modules": [],
  "nodes": 113,
  "leaf_kinds": {
    "0": 56,
    "6": 12,
    "8": 45
  },
  "families": {
    "contraction": {
      "nodes": 113,
      "actual": 51,
      "rounds": 54,
      "actions": 170
    }
  },
  "reference_topology_sha256": {
    "vertex": "09629aa6d88e3007946041ee5bb5e7fe743b3242efca3b1b8ea02df65fe0eb34",
    "gradient": "58c374fbc03eab01d7423cf8888185f1410a0c20be14044aa309678ec2e4216c"
  },
  "generation_seconds": 0.7034964580088854,
  "kernel_check_required": true,
  "heartbeats": "default",
  "compiler_threads": 1,
  "core_memory_limit_mib": 2048,
  "assembled_memory_limit_mib": 3072
}
