{
  "format": "THOMSON_UNTRUSTED_MERGED_GROUP_V1",
  "root": 3331449,
  "selection": "/Users/archiebrowne/source/Thomson/Thomson/GlobalCertificates/Production/selections/Node3331449.json",
  "selection_sha256": "00915bc07feaab48d6492602647bf5785ab1275d5f261babcd7e04d0a80f9be0",
  "binary": "/Users/archiebrowne/source/Thomson/.lake/global-cover/search.bin",
  "binary_sha256": "6626a818d355868776501e252bbdafb97029a5a9ebe31122f3509e3e359020a4",
  "output_prefix": "Thomson.GlobalCertificates.Production.Node3331449",
  "module": "Thomson.GlobalCertificates.Production.Node3331449.Assembled",
  "namespace": "Thomson.Five.GlobalCertificates.Production.Node3331449.Assembled",
  "core": {
    "module": "Thomson.GlobalCertificates.Production.Node3331449.Core",
    "source": "Thomson/GlobalCertificates/Production/Node3331449/Core.lean",
    "source_sha256": "88279b76dfb62bf7a85a11b8a0f96079d8e18e5ffef758e2351b9f5febcad90a",
    "source_bytes": 1203077
  },
  "assembled": {
    "module": "Thomson.GlobalCertificates.Production.Node3331449.Assembled",
    "source": "Thomson/GlobalCertificates/Production/Node3331449/Assembled.lean",
    "source_sha256": "7428a102067be4ba2b9222b2f24afc154a57635564eb6c464fa0ff47093737a7",
    "source_bytes": 230894
  },
  "core_source": "Thomson/GlobalCertificates/Production/Node3331449/Core.lean",
  "assembled_source": "Thomson/GlobalCertificates/Production/Node3331449/Assembled.lean",
  "core_module": "Thomson.GlobalCertificates.Production.Node3331449.Core",
  "assembled_module": "Thomson.GlobalCertificates.Production.Node3331449.Assembled",
  "boundary_modules": [],
  "nodes": 131,
  "leaf_kinds": {
    "0": 65,
    "3": 25,
    "6": 29,
    "8": 12
  },
  "families": {
    "contraction": {
      "nodes": 131,
      "actual": 22,
      "rounds": 22,
      "actions": 25
    }
  },
  "reference_topology_sha256": {
    "vertex": "09629aa6d88e3007946041ee5bb5e7fe743b3242efca3b1b8ea02df65fe0eb34",
    "gradient": "58c374fbc03eab01d7423cf8888185f1410a0c20be14044aa309678ec2e4216c",
    "pair": "65dfe5f05c0cab641b03d13ff573dc6bfa3f1d0fef0ed66dcd91cede0438a8ce"
  },
  "generation_seconds": 0.228188292006962,
  "kernel_check_required": true,
  "heartbeats": "default",
  "compiler_threads": 1,
  "core_memory_limit_mib": 2048,
  "assembled_memory_limit_mib": 3072
}
