{
  "format": "THOMSON_UNTRUSTED_MERGED_GROUP_V1",
  "root": 3363768,
  "selection": "/Users/archiebrowne/source/Thomson/Thomson/GlobalCertificates/Production/selections/Node3363768.json",
  "selection_sha256": "968b8b0593d6238ae0253464383027f8419e3247dc7c6457db38df5d7f03a3d1",
  "binary": "/Users/archiebrowne/source/Thomson/.lake/global-cover/search.bin",
  "binary_sha256": "6626a818d355868776501e252bbdafb97029a5a9ebe31122f3509e3e359020a4",
  "output_prefix": "Thomson.GlobalCertificates.Production.Node3363768",
  "module": "Thomson.GlobalCertificates.Production.Node3363768.Assembled",
  "namespace": "Thomson.Five.GlobalCertificates.Production.Node3363768.Assembled",
  "core": {
    "module": "Thomson.GlobalCertificates.Production.Node3363768.Core",
    "source": "Thomson/GlobalCertificates/Production/Node3363768/Core.lean",
    "source_sha256": "55180c0817053fc49f9324a3d3316c1cd82f7f257f135bae5485903d9c07c2b1",
    "source_bytes": 1564437
  },
  "assembled": {
    "module": "Thomson.GlobalCertificates.Production.Node3363768.Assembled",
    "source": "Thomson/GlobalCertificates/Production/Node3363768/Assembled.lean",
    "source_sha256": "7cfed10759a1a7561340f6bad500aaa6104de532bbc3b46e316ac58abac2d24c",
    "source_bytes": 115434
  },
  "core_source": "Thomson/GlobalCertificates/Production/Node3363768/Core.lean",
  "assembled_source": "Thomson/GlobalCertificates/Production/Node3363768/Assembled.lean",
  "core_module": "Thomson.GlobalCertificates.Production.Node3363768.Core",
  "assembled_module": "Thomson.GlobalCertificates.Production.Node3363768.Assembled",
  "boundary_modules": [],
  "nodes": 65,
  "leaf_kinds": {
    "0": 32,
    "6": 1,
    "8": 32
  },
  "families": {
    "contraction": {
      "nodes": 65,
      "actual": 41,
      "rounds": 41,
      "actions": 144
    }
  },
  "reference_topology_sha256": {
    "vertex": "09629aa6d88e3007946041ee5bb5e7fe743b3242efca3b1b8ea02df65fe0eb34",
    "gradient": "58c374fbc03eab01d7423cf8888185f1410a0c20be14044aa309678ec2e4216c"
  },
  "generation_seconds": 0.32931250002002344,
  "kernel_check_required": true,
  "heartbeats": "default",
  "compiler_threads": 1,
  "core_memory_limit_mib": 2048,
  "assembled_memory_limit_mib": 3072
}
