{
  "format": "THOMSON_UNTRUSTED_MERGED_GROUP_V1",
  "root": 3310247,
  "selection": "/Users/archiebrowne/source/Thomson/Thomson/GlobalCertificates/Production/selections/Node3310247.json",
  "selection_sha256": "94a4cbfbbe395a7d4c1ff54ead5a583bc5c81c11efd79417c688ad716eced7c6",
  "binary": "/Users/archiebrowne/source/Thomson/.lake/global-cover/search.bin",
  "binary_sha256": "6626a818d355868776501e252bbdafb97029a5a9ebe31122f3509e3e359020a4",
  "output_prefix": "Thomson.GlobalCertificates.Production.Node3310247",
  "module": "Thomson.GlobalCertificates.Production.Node3310247.Assembled",
  "namespace": "Thomson.Five.GlobalCertificates.Production.Node3310247.Assembled",
  "core": {
    "module": "Thomson.GlobalCertificates.Production.Node3310247.Core",
    "source": "Thomson/GlobalCertificates/Production/Node3310247/Core.lean",
    "source_sha256": "89e2f6c428bd2dbad95012ba2f6ebdd92fd4fd4fe012b48e249b01b0599405a2",
    "source_bytes": 732791
  },
  "assembled": {
    "module": "Thomson.GlobalCertificates.Production.Node3310247.Assembled",
    "source": "Thomson/GlobalCertificates/Production/Node3310247/Assembled.lean",
    "source_sha256": "58de84737df10cb611092ff33883c05dd98fcbf862314757379326119482e868",
    "source_bytes": 184451
  },
  "core_source": "Thomson/GlobalCertificates/Production/Node3310247/Core.lean",
  "assembled_source": "Thomson/GlobalCertificates/Production/Node3310247/Assembled.lean",
  "core_module": "Thomson.GlobalCertificates.Production.Node3310247.Core",
  "assembled_module": "Thomson.GlobalCertificates.Production.Node3310247.Assembled",
  "boundary_modules": [],
  "nodes": 101,
  "leaf_kinds": {
    "0": 50,
    "3": 46,
    "6": 1,
    "8": 4
  },
  "families": {
    "contraction": {
      "nodes": 101,
      "actual": 6,
      "rounds": 6,
      "actions": 6
    }
  },
  "reference_topology_sha256": {
    "vertex": "09629aa6d88e3007946041ee5bb5e7fe743b3242efca3b1b8ea02df65fe0eb34",
    "gradient": "58c374fbc03eab01d7423cf8888185f1410a0c20be14044aa309678ec2e4216c",
    "pair": "65dfe5f05c0cab641b03d13ff573dc6bfa3f1d0fef0ed66dcd91cede0438a8ce"
  },
  "generation_seconds": 0.21328874997561797,
  "kernel_check_required": true,
  "heartbeats": "default",
  "compiler_threads": 1,
  "core_memory_limit_mib": 2048,
  "assembled_memory_limit_mib": 3072
}
