{
  "format": "THOMSON_UNTRUSTED_MERGED_GROUP_V1",
  "root": 3327927,
  "selection": "/Users/archiebrowne/source/Thomson/Thomson/GlobalCertificates/Production/selections/Node3327927.json",
  "selection_sha256": "515b98c014d7b039bdf2c13e2b6e310607653234419176c08f07d82a55d9082c",
  "binary": "/Users/archiebrowne/source/Thomson/.lake/global-cover/search.bin",
  "binary_sha256": "6626a818d355868776501e252bbdafb97029a5a9ebe31122f3509e3e359020a4",
  "output_prefix": "Thomson.GlobalCertificates.Production.Node3327927",
  "module": "Thomson.GlobalCertificates.Production.Node3327927.Assembled",
  "namespace": "Thomson.Five.GlobalCertificates.Production.Node3327927.Assembled",
  "core": {
    "module": "Thomson.GlobalCertificates.Production.Node3327927.Core",
    "source": "Thomson/GlobalCertificates/Production/Node3327927/Core.lean",
    "source_sha256": "c12ab8205ab4d0d6836f0817104f16976e1248d800efcf12ac4bce828d94aa3d",
    "source_bytes": 4378921
  },
  "assembled": {
    "module": "Thomson.GlobalCertificates.Production.Node3327927.Assembled",
    "source": "Thomson/GlobalCertificates/Production/Node3327927/Assembled.lean",
    "source_sha256": "c433e56c9c35f06e33b22b731569c1b053d3fb2c55c176412925693434127a75",
    "source_bytes": 422521
  },
  "core_source": "Thomson/GlobalCertificates/Production/Node3327927/Core.lean",
  "assembled_source": "Thomson/GlobalCertificates/Production/Node3327927/Assembled.lean",
  "core_module": "Thomson.GlobalCertificates.Production.Node3327927.Core",
  "assembled_module": "Thomson.GlobalCertificates.Production.Node3327927.Assembled",
  "boundary_modules": [],
  "nodes": 239,
  "leaf_kinds": {
    "0": 119,
    "3": 20,
    "6": 17,
    "8": 83
  },
  "families": {
    "contraction": {
      "nodes": 239,
      "actual": 68,
      "rounds": 68,
      "actions": 84
    }
  },
  "reference_topology_sha256": {
    "vertex": "09629aa6d88e3007946041ee5bb5e7fe743b3242efca3b1b8ea02df65fe0eb34",
    "gradient": "58c374fbc03eab01d7423cf8888185f1410a0c20be14044aa309678ec2e4216c",
    "pair": "65dfe5f05c0cab641b03d13ff573dc6bfa3f1d0fef0ed66dcd91cede0438a8ce"
  },
  "generation_seconds": 1.495012208004482,
  "kernel_check_required": true,
  "heartbeats": "default",
  "compiler_threads": 1,
  "core_memory_limit_mib": 2048,
  "assembled_memory_limit_mib": 3072
}
