{
  "format": "THOMSON_UNTRUSTED_MERGED_GROUP_V1",
  "root": 3287713,
  "selection": "/Users/archiebrowne/source/Thomson/Thomson/GlobalCertificates/Production/selections/Node3287713.json",
  "selection_sha256": "88ba962f7c65fc080e8f7ff19319cdfb9b1ba6fa74b5d0e6f71a0b4fee32b087",
  "binary": "/Users/archiebrowne/source/Thomson/.lake/global-cover/search.bin",
  "binary_sha256": "6626a818d355868776501e252bbdafb97029a5a9ebe31122f3509e3e359020a4",
  "output_prefix": "Thomson.GlobalCertificates.Production.Node3287713",
  "module": "Thomson.GlobalCertificates.Production.Node3287713.Assembled",
  "namespace": "Thomson.Five.GlobalCertificates.Production.Node3287713.Assembled",
  "core": {
    "module": "Thomson.GlobalCertificates.Production.Node3287713.Core",
    "source": "Thomson/GlobalCertificates/Production/Node3287713/Core.lean",
    "source_sha256": "4a992c53426e7b0c5be0486c1815147cc5b29567ee7a0ac871f2a314c8b448c4",
    "source_bytes": 3962153
  },
  "assembled": {
    "module": "Thomson.GlobalCertificates.Production.Node3287713.Assembled",
    "source": "Thomson/GlobalCertificates/Production/Node3287713/Assembled.lean",
    "source_sha256": "e6e13e9b9f021e67b43757bfe216ffc11ff821242b06e17fe15f4e06c9fac5da",
    "source_bytes": 314943
  },
  "core_source": "Thomson/GlobalCertificates/Production/Node3287713/Core.lean",
  "assembled_source": "Thomson/GlobalCertificates/Production/Node3287713/Assembled.lean",
  "core_module": "Thomson.GlobalCertificates.Production.Node3287713.Core",
  "assembled_module": "Thomson.GlobalCertificates.Production.Node3287713.Assembled",
  "boundary_modules": [],
  "nodes": 181,
  "leaf_kinds": {
    "0": 90,
    "6": 8,
    "8": 83
  },
  "families": {
    "contraction": {
      "nodes": 181,
      "actual": 36,
      "rounds": 36,
      "actions": 41
    }
  },
  "reference_topology_sha256": {
    "vertex": "09629aa6d88e3007946041ee5bb5e7fe743b3242efca3b1b8ea02df65fe0eb34",
    "gradient": "58c374fbc03eab01d7423cf8888185f1410a0c20be14044aa309678ec2e4216c"
  },
  "generation_seconds": 0.9767986249644309,
  "kernel_check_required": true,
  "heartbeats": "default",
  "compiler_threads": 1,
  "core_memory_limit_mib": 2048,
  "assembled_memory_limit_mib": 3072
}
