{
  "format": "THOMSON_UNTRUSTED_MERGED_GROUP_V1",
  "root": 3365231,
  "selection": "/Users/archiebrowne/source/Thomson/Thomson/GlobalCertificates/Production/selections/Node3365231.json",
  "selection_sha256": "17c7bba19ff6f2c37b034b6fb0b907103c76131d8229c6f9cbaefc9b1ff09c04",
  "binary": "/Users/archiebrowne/source/Thomson/.lake/global-cover/search.bin",
  "binary_sha256": "6626a818d355868776501e252bbdafb97029a5a9ebe31122f3509e3e359020a4",
  "output_prefix": "Thomson.GlobalCertificates.Production.Node3365231",
  "module": "Thomson.GlobalCertificates.Production.Node3365231.Assembled",
  "namespace": "Thomson.Five.GlobalCertificates.Production.Node3365231.Assembled",
  "core": {
    "module": "Thomson.GlobalCertificates.Production.Node3365231.Core",
    "source": "Thomson/GlobalCertificates/Production/Node3365231/Core.lean",
    "source_sha256": "f5bc212877944106097c759137f169772ed6475856a73386864024714f86744a",
    "source_bytes": 2535392
  },
  "assembled": {
    "module": "Thomson.GlobalCertificates.Production.Node3365231.Assembled",
    "source": "Thomson/GlobalCertificates/Production/Node3365231/Assembled.lean",
    "source_sha256": "c81657aceb2a8c21800dae1286806eebb04f848eee29b1bad64244b283af903a",
    "source_bytes": 245803
  },
  "core_source": "Thomson/GlobalCertificates/Production/Node3365231/Core.lean",
  "assembled_source": "Thomson/GlobalCertificates/Production/Node3365231/Assembled.lean",
  "core_module": "Thomson.GlobalCertificates.Production.Node3365231.Core",
  "assembled_module": "Thomson.GlobalCertificates.Production.Node3365231.Assembled",
  "boundary_modules": [],
  "nodes": 137,
  "leaf_kinds": {
    "0": 68,
    "3": 9,
    "6": 11,
    "8": 49
  },
  "families": {
    "contraction": {
      "nodes": 137,
      "actual": 8,
      "rounds": 8,
      "actions": 8
    }
  },
  "reference_topology_sha256": {
    "vertex": "09629aa6d88e3007946041ee5bb5e7fe743b3242efca3b1b8ea02df65fe0eb34",
    "gradient": "58c374fbc03eab01d7423cf8888185f1410a0c20be14044aa309678ec2e4216c",
    "pair": "65dfe5f05c0cab641b03d13ff573dc6bfa3f1d0fef0ed66dcd91cede0438a8ce"
  },
  "generation_seconds": 0.5100031250040047,
  "kernel_check_required": true,
  "heartbeats": "default",
  "compiler_threads": 1,
  "core_memory_limit_mib": 2048,
  "assembled_memory_limit_mib": 3072
}
