{
  "format": "THOMSON_UNTRUSTED_MERGED_GROUP_V1",
  "root": 3369017,
  "selection": "/Users/archiebrowne/source/Thomson/Thomson/GlobalCertificates/Production/selections/Node3369017.json",
  "selection_sha256": "707f34c7e2184a35494789e78363a145116093996d032d13dac916f6a3b7a370",
  "binary": "/Users/archiebrowne/source/Thomson/.lake/global-cover/search.bin",
  "binary_sha256": "6626a818d355868776501e252bbdafb97029a5a9ebe31122f3509e3e359020a4",
  "output_prefix": "Thomson.GlobalCertificates.Production.Node3369017",
  "module": "Thomson.GlobalCertificates.Production.Node3369017.Assembled",
  "namespace": "Thomson.Five.GlobalCertificates.Production.Node3369017.Assembled",
  "core": {
    "module": "Thomson.GlobalCertificates.Production.Node3369017.Core",
    "source": "Thomson/GlobalCertificates/Production/Node3369017/Core.lean",
    "source_sha256": "2562cd45da8da3e01cbf81313b8ac993b38f8c94661232a0f9a2215f7edfc21c",
    "source_bytes": 3042244
  },
  "assembled": {
    "module": "Thomson.GlobalCertificates.Production.Node3369017.Assembled",
    "source": "Thomson/GlobalCertificates/Production/Node3369017/Assembled.lean",
    "source_sha256": "a85f218c77a3c493569f1dd638644d29c2472f5714f0e298600311457465ea3c",
    "source_bytes": 308975
  },
  "core_source": "Thomson/GlobalCertificates/Production/Node3369017/Core.lean",
  "assembled_source": "Thomson/GlobalCertificates/Production/Node3369017/Assembled.lean",
  "core_module": "Thomson.GlobalCertificates.Production.Node3369017.Core",
  "assembled_module": "Thomson.GlobalCertificates.Production.Node3369017.Assembled",
  "boundary_modules": [],
  "nodes": 171,
  "leaf_kinds": {
    "0": 85,
    "3": 16,
    "6": 14,
    "8": 56
  },
  "families": {
    "contraction": {
      "nodes": 171,
      "actual": 38,
      "rounds": 38,
      "actions": 64
    }
  },
  "reference_topology_sha256": {
    "vertex": "09629aa6d88e3007946041ee5bb5e7fe743b3242efca3b1b8ea02df65fe0eb34",
    "gradient": "58c374fbc03eab01d7423cf8888185f1410a0c20be14044aa309678ec2e4216c",
    "pair": "65dfe5f05c0cab641b03d13ff573dc6bfa3f1d0fef0ed66dcd91cede0438a8ce"
  },
  "generation_seconds": 0.595153666974511,
  "kernel_check_required": true,
  "heartbeats": "default",
  "compiler_threads": 1,
  "core_memory_limit_mib": 2048,
  "assembled_memory_limit_mib": 3072
}
