{
  "format": "THOMSON_UNTRUSTED_MERGED_GROUP_V1",
  "root": 3362405,
  "selection": "/Users/archiebrowne/source/Thomson/Thomson/GlobalCertificates/Production/selections/Node3362405.json",
  "selection_sha256": "0ead2441cabee540102253501a63363a81055e414714f942f6c35c86ee7a8b2d",
  "binary": "/Users/archiebrowne/source/Thomson/.lake/global-cover/search.bin",
  "binary_sha256": "6626a818d355868776501e252bbdafb97029a5a9ebe31122f3509e3e359020a4",
  "output_prefix": "Thomson.GlobalCertificates.Production.Node3362405",
  "module": "Thomson.GlobalCertificates.Production.Node3362405.Assembled",
  "namespace": "Thomson.Five.GlobalCertificates.Production.Node3362405.Assembled",
  "core": {
    "module": "Thomson.GlobalCertificates.Production.Node3362405.Core",
    "source": "Thomson/GlobalCertificates/Production/Node3362405/Core.lean",
    "source_sha256": "d18d4f24e3cdc955770205e3ba43e205c91852b1c9ed003dd81e1fced55cf19b",
    "source_bytes": 705723
  },
  "assembled": {
    "module": "Thomson.GlobalCertificates.Production.Node3362405.Assembled",
    "source": "Thomson/GlobalCertificates/Production/Node3362405/Assembled.lean",
    "source_sha256": "93f098168a81916e56dd0e48ad7970d4e7ec7741ac789fc7f43ab8587438f392",
    "source_bytes": 170223
  },
  "core_source": "Thomson/GlobalCertificates/Production/Node3362405/Core.lean",
  "assembled_source": "Thomson/GlobalCertificates/Production/Node3362405/Assembled.lean",
  "core_module": "Thomson.GlobalCertificates.Production.Node3362405.Core",
  "assembled_module": "Thomson.GlobalCertificates.Production.Node3362405.Assembled",
  "boundary_modules": [],
  "nodes": 95,
  "leaf_kinds": {
    "0": 47,
    "3": 25,
    "6": 19,
    "8": 4
  },
  "families": {
    "contraction": {
      "nodes": 95,
      "actual": 12,
      "rounds": 12,
      "actions": 14
    }
  },
  "reference_topology_sha256": {
    "vertex": "09629aa6d88e3007946041ee5bb5e7fe743b3242efca3b1b8ea02df65fe0eb34",
    "gradient": "58c374fbc03eab01d7423cf8888185f1410a0c20be14044aa309678ec2e4216c",
    "pair": "65dfe5f05c0cab641b03d13ff573dc6bfa3f1d0fef0ed66dcd91cede0438a8ce"
  },
  "generation_seconds": 0.11925895803142339,
  "kernel_check_required": true,
  "heartbeats": "default",
  "compiler_threads": 1,
  "core_memory_limit_mib": 2048,
  "assembled_memory_limit_mib": 3072
}
