{
  "format": "THOMSON_UNTRUSTED_MERGED_GROUP_V1",
  "root": 3294370,
  "selection": "/Users/archiebrowne/source/Thomson/Thomson/GlobalCertificates/Production/selections/Node3294370.json",
  "selection_sha256": "1d42111c4581387e97ae96d447cfc679969e9b36c8ba14da88ddcd2882568459",
  "binary": "/Users/archiebrowne/source/Thomson/.lake/global-cover/search.bin",
  "binary_sha256": "6626a818d355868776501e252bbdafb97029a5a9ebe31122f3509e3e359020a4",
  "output_prefix": "Thomson.GlobalCertificates.Production.Node3294370",
  "module": "Thomson.GlobalCertificates.Production.Node3294370.Assembled",
  "namespace": "Thomson.Five.GlobalCertificates.Production.Node3294370.Assembled",
  "core": {
    "module": "Thomson.GlobalCertificates.Production.Node3294370.Core",
    "source": "Thomson/GlobalCertificates/Production/Node3294370/Core.lean",
    "source_sha256": "0b8bfe710d356d882cfc8b6c6a9c2fe3d87a2dddd49b08e77ad9ef3a2fa93702",
    "source_bytes": 2362452
  },
  "assembled": {
    "module": "Thomson.GlobalCertificates.Production.Node3294370.Assembled",
    "source": "Thomson/GlobalCertificates/Production/Node3294370/Assembled.lean",
    "source_sha256": "1d9441fe60a5f03edddd3705f318791581f368bbee3f7e59b4a4fc99cdd9cbd3",
    "source_bytes": 177841
  },
  "core_source": "Thomson/GlobalCertificates/Production/Node3294370/Core.lean",
  "assembled_source": "Thomson/GlobalCertificates/Production/Node3294370/Assembled.lean",
  "core_module": "Thomson.GlobalCertificates.Production.Node3294370.Core",
  "assembled_module": "Thomson.GlobalCertificates.Production.Node3294370.Assembled",
  "boundary_modules": [],
  "nodes": 101,
  "leaf_kinds": {
    "0": 50,
    "8": 51
  },
  "families": {
    "contraction": {
      "nodes": 101,
      "actual": 8,
      "rounds": 8,
      "actions": 8
    }
  },
  "reference_topology_sha256": {
    "vertex": "09629aa6d88e3007946041ee5bb5e7fe743b3242efca3b1b8ea02df65fe0eb34"
  },
  "generation_seconds": 0.5313254169886932,
  "kernel_check_required": true,
  "heartbeats": "default",
  "compiler_threads": 1,
  "core_memory_limit_mib": 2048,
  "assembled_memory_limit_mib": 3072
}
