{
  "format": "THOMSON_UNTRUSTED_MERGED_GROUP_V1",
  "root": 3322283,
  "selection": "/Users/archiebrowne/source/Thomson/Thomson/GlobalCertificates/Production/selections/Node3322283.json",
  "selection_sha256": "222a5a57b5f49c4ac5f2f3366637447008029d87a443b665d4cbc3ffc217be13",
  "binary": "/Users/archiebrowne/source/Thomson/.lake/global-cover/search.bin",
  "binary_sha256": "6626a818d355868776501e252bbdafb97029a5a9ebe31122f3509e3e359020a4",
  "output_prefix": "Thomson.GlobalCertificates.Production.Node3322283",
  "module": "Thomson.GlobalCertificates.Production.Node3322283.Assembled",
  "namespace": "Thomson.Five.GlobalCertificates.Production.Node3322283.Assembled",
  "core": {
    "module": "Thomson.GlobalCertificates.Production.Node3322283.Core",
    "source": "Thomson/GlobalCertificates/Production/Node3322283/Core.lean",
    "source_sha256": "1a1ab2d5fe1a4da85c310c2cc086edb15cd6641108a56afe567089c32cfa898b",
    "source_bytes": 1163582
  },
  "assembled": {
    "module": "Thomson.GlobalCertificates.Production.Node3322283.Assembled",
    "source": "Thomson/GlobalCertificates/Production/Node3322283/Assembled.lean",
    "source_sha256": "f520cb360bfb8359a14d7b2eb62efaae9784b67e921e681993ac3ee025ca0a9e",
    "source_bytes": 244814
  },
  "core_source": "Thomson/GlobalCertificates/Production/Node3322283/Core.lean",
  "assembled_source": "Thomson/GlobalCertificates/Production/Node3322283/Assembled.lean",
  "core_module": "Thomson.GlobalCertificates.Production.Node3322283.Core",
  "assembled_module": "Thomson.GlobalCertificates.Production.Node3322283.Assembled",
  "boundary_modules": [],
  "nodes": 137,
  "leaf_kinds": {
    "0": 68,
    "3": 55,
    "6": 4,
    "8": 10
  },
  "families": {
    "contraction": {
      "nodes": 137,
      "actual": 19,
      "rounds": 20,
      "actions": 22
    }
  },
  "reference_topology_sha256": {
    "vertex": "09629aa6d88e3007946041ee5bb5e7fe743b3242efca3b1b8ea02df65fe0eb34",
    "gradient": "58c374fbc03eab01d7423cf8888185f1410a0c20be14044aa309678ec2e4216c",
    "pair": "65dfe5f05c0cab641b03d13ff573dc6bfa3f1d0fef0ed66dcd91cede0438a8ce"
  },
  "generation_seconds": 0.2620301250135526,
  "kernel_check_required": true,
  "heartbeats": "default",
  "compiler_threads": 1,
  "core_memory_limit_mib": 2048,
  "assembled_memory_limit_mib": 3072
}
