{
  "format": "THOMSON_UNTRUSTED_MERGED_GROUP_V1",
  "root": 3306989,
  "selection": "/Users/archiebrowne/source/Thomson/Thomson/GlobalCertificates/Production/selections/Node3306989.json",
  "selection_sha256": "a0db708f119e46275e2930a9a113466720822f5b9edf579e5a3f7771f9bbeae9",
  "binary": "/Users/archiebrowne/source/Thomson/.lake/global-cover/search.bin",
  "binary_sha256": "6626a818d355868776501e252bbdafb97029a5a9ebe31122f3509e3e359020a4",
  "output_prefix": "Thomson.GlobalCertificates.Production.Node3306989",
  "module": "Thomson.GlobalCertificates.Production.Node3306989.Assembled",
  "namespace": "Thomson.Five.GlobalCertificates.Production.Node3306989.Assembled",
  "core": {
    "module": "Thomson.GlobalCertificates.Production.Node3306989.Core",
    "source": "Thomson/GlobalCertificates/Production/Node3306989/Core.lean",
    "source_sha256": "d81e64fa9ef1306c2f99e150abc0fe62008391f52d57a3515d99e41090f62d3d",
    "source_bytes": 2527215
  },
  "assembled": {
    "module": "Thomson.GlobalCertificates.Production.Node3306989.Assembled",
    "source": "Thomson/GlobalCertificates/Production/Node3306989/Assembled.lean",
    "source_sha256": "dd4bdd0f731735e82f5643934a817dbf6ef1438aeffb9a984dc16b04504e2ff4",
    "source_bytes": 393663
  },
  "core_source": "Thomson/GlobalCertificates/Production/Node3306989/Core.lean",
  "assembled_source": "Thomson/GlobalCertificates/Production/Node3306989/Assembled.lean",
  "core_module": "Thomson.GlobalCertificates.Production.Node3306989.Core",
  "assembled_module": "Thomson.GlobalCertificates.Production.Node3306989.Assembled",
  "boundary_modules": [],
  "nodes": 221,
  "leaf_kinds": {
    "0": 110,
    "3": 46,
    "6": 30,
    "8": 35
  },
  "families": {
    "contraction": {
      "nodes": 221,
      "actual": 17,
      "rounds": 18,
      "actions": 18
    }
  },
  "reference_topology_sha256": {
    "vertex": "09629aa6d88e3007946041ee5bb5e7fe743b3242efca3b1b8ea02df65fe0eb34",
    "gradient": "58c374fbc03eab01d7423cf8888185f1410a0c20be14044aa309678ec2e4216c",
    "pair": "65dfe5f05c0cab641b03d13ff573dc6bfa3f1d0fef0ed66dcd91cede0438a8ce"
  },
  "generation_seconds": 0.5950665000127628,
  "kernel_check_required": true,
  "heartbeats": "default",
  "compiler_threads": 1,
  "core_memory_limit_mib": 2048,
  "assembled_memory_limit_mib": 3072
}
