{
  "format": "THOMSON_UNTRUSTED_MERGED_GROUP_V1",
  "root": 3280197,
  "selection": "/Users/archiebrowne/source/Thomson/Thomson/GlobalCertificates/Production/selections/Node3280197.json",
  "selection_sha256": "c4f81c09ad3cfcabb969ad4b72f0c0fa227c2c9a2fbb30ba79b68cfff2520df6",
  "binary": "/Users/archiebrowne/source/Thomson/.lake/global-cover/search.bin",
  "binary_sha256": "6626a818d355868776501e252bbdafb97029a5a9ebe31122f3509e3e359020a4",
  "output_prefix": "Thomson.GlobalCertificates.Production.Node3280197",
  "module": "Thomson.GlobalCertificates.Production.Node3280197.Assembled",
  "namespace": "Thomson.Five.GlobalCertificates.Production.Node3280197.Assembled",
  "core": {
    "module": "Thomson.GlobalCertificates.Production.Node3280197.Core",
    "source": "Thomson/GlobalCertificates/Production/Node3280197/Core.lean",
    "source_sha256": "074f8b4a1872f35f51604d1756ca30909ed40fe052da20ff3149134245b459c9",
    "source_bytes": 705208
  },
  "assembled": {
    "module": "Thomson.GlobalCertificates.Production.Node3280197.Assembled",
    "source": "Thomson/GlobalCertificates/Production/Node3280197/Assembled.lean",
    "source_sha256": "e6a636f4605b3c80bf521e727803f6e8cba89b44f254120365b6354f013c9200",
    "source_bytes": 63045
  },
  "core_source": "Thomson/GlobalCertificates/Production/Node3280197/Core.lean",
  "assembled_source": "Thomson/GlobalCertificates/Production/Node3280197/Assembled.lean",
  "core_module": "Thomson.GlobalCertificates.Production.Node3280197.Core",
  "assembled_module": "Thomson.GlobalCertificates.Production.Node3280197.Assembled",
  "boundary_modules": [],
  "nodes": 35,
  "leaf_kinds": {
    "0": 17,
    "2": 3,
    "8": 15
  },
  "families": {
    "contraction": {
      "nodes": 35,
      "actual": 3,
      "rounds": 3,
      "actions": 3
    },
    "rejection": {
      "leaves": 3,
      "rounds": 0,
      "actions": 0
    }
  },
  "reference_topology_sha256": {
    "vertex": "09629aa6d88e3007946041ee5bb5e7fe743b3242efca3b1b8ea02df65fe0eb34"
  },
  "generation_seconds": 0.14586699998471886,
  "kernel_check_required": true,
  "heartbeats": "default",
  "compiler_threads": 1,
  "core_memory_limit_mib": 2048,
  "assembled_memory_limit_mib": 3072
}
