{
  "format": "THOMSON_UNTRUSTED_MERGED_GROUP_V1",
  "root": 3319237,
  "selection": "/Users/archiebrowne/source/Thomson/Thomson/GlobalCertificates/Production/selections/Node3319237.json",
  "selection_sha256": "d461df3e640cba6840014f98b6649b1e8ea62fc10bb783f7e175231642062f4d",
  "binary": "/Users/archiebrowne/source/Thomson/.lake/global-cover/search.bin",
  "binary_sha256": "6626a818d355868776501e252bbdafb97029a5a9ebe31122f3509e3e359020a4",
  "output_prefix": "Thomson.GlobalCertificates.Production.Node3319237",
  "module": "Thomson.GlobalCertificates.Production.Node3319237.Assembled",
  "namespace": "Thomson.Five.GlobalCertificates.Production.Node3319237.Assembled",
  "core": {
    "module": "Thomson.GlobalCertificates.Production.Node3319237.Core",
    "source": "Thomson/GlobalCertificates/Production/Node3319237/Core.lean",
    "source_sha256": "7ea0c114fadd6fdad7a5f72ac9b91d9f0c7f269202687c0ba33dfd6b2c83ad0b",
    "source_bytes": 1556545
  },
  "assembled": {
    "module": "Thomson.GlobalCertificates.Production.Node3319237.Assembled",
    "source": "Thomson/GlobalCertificates/Production/Node3319237/Assembled.lean",
    "source_sha256": "839c1762d725ceea067e1f50991c508827f88d5ce3f03ec0224c61e395e8489c",
    "source_bytes": 282215
  },
  "core_source": "Thomson/GlobalCertificates/Production/Node3319237/Core.lean",
  "assembled_source": "Thomson/GlobalCertificates/Production/Node3319237/Assembled.lean",
  "core_module": "Thomson.GlobalCertificates.Production.Node3319237.Core",
  "assembled_module": "Thomson.GlobalCertificates.Production.Node3319237.Assembled",
  "boundary_modules": [],
  "nodes": 157,
  "leaf_kinds": {
    "0": 78,
    "3": 30,
    "6": 31,
    "8": 18
  },
  "families": {
    "contraction": {
      "nodes": 157,
      "actual": 18,
      "rounds": 18,
      "actions": 22
    }
  },
  "reference_topology_sha256": {
    "vertex": "09629aa6d88e3007946041ee5bb5e7fe743b3242efca3b1b8ea02df65fe0eb34",
    "gradient": "58c374fbc03eab01d7423cf8888185f1410a0c20be14044aa309678ec2e4216c",
    "pair": "65dfe5f05c0cab641b03d13ff573dc6bfa3f1d0fef0ed66dcd91cede0438a8ce"
  },
  "generation_seconds": 0.3610596669605002,
  "kernel_check_required": true,
  "heartbeats": "default",
  "compiler_threads": 1,
  "core_memory_limit_mib": 2048,
  "assembled_memory_limit_mib": 3072
}
