{
  "format": "THOMSON_UNTRUSTED_MERGED_GROUP_V1",
  "root": 3286071,
  "selection": "/Users/archiebrowne/source/Thomson/Thomson/GlobalCertificates/Production/selections/Node3286071.json",
  "selection_sha256": "b64b996030784b7dcdc3d4e8c5cb1a5709f6a2ce6e3cb1cf6b63c4d906b297f6",
  "binary": "/Users/archiebrowne/source/Thomson/.lake/global-cover/search.bin",
  "binary_sha256": "6626a818d355868776501e252bbdafb97029a5a9ebe31122f3509e3e359020a4",
  "output_prefix": "Thomson.GlobalCertificates.Production.Node3286071",
  "module": "Thomson.GlobalCertificates.Production.Node3286071.Assembled",
  "namespace": "Thomson.Five.GlobalCertificates.Production.Node3286071.Assembled",
  "core": {
    "module": "Thomson.GlobalCertificates.Production.Node3286071.Core",
    "source": "Thomson/GlobalCertificates/Production/Node3286071/Core.lean",
    "source_sha256": "a5943d443ed403e0c2e3a6de3de7fe8d1b380feed1af8483328692894f3685e0",
    "source_bytes": 3621376
  },
  "assembled": {
    "module": "Thomson.GlobalCertificates.Production.Node3286071.Assembled",
    "source": "Thomson/GlobalCertificates/Production/Node3286071/Assembled.lean",
    "source_sha256": "549fd95d8ed023ece28161861bf316c04356e815615bf952e0572939dba28d37",
    "source_bytes": 276312
  },
  "core_source": "Thomson/GlobalCertificates/Production/Node3286071/Core.lean",
  "assembled_source": "Thomson/GlobalCertificates/Production/Node3286071/Assembled.lean",
  "core_module": "Thomson.GlobalCertificates.Production.Node3286071.Core",
  "assembled_module": "Thomson.GlobalCertificates.Production.Node3286071.Assembled",
  "boundary_modules": [],
  "nodes": 159,
  "leaf_kinds": {
    "0": 79,
    "2": 2,
    "8": 78
  },
  "families": {
    "contraction": {
      "nodes": 159,
      "actual": 20,
      "rounds": 20,
      "actions": 25
    },
    "rejection": {
      "leaves": 2,
      "rounds": 0,
      "actions": 0
    }
  },
  "reference_topology_sha256": {
    "vertex": "09629aa6d88e3007946041ee5bb5e7fe743b3242efca3b1b8ea02df65fe0eb34"
  },
  "generation_seconds": 1.0111692079808563,
  "kernel_check_required": true,
  "heartbeats": "default",
  "compiler_threads": 1,
  "core_memory_limit_mib": 2048,
  "assembled_memory_limit_mib": 3072
}
