{
  "format": "THOMSON_UNTRUSTED_MERGED_GROUP_V1",
  "root": 3299026,
  "selection": "/Users/archiebrowne/source/Thomson/Thomson/GlobalCertificates/Production/selections/Node3299026.json",
  "selection_sha256": "200172bda18499a5448d6b4935f7dd0e8c55fd9180c46a5b5610c4f7a38bc9c0",
  "binary": "/Users/archiebrowne/source/Thomson/.lake/global-cover/search.bin",
  "binary_sha256": "6626a818d355868776501e252bbdafb97029a5a9ebe31122f3509e3e359020a4",
  "output_prefix": "Thomson.GlobalCertificates.Production.Node3299026",
  "module": "Thomson.GlobalCertificates.Production.Node3299026.Assembled",
  "namespace": "Thomson.Five.GlobalCertificates.Production.Node3299026.Assembled",
  "core": {
    "module": "Thomson.GlobalCertificates.Production.Node3299026.Core",
    "source": "Thomson/GlobalCertificates/Production/Node3299026/Core.lean",
    "source_sha256": "1b27b9c8a424d15612d37e6a799a98eb7f34008b0140036e7e5c461603689f8c",
    "source_bytes": 5325323
  },
  "assembled": {
    "module": "Thomson.GlobalCertificates.Production.Node3299026.Assembled",
    "source": "Thomson/GlobalCertificates/Production/Node3299026/Assembled.lean",
    "source_sha256": "8859d0c9b14348d11ca386df13b107d107730b49e32716f01f4554e94bf1b055",
    "source_bytes": 411268
  },
  "core_source": "Thomson/GlobalCertificates/Production/Node3299026/Core.lean",
  "assembled_source": "Thomson/GlobalCertificates/Production/Node3299026/Assembled.lean",
  "core_module": "Thomson.GlobalCertificates.Production.Node3299026.Core",
  "assembled_module": "Thomson.GlobalCertificates.Production.Node3299026.Assembled",
  "boundary_modules": [],
  "nodes": 235,
  "leaf_kinds": {
    "0": 117,
    "6": 5,
    "8": 113
  },
  "families": {
    "contraction": {
      "nodes": 235,
      "actual": 37,
      "rounds": 37,
      "actions": 37
    }
  },
  "reference_topology_sha256": {
    "vertex": "09629aa6d88e3007946041ee5bb5e7fe743b3242efca3b1b8ea02df65fe0eb34",
    "gradient": "58c374fbc03eab01d7423cf8888185f1410a0c20be14044aa309678ec2e4216c"
  },
  "generation_seconds": 1.5093859999906272,
  "kernel_check_required": true,
  "heartbeats": "default",
  "compiler_threads": 1,
  "core_memory_limit_mib": 2048,
  "assembled_memory_limit_mib": 3072
}
