{
  "format": "THOMSON_UNTRUSTED_MERGED_GROUP_V1",
  "root": 3302365,
  "selection": "/Users/archiebrowne/source/Thomson/Thomson/GlobalCertificates/Production/selections/Node3302365.json",
  "selection_sha256": "b1385ccd3c506d064de9e13b5462a51405f28e64f1af6e77d06c793668e16752",
  "binary": "/Users/archiebrowne/source/Thomson/.lake/global-cover/search.bin",
  "binary_sha256": "6626a818d355868776501e252bbdafb97029a5a9ebe31122f3509e3e359020a4",
  "output_prefix": "Thomson.GlobalCertificates.Production.Node3302365",
  "module": "Thomson.GlobalCertificates.Production.Node3302365.Assembled",
  "namespace": "Thomson.Five.GlobalCertificates.Production.Node3302365.Assembled",
  "core": {
    "module": "Thomson.GlobalCertificates.Production.Node3302365.Core",
    "source": "Thomson/GlobalCertificates/Production/Node3302365/Core.lean",
    "source_sha256": "fcb7a4b29914a1813bc6624fb237954455176b8eb2ff439f83597cef713800ed",
    "source_bytes": 3210300
  },
  "assembled": {
    "module": "Thomson.GlobalCertificates.Production.Node3302365.Assembled",
    "source": "Thomson/GlobalCertificates/Production/Node3302365/Assembled.lean",
    "source_sha256": "c7e138474acedba49562f04fcb62f5d5058fb466b969450087ee1a23f11f004f",
    "source_bytes": 366669
  },
  "core_source": "Thomson/GlobalCertificates/Production/Node3302365/Core.lean",
  "assembled_source": "Thomson/GlobalCertificates/Production/Node3302365/Assembled.lean",
  "core_module": "Thomson.GlobalCertificates.Production.Node3302365.Core",
  "assembled_module": "Thomson.GlobalCertificates.Production.Node3302365.Assembled",
  "boundary_modules": [],
  "nodes": 203,
  "leaf_kinds": {
    "0": 101,
    "6": 46,
    "8": 56
  },
  "families": {
    "contraction": {
      "nodes": 203,
      "actual": 54,
      "rounds": 54,
      "actions": 79
    }
  },
  "reference_topology_sha256": {
    "vertex": "09629aa6d88e3007946041ee5bb5e7fe743b3242efca3b1b8ea02df65fe0eb34",
    "gradient": "58c374fbc03eab01d7423cf8888185f1410a0c20be14044aa309678ec2e4216c"
  },
  "generation_seconds": 0.8644347909721546,
  "kernel_check_required": true,
  "heartbeats": "default",
  "compiler_threads": 1,
  "core_memory_limit_mib": 2048,
  "assembled_memory_limit_mib": 3072
}
