{
  "format": "THOMSON_UNTRUSTED_MERGED_GROUP_V1",
  "root": 3332083,
  "selection": "/Users/archiebrowne/source/Thomson/Thomson/GlobalCertificates/Production/selections/Node3332083.json",
  "selection_sha256": "f775e3efd2d8ca1ba89527318d0d7056a65ba66f56d40eb12c85016289c76726",
  "binary": "/Users/archiebrowne/source/Thomson/.lake/global-cover/search.bin",
  "binary_sha256": "6626a818d355868776501e252bbdafb97029a5a9ebe31122f3509e3e359020a4",
  "output_prefix": "Thomson.GlobalCertificates.Production.Node3332083",
  "module": "Thomson.GlobalCertificates.Production.Node3332083.Assembled",
  "namespace": "Thomson.Five.GlobalCertificates.Production.Node3332083.Assembled",
  "core": {
    "module": "Thomson.GlobalCertificates.Production.Node3332083.Core",
    "source": "Thomson/GlobalCertificates/Production/Node3332083/Core.lean",
    "source_sha256": "534dc5c08fe52adbba809fd29e63affca0f0199eed514cb6a0991767561ca649",
    "source_bytes": 3950297
  },
  "assembled": {
    "module": "Thomson.GlobalCertificates.Production.Node3332083.Assembled",
    "source": "Thomson/GlobalCertificates/Production/Node3332083/Assembled.lean",
    "source_sha256": "7f6330c16975eacdea9941c7aff0d55f3e374e0ff80b26fe97a1059a87fdcdcb",
    "source_bytes": 321105
  },
  "core_source": "Thomson/GlobalCertificates/Production/Node3332083/Core.lean",
  "assembled_source": "Thomson/GlobalCertificates/Production/Node3332083/Assembled.lean",
  "core_module": "Thomson.GlobalCertificates.Production.Node3332083.Core",
  "assembled_module": "Thomson.GlobalCertificates.Production.Node3332083.Assembled",
  "boundary_modules": [],
  "nodes": 181,
  "leaf_kinds": {
    "0": 90,
    "3": 2,
    "6": 7,
    "8": 82
  },
  "families": {
    "contraction": {
      "nodes": 181,
      "actual": 15,
      "rounds": 20,
      "actions": 20
    }
  },
  "reference_topology_sha256": {
    "vertex": "09629aa6d88e3007946041ee5bb5e7fe743b3242efca3b1b8ea02df65fe0eb34",
    "gradient": "58c374fbc03eab01d7423cf8888185f1410a0c20be14044aa309678ec2e4216c",
    "pair": "65dfe5f05c0cab641b03d13ff573dc6bfa3f1d0fef0ed66dcd91cede0438a8ce"
  },
  "generation_seconds": 1.1320241669891402,
  "kernel_check_required": true,
  "heartbeats": "default",
  "compiler_threads": 1,
  "core_memory_limit_mib": 2048,
  "assembled_memory_limit_mib": 3072
}
