{
  "format": "THOMSON_UNTRUSTED_MERGED_GROUP_V1",
  "root": 3281649,
  "selection": "/Users/archiebrowne/source/Thomson/Thomson/GlobalCertificates/Production/selections/Node3281649.json",
  "selection_sha256": "d01b5cad675e8bbfeae36526d39cd9aae8337e80b08dd948b3c943393b345332",
  "binary": "/Users/archiebrowne/source/Thomson/.lake/global-cover/search.bin",
  "binary_sha256": "6626a818d355868776501e252bbdafb97029a5a9ebe31122f3509e3e359020a4",
  "output_prefix": "Thomson.GlobalCertificates.Production.Node3281649",
  "module": "Thomson.GlobalCertificates.Production.Node3281649.Assembled",
  "namespace": "Thomson.Five.GlobalCertificates.Production.Node3281649.Assembled",
  "core": {
    "module": "Thomson.GlobalCertificates.Production.Node3281649.Core",
    "source": "Thomson/GlobalCertificates/Production/Node3281649/Core.lean",
    "source_sha256": "30379c2f94585081d9ea206cee65b7146eee5c927b07be070250318b00e084fd",
    "source_bytes": 562003
  },
  "assembled": {
    "module": "Thomson.GlobalCertificates.Production.Node3281649.Assembled",
    "source": "Thomson/GlobalCertificates/Production/Node3281649/Assembled.lean",
    "source_sha256": "3cff755ed6ac08b38ec1f6f1ec9794376edae950041785b3d906256cc3ebb356",
    "source_bytes": 42176
  },
  "core_source": "Thomson/GlobalCertificates/Production/Node3281649/Core.lean",
  "assembled_source": "Thomson/GlobalCertificates/Production/Node3281649/Assembled.lean",
  "core_module": "Thomson.GlobalCertificates.Production.Node3281649.Core",
  "assembled_module": "Thomson.GlobalCertificates.Production.Node3281649.Assembled",
  "boundary_modules": [],
  "nodes": 23,
  "leaf_kinds": {
    "0": 11,
    "8": 12
  },
  "families": {
    "contraction": {
      "nodes": 23,
      "actual": 6,
      "rounds": 6,
      "actions": 8
    }
  },
  "reference_topology_sha256": {
    "vertex": "09629aa6d88e3007946041ee5bb5e7fe743b3242efca3b1b8ea02df65fe0eb34"
  },
  "generation_seconds": 0.11956270801601931,
  "kernel_check_required": true,
  "heartbeats": "default",
  "compiler_threads": 1,
  "core_memory_limit_mib": 2048,
  "assembled_memory_limit_mib": 3072
}
