{
  "format": "THOMSON_UNTRUSTED_MERGED_GROUP_V1",
  "root": 3291135,
  "selection": "/Users/archiebrowne/source/Thomson/Thomson/GlobalCertificates/Production/selections/Node3291135.json",
  "selection_sha256": "5f5728e3e0b3636e851bdbcbecd997382c3426ad521008f9508f0bfe1a3756c1",
  "binary": "/Users/archiebrowne/source/Thomson/.lake/global-cover/search.bin",
  "binary_sha256": "6626a818d355868776501e252bbdafb97029a5a9ebe31122f3509e3e359020a4",
  "output_prefix": "Thomson.GlobalCertificates.Production.Node3291135",
  "module": "Thomson.GlobalCertificates.Production.Node3291135.Assembled",
  "namespace": "Thomson.Five.GlobalCertificates.Production.Node3291135.Assembled",
  "core": {
    "module": "Thomson.GlobalCertificates.Production.Node3291135.Core",
    "source": "Thomson/GlobalCertificates/Production/Node3291135/Core.lean",
    "source_sha256": "cde2e8c74eab1d0ada924841b7190aaf0fa7b8ea1453490819a18ca4eb9d4d34",
    "source_bytes": 335340
  },
  "assembled": {
    "module": "Thomson.GlobalCertificates.Production.Node3291135.Assembled",
    "source": "Thomson/GlobalCertificates/Production/Node3291135/Assembled.lean",
    "source_sha256": "75017ad405f0fc51582c9eae67d68d1bdeae97550f0751b7a448ebc548703d26",
    "source_bytes": 35299
  },
  "core_source": "Thomson/GlobalCertificates/Production/Node3291135/Core.lean",
  "assembled_source": "Thomson/GlobalCertificates/Production/Node3291135/Assembled.lean",
  "core_module": "Thomson.GlobalCertificates.Production.Node3291135.Core",
  "assembled_module": "Thomson.GlobalCertificates.Production.Node3291135.Assembled",
  "boundary_modules": [],
  "nodes": 19,
  "leaf_kinds": {
    "0": 9,
    "2": 3,
    "8": 7
  },
  "families": {
    "contraction": {
      "nodes": 19,
      "actual": 2,
      "rounds": 2,
      "actions": 2
    },
    "rejection": {
      "leaves": 3,
      "rounds": 0,
      "actions": 0
    }
  },
  "reference_topology_sha256": {
    "vertex": "09629aa6d88e3007946041ee5bb5e7fe743b3242efca3b1b8ea02df65fe0eb34"
  },
  "generation_seconds": 0.07125458400696516,
  "kernel_check_required": true,
  "heartbeats": "default",
  "compiler_threads": 1,
  "core_memory_limit_mib": 2048,
  "assembled_memory_limit_mib": 3072
}
