{
  "format": "THOMSON_UNTRUSTED_MERGED_GROUP_V1",
  "root": 3317195,
  "selection": "/Users/archiebrowne/source/Thomson/Thomson/GlobalCertificates/Production/selections/Node3317195.json",
  "selection_sha256": "e4d53755b67557716049f957c72e257f9a4b405cfb14dbfb4c0697b23dbe124e",
  "binary": "/Users/archiebrowne/source/Thomson/.lake/global-cover/search.bin",
  "binary_sha256": "6626a818d355868776501e252bbdafb97029a5a9ebe31122f3509e3e359020a4",
  "output_prefix": "Thomson.GlobalCertificates.Production.Node3317195",
  "module": "Thomson.GlobalCertificates.Production.Node3317195.Assembled",
  "namespace": "Thomson.Five.GlobalCertificates.Production.Node3317195.Assembled",
  "core": {
    "module": "Thomson.GlobalCertificates.Production.Node3317195.Core",
    "source": "Thomson/GlobalCertificates/Production/Node3317195/Core.lean",
    "source_sha256": "09a0dea11db95528cb66cb8070cdca5b4591c52cfbf1027918f83783a98408ea",
    "source_bytes": 907573
  },
  "assembled": {
    "module": "Thomson.GlobalCertificates.Production.Node3317195.Assembled",
    "source": "Thomson/GlobalCertificates/Production/Node3317195/Assembled.lean",
    "source_sha256": "bae9271e3364cda935a44dbfbe093e19ed7ecef16656daa9b954c2682b93331c",
    "source_bytes": 195118
  },
  "core_source": "Thomson/GlobalCertificates/Production/Node3317195/Core.lean",
  "assembled_source": "Thomson/GlobalCertificates/Production/Node3317195/Assembled.lean",
  "core_module": "Thomson.GlobalCertificates.Production.Node3317195.Core",
  "assembled_module": "Thomson.GlobalCertificates.Production.Node3317195.Assembled",
  "boundary_modules": [],
  "nodes": 109,
  "leaf_kinds": {
    "0": 54,
    "3": 27,
    "6": 20,
    "8": 8
  },
  "families": {
    "contraction": {
      "nodes": 109,
      "actual": 3,
      "rounds": 3,
      "actions": 3
    }
  },
  "reference_topology_sha256": {
    "vertex": "09629aa6d88e3007946041ee5bb5e7fe743b3242efca3b1b8ea02df65fe0eb34",
    "gradient": "58c374fbc03eab01d7423cf8888185f1410a0c20be14044aa309678ec2e4216c",
    "pair": "65dfe5f05c0cab641b03d13ff573dc6bfa3f1d0fef0ed66dcd91cede0438a8ce"
  },
  "generation_seconds": 0.17416770901763812,
  "kernel_check_required": true,
  "heartbeats": "default",
  "compiler_threads": 1,
  "core_memory_limit_mib": 2048,
  "assembled_memory_limit_mib": 3072
}
