{
  "format": "THOMSON_UNTRUSTED_MERGED_GROUP_V1",
  "root": 3340995,
  "selection": "/Users/archiebrowne/source/Thomson/Thomson/GlobalCertificates/Production/selections/Node3340995.json",
  "selection_sha256": "5b784d8c02e0b14c3bba697151acebf591b4d492732948b63a5eeabc5d006b73",
  "binary": "/Users/archiebrowne/source/Thomson/.lake/global-cover/search.bin",
  "binary_sha256": "6626a818d355868776501e252bbdafb97029a5a9ebe31122f3509e3e359020a4",
  "output_prefix": "Thomson.GlobalCertificates.Production.Node3340995",
  "module": "Thomson.GlobalCertificates.Production.Node3340995.Assembled",
  "namespace": "Thomson.Five.GlobalCertificates.Production.Node3340995.Assembled",
  "core": {
    "module": "Thomson.GlobalCertificates.Production.Node3340995.Core",
    "source": "Thomson/GlobalCertificates/Production/Node3340995/Core.lean",
    "source_sha256": "c850fe1a01a6b11ed168ac6543d22b521ec3f30055a9c96c6cdb6828322add26",
    "source_bytes": 253692
  },
  "assembled": {
    "module": "Thomson.GlobalCertificates.Production.Node3340995.Assembled",
    "source": "Thomson/GlobalCertificates/Production/Node3340995/Assembled.lean",
    "source_sha256": "a79f1c8ee20ac5c2d9a673b64fca34159bdf2fd21a1650cf674d38d60943f622",
    "source_bytes": 68262
  },
  "core_source": "Thomson/GlobalCertificates/Production/Node3340995/Core.lean",
  "assembled_source": "Thomson/GlobalCertificates/Production/Node3340995/Assembled.lean",
  "core_module": "Thomson.GlobalCertificates.Production.Node3340995.Core",
  "assembled_module": "Thomson.GlobalCertificates.Production.Node3340995.Assembled",
  "boundary_modules": [],
  "nodes": 37,
  "leaf_kinds": {
    "0": 18,
    "3": 17,
    "6": 1,
    "8": 1
  },
  "families": {
    "contraction": {
      "nodes": 37,
      "actual": 2,
      "rounds": 2,
      "actions": 2
    }
  },
  "reference_topology_sha256": {
    "vertex": "09629aa6d88e3007946041ee5bb5e7fe743b3242efca3b1b8ea02df65fe0eb34",
    "gradient": "58c374fbc03eab01d7423cf8888185f1410a0c20be14044aa309678ec2e4216c",
    "pair": "65dfe5f05c0cab641b03d13ff573dc6bfa3f1d0fef0ed66dcd91cede0438a8ce"
  },
  "generation_seconds": 0.04640049999579787,
  "kernel_check_required": true,
  "heartbeats": "default",
  "compiler_threads": 1,
  "core_memory_limit_mib": 2048,
  "assembled_memory_limit_mib": 3072
}
