{
  "format": "THOMSON_UNTRUSTED_MERGED_GROUP_V1",
  "root": 3348975,
  "selection": "/Users/archiebrowne/source/Thomson/Thomson/GlobalCertificates/Production/selections/Node3348975.json",
  "selection_sha256": "4ed02fad9142cfcf49a5f83a6f8773601f4daa1ea65d2fd4ff003ee86997700e",
  "binary": "/Users/archiebrowne/source/Thomson/.lake/global-cover/search.bin",
  "binary_sha256": "6626a818d355868776501e252bbdafb97029a5a9ebe31122f3509e3e359020a4",
  "output_prefix": "Thomson.GlobalCertificates.Production.Node3348975",
  "module": "Thomson.GlobalCertificates.Production.Node3348975.Assembled",
  "namespace": "Thomson.Five.GlobalCertificates.Production.Node3348975.Assembled",
  "core": {
    "module": "Thomson.GlobalCertificates.Production.Node3348975.Core",
    "source": "Thomson/GlobalCertificates/Production/Node3348975/Core.lean",
    "source_sha256": "f27dc3441277beb0f30c873fcd41a124dfdcc52195762ba878d99274e3a2cc47",
    "source_bytes": 903305
  },
  "assembled": {
    "module": "Thomson.GlobalCertificates.Production.Node3348975.Assembled",
    "source": "Thomson/GlobalCertificates/Production/Node3348975/Assembled.lean",
    "source_sha256": "6bc02dc4de810caf8654df4d41de0850cea2d3c21516a6695764fa0b41c9f8fc",
    "source_bytes": 100957
  },
  "core_source": "Thomson/GlobalCertificates/Production/Node3348975/Core.lean",
  "assembled_source": "Thomson/GlobalCertificates/Production/Node3348975/Assembled.lean",
  "core_module": "Thomson.GlobalCertificates.Production.Node3348975.Core",
  "assembled_module": "Thomson.GlobalCertificates.Production.Node3348975.Assembled",
  "boundary_modules": [],
  "nodes": 55,
  "leaf_kinds": {
    "0": 27,
    "2": 3,
    "6": 8,
    "8": 17
  },
  "families": {
    "contraction": {
      "nodes": 55,
      "actual": 8,
      "rounds": 8,
      "actions": 14
    },
    "rejection": {
      "leaves": 3,
      "rounds": 0,
      "actions": 0
    }
  },
  "reference_topology_sha256": {
    "vertex": "09629aa6d88e3007946041ee5bb5e7fe743b3242efca3b1b8ea02df65fe0eb34",
    "gradient": "58c374fbc03eab01d7423cf8888185f1410a0c20be14044aa309678ec2e4216c"
  },
  "generation_seconds": 0.18930041702697054,
  "kernel_check_required": true,
  "heartbeats": "default",
  "compiler_threads": 1,
  "core_memory_limit_mib": 2048,
  "assembled_memory_limit_mib": 3072
}
