{
  "format": "THOMSON_UNTRUSTED_MERGED_GROUP_V1",
  "root": 3332086,
  "selection": "/Users/archiebrowne/source/Thomson/Thomson/GlobalCertificates/Production/selections/Node3332086.json",
  "selection_sha256": "bf3d97a5c5483a40c55a85278b7c1c9338c18abeb3d2e6cb9b06104562db8583",
  "binary": "/Users/archiebrowne/source/Thomson/.lake/global-cover/search.bin",
  "binary_sha256": "6626a818d355868776501e252bbdafb97029a5a9ebe31122f3509e3e359020a4",
  "output_prefix": "Thomson.GlobalCertificates.Production.Node3332086",
  "module": "Thomson.GlobalCertificates.Production.Node3332086.Assembled",
  "namespace": "Thomson.Five.GlobalCertificates.Production.Node3332086.Assembled",
  "core": {
    "module": "Thomson.GlobalCertificates.Production.Node3332086.Core",
    "source": "Thomson/GlobalCertificates/Production/Node3332086/Core.lean",
    "source_sha256": "16439a08669adfa0ff3a29a5a588577e67dd5f8c4e629d3dd0ebca20aaa1c3db",
    "source_bytes": 5203318
  },
  "assembled": {
    "module": "Thomson.GlobalCertificates.Production.Node3332086.Assembled",
    "source": "Thomson/GlobalCertificates/Production/Node3332086/Assembled.lean",
    "source_sha256": "56063f694e06d51bf5b639532a8cf6f5e8ca877c3e4ede434761bdf32410a5f3",
    "source_bytes": 389198
  },
  "core_source": "Thomson/GlobalCertificates/Production/Node3332086/Core.lean",
  "assembled_source": "Thomson/GlobalCertificates/Production/Node3332086/Assembled.lean",
  "core_module": "Thomson.GlobalCertificates.Production.Node3332086.Core",
  "assembled_module": "Thomson.GlobalCertificates.Production.Node3332086.Assembled",
  "boundary_modules": [],
  "nodes": 223,
  "leaf_kinds": {
    "0": 111,
    "6": 1,
    "8": 111
  },
  "families": {
    "contraction": {
      "nodes": 223,
      "actual": 24,
      "rounds": 25,
      "actions": 25
    }
  },
  "reference_topology_sha256": {
    "vertex": "09629aa6d88e3007946041ee5bb5e7fe743b3242efca3b1b8ea02df65fe0eb34",
    "gradient": "58c374fbc03eab01d7423cf8888185f1410a0c20be14044aa309678ec2e4216c"
  },
  "generation_seconds": 1.2226060829707421,
  "kernel_check_required": true,
  "heartbeats": "default",
  "compiler_threads": 1,
  "core_memory_limit_mib": 2048,
  "assembled_memory_limit_mib": 3072
}
