{
  "format": "THOMSON_UNTRUSTED_MERGED_GROUP_V1",
  "root": 3368595,
  "selection": "/Users/archiebrowne/source/Thomson/Thomson/GlobalCertificates/Production/selections/Node3368595.json",
  "selection_sha256": "2f65ecc5828552775fa6da9ccc7a2c18bd1a32905eee60616e17ef20604680c6",
  "binary": "/Users/archiebrowne/source/Thomson/.lake/global-cover/search.bin",
  "binary_sha256": "6626a818d355868776501e252bbdafb97029a5a9ebe31122f3509e3e359020a4",
  "output_prefix": "Thomson.GlobalCertificates.Production.Node3368595",
  "module": "Thomson.GlobalCertificates.Production.Node3368595.Assembled",
  "namespace": "Thomson.Five.GlobalCertificates.Production.Node3368595.Assembled",
  "core": {
    "module": "Thomson.GlobalCertificates.Production.Node3368595.Core",
    "source": "Thomson/GlobalCertificates/Production/Node3368595/Core.lean",
    "source_sha256": "9e0d8b3852a28de0e2bfca65051f4bd5071a72a324c6eb0b18d52b44c798eaef",
    "source_bytes": 2280213
  },
  "assembled": {
    "module": "Thomson.GlobalCertificates.Production.Node3368595.Assembled",
    "source": "Thomson/GlobalCertificates/Production/Node3368595/Assembled.lean",
    "source_sha256": "17c0c1ce5109616d7b76974bfb36da899f009f766af666f5a8fe1dbaa193d2a4",
    "source_bytes": 240066
  },
  "core_source": "Thomson/GlobalCertificates/Production/Node3368595/Core.lean",
  "assembled_source": "Thomson/GlobalCertificates/Production/Node3368595/Assembled.lean",
  "core_module": "Thomson.GlobalCertificates.Production.Node3368595.Core",
  "assembled_module": "Thomson.GlobalCertificates.Production.Node3368595.Assembled",
  "boundary_modules": [],
  "nodes": 137,
  "leaf_kinds": {
    "0": 68,
    "3": 3,
    "6": 25,
    "8": 41
  },
  "families": {
    "contraction": {
      "nodes": 137,
      "actual": 39,
      "rounds": 39,
      "actions": 46
    }
  },
  "reference_topology_sha256": {
    "vertex": "09629aa6d88e3007946041ee5bb5e7fe743b3242efca3b1b8ea02df65fe0eb34",
    "gradient": "58c374fbc03eab01d7423cf8888185f1410a0c20be14044aa309678ec2e4216c",
    "pair": "65dfe5f05c0cab641b03d13ff573dc6bfa3f1d0fef0ed66dcd91cede0438a8ce"
  },
  "generation_seconds": 0.4571153750293888,
  "kernel_check_required": true,
  "heartbeats": "default",
  "compiler_threads": 1,
  "core_memory_limit_mib": 2048,
  "assembled_memory_limit_mib": 3072
}
