{
  "format": "THOMSON_UNTRUSTED_MERGED_GROUP_V1",
  "root": 3331445,
  "selection": "/Users/archiebrowne/source/Thomson/Thomson/GlobalCertificates/Production/selections/Node3331445.json",
  "selection_sha256": "c434e33ae4342ec2181f9e8114207cd9675a4ba968367e6e23c02528a81a4045",
  "binary": "/Users/archiebrowne/source/Thomson/.lake/global-cover/search.bin",
  "binary_sha256": "6626a818d355868776501e252bbdafb97029a5a9ebe31122f3509e3e359020a4",
  "output_prefix": "Thomson.GlobalCertificates.Production.Node3331445",
  "module": "Thomson.GlobalCertificates.Production.Node3331445.Assembled",
  "namespace": "Thomson.Five.GlobalCertificates.Production.Node3331445.Assembled",
  "core": {
    "module": "Thomson.GlobalCertificates.Production.Node3331445.Core",
    "source": "Thomson/GlobalCertificates/Production/Node3331445/Core.lean",
    "source_sha256": "343650d23c7d12012a443a28ca0b2c63c360ea3928f15462b5c17e3174610d26",
    "source_bytes": 1078270
  },
  "assembled": {
    "module": "Thomson.GlobalCertificates.Production.Node3331445.Assembled",
    "source": "Thomson/GlobalCertificates/Production/Node3331445/Assembled.lean",
    "source_sha256": "352df084090373eb0cb06d861f91380087002e26dc3e4e10030ba31bd720492c",
    "source_bytes": 325321
  },
  "core_source": "Thomson/GlobalCertificates/Production/Node3331445/Core.lean",
  "assembled_source": "Thomson/GlobalCertificates/Production/Node3331445/Assembled.lean",
  "core_module": "Thomson.GlobalCertificates.Production.Node3331445.Core",
  "assembled_module": "Thomson.GlobalCertificates.Production.Node3331445.Assembled",
  "boundary_modules": [],
  "nodes": 181,
  "leaf_kinds": {
    "0": 90,
    "3": 59,
    "6": 32
  },
  "families": {
    "contraction": {
      "nodes": 181,
      "actual": 22,
      "rounds": 22,
      "actions": 31
    }
  },
  "reference_topology_sha256": {
    "gradient": "58c374fbc03eab01d7423cf8888185f1410a0c20be14044aa309678ec2e4216c",
    "pair": "65dfe5f05c0cab641b03d13ff573dc6bfa3f1d0fef0ed66dcd91cede0438a8ce"
  },
  "generation_seconds": 0.16098208300536498,
  "kernel_check_required": true,
  "heartbeats": "default",
  "compiler_threads": 1,
  "core_memory_limit_mib": 2048,
  "assembled_memory_limit_mib": 3072
}
