{
  "format": "THOMSON_UNTRUSTED_MERGED_GROUP_V1",
  "root": 3319229,
  "selection": "/Users/archiebrowne/source/Thomson/Thomson/GlobalCertificates/Production/selections/Node3319229.json",
  "selection_sha256": "0a7f1285606213db064d902993b2aa05647c61332b012e83737ca5474a5c2b6f",
  "binary": "/Users/archiebrowne/source/Thomson/.lake/global-cover/search.bin",
  "binary_sha256": "6626a818d355868776501e252bbdafb97029a5a9ebe31122f3509e3e359020a4",
  "output_prefix": "Thomson.GlobalCertificates.Production.Node3319229",
  "module": "Thomson.GlobalCertificates.Production.Node3319229.Assembled",
  "namespace": "Thomson.Five.GlobalCertificates.Production.Node3319229.Assembled",
  "core": {
    "module": "Thomson.GlobalCertificates.Production.Node3319229.Core",
    "source": "Thomson/GlobalCertificates/Production/Node3319229/Core.lean",
    "source_sha256": "36f478deedf5b674124fa91d6ee61e312294f1502fc8bbe0f73254220d542841",
    "source_bytes": 549359
  },
  "assembled": {
    "module": "Thomson.GlobalCertificates.Production.Node3319229.Assembled",
    "source": "Thomson/GlobalCertificates/Production/Node3319229/Assembled.lean",
    "source_sha256": "ae0c6f71eb48ba63fb4f57cafe38b43903fe15079339727ce9cee40700f42ffa",
    "source_bytes": 163249
  },
  "core_source": "Thomson/GlobalCertificates/Production/Node3319229/Core.lean",
  "assembled_source": "Thomson/GlobalCertificates/Production/Node3319229/Assembled.lean",
  "core_module": "Thomson.GlobalCertificates.Production.Node3319229.Core",
  "assembled_module": "Thomson.GlobalCertificates.Production.Node3319229.Assembled",
  "boundary_modules": [],
  "nodes": 89,
  "leaf_kinds": {
    "0": 44,
    "2": 2,
    "3": 39,
    "6": 3,
    "8": 1
  },
  "families": {
    "contraction": {
      "nodes": 89,
      "actual": 11,
      "rounds": 11,
      "actions": 19
    },
    "rejection": {
      "leaves": 2,
      "rounds": 0,
      "actions": 0
    }
  },
  "reference_topology_sha256": {
    "vertex": "09629aa6d88e3007946041ee5bb5e7fe743b3242efca3b1b8ea02df65fe0eb34",
    "gradient": "58c374fbc03eab01d7423cf8888185f1410a0c20be14044aa309678ec2e4216c",
    "pair": "65dfe5f05c0cab641b03d13ff573dc6bfa3f1d0fef0ed66dcd91cede0438a8ce"
  },
  "generation_seconds": 0.08720704197185114,
  "kernel_check_required": true,
  "heartbeats": "default",
  "compiler_threads": 1,
  "core_memory_limit_mib": 2048,
  "assembled_memory_limit_mib": 3072
}
