{
  "format": "THOMSON_UNTRUSTED_MERGED_GROUP_V1",
  "root": 3291571,
  "selection": "/Users/archiebrowne/source/Thomson/Thomson/GlobalCertificates/Production/selections/Node3291571.json",
  "selection_sha256": "057bdb14c3101ef6b93c07797d85e283c10ccbe8134566fd4a6cac5ee536967a",
  "binary": "/Users/archiebrowne/source/Thomson/.lake/global-cover/search.bin",
  "binary_sha256": "6626a818d355868776501e252bbdafb97029a5a9ebe31122f3509e3e359020a4",
  "output_prefix": "Thomson.GlobalCertificates.Production.Node3291571",
  "module": "Thomson.GlobalCertificates.Production.Node3291571.Assembled",
  "namespace": "Thomson.Five.GlobalCertificates.Production.Node3291571.Assembled",
  "core": {
    "module": "Thomson.GlobalCertificates.Production.Node3291571.Core",
    "source": "Thomson/GlobalCertificates/Production/Node3291571/Core.lean",
    "source_sha256": "c0accd014673a5ef68120c070e93e9248a905d5374ecbd56bb9051e258ec9c76",
    "source_bytes": 4919686
  },
  "assembled": {
    "module": "Thomson.GlobalCertificates.Production.Node3291571.Assembled",
    "source": "Thomson/GlobalCertificates/Production/Node3291571/Assembled.lean",
    "source_sha256": "5b366f838c249e3120b63ec1d194f53f7e929043ca0cbf7277aacbbc9b606735",
    "source_bytes": 370771
  },
  "core_source": "Thomson/GlobalCertificates/Production/Node3291571/Core.lean",
  "assembled_source": "Thomson/GlobalCertificates/Production/Node3291571/Assembled.lean",
  "core_module": "Thomson.GlobalCertificates.Production.Node3291571.Core",
  "assembled_module": "Thomson.GlobalCertificates.Production.Node3291571.Assembled",
  "boundary_modules": [],
  "nodes": 211,
  "leaf_kinds": {
    "0": 105,
    "6": 1,
    "8": 105
  },
  "families": {
    "contraction": {
      "nodes": 211,
      "actual": 42,
      "rounds": 42,
      "actions": 48
    }
  },
  "reference_topology_sha256": {
    "vertex": "09629aa6d88e3007946041ee5bb5e7fe743b3242efca3b1b8ea02df65fe0eb34",
    "gradient": "58c374fbc03eab01d7423cf8888185f1410a0c20be14044aa309678ec2e4216c"
  },
  "generation_seconds": 1.044700208993163,
  "kernel_check_required": true,
  "heartbeats": "default",
  "compiler_threads": 1,
  "core_memory_limit_mib": 2048,
  "assembled_memory_limit_mib": 3072
}
