{
  "format": "THOMSON_UNTRUSTED_MERGED_GROUP_V1",
  "root": 3347927,
  "selection": "/Users/archiebrowne/source/Thomson/Thomson/GlobalCertificates/Production/selections/Node3347927.json",
  "selection_sha256": "13f2ca512d0fa75ed73270d9f207d6a6b2ac97ad0a4759544a74153bc1abee61",
  "binary": "/Users/archiebrowne/source/Thomson/.lake/global-cover/search.bin",
  "binary_sha256": "6626a818d355868776501e252bbdafb97029a5a9ebe31122f3509e3e359020a4",
  "output_prefix": "Thomson.GlobalCertificates.Production.Node3347927",
  "module": "Thomson.GlobalCertificates.Production.Node3347927.Assembled",
  "namespace": "Thomson.Five.GlobalCertificates.Production.Node3347927.Assembled",
  "core": {
    "module": "Thomson.GlobalCertificates.Production.Node3347927.Core",
    "source": "Thomson/GlobalCertificates/Production/Node3347927/Core.lean",
    "source_sha256": "5747f753b6f33d113193246d000b95725f7bd2ffd444dab80f18ecc15c05e953",
    "source_bytes": 3127897
  },
  "assembled": {
    "module": "Thomson.GlobalCertificates.Production.Node3347927.Assembled",
    "source": "Thomson/GlobalCertificates/Production/Node3347927/Assembled.lean",
    "source_sha256": "0601bd5d4e0bc117b5494a4bdff3256e3e2ba618e368d0cdb98b44052a976caf",
    "source_bytes": 240181
  },
  "core_source": "Thomson/GlobalCertificates/Production/Node3347927/Core.lean",
  "assembled_source": "Thomson/GlobalCertificates/Production/Node3347927/Assembled.lean",
  "core_module": "Thomson.GlobalCertificates.Production.Node3347927.Core",
  "assembled_module": "Thomson.GlobalCertificates.Production.Node3347927.Assembled",
  "boundary_modules": [],
  "nodes": 137,
  "leaf_kinds": {
    "0": 68,
    "2": 2,
    "8": 67
  },
  "families": {
    "contraction": {
      "nodes": 137,
      "actual": 23,
      "rounds": 23,
      "actions": 30
    },
    "rejection": {
      "leaves": 2,
      "rounds": 0,
      "actions": 0
    }
  },
  "reference_topology_sha256": {
    "vertex": "09629aa6d88e3007946041ee5bb5e7fe743b3242efca3b1b8ea02df65fe0eb34"
  },
  "generation_seconds": 0.6513065840117633,
  "kernel_check_required": true,
  "heartbeats": "default",
  "compiler_threads": 1,
  "core_memory_limit_mib": 2048,
  "assembled_memory_limit_mib": 3072
}
