{
  "format": "THOMSON_UNTRUSTED_MERGED_GROUP_V1",
  "root": 3352718,
  "selection": "/Users/archiebrowne/source/Thomson/Thomson/GlobalCertificates/Production/selections/Node3352718.json",
  "selection_sha256": "64c08f0d50633363ee9c448589ee39a55ec5198817eb33be18748c1bdd38193d",
  "binary": "/Users/archiebrowne/source/Thomson/.lake/global-cover/search.bin",
  "binary_sha256": "6626a818d355868776501e252bbdafb97029a5a9ebe31122f3509e3e359020a4",
  "output_prefix": "Thomson.GlobalCertificates.Production.Node3352718",
  "module": "Thomson.GlobalCertificates.Production.Node3352718.Assembled",
  "namespace": "Thomson.Five.GlobalCertificates.Production.Node3352718.Assembled",
  "core": {
    "module": "Thomson.GlobalCertificates.Production.Node3352718.Core",
    "source": "Thomson/GlobalCertificates/Production/Node3352718/Core.lean",
    "source_sha256": "b11451ba4e372999983d75d21cfda18d17b21ff660431a624f96335177615f44",
    "source_bytes": 538729
  },
  "assembled": {
    "module": "Thomson.GlobalCertificates.Production.Node3352718.Assembled",
    "source": "Thomson/GlobalCertificates/Production/Node3352718/Assembled.lean",
    "source_sha256": "08630fc2468c8446c7a5cb0b6211cc64951bbc88e41393b40a954a3406b73496",
    "source_bytes": 135669
  },
  "core_source": "Thomson/GlobalCertificates/Production/Node3352718/Core.lean",
  "assembled_source": "Thomson/GlobalCertificates/Production/Node3352718/Assembled.lean",
  "core_module": "Thomson.GlobalCertificates.Production.Node3352718.Core",
  "assembled_module": "Thomson.GlobalCertificates.Production.Node3352718.Assembled",
  "boundary_modules": [],
  "nodes": 75,
  "leaf_kinds": {
    "0": 37,
    "3": 13,
    "6": 24,
    "8": 1
  },
  "families": {
    "contraction": {
      "nodes": 75,
      "actual": 38,
      "rounds": 38,
      "actions": 92
    }
  },
  "reference_topology_sha256": {
    "vertex": "09629aa6d88e3007946041ee5bb5e7fe743b3242efca3b1b8ea02df65fe0eb34",
    "gradient": "58c374fbc03eab01d7423cf8888185f1410a0c20be14044aa309678ec2e4216c",
    "pair": "65dfe5f05c0cab641b03d13ff573dc6bfa3f1d0fef0ed66dcd91cede0438a8ce"
  },
  "generation_seconds": 0.08690737496362999,
  "kernel_check_required": true,
  "heartbeats": "default",
  "compiler_threads": 1,
  "core_memory_limit_mib": 2048,
  "assembled_memory_limit_mib": 3072
}
