{
  "format": "THOMSON_UNTRUSTED_MERGED_GROUP_V1",
  "root": 3369011,
  "selection": "/Users/archiebrowne/source/Thomson/Thomson/GlobalCertificates/Production/selections/Node3369011.json",
  "selection_sha256": "8ab6a3c87ae800e0b85755c72581b4dd9a8e12101fddee4421966419b541ef4a",
  "binary": "/Users/archiebrowne/source/Thomson/.lake/global-cover/search.bin",
  "binary_sha256": "6626a818d355868776501e252bbdafb97029a5a9ebe31122f3509e3e359020a4",
  "output_prefix": "Thomson.GlobalCertificates.Production.Node3369011",
  "module": "Thomson.GlobalCertificates.Production.Node3369011.Assembled",
  "namespace": "Thomson.Five.GlobalCertificates.Production.Node3369011.Assembled",
  "core": {
    "module": "Thomson.GlobalCertificates.Production.Node3369011.Core",
    "source": "Thomson/GlobalCertificates/Production/Node3369011/Core.lean",
    "source_sha256": "6bfbf23cee8666a4120a7dd84ed2763f8742cd6fb36778f6203b31334a3a7b5f",
    "source_bytes": 1501691
  },
  "assembled": {
    "module": "Thomson.GlobalCertificates.Production.Node3369011.Assembled",
    "source": "Thomson/GlobalCertificates/Production/Node3369011/Assembled.lean",
    "source_sha256": "d86f41e21b15c29e5083750e467a6e806c35b8d57b3c06d52b2394ca19b1302f",
    "source_bytes": 312714
  },
  "core_source": "Thomson/GlobalCertificates/Production/Node3369011/Core.lean",
  "assembled_source": "Thomson/GlobalCertificates/Production/Node3369011/Assembled.lean",
  "core_module": "Thomson.GlobalCertificates.Production.Node3369011.Core",
  "assembled_module": "Thomson.GlobalCertificates.Production.Node3369011.Assembled",
  "boundary_modules": [],
  "nodes": 173,
  "leaf_kinds": {
    "0": 86,
    "3": 67,
    "6": 7,
    "8": 13
  },
  "families": {
    "contraction": {
      "nodes": 173,
      "actual": 30,
      "rounds": 30,
      "actions": 40
    }
  },
  "reference_topology_sha256": {
    "vertex": "09629aa6d88e3007946041ee5bb5e7fe743b3242efca3b1b8ea02df65fe0eb34",
    "gradient": "58c374fbc03eab01d7423cf8888185f1410a0c20be14044aa309678ec2e4216c",
    "pair": "65dfe5f05c0cab641b03d13ff573dc6bfa3f1d0fef0ed66dcd91cede0438a8ce"
  },
  "generation_seconds": 0.25593475002096966,
  "kernel_check_required": true,
  "heartbeats": "default",
  "compiler_threads": 1,
  "core_memory_limit_mib": 2048,
  "assembled_memory_limit_mib": 3072
}
