{
  "format": "THOMSON_UNTRUSTED_MERGED_GROUP_V1",
  "root": 3369792,
  "selection": "/Users/archiebrowne/source/Thomson/Thomson/GlobalCertificates/Production/selections/Node3369792.json",
  "selection_sha256": "889c9d5feb801a8011ea2259eb2ae6d7492d5f98969cf9abf3dca7f105fa5b8a",
  "binary": "/Users/archiebrowne/source/Thomson/.lake/global-cover/search.bin",
  "binary_sha256": "6626a818d355868776501e252bbdafb97029a5a9ebe31122f3509e3e359020a4",
  "output_prefix": "Thomson.GlobalCertificates.Production.Node3369792",
  "module": "Thomson.GlobalCertificates.Production.Node3369792.Assembled",
  "namespace": "Thomson.Five.GlobalCertificates.Production.Node3369792.Assembled",
  "core": {
    "module": "Thomson.GlobalCertificates.Production.Node3369792.Core",
    "source": "Thomson/GlobalCertificates/Production/Node3369792/Core.lean",
    "source_sha256": "7ec582e013133f87854c20e77f77914b21e3cde76a2d23b079af5a8e22d5c584",
    "source_bytes": 3305342
  },
  "assembled": {
    "module": "Thomson.GlobalCertificates.Production.Node3369792.Assembled",
    "source": "Thomson/GlobalCertificates/Production/Node3369792/Assembled.lean",
    "source_sha256": "2957a277840d7bfc83b22fe63333c9dc8652758c98f76ab42b3c5c0b27f9b8af",
    "source_bytes": 316579
  },
  "core_source": "Thomson/GlobalCertificates/Production/Node3369792/Core.lean",
  "assembled_source": "Thomson/GlobalCertificates/Production/Node3369792/Assembled.lean",
  "core_module": "Thomson.GlobalCertificates.Production.Node3369792.Core",
  "assembled_module": "Thomson.GlobalCertificates.Production.Node3369792.Assembled",
  "boundary_modules": [],
  "nodes": 179,
  "leaf_kinds": {
    "0": 89,
    "6": 29,
    "8": 61
  },
  "families": {
    "contraction": {
      "nodes": 179,
      "actual": 71,
      "rounds": 80,
      "actions": 217
    }
  },
  "reference_topology_sha256": {
    "vertex": "09629aa6d88e3007946041ee5bb5e7fe743b3242efca3b1b8ea02df65fe0eb34",
    "gradient": "58c374fbc03eab01d7423cf8888185f1410a0c20be14044aa309678ec2e4216c"
  },
  "generation_seconds": 0.6592019579838961,
  "kernel_check_required": true,
  "heartbeats": "default",
  "compiler_threads": 1,
  "core_memory_limit_mib": 2048,
  "assembled_memory_limit_mib": 3072
}
