{
  "format": "THOMSON_UNTRUSTED_MERGED_GROUP_V1",
  "root": 3369015,
  "selection": "/Users/archiebrowne/source/Thomson/Thomson/GlobalCertificates/Production/selections/Node3369015.json",
  "selection_sha256": "ca004d16d8ddf54b5cdc7ea30f65d976efde28bdb5baa35c0a8ba4c450f9e154",
  "binary": "/Users/archiebrowne/source/Thomson/.lake/global-cover/search.bin",
  "binary_sha256": "6626a818d355868776501e252bbdafb97029a5a9ebe31122f3509e3e359020a4",
  "output_prefix": "Thomson.GlobalCertificates.Production.Node3369015",
  "module": "Thomson.GlobalCertificates.Production.Node3369015.Assembled",
  "namespace": "Thomson.Five.GlobalCertificates.Production.Node3369015.Assembled",
  "core": {
    "module": "Thomson.GlobalCertificates.Production.Node3369015.Core",
    "source": "Thomson/GlobalCertificates/Production/Node3369015/Core.lean",
    "source_sha256": "b63ef24c4338485838422f63ebff920c28c347017f5e6ed33a9dffe4d831e22a",
    "source_bytes": 746316
  },
  "assembled": {
    "module": "Thomson.GlobalCertificates.Production.Node3369015.Assembled",
    "source": "Thomson/GlobalCertificates/Production/Node3369015/Assembled.lean",
    "source_sha256": "1d5bb879391cf7935cf7890790162181c6dbe9776ad5a12df55ae91bc13e6d9f",
    "source_bytes": 196697
  },
  "core_source": "Thomson/GlobalCertificates/Production/Node3369015/Core.lean",
  "assembled_source": "Thomson/GlobalCertificates/Production/Node3369015/Assembled.lean",
  "core_module": "Thomson.GlobalCertificates.Production.Node3369015.Core",
  "assembled_module": "Thomson.GlobalCertificates.Production.Node3369015.Assembled",
  "boundary_modules": [],
  "nodes": 107,
  "leaf_kinds": {
    "0": 53,
    "3": 26,
    "6": 26,
    "8": 2
  },
  "families": {
    "contraction": {
      "nodes": 107,
      "actual": 33,
      "rounds": 33,
      "actions": 56
    }
  },
  "reference_topology_sha256": {
    "vertex": "09629aa6d88e3007946041ee5bb5e7fe743b3242efca3b1b8ea02df65fe0eb34",
    "gradient": "58c374fbc03eab01d7423cf8888185f1410a0c20be14044aa309678ec2e4216c",
    "pair": "65dfe5f05c0cab641b03d13ff573dc6bfa3f1d0fef0ed66dcd91cede0438a8ce"
  },
  "generation_seconds": 0.11752862500725314,
  "kernel_check_required": true,
  "heartbeats": "default",
  "compiler_threads": 1,
  "core_memory_limit_mib": 2048,
  "assembled_memory_limit_mib": 3072
}
