{
  "format": "THOMSON_UNTRUSTED_MERGED_GROUP_V1",
  "root": 3359723,
  "selection": "/Users/archiebrowne/source/Thomson/Thomson/GlobalCertificates/Production/selections/Node3359723.json",
  "selection_sha256": "ad62451afba0c12c28b8a4adf8bf6a08f02967fc908ffc0016509706830e6600",
  "binary": "/Users/archiebrowne/source/Thomson/.lake/global-cover/search.bin",
  "binary_sha256": "6626a818d355868776501e252bbdafb97029a5a9ebe31122f3509e3e359020a4",
  "output_prefix": "Thomson.GlobalCertificates.Production.Node3359723",
  "module": "Thomson.GlobalCertificates.Production.Node3359723.Assembled",
  "namespace": "Thomson.Five.GlobalCertificates.Production.Node3359723.Assembled",
  "core": {
    "module": "Thomson.GlobalCertificates.Production.Node3359723.Core",
    "source": "Thomson/GlobalCertificates/Production/Node3359723/Core.lean",
    "source_sha256": "bccdc429153d949be3aeca56c5130c5e9f531b649527087b51a76f809840c48f",
    "source_bytes": 422442
  },
  "assembled": {
    "module": "Thomson.GlobalCertificates.Production.Node3359723.Assembled",
    "source": "Thomson/GlobalCertificates/Production/Node3359723/Assembled.lean",
    "source_sha256": "2213d5c5896ad245fb8c0b99cec9aa7d80b908b00fe65a2b29529775f2362047",
    "source_bytes": 119072
  },
  "core_source": "Thomson/GlobalCertificates/Production/Node3359723/Core.lean",
  "assembled_source": "Thomson/GlobalCertificates/Production/Node3359723/Assembled.lean",
  "core_module": "Thomson.GlobalCertificates.Production.Node3359723.Core",
  "assembled_module": "Thomson.GlobalCertificates.Production.Node3359723.Assembled",
  "boundary_modules": [],
  "nodes": 65,
  "leaf_kinds": {
    "0": 32,
    "3": 30,
    "6": 3
  },
  "families": {
    "contraction": {
      "nodes": 65,
      "actual": 28,
      "rounds": 28,
      "actions": 50
    }
  },
  "reference_topology_sha256": {
    "gradient": "58c374fbc03eab01d7423cf8888185f1410a0c20be14044aa309678ec2e4216c",
    "pair": "65dfe5f05c0cab641b03d13ff573dc6bfa3f1d0fef0ed66dcd91cede0438a8ce"
  },
  "generation_seconds": 0.06245141598628834,
  "kernel_check_required": true,
  "heartbeats": "default",
  "compiler_threads": 1,
  "core_memory_limit_mib": 2048,
  "assembled_memory_limit_mib": 3072
}
