{
  "format": "THOMSON_UNTRUSTED_MERGED_GROUP_V1",
  "root": 3365223,
  "selection": "/Users/archiebrowne/source/Thomson/Thomson/GlobalCertificates/Production/selections/Node3365223.json",
  "selection_sha256": "92bb7396a362bdec4e275aa5832c6fdffa6a0fa0f5530ef01a16acf1a2dab825",
  "binary": "/Users/archiebrowne/source/Thomson/.lake/global-cover/search.bin",
  "binary_sha256": "6626a818d355868776501e252bbdafb97029a5a9ebe31122f3509e3e359020a4",
  "output_prefix": "Thomson.GlobalCertificates.Production.Node3365223",
  "module": "Thomson.GlobalCertificates.Production.Node3365223.Assembled",
  "namespace": "Thomson.Five.GlobalCertificates.Production.Node3365223.Assembled",
  "core": {
    "module": "Thomson.GlobalCertificates.Production.Node3365223.Core",
    "source": "Thomson/GlobalCertificates/Production/Node3365223/Core.lean",
    "source_sha256": "860f0db967b82aa57d13ae00da867ee23a1c76581534c318d79abfebabbbe938",
    "source_bytes": 1247363
  },
  "assembled": {
    "module": "Thomson.GlobalCertificates.Production.Node3365223.Assembled",
    "source": "Thomson/GlobalCertificates/Production/Node3365223/Assembled.lean",
    "source_sha256": "6bbced1d82f715e9f17c4c23f68547b5fd783124742d063b33c49804466db29a",
    "source_bytes": 288126
  },
  "core_source": "Thomson/GlobalCertificates/Production/Node3365223/Core.lean",
  "assembled_source": "Thomson/GlobalCertificates/Production/Node3365223/Assembled.lean",
  "core_module": "Thomson.GlobalCertificates.Production.Node3365223.Core",
  "assembled_module": "Thomson.GlobalCertificates.Production.Node3365223.Assembled",
  "boundary_modules": [],
  "nodes": 161,
  "leaf_kinds": {
    "0": 80,
    "3": 66,
    "6": 8,
    "8": 7
  },
  "families": {
    "contraction": {
      "nodes": 161,
      "actual": 53,
      "rounds": 54,
      "actions": 103
    }
  },
  "reference_topology_sha256": {
    "vertex": "09629aa6d88e3007946041ee5bb5e7fe743b3242efca3b1b8ea02df65fe0eb34",
    "gradient": "58c374fbc03eab01d7423cf8888185f1410a0c20be14044aa309678ec2e4216c",
    "pair": "65dfe5f05c0cab641b03d13ff573dc6bfa3f1d0fef0ed66dcd91cede0438a8ce"
  },
  "generation_seconds": 0.19846358301583678,
  "kernel_check_required": true,
  "heartbeats": "default",
  "compiler_threads": 1,
  "core_memory_limit_mib": 2048,
  "assembled_memory_limit_mib": 3072
}
