{
  "format": "THOMSON_UNTRUSTED_MERGED_GROUP_V1",
  "root": 3318112,
  "selection": "/Users/archiebrowne/source/Thomson/Thomson/GlobalCertificates/Production/selections/Node3318112.json",
  "selection_sha256": "909f0de0bf9411e99df373fec1585fedd1318bcb4a5f3141f0ff4502f39b4175",
  "binary": "/Users/archiebrowne/source/Thomson/.lake/global-cover/search.bin",
  "binary_sha256": "6626a818d355868776501e252bbdafb97029a5a9ebe31122f3509e3e359020a4",
  "output_prefix": "Thomson.GlobalCertificates.Production.Node3318112",
  "module": "Thomson.GlobalCertificates.Production.Node3318112.Assembled",
  "namespace": "Thomson.Five.GlobalCertificates.Production.Node3318112.Assembled",
  "core": {
    "module": "Thomson.GlobalCertificates.Production.Node3318112.Core",
    "source": "Thomson/GlobalCertificates/Production/Node3318112/Core.lean",
    "source_sha256": "d45326ceefaedb4968940ee50decee03399508a7736ea08d92b02aff53a17f81",
    "source_bytes": 1773064
  },
  "assembled": {
    "module": "Thomson.GlobalCertificates.Production.Node3318112.Assembled",
    "source": "Thomson/GlobalCertificates/Production/Node3318112/Assembled.lean",
    "source_sha256": "7adc83768970a08aff2c595a865752d3b4d40a39894c6115629a536d36c955f0",
    "source_bytes": 378428
  },
  "core_source": "Thomson/GlobalCertificates/Production/Node3318112/Core.lean",
  "assembled_source": "Thomson/GlobalCertificates/Production/Node3318112/Assembled.lean",
  "core_module": "Thomson.GlobalCertificates.Production.Node3318112.Core",
  "assembled_module": "Thomson.GlobalCertificates.Production.Node3318112.Assembled",
  "boundary_modules": [],
  "nodes": 213,
  "leaf_kinds": {
    "0": 106,
    "3": 79,
    "6": 13,
    "8": 15
  },
  "families": {
    "contraction": {
      "nodes": 213,
      "actual": 23,
      "rounds": 23,
      "actions": 33
    }
  },
  "reference_topology_sha256": {
    "vertex": "09629aa6d88e3007946041ee5bb5e7fe743b3242efca3b1b8ea02df65fe0eb34",
    "gradient": "58c374fbc03eab01d7423cf8888185f1410a0c20be14044aa309678ec2e4216c",
    "pair": "65dfe5f05c0cab641b03d13ff573dc6bfa3f1d0fef0ed66dcd91cede0438a8ce"
  },
  "generation_seconds": 0.34231237502535805,
  "kernel_check_required": true,
  "heartbeats": "default",
  "compiler_threads": 1,
  "core_memory_limit_mib": 2048,
  "assembled_memory_limit_mib": 3072
}
