{
  "format": "THOMSON_UNTRUSTED_MERGED_GROUP_V1",
  "root": 3373733,
  "selection": "/Users/archiebrowne/source/Thomson/Thomson/GlobalCertificates/Production/selections/Node3373733.json",
  "selection_sha256": "3fd50ec7775d23fb7cf71dcfd48176c2e8b29dbaee3941edf3db0db7fbfec702",
  "binary": "/Users/archiebrowne/source/Thomson/.lake/global-cover/search.bin",
  "binary_sha256": "6626a818d355868776501e252bbdafb97029a5a9ebe31122f3509e3e359020a4",
  "output_prefix": "Thomson.GlobalCertificates.Production.Node3373733",
  "module": "Thomson.GlobalCertificates.Production.Node3373733.Assembled",
  "namespace": "Thomson.Five.GlobalCertificates.Production.Node3373733.Assembled",
  "core": {
    "module": "Thomson.GlobalCertificates.Production.Node3373733.Core",
    "source": "Thomson/GlobalCertificates/Production/Node3373733/Core.lean",
    "source_sha256": "10a9daed0d4d404f486f1f16a5994b9fa9a2d8a3c05a3f27744ffa446c30e4f1",
    "source_bytes": 919042
  },
  "assembled": {
    "module": "Thomson.GlobalCertificates.Production.Node3373733.Assembled",
    "source": "Thomson/GlobalCertificates/Production/Node3373733/Assembled.lean",
    "source_sha256": "a1a453682202113834413488794575b99fde2afbe2d105486c1cbcf879f21705",
    "source_bytes": 138214
  },
  "core_source": "Thomson/GlobalCertificates/Production/Node3373733/Core.lean",
  "assembled_source": "Thomson/GlobalCertificates/Production/Node3373733/Assembled.lean",
  "core_module": "Thomson.GlobalCertificates.Production.Node3373733.Core",
  "assembled_module": "Thomson.GlobalCertificates.Production.Node3373733.Assembled",
  "boundary_modules": [],
  "nodes": 75,
  "leaf_kinds": {
    "0": 37,
    "6": 26,
    "8": 12
  },
  "families": {
    "contraction": {
      "nodes": 75,
      "actual": 34,
      "rounds": 34,
      "actions": 122
    }
  },
  "reference_topology_sha256": {
    "vertex": "09629aa6d88e3007946041ee5bb5e7fe743b3242efca3b1b8ea02df65fe0eb34",
    "gradient": "58c374fbc03eab01d7423cf8888185f1410a0c20be14044aa309678ec2e4216c"
  },
  "generation_seconds": 0.21809512499021366,
  "kernel_check_required": true,
  "heartbeats": "default",
  "compiler_threads": 1,
  "core_memory_limit_mib": 2048,
  "assembled_memory_limit_mib": 3072
}
