{
  "format": "THOMSON_UNTRUSTED_MERGED_GROUP_V1",
  "root": 3377135,
  "selection": "/Users/archiebrowne/source/Thomson/Thomson/GlobalCertificates/Production/selections/Node3377135.json",
  "selection_sha256": "8a5e08758527ada465ef09e40cf5dcbea5127bcd32d874628b780bb5b2162743",
  "binary": "/Users/archiebrowne/source/Thomson/.lake/global-cover/search.bin",
  "binary_sha256": "6626a818d355868776501e252bbdafb97029a5a9ebe31122f3509e3e359020a4",
  "output_prefix": "Thomson.GlobalCertificates.Production.Node3377135",
  "module": "Thomson.GlobalCertificates.Production.Node3377135.Assembled",
  "namespace": "Thomson.Five.GlobalCertificates.Production.Node3377135.Assembled",
  "core": {
    "module": "Thomson.GlobalCertificates.Production.Node3377135.Core",
    "source": "Thomson/GlobalCertificates/Production/Node3377135/Core.lean",
    "source_sha256": "94ed2b5de060e9ce44dec2ba7a938bae7472040d168c3cb3a3962188cc85441c",
    "source_bytes": 1199314
  },
  "assembled": {
    "module": "Thomson.GlobalCertificates.Production.Node3377135.Assembled",
    "source": "Thomson/GlobalCertificates/Production/Node3377135/Assembled.lean",
    "source_sha256": "28b7a68202bde0d5b7bcd03a79190173fc8d5b784a1416d06f6f6d120f046ffa",
    "source_bytes": 214766
  },
  "core_source": "Thomson/GlobalCertificates/Production/Node3377135/Core.lean",
  "assembled_source": "Thomson/GlobalCertificates/Production/Node3377135/Assembled.lean",
  "core_module": "Thomson.GlobalCertificates.Production.Node3377135.Core",
  "assembled_module": "Thomson.GlobalCertificates.Production.Node3377135.Assembled",
  "boundary_modules": [],
  "nodes": 117,
  "leaf_kinds": {
    "0": 58,
    "6": 45,
    "8": 14
  },
  "families": {
    "contraction": {
      "nodes": 117,
      "actual": 16,
      "rounds": 16,
      "actions": 22
    }
  },
  "reference_topology_sha256": {
    "vertex": "09629aa6d88e3007946041ee5bb5e7fe743b3242efca3b1b8ea02df65fe0eb34",
    "gradient": "58c374fbc03eab01d7423cf8888185f1410a0c20be14044aa309678ec2e4216c"
  },
  "generation_seconds": 0.2848194580292329,
  "kernel_check_required": true,
  "heartbeats": "default",
  "compiler_threads": 1,
  "core_memory_limit_mib": 2048,
  "assembled_memory_limit_mib": 3072
}
