{
  "format": "THOMSON_UNTRUSTED_MERGED_GROUP_V1",
  "root": 3326311,
  "selection": "/Users/archiebrowne/source/Thomson/Thomson/GlobalCertificates/Production/selections/Node3326311.json",
  "selection_sha256": "458292dbee93e379f877f117a149491750118a6339c8a86b57246fd52c252cd1",
  "binary": "/Users/archiebrowne/source/Thomson/.lake/global-cover/search.bin",
  "binary_sha256": "6626a818d355868776501e252bbdafb97029a5a9ebe31122f3509e3e359020a4",
  "output_prefix": "Thomson.GlobalCertificates.Production.Node3326311",
  "module": "Thomson.GlobalCertificates.Production.Node3326311.Assembled",
  "namespace": "Thomson.Five.GlobalCertificates.Production.Node3326311.Assembled",
  "core": {
    "module": "Thomson.GlobalCertificates.Production.Node3326311.Core",
    "source": "Thomson/GlobalCertificates/Production/Node3326311/Core.lean",
    "source_sha256": "27550684846f80aa9e15ab378b794e1b84efa526802541f4719e5e9a47b534b4",
    "source_bytes": 1279610
  },
  "assembled": {
    "module": "Thomson.GlobalCertificates.Production.Node3326311.Assembled",
    "source": "Thomson/GlobalCertificates/Production/Node3326311/Assembled.lean",
    "source_sha256": "6e3317ba1b33a2ec413e7e0133e1a2d98c9a423b631991638f8e92c99fe939c2",
    "source_bytes": 256735
  },
  "core_source": "Thomson/GlobalCertificates/Production/Node3326311/Core.lean",
  "assembled_source": "Thomson/GlobalCertificates/Production/Node3326311/Assembled.lean",
  "core_module": "Thomson.GlobalCertificates.Production.Node3326311.Core",
  "assembled_module": "Thomson.GlobalCertificates.Production.Node3326311.Assembled",
  "boundary_modules": [],
  "nodes": 141,
  "leaf_kinds": {
    "0": 70,
    "3": 48,
    "6": 10,
    "8": 13
  },
  "families": {
    "contraction": {
      "nodes": 141,
      "actual": 5,
      "rounds": 5,
      "actions": 5
    }
  },
  "reference_topology_sha256": {
    "vertex": "09629aa6d88e3007946041ee5bb5e7fe743b3242efca3b1b8ea02df65fe0eb34",
    "gradient": "58c374fbc03eab01d7423cf8888185f1410a0c20be14044aa309678ec2e4216c",
    "pair": "65dfe5f05c0cab641b03d13ff573dc6bfa3f1d0fef0ed66dcd91cede0438a8ce"
  },
  "generation_seconds": 0.23800829099491239,
  "kernel_check_required": true,
  "heartbeats": "default",
  "compiler_threads": 1,
  "core_memory_limit_mib": 2048,
  "assembled_memory_limit_mib": 3072
}
