{
  "format": "THOMSON_UNTRUSTED_MERGED_GROUP_V1",
  "root": 3283237,
  "selection": "/Users/archiebrowne/source/Thomson/Thomson/GlobalCertificates/Production/selections/Node3283237.json",
  "selection_sha256": "170c6be0df30c888c3d84a4eaa6cf18063aa4f3dc243932e5f8b1eb0717fac69",
  "binary": "/Users/archiebrowne/source/Thomson/.lake/global-cover/search.bin",
  "binary_sha256": "6626a818d355868776501e252bbdafb97029a5a9ebe31122f3509e3e359020a4",
  "output_prefix": "Thomson.GlobalCertificates.Production.Node3283237",
  "module": "Thomson.GlobalCertificates.Production.Node3283237.Assembled",
  "namespace": "Thomson.Five.GlobalCertificates.Production.Node3283237.Assembled",
  "core": {
    "module": "Thomson.GlobalCertificates.Production.Node3283237.Core",
    "source": "Thomson/GlobalCertificates/Production/Node3283237/Core.lean",
    "source_sha256": "be105020711a54a383a7edd8f6ad7a1f87891279f6f1686ee93a5dda8f8c89cd",
    "source_bytes": 416163
  },
  "assembled": {
    "module": "Thomson.GlobalCertificates.Production.Node3283237.Assembled",
    "source": "Thomson/GlobalCertificates/Production/Node3283237/Assembled.lean",
    "source_sha256": "67b79b32b6eca51cd4bb3020a95559c306dc2a2058cbae996b21c5587570aba4",
    "source_bytes": 31570
  },
  "core_source": "Thomson/GlobalCertificates/Production/Node3283237/Core.lean",
  "assembled_source": "Thomson/GlobalCertificates/Production/Node3283237/Assembled.lean",
  "core_module": "Thomson.GlobalCertificates.Production.Node3283237.Core",
  "assembled_module": "Thomson.GlobalCertificates.Production.Node3283237.Assembled",
  "boundary_modules": [],
  "nodes": 17,
  "leaf_kinds": {
    "0": 8,
    "8": 9
  },
  "families": {
    "contraction": {
      "nodes": 17,
      "actual": 2,
      "rounds": 2,
      "actions": 2
    }
  },
  "reference_topology_sha256": {
    "vertex": "09629aa6d88e3007946041ee5bb5e7fe743b3242efca3b1b8ea02df65fe0eb34"
  },
  "generation_seconds": 0.20767545799026266,
  "kernel_check_required": true,
  "heartbeats": "default",
  "compiler_threads": 1,
  "core_memory_limit_mib": 2048,
  "assembled_memory_limit_mib": 3072
}
