{
  "format": "THOMSON_UNTRUSTED_MERGED_GROUP_V1",
  "root": 3289433,
  "selection": "/Users/archiebrowne/source/Thomson/Thomson/GlobalCertificates/Production/selections/Node3289433.json",
  "selection_sha256": "eb352ecc34994b69af3e40913f070580951fa49ffada8dc6d377a4efe31a1226",
  "binary": "/Users/archiebrowne/source/Thomson/.lake/global-cover/search.bin",
  "binary_sha256": "6626a818d355868776501e252bbdafb97029a5a9ebe31122f3509e3e359020a4",
  "output_prefix": "Thomson.GlobalCertificates.Production.Node3289433",
  "module": "Thomson.GlobalCertificates.Production.Node3289433.Assembled",
  "namespace": "Thomson.Five.GlobalCertificates.Production.Node3289433.Assembled",
  "core": {
    "module": "Thomson.GlobalCertificates.Production.Node3289433.Core",
    "source": "Thomson/GlobalCertificates/Production/Node3289433/Core.lean",
    "source_sha256": "9d4298d8121eba6af6e5752fa93c860908c5fd0c6a5df5938fef3dacbd275f35",
    "source_bytes": 1867789
  },
  "assembled": {
    "module": "Thomson.GlobalCertificates.Production.Node3289433.Assembled",
    "source": "Thomson/GlobalCertificates/Production/Node3289433/Assembled.lean",
    "source_sha256": "9a2fab2bca2b33a529a70c3279965d59bb3b926f62a7a22130e702a45ea08f57",
    "source_bytes": 141933
  },
  "core_source": "Thomson/GlobalCertificates/Production/Node3289433/Core.lean",
  "assembled_source": "Thomson/GlobalCertificates/Production/Node3289433/Assembled.lean",
  "core_module": "Thomson.GlobalCertificates.Production.Node3289433.Core",
  "assembled_module": "Thomson.GlobalCertificates.Production.Node3289433.Assembled",
  "boundary_modules": [],
  "nodes": 81,
  "leaf_kinds": {
    "0": 40,
    "6": 1,
    "8": 40
  },
  "families": {
    "contraction": {
      "nodes": 81,
      "actual": 12,
      "rounds": 12,
      "actions": 15
    }
  },
  "reference_topology_sha256": {
    "vertex": "09629aa6d88e3007946041ee5bb5e7fe743b3242efca3b1b8ea02df65fe0eb34",
    "gradient": "58c374fbc03eab01d7423cf8888185f1410a0c20be14044aa309678ec2e4216c"
  },
  "generation_seconds": 0.3939321670331992,
  "kernel_check_required": true,
  "heartbeats": "default",
  "compiler_threads": 1,
  "core_memory_limit_mib": 2048,
  "assembled_memory_limit_mib": 3072
}
