{
  "format": "THOMSON_UNTRUSTED_MERGED_GROUP_V1",
  "root": 3347923,
  "selection": "/Users/archiebrowne/source/Thomson/Thomson/GlobalCertificates/Production/selections/Node3347923.json",
  "selection_sha256": "c41e81a91c32dad8c4a37a7c8dd3a9345804b467b737744b0e211911c7a7ce94",
  "binary": "/Users/archiebrowne/source/Thomson/.lake/global-cover/search.bin",
  "binary_sha256": "6626a818d355868776501e252bbdafb97029a5a9ebe31122f3509e3e359020a4",
  "output_prefix": "Thomson.GlobalCertificates.Production.Node3347923",
  "module": "Thomson.GlobalCertificates.Production.Node3347923.Assembled",
  "namespace": "Thomson.Five.GlobalCertificates.Production.Node3347923.Assembled",
  "core": {
    "module": "Thomson.GlobalCertificates.Production.Node3347923.Core",
    "source": "Thomson/GlobalCertificates/Production/Node3347923/Core.lean",
    "source_sha256": "dfbed3a6ffdec555117c4d2d0989911309d13ff303432932ef86c01853083cf2",
    "source_bytes": 2131815
  },
  "assembled": {
    "module": "Thomson.GlobalCertificates.Production.Node3347923.Assembled",
    "source": "Thomson/GlobalCertificates/Production/Node3347923/Assembled.lean",
    "source_sha256": "e9f0c57385e06d2118dc35b14f2e0f5e6c2200aa14d1d40291d4b47bc8c75921",
    "source_bytes": 188822
  },
  "core_source": "Thomson/GlobalCertificates/Production/Node3347923/Core.lean",
  "assembled_source": "Thomson/GlobalCertificates/Production/Node3347923/Assembled.lean",
  "core_module": "Thomson.GlobalCertificates.Production.Node3347923.Core",
  "assembled_module": "Thomson.GlobalCertificates.Production.Node3347923.Assembled",
  "boundary_modules": [],
  "nodes": 105,
  "leaf_kinds": {
    "0": 52,
    "6": 10,
    "8": 43
  },
  "families": {
    "contraction": {
      "nodes": 105,
      "actual": 16,
      "rounds": 16,
      "actions": 21
    }
  },
  "reference_topology_sha256": {
    "vertex": "09629aa6d88e3007946041ee5bb5e7fe743b3242efca3b1b8ea02df65fe0eb34",
    "gradient": "58c374fbc03eab01d7423cf8888185f1410a0c20be14044aa309678ec2e4216c"
  },
  "generation_seconds": 0.44650791701860726,
  "kernel_check_required": true,
  "heartbeats": "default",
  "compiler_threads": 1,
  "core_memory_limit_mib": 2048,
  "assembled_memory_limit_mib": 3072
}
