{
  "format": "THOMSON_UNTRUSTED_MERGED_GROUP_V1",
  "root": 3323308,
  "selection": "/Users/archiebrowne/source/Thomson/Thomson/GlobalCertificates/Production/selections/Node3323308.json",
  "selection_sha256": "b6656fa1be7b76b4efa4ebf17002c23bf42c789549620108eca27b2462af54ba",
  "binary": "/Users/archiebrowne/source/Thomson/.lake/global-cover/search.bin",
  "binary_sha256": "6626a818d355868776501e252bbdafb97029a5a9ebe31122f3509e3e359020a4",
  "output_prefix": "Thomson.GlobalCertificates.Production.Node3323308",
  "module": "Thomson.GlobalCertificates.Production.Node3323308.Assembled",
  "namespace": "Thomson.Five.GlobalCertificates.Production.Node3323308.Assembled",
  "core": {
    "module": "Thomson.GlobalCertificates.Production.Node3323308.Core",
    "source": "Thomson/GlobalCertificates/Production/Node3323308/Core.lean",
    "source_sha256": "90d569d9ab3d0ddef57b6e635193a3857ec16913e158c4f8b794f69379d7e5b4",
    "source_bytes": 1208244
  },
  "assembled": {
    "module": "Thomson.GlobalCertificates.Production.Node3323308.Assembled",
    "source": "Thomson/GlobalCertificates/Production/Node3323308/Assembled.lean",
    "source_sha256": "22417e59d29881acf034b22341c7eca962784752d2a8e7114570cffee32dcd21",
    "source_bytes": 359397
  },
  "core_source": "Thomson/GlobalCertificates/Production/Node3323308/Core.lean",
  "assembled_source": "Thomson/GlobalCertificates/Production/Node3323308/Assembled.lean",
  "core_module": "Thomson.GlobalCertificates.Production.Node3323308.Core",
  "assembled_module": "Thomson.GlobalCertificates.Production.Node3323308.Assembled",
  "boundary_modules": [],
  "nodes": 205,
  "leaf_kinds": {
    "0": 102,
    "3": 37,
    "6": 66
  },
  "families": {
    "contraction": {
      "nodes": 205,
      "actual": 22,
      "rounds": 22,
      "actions": 22
    }
  },
  "reference_topology_sha256": {
    "gradient": "58c374fbc03eab01d7423cf8888185f1410a0c20be14044aa309678ec2e4216c",
    "pair": "65dfe5f05c0cab641b03d13ff573dc6bfa3f1d0fef0ed66dcd91cede0438a8ce"
  },
  "generation_seconds": 0.2557648330111988,
  "kernel_check_required": true,
  "heartbeats": "default",
  "compiler_threads": 1,
  "core_memory_limit_mib": 2048,
  "assembled_memory_limit_mib": 3072
}
