{
  "format": "THOMSON_UNTRUSTED_MERGED_GROUP_V1",
  "root": 3321427,
  "selection": "/Users/archiebrowne/source/Thomson/Thomson/GlobalCertificates/Production/selections/Node3321427.json",
  "selection_sha256": "9d21e2c01fc294d49634e76566f6ce4ab42c2c1b0ada860bf791e2dd467f2572",
  "binary": "/Users/archiebrowne/source/Thomson/.lake/global-cover/search.bin",
  "binary_sha256": "6626a818d355868776501e252bbdafb97029a5a9ebe31122f3509e3e359020a4",
  "output_prefix": "Thomson.GlobalCertificates.Production.Node3321427",
  "module": "Thomson.GlobalCertificates.Production.Node3321427.Assembled",
  "namespace": "Thomson.Five.GlobalCertificates.Production.Node3321427.Assembled",
  "core": {
    "module": "Thomson.GlobalCertificates.Production.Node3321427.Core",
    "source": "Thomson/GlobalCertificates/Production/Node3321427/Core.lean",
    "source_sha256": "3db138e939fb32b5d68b15cc7c62386a172ed7f012c93909105467f9c58bd690",
    "source_bytes": 11537
  },
  "assembled": {
    "module": "Thomson.GlobalCertificates.Production.Node3321427.Assembled",
    "source": "Thomson/GlobalCertificates/Production/Node3321427/Assembled.lean",
    "source_sha256": "db254f04d8c3b271383f3ebbf2a9ada738ce53080ab400b26e6d7f9863f2e4d6",
    "source_bytes": 3563
  },
  "core_source": "Thomson/GlobalCertificates/Production/Node3321427/Core.lean",
  "assembled_source": "Thomson/GlobalCertificates/Production/Node3321427/Assembled.lean",
  "core_module": "Thomson.GlobalCertificates.Production.Node3321427.Core",
  "assembled_module": "Thomson.GlobalCertificates.Production.Node3321427.Assembled",
  "boundary_modules": [],
  "nodes": 1,
  "leaf_kinds": {
    "3": 1
  },
  "families": {
    "contraction": {
      "nodes": 1,
      "actual": 0,
      "rounds": 0,
      "actions": 0
    }
  },
  "reference_topology_sha256": {
    "pair": "65dfe5f05c0cab641b03d13ff573dc6bfa3f1d0fef0ed66dcd91cede0438a8ce"
  },
  "generation_seconds": 0.004675666044931859,
  "kernel_check_required": true,
  "heartbeats": "default",
  "compiler_threads": 1,
  "core_memory_limit_mib": 2048,
  "assembled_memory_limit_mib": 3072
}
