{
  "format": "THOMSON_UNTRUSTED_MERGED_GROUP_V1",
  "root": 3280189,
  "selection": "/Users/archiebrowne/source/Thomson/Thomson/GlobalCertificates/Production/selections/Node3280189.json",
  "selection_sha256": "b659beced1eba7c90f3eec6bfffb30e7345a8f2d69fab23640923fc143e38fce",
  "binary": "/Users/archiebrowne/source/Thomson/.lake/global-cover/search.bin",
  "binary_sha256": "6626a818d355868776501e252bbdafb97029a5a9ebe31122f3509e3e359020a4",
  "output_prefix": "Thomson.GlobalCertificates.Production.Node3280189",
  "module": "Thomson.GlobalCertificates.Production.Node3280189.Assembled",
  "namespace": "Thomson.Five.GlobalCertificates.Production.Node3280189.Assembled",
  "core": {
    "module": "Thomson.GlobalCertificates.Production.Node3280189.Core",
    "source": "Thomson/GlobalCertificates/Production/Node3280189/Core.lean",
    "source_sha256": "8fa5aa9a07342a3f26c2db2dd52503a6755161d43b3609a00989cab807f8f944",
    "source_bytes": 429300
  },
  "assembled": {
    "module": "Thomson.GlobalCertificates.Production.Node3280189.Assembled",
    "source": "Thomson/GlobalCertificates/Production/Node3280189/Assembled.lean",
    "source_sha256": "9bfa15fb44a1542a2a8475e81959a255ebdff21d99ebcc822b47d6919155a23d",
    "source_bytes": 35763
  },
  "core_source": "Thomson/GlobalCertificates/Production/Node3280189/Core.lean",
  "assembled_source": "Thomson/GlobalCertificates/Production/Node3280189/Assembled.lean",
  "core_module": "Thomson.GlobalCertificates.Production.Node3280189.Core",
  "assembled_module": "Thomson.GlobalCertificates.Production.Node3280189.Assembled",
  "boundary_modules": [],
  "nodes": 19,
  "leaf_kinds": {
    "0": 9,
    "2": 1,
    "8": 9
  },
  "families": {
    "contraction": {
      "nodes": 19,
      "actual": 6,
      "rounds": 6,
      "actions": 10
    },
    "rejection": {
      "leaves": 1,
      "rounds": 0,
      "actions": 0
    }
  },
  "reference_topology_sha256": {
    "vertex": "09629aa6d88e3007946041ee5bb5e7fe743b3242efca3b1b8ea02df65fe0eb34"
  },
  "generation_seconds": 0.09035408397903666,
  "kernel_check_required": true,
  "heartbeats": "default",
  "compiler_threads": 1,
  "core_memory_limit_mib": 2048,
  "assembled_memory_limit_mib": 3072
}
