{
  "format": "THOMSON_UNTRUSTED_MERGED_GROUP_V1",
  "root": 3353181,
  "selection": "/Users/archiebrowne/source/Thomson/Thomson/GlobalCertificates/Production/selections/Node3353181.json",
  "selection_sha256": "3ab837b03996f4d2da8da05626506266351ff400451aa64567810564a2ba5339",
  "binary": "/Users/archiebrowne/source/Thomson/.lake/global-cover/search.bin",
  "binary_sha256": "6626a818d355868776501e252bbdafb97029a5a9ebe31122f3509e3e359020a4",
  "output_prefix": "Thomson.GlobalCertificates.Production.Node3353181",
  "module": "Thomson.GlobalCertificates.Production.Node3353181.Assembled",
  "namespace": "Thomson.Five.GlobalCertificates.Production.Node3353181.Assembled",
  "core": {
    "module": "Thomson.GlobalCertificates.Production.Node3353181.Core",
    "source": "Thomson/GlobalCertificates/Production/Node3353181/Core.lean",
    "source_sha256": "d805877f2337cf02cadc06476606baaa43f717f234ff39726787ce2aa4a6675e",
    "source_bytes": 1765560
  },
  "assembled": {
    "module": "Thomson.GlobalCertificates.Production.Node3353181.Assembled",
    "source": "Thomson/GlobalCertificates/Production/Node3353181/Assembled.lean",
    "source_sha256": "2f85fba267656cb115a971a59a114e2612b141701fd7be3b6be975539b986617",
    "source_bytes": 226317
  },
  "core_source": "Thomson/GlobalCertificates/Production/Node3353181/Core.lean",
  "assembled_source": "Thomson/GlobalCertificates/Production/Node3353181/Assembled.lean",
  "core_module": "Thomson.GlobalCertificates.Production.Node3353181.Core",
  "assembled_module": "Thomson.GlobalCertificates.Production.Node3353181.Assembled",
  "boundary_modules": [],
  "nodes": 125,
  "leaf_kinds": {
    "0": 62,
    "3": 17,
    "6": 20,
    "8": 26
  },
  "families": {
    "contraction": {
      "nodes": 125,
      "actual": 63,
      "rounds": 63,
      "actions": 156
    }
  },
  "reference_topology_sha256": {
    "vertex": "09629aa6d88e3007946041ee5bb5e7fe743b3242efca3b1b8ea02df65fe0eb34",
    "gradient": "58c374fbc03eab01d7423cf8888185f1410a0c20be14044aa309678ec2e4216c",
    "pair": "65dfe5f05c0cab641b03d13ff573dc6bfa3f1d0fef0ed66dcd91cede0438a8ce"
  },
  "generation_seconds": 0.3360170000232756,
  "kernel_check_required": true,
  "heartbeats": "default",
  "compiler_threads": 1,
  "core_memory_limit_mib": 2048,
  "assembled_memory_limit_mib": 3072
}
