{
  "format": "THOMSON_UNTRUSTED_MERGED_GROUP_V1",
  "root": 3283240,
  "selection": "/Users/archiebrowne/source/Thomson/Thomson/GlobalCertificates/Production/selections/Node3283240.json",
  "selection_sha256": "b51262f2a807cf6537a9894f89b3220c5dac738ed03a7f7adfe29d7baf535c56",
  "binary": "/Users/archiebrowne/source/Thomson/.lake/global-cover/search.bin",
  "binary_sha256": "6626a818d355868776501e252bbdafb97029a5a9ebe31122f3509e3e359020a4",
  "output_prefix": "Thomson.GlobalCertificates.Production.Node3283240",
  "module": "Thomson.GlobalCertificates.Production.Node3283240.Assembled",
  "namespace": "Thomson.Five.GlobalCertificates.Production.Node3283240.Assembled",
  "core": {
    "module": "Thomson.GlobalCertificates.Production.Node3283240.Core",
    "source": "Thomson/GlobalCertificates/Production/Node3283240/Core.lean",
    "source_sha256": "46f3facd40fae9e2e43715a8503ea20456085bb0355769db1544c40b3e315567",
    "source_bytes": 734384
  },
  "assembled": {
    "module": "Thomson.GlobalCertificates.Production.Node3283240.Assembled",
    "source": "Thomson/GlobalCertificates/Production/Node3283240/Assembled.lean",
    "source_sha256": "c570908d1c0c20a743e6fc991e6b7b0d49290ce47b2da65d56a814617fa6c7a3",
    "source_bytes": 55145
  },
  "core_source": "Thomson/GlobalCertificates/Production/Node3283240/Core.lean",
  "assembled_source": "Thomson/GlobalCertificates/Production/Node3283240/Assembled.lean",
  "core_module": "Thomson.GlobalCertificates.Production.Node3283240.Core",
  "assembled_module": "Thomson.GlobalCertificates.Production.Node3283240.Assembled",
  "boundary_modules": [],
  "nodes": 31,
  "leaf_kinds": {
    "0": 15,
    "8": 16
  },
  "families": {
    "contraction": {
      "nodes": 31,
      "actual": 1,
      "rounds": 1,
      "actions": 1
    }
  },
  "reference_topology_sha256": {
    "vertex": "09629aa6d88e3007946041ee5bb5e7fe743b3242efca3b1b8ea02df65fe0eb34"
  },
  "generation_seconds": 0.19363995897583663,
  "kernel_check_required": true,
  "heartbeats": "default",
  "compiler_threads": 1,
  "core_memory_limit_mib": 2048,
  "assembled_memory_limit_mib": 3072
}
