{
  "format": "THOMSON_UNTRUSTED_MERGED_GROUP_V1",
  "root": 3300711,
  "selection": "/Users/archiebrowne/source/Thomson/Thomson/GlobalCertificates/Production/selections/Node3300711.json",
  "selection_sha256": "e68153d3a4118f7b4c1dc594c51a77b8d639433df9120b65feb243ea810ae90e",
  "binary": "/Users/archiebrowne/source/Thomson/.lake/global-cover/search.bin",
  "binary_sha256": "6626a818d355868776501e252bbdafb97029a5a9ebe31122f3509e3e359020a4",
  "output_prefix": "Thomson.GlobalCertificates.Production.Node3300711",
  "module": "Thomson.GlobalCertificates.Production.Node3300711.Assembled",
  "namespace": "Thomson.Five.GlobalCertificates.Production.Node3300711.Assembled",
  "core": {
    "module": "Thomson.GlobalCertificates.Production.Node3300711.Core",
    "source": "Thomson/GlobalCertificates/Production/Node3300711/Core.lean",
    "source_sha256": "e423075f29bb5709f6de1b31815e8e96c9ee21f26958f55a8e0e4ca306c22615",
    "source_bytes": 1381186
  },
  "assembled": {
    "module": "Thomson.GlobalCertificates.Production.Node3300711.Assembled",
    "source": "Thomson/GlobalCertificates/Production/Node3300711/Assembled.lean",
    "source_sha256": "0cf039f60c0882795a533e942b20c5ea2ebfad795bf85e54668f4de956d920bd",
    "source_bytes": 110063
  },
  "core_source": "Thomson/GlobalCertificates/Production/Node3300711/Core.lean",
  "assembled_source": "Thomson/GlobalCertificates/Production/Node3300711/Assembled.lean",
  "core_module": "Thomson.GlobalCertificates.Production.Node3300711.Core",
  "assembled_module": "Thomson.GlobalCertificates.Production.Node3300711.Assembled",
  "boundary_modules": [],
  "nodes": 61,
  "leaf_kinds": {
    "0": 30,
    "6": 2,
    "8": 29
  },
  "families": {
    "contraction": {
      "nodes": 61,
      "actual": 11,
      "rounds": 11,
      "actions": 11
    }
  },
  "reference_topology_sha256": {
    "vertex": "09629aa6d88e3007946041ee5bb5e7fe743b3242efca3b1b8ea02df65fe0eb34",
    "gradient": "58c374fbc03eab01d7423cf8888185f1410a0c20be14044aa309678ec2e4216c"
  },
  "generation_seconds": 0.31500191695522517,
  "kernel_check_required": true,
  "heartbeats": "default",
  "compiler_threads": 1,
  "core_memory_limit_mib": 2048,
  "assembled_memory_limit_mib": 3072
}
