{
  "format": "THOMSON_UNTRUSTED_MERGED_GROUP_V1",
  "root": 3341997,
  "selection": "/Users/archiebrowne/source/Thomson/Thomson/GlobalCertificates/Production/selections/Node3341997.json",
  "selection_sha256": "7c719054819f3d5bee76741fce86b79e273906048529142a120fd6ef221f7a97",
  "binary": "/Users/archiebrowne/source/Thomson/.lake/global-cover/search.bin",
  "binary_sha256": "6626a818d355868776501e252bbdafb97029a5a9ebe31122f3509e3e359020a4",
  "output_prefix": "Thomson.GlobalCertificates.Production.Node3341997",
  "module": "Thomson.GlobalCertificates.Production.Node3341997.Assembled",
  "namespace": "Thomson.Five.GlobalCertificates.Production.Node3341997.Assembled",
  "core": {
    "module": "Thomson.GlobalCertificates.Production.Node3341997.Core",
    "source": "Thomson/GlobalCertificates/Production/Node3341997/Core.lean",
    "source_sha256": "758e45e57e013da10d579527f989713ea982d8b12adf0ebfb2fc40b0df4c4f88",
    "source_bytes": 887534
  },
  "assembled": {
    "module": "Thomson.GlobalCertificates.Production.Node3341997.Assembled",
    "source": "Thomson/GlobalCertificates/Production/Node3341997/Assembled.lean",
    "source_sha256": "f1c78a5fb5befcd07d3233b7920d58e7522e3238b6c847a70ca56e1598529a5e",
    "source_bytes": 187953
  },
  "core_source": "Thomson/GlobalCertificates/Production/Node3341997/Core.lean",
  "assembled_source": "Thomson/GlobalCertificates/Production/Node3341997/Assembled.lean",
  "core_module": "Thomson.GlobalCertificates.Production.Node3341997.Core",
  "assembled_module": "Thomson.GlobalCertificates.Production.Node3341997.Assembled",
  "boundary_modules": [],
  "nodes": 103,
  "leaf_kinds": {
    "0": 51,
    "3": 34,
    "6": 10,
    "8": 8
  },
  "families": {
    "contraction": {
      "nodes": 103,
      "actual": 8,
      "rounds": 8,
      "actions": 8
    }
  },
  "reference_topology_sha256": {
    "vertex": "09629aa6d88e3007946041ee5bb5e7fe743b3242efca3b1b8ea02df65fe0eb34",
    "gradient": "58c374fbc03eab01d7423cf8888185f1410a0c20be14044aa309678ec2e4216c",
    "pair": "65dfe5f05c0cab641b03d13ff573dc6bfa3f1d0fef0ed66dcd91cede0438a8ce"
  },
  "generation_seconds": 0.16057141596684232,
  "kernel_check_required": true,
  "heartbeats": "default",
  "compiler_threads": 1,
  "core_memory_limit_mib": 2048,
  "assembled_memory_limit_mib": 3072
}
