{
  "format": "THOMSON_UNTRUSTED_MERGED_GROUP_V1",
  "root": 3312414,
  "selection": "/Users/archiebrowne/source/Thomson/Thomson/GlobalCertificates/Production/selections/Node3312414.json",
  "selection_sha256": "bdc71bac6d29391b21ba87e9f591191afc798d18f564fd2aaac80e7c1e78c055",
  "binary": "/Users/archiebrowne/source/Thomson/.lake/global-cover/search.bin",
  "binary_sha256": "6626a818d355868776501e252bbdafb97029a5a9ebe31122f3509e3e359020a4",
  "output_prefix": "Thomson.GlobalCertificates.Production.Node3312414",
  "module": "Thomson.GlobalCertificates.Production.Node3312414.Assembled",
  "namespace": "Thomson.Five.GlobalCertificates.Production.Node3312414.Assembled",
  "core": {
    "module": "Thomson.GlobalCertificates.Production.Node3312414.Core",
    "source": "Thomson/GlobalCertificates/Production/Node3312414/Core.lean",
    "source_sha256": "6c860b34cc0ffaac7180b5a052469d51cd19944d199de1f201b118304210520c",
    "source_bytes": 4043569
  },
  "assembled": {
    "module": "Thomson.GlobalCertificates.Production.Node3312414.Assembled",
    "source": "Thomson/GlobalCertificates/Production/Node3312414/Assembled.lean",
    "source_sha256": "92c1d18808e939ba5573d330c2f10158217373cd6d032c2346eec9be586b2802",
    "source_bytes": 357085
  },
  "core_source": "Thomson/GlobalCertificates/Production/Node3312414/Core.lean",
  "assembled_source": "Thomson/GlobalCertificates/Production/Node3312414/Assembled.lean",
  "core_module": "Thomson.GlobalCertificates.Production.Node3312414.Core",
  "assembled_module": "Thomson.GlobalCertificates.Production.Node3312414.Assembled",
  "boundary_modules": [],
  "nodes": 201,
  "leaf_kinds": {
    "0": 100,
    "3": 1,
    "6": 18,
    "8": 82
  },
  "families": {
    "contraction": {
      "nodes": 201,
      "actual": 14,
      "rounds": 14,
      "actions": 14
    }
  },
  "reference_topology_sha256": {
    "vertex": "09629aa6d88e3007946041ee5bb5e7fe743b3242efca3b1b8ea02df65fe0eb34",
    "gradient": "58c374fbc03eab01d7423cf8888185f1410a0c20be14044aa309678ec2e4216c",
    "pair": "65dfe5f05c0cab641b03d13ff573dc6bfa3f1d0fef0ed66dcd91cede0438a8ce"
  },
  "generation_seconds": 1.438208541017957,
  "kernel_check_required": true,
  "heartbeats": "default",
  "compiler_threads": 1,
  "core_memory_limit_mib": 2048,
  "assembled_memory_limit_mib": 3072
}
