{
  "format": "THOMSON_UNTRUSTED_MERGED_GROUP_V1",
  "root": 3339501,
  "selection": "/Users/archiebrowne/source/Thomson/Thomson/GlobalCertificates/Production/selections/Node3339501.json",
  "selection_sha256": "1d83f6a878ca8986025d399395e74abc39ae252b7516db5e3f356eee032b696e",
  "binary": "/Users/archiebrowne/source/Thomson/.lake/global-cover/search.bin",
  "binary_sha256": "6626a818d355868776501e252bbdafb97029a5a9ebe31122f3509e3e359020a4",
  "output_prefix": "Thomson.GlobalCertificates.Production.Node3339501",
  "module": "Thomson.GlobalCertificates.Production.Node3339501.Assembled",
  "namespace": "Thomson.Five.GlobalCertificates.Production.Node3339501.Assembled",
  "core": {
    "module": "Thomson.GlobalCertificates.Production.Node3339501.Core",
    "source": "Thomson/GlobalCertificates/Production/Node3339501/Core.lean",
    "source_sha256": "b4f092dbf2457defe7aa757b351d36581631b6b140439e61873273e6177deab2",
    "source_bytes": 4718479
  },
  "assembled": {
    "module": "Thomson.GlobalCertificates.Production.Node3339501.Assembled",
    "source": "Thomson/GlobalCertificates/Production/Node3339501/Assembled.lean",
    "source_sha256": "4c8359027f630d8c9ec325efaf9038f97a0e6d105864bf8f59ef8b950b2fa985",
    "source_bytes": 396074
  },
  "core_source": "Thomson/GlobalCertificates/Production/Node3339501/Core.lean",
  "assembled_source": "Thomson/GlobalCertificates/Production/Node3339501/Assembled.lean",
  "core_module": "Thomson.GlobalCertificates.Production.Node3339501.Core",
  "assembled_module": "Thomson.GlobalCertificates.Production.Node3339501.Assembled",
  "boundary_modules": [],
  "nodes": 223,
  "leaf_kinds": {
    "0": 111,
    "6": 18,
    "8": 94
  },
  "families": {
    "contraction": {
      "nodes": 223,
      "actual": 89,
      "rounds": 90,
      "actions": 194
    }
  },
  "reference_topology_sha256": {
    "vertex": "09629aa6d88e3007946041ee5bb5e7fe743b3242efca3b1b8ea02df65fe0eb34",
    "gradient": "58c374fbc03eab01d7423cf8888185f1410a0c20be14044aa309678ec2e4216c"
  },
  "generation_seconds": 0.957469500019215,
  "kernel_check_required": true,
  "heartbeats": "default",
  "compiler_threads": 1,
  "core_memory_limit_mib": 2048,
  "assembled_memory_limit_mib": 3072
}
