{
  "format": "THOMSON_UNTRUSTED_MERGED_GROUP_V1",
  "root": 3373737,
  "selection": "/Users/archiebrowne/source/Thomson/Thomson/GlobalCertificates/Production/selections/Node3373737.json",
  "selection_sha256": "e9a4687675165259408b46683ff96cf583d1e28f7e93ba914c3e3cf91ee1e8a9",
  "binary": "/Users/archiebrowne/source/Thomson/.lake/global-cover/search.bin",
  "binary_sha256": "6626a818d355868776501e252bbdafb97029a5a9ebe31122f3509e3e359020a4",
  "output_prefix": "Thomson.GlobalCertificates.Production.Node3373737",
  "module": "Thomson.GlobalCertificates.Production.Node3373737.Assembled",
  "namespace": "Thomson.Five.GlobalCertificates.Production.Node3373737.Assembled",
  "core": {
    "module": "Thomson.GlobalCertificates.Production.Node3373737.Core",
    "source": "Thomson/GlobalCertificates/Production/Node3373737/Core.lean",
    "source_sha256": "8cf7c0bfdecbb4fce6f8f8563380af784964d7fc022d07f02e4b48bd1aec576c",
    "source_bytes": 4242462
  },
  "assembled": {
    "module": "Thomson.GlobalCertificates.Production.Node3373737.Assembled",
    "source": "Thomson/GlobalCertificates/Production/Node3373737/Assembled.lean",
    "source_sha256": "fb0ffc173990caa2502f50737b85ebb32b7f681df54537b547b3a3d7aa064def",
    "source_bytes": 333581
  },
  "core_source": "Thomson/GlobalCertificates/Production/Node3373737/Core.lean",
  "assembled_source": "Thomson/GlobalCertificates/Production/Node3373737/Assembled.lean",
  "core_module": "Thomson.GlobalCertificates.Production.Node3373737.Core",
  "assembled_module": "Thomson.GlobalCertificates.Production.Node3373737.Assembled",
  "boundary_modules": [],
  "nodes": 189,
  "leaf_kinds": {
    "0": 94,
    "6": 7,
    "8": 88
  },
  "families": {
    "contraction": {
      "nodes": 189,
      "actual": 54,
      "rounds": 54,
      "actions": 122
    }
  },
  "reference_topology_sha256": {
    "vertex": "09629aa6d88e3007946041ee5bb5e7fe743b3242efca3b1b8ea02df65fe0eb34",
    "gradient": "58c374fbc03eab01d7423cf8888185f1410a0c20be14044aa309678ec2e4216c"
  },
  "generation_seconds": 0.9903391249827109,
  "kernel_check_required": true,
  "heartbeats": "default",
  "compiler_threads": 1,
  "core_memory_limit_mib": 2048,
  "assembled_memory_limit_mib": 3072
}
