{
  "format": "THOMSON_UNTRUSTED_MERGED_GROUP_V1",
  "root": 3289063,
  "selection": "/Users/archiebrowne/source/Thomson/Thomson/GlobalCertificates/Production/selections/Node3289063.json",
  "selection_sha256": "d92edc579bc948a53cb1a6d6234c073f32731bf0bb0f0fa62a74c2ed040e6eb9",
  "binary": "/Users/archiebrowne/source/Thomson/.lake/global-cover/search.bin",
  "binary_sha256": "6626a818d355868776501e252bbdafb97029a5a9ebe31122f3509e3e359020a4",
  "output_prefix": "Thomson.GlobalCertificates.Production.Node3289063",
  "module": "Thomson.GlobalCertificates.Production.Node3289063.Assembled",
  "namespace": "Thomson.Five.GlobalCertificates.Production.Node3289063.Assembled",
  "core": {
    "module": "Thomson.GlobalCertificates.Production.Node3289063.Core",
    "source": "Thomson/GlobalCertificates/Production/Node3289063/Core.lean",
    "source_sha256": "3ffb2e0766a44661db66d513e045e524cd81249ee16a1e4e198b0cd71cb7657c",
    "source_bytes": 4121571
  },
  "assembled": {
    "module": "Thomson.GlobalCertificates.Production.Node3289063.Assembled",
    "source": "Thomson/GlobalCertificates/Production/Node3289063/Assembled.lean",
    "source_sha256": "87096f8ac61c39745748a4bb383370de22412c185a609fb2196dc4e3ea52997d",
    "source_bytes": 318174
  },
  "core_source": "Thomson/GlobalCertificates/Production/Node3289063/Core.lean",
  "assembled_source": "Thomson/GlobalCertificates/Production/Node3289063/Assembled.lean",
  "core_module": "Thomson.GlobalCertificates.Production.Node3289063.Core",
  "assembled_module": "Thomson.GlobalCertificates.Production.Node3289063.Assembled",
  "boundary_modules": [],
  "nodes": 183,
  "leaf_kinds": {
    "0": 91,
    "2": 3,
    "8": 89
  },
  "families": {
    "contraction": {
      "nodes": 183,
      "actual": 23,
      "rounds": 23,
      "actions": 32
    },
    "rejection": {
      "leaves": 3,
      "rounds": 0,
      "actions": 0
    }
  },
  "reference_topology_sha256": {
    "vertex": "09629aa6d88e3007946041ee5bb5e7fe743b3242efca3b1b8ea02df65fe0eb34"
  },
  "generation_seconds": 0.9429357500048354,
  "kernel_check_required": true,
  "heartbeats": "default",
  "compiler_threads": 1,
  "core_memory_limit_mib": 2048,
  "assembled_memory_limit_mib": 3072
}
