{
  "format": "THOMSON_UNTRUSTED_MERGED_GROUP_V1",
  "root": 3373738,
  "selection": "/Users/archiebrowne/source/Thomson/Thomson/GlobalCertificates/Production/selections/Node3373738.json",
  "selection_sha256": "5057c4179bbd791cec20b65b23051cf9ec850278517550772a14fddef3adb9b1",
  "binary": "/Users/archiebrowne/source/Thomson/.lake/global-cover/search.bin",
  "binary_sha256": "6626a818d355868776501e252bbdafb97029a5a9ebe31122f3509e3e359020a4",
  "output_prefix": "Thomson.GlobalCertificates.Production.Node3373738",
  "module": "Thomson.GlobalCertificates.Production.Node3373738.Assembled",
  "namespace": "Thomson.Five.GlobalCertificates.Production.Node3373738.Assembled",
  "core": {
    "module": "Thomson.GlobalCertificates.Production.Node3373738.Core",
    "source": "Thomson/GlobalCertificates/Production/Node3373738/Core.lean",
    "source_sha256": "88860f3d0cf65c44bd418e6d9fb24d691c0fb9256da8280edec28904fc77baa8",
    "source_bytes": 1599107
  },
  "assembled": {
    "module": "Thomson.GlobalCertificates.Production.Node3373738.Assembled",
    "source": "Thomson/GlobalCertificates/Production/Node3373738/Assembled.lean",
    "source_sha256": "a8c903089793818eb7e79c492d532aa4afa630071773c2888fa77ee4590c91c1",
    "source_bytes": 119854
  },
  "core_source": "Thomson/GlobalCertificates/Production/Node3373738/Core.lean",
  "assembled_source": "Thomson/GlobalCertificates/Production/Node3373738/Assembled.lean",
  "core_module": "Thomson.GlobalCertificates.Production.Node3373738.Core",
  "assembled_module": "Thomson.GlobalCertificates.Production.Node3373738.Assembled",
  "boundary_modules": [],
  "nodes": 67,
  "leaf_kinds": {
    "0": 33,
    "6": 1,
    "8": 33
  },
  "families": {
    "contraction": {
      "nodes": 67,
      "actual": 31,
      "rounds": 31,
      "actions": 122
    }
  },
  "reference_topology_sha256": {
    "vertex": "09629aa6d88e3007946041ee5bb5e7fe743b3242efca3b1b8ea02df65fe0eb34",
    "gradient": "58c374fbc03eab01d7423cf8888185f1410a0c20be14044aa309678ec2e4216c"
  },
  "generation_seconds": 0.36881745798746124,
  "kernel_check_required": true,
  "heartbeats": "default",
  "compiler_threads": 1,
  "core_memory_limit_mib": 2048,
  "assembled_memory_limit_mib": 3072
}
