{
  "format": "THOMSON_UNTRUSTED_MERGED_GROUP_V1",
  "root": 3309475,
  "selection": "/Users/archiebrowne/source/Thomson/Thomson/GlobalCertificates/Production/selections/Node3309475.json",
  "selection_sha256": "63d6f43d8f6af0de4fd2002c974becc17551364ded384078bed076939056718f",
  "binary": "/Users/archiebrowne/source/Thomson/.lake/global-cover/search.bin",
  "binary_sha256": "6626a818d355868776501e252bbdafb97029a5a9ebe31122f3509e3e359020a4",
  "output_prefix": "Thomson.GlobalCertificates.Production.Node3309475",
  "module": "Thomson.GlobalCertificates.Production.Node3309475.Assembled",
  "namespace": "Thomson.Five.GlobalCertificates.Production.Node3309475.Assembled",
  "core": {
    "module": "Thomson.GlobalCertificates.Production.Node3309475.Core",
    "source": "Thomson/GlobalCertificates/Production/Node3309475/Core.lean",
    "source_sha256": "3f4291f33631d5daa839abed311e2d3d10487c0e26b76995dfe5d32fb15dcdd8",
    "source_bytes": 1434243
  },
  "assembled": {
    "module": "Thomson.GlobalCertificates.Production.Node3309475.Assembled",
    "source": "Thomson/GlobalCertificates/Production/Node3309475/Assembled.lean",
    "source_sha256": "c2c486e60178e749d4a2515499d50308ce5da4e89da1d5572be77044d03ddf8a",
    "source_bytes": 237376
  },
  "core_source": "Thomson/GlobalCertificates/Production/Node3309475/Core.lean",
  "assembled_source": "Thomson/GlobalCertificates/Production/Node3309475/Assembled.lean",
  "core_module": "Thomson.GlobalCertificates.Production.Node3309475.Core",
  "assembled_module": "Thomson.GlobalCertificates.Production.Node3309475.Assembled",
  "boundary_modules": [],
  "nodes": 133,
  "leaf_kinds": {
    "0": 66,
    "3": 28,
    "6": 20,
    "8": 19
  },
  "families": {
    "contraction": {
      "nodes": 133,
      "actual": 3,
      "rounds": 3,
      "actions": 3
    }
  },
  "reference_topology_sha256": {
    "vertex": "09629aa6d88e3007946041ee5bb5e7fe743b3242efca3b1b8ea02df65fe0eb34",
    "gradient": "58c374fbc03eab01d7423cf8888185f1410a0c20be14044aa309678ec2e4216c",
    "pair": "65dfe5f05c0cab641b03d13ff573dc6bfa3f1d0fef0ed66dcd91cede0438a8ce"
  },
  "generation_seconds": 0.3870443750056438,
  "kernel_check_required": true,
  "heartbeats": "default",
  "compiler_threads": 1,
  "core_memory_limit_mib": 2048,
  "assembled_memory_limit_mib": 3072
}
