{
  "format": "THOMSON_UNTRUSTED_MERGED_GROUP_V1",
  "root": 3327923,
  "selection": "/Users/archiebrowne/source/Thomson/Thomson/GlobalCertificates/Production/selections/Node3327923.json",
  "selection_sha256": "bb505c2769ff05274bd8882a39f89ec026afbf0bf44d0f0a000a8746bb59a38a",
  "binary": "/Users/archiebrowne/source/Thomson/.lake/global-cover/search.bin",
  "binary_sha256": "6626a818d355868776501e252bbdafb97029a5a9ebe31122f3509e3e359020a4",
  "output_prefix": "Thomson.GlobalCertificates.Production.Node3327923",
  "module": "Thomson.GlobalCertificates.Production.Node3327923.Assembled",
  "namespace": "Thomson.Five.GlobalCertificates.Production.Node3327923.Assembled",
  "core": {
    "module": "Thomson.GlobalCertificates.Production.Node3327923.Core",
    "source": "Thomson/GlobalCertificates/Production/Node3327923/Core.lean",
    "source_sha256": "48323012cef82f013a4881946f44967441858c582f8da10458710251b5597e29",
    "source_bytes": 758586
  },
  "assembled": {
    "module": "Thomson.GlobalCertificates.Production.Node3327923.Assembled",
    "source": "Thomson/GlobalCertificates/Production/Node3327923/Assembled.lean",
    "source_sha256": "74bc60b639fc2fd7cf1fb79d0a52120b617fc99c8aa3fc6855151a0576ab84dc",
    "source_bytes": 227168
  },
  "core_source": "Thomson/GlobalCertificates/Production/Node3327923/Core.lean",
  "assembled_source": "Thomson/GlobalCertificates/Production/Node3327923/Assembled.lean",
  "core_module": "Thomson.GlobalCertificates.Production.Node3327923.Core",
  "assembled_module": "Thomson.GlobalCertificates.Production.Node3327923.Assembled",
  "boundary_modules": [],
  "nodes": 129,
  "leaf_kinds": {
    "0": 64,
    "3": 48,
    "6": 17
  },
  "families": {
    "contraction": {
      "nodes": 129,
      "actual": 17,
      "rounds": 17,
      "actions": 19
    }
  },
  "reference_topology_sha256": {
    "gradient": "58c374fbc03eab01d7423cf8888185f1410a0c20be14044aa309678ec2e4216c",
    "pair": "65dfe5f05c0cab641b03d13ff573dc6bfa3f1d0fef0ed66dcd91cede0438a8ce"
  },
  "generation_seconds": 0.1792052499949932,
  "kernel_check_required": true,
  "heartbeats": "default",
  "compiler_threads": 1,
  "core_memory_limit_mib": 2048,
  "assembled_memory_limit_mib": 3072
}
