{
  "format": "THOMSON_UNTRUSTED_MERGED_GROUP_V1",
  "root": 3335160,
  "selection": "/Users/archiebrowne/source/Thomson/Thomson/GlobalCertificates/Production/selections/Node3335160.json",
  "selection_sha256": "b6e8376d842b78c4d46ed274b7cc290422ea4f2d9b63aac1b881f7975b6cc11c",
  "binary": "/Users/archiebrowne/source/Thomson/.lake/global-cover/search.bin",
  "binary_sha256": "6626a818d355868776501e252bbdafb97029a5a9ebe31122f3509e3e359020a4",
  "output_prefix": "Thomson.GlobalCertificates.Production.Node3335160",
  "module": "Thomson.GlobalCertificates.Production.Node3335160.Assembled",
  "namespace": "Thomson.Five.GlobalCertificates.Production.Node3335160.Assembled",
  "core": {
    "module": "Thomson.GlobalCertificates.Production.Node3335160.Core",
    "source": "Thomson/GlobalCertificates/Production/Node3335160/Core.lean",
    "source_sha256": "cfe5e6b3290cef541e20fa209b96599f1bbfd27cd96df58e7f3f3617fabfc94f",
    "source_bytes": 4229450
  },
  "assembled": {
    "module": "Thomson.GlobalCertificates.Production.Node3335160.Assembled",
    "source": "Thomson/GlobalCertificates/Production/Node3335160/Assembled.lean",
    "source_sha256": "fc35683b536bf6135cfb67cbfedb8b613d4d70117d8584e3b8a8c5489ba12aa9",
    "source_bytes": 401613
  },
  "core_source": "Thomson/GlobalCertificates/Production/Node3335160/Core.lean",
  "assembled_source": "Thomson/GlobalCertificates/Production/Node3335160/Assembled.lean",
  "core_module": "Thomson.GlobalCertificates.Production.Node3335160.Core",
  "assembled_module": "Thomson.GlobalCertificates.Production.Node3335160.Assembled",
  "boundary_modules": [],
  "nodes": 229,
  "leaf_kinds": {
    "0": 114,
    "6": 32,
    "8": 83
  },
  "families": {
    "contraction": {
      "nodes": 229,
      "actual": 4,
      "rounds": 4,
      "actions": 4
    }
  },
  "reference_topology_sha256": {
    "vertex": "09629aa6d88e3007946041ee5bb5e7fe743b3242efca3b1b8ea02df65fe0eb34",
    "gradient": "58c374fbc03eab01d7423cf8888185f1410a0c20be14044aa309678ec2e4216c"
  },
  "generation_seconds": 0.8986061250325292,
  "kernel_check_required": true,
  "heartbeats": "default",
  "compiler_threads": 1,
  "core_memory_limit_mib": 2048,
  "assembled_memory_limit_mib": 3072
}
