{
  "format": "THOMSON_UNTRUSTED_MERGED_GROUP_V1",
  "root": 3317191,
  "selection": "/Users/archiebrowne/source/Thomson/Thomson/GlobalCertificates/Production/selections/Node3317191.json",
  "selection_sha256": "8d47a60e77a21c525451c64768329b5cb7965853ddc4a9ae45c47e19036d68a6",
  "binary": "/Users/archiebrowne/source/Thomson/.lake/global-cover/search.bin",
  "binary_sha256": "6626a818d355868776501e252bbdafb97029a5a9ebe31122f3509e3e359020a4",
  "output_prefix": "Thomson.GlobalCertificates.Production.Node3317191",
  "module": "Thomson.GlobalCertificates.Production.Node3317191.Assembled",
  "namespace": "Thomson.Five.GlobalCertificates.Production.Node3317191.Assembled",
  "core": {
    "module": "Thomson.GlobalCertificates.Production.Node3317191.Core",
    "source": "Thomson/GlobalCertificates/Production/Node3317191/Core.lean",
    "source_sha256": "9f6ae9d9c9b1aad5b90cd2415be1e390a8f3d9b83ffe6a513b4eb5f7705da69d",
    "source_bytes": 1535278
  },
  "assembled": {
    "module": "Thomson.GlobalCertificates.Production.Node3317191.Assembled",
    "source": "Thomson/GlobalCertificates/Production/Node3317191/Assembled.lean",
    "source_sha256": "cbbbc24b086855f175d4bbe26a82124301ff90988c8d398805d468b9a6a42c8d",
    "source_bytes": 390194
  },
  "core_source": "Thomson/GlobalCertificates/Production/Node3317191/Core.lean",
  "assembled_source": "Thomson/GlobalCertificates/Production/Node3317191/Assembled.lean",
  "core_module": "Thomson.GlobalCertificates.Production.Node3317191.Core",
  "assembled_module": "Thomson.GlobalCertificates.Production.Node3317191.Assembled",
  "boundary_modules": [],
  "nodes": 219,
  "leaf_kinds": {
    "0": 109,
    "2": 1,
    "3": 76,
    "6": 26,
    "8": 7
  },
  "families": {
    "contraction": {
      "nodes": 219,
      "actual": 35,
      "rounds": 35,
      "actions": 57
    },
    "rejection": {
      "leaves": 1,
      "rounds": 0,
      "actions": 0
    }
  },
  "reference_topology_sha256": {
    "vertex": "09629aa6d88e3007946041ee5bb5e7fe743b3242efca3b1b8ea02df65fe0eb34",
    "gradient": "58c374fbc03eab01d7423cf8888185f1410a0c20be14044aa309678ec2e4216c",
    "pair": "65dfe5f05c0cab641b03d13ff573dc6bfa3f1d0fef0ed66dcd91cede0438a8ce"
  },
  "generation_seconds": 0.26473791600437835,
  "kernel_check_required": true,
  "heartbeats": "default",
  "compiler_threads": 1,
  "core_memory_limit_mib": 2048,
  "assembled_memory_limit_mib": 3072
}
