{
  "format": "THOMSON_UNTRUSTED_MERGED_GROUP_V1",
  "root": 3315657,
  "selection": "/Users/archiebrowne/source/Thomson/Thomson/GlobalCertificates/Production/selections/Node3315657.json",
  "selection_sha256": "d553dee7fcac593fa18ba19e6f2649699e93bd50379d92da9028d7d9f4cdab65",
  "binary": "/Users/archiebrowne/source/Thomson/.lake/global-cover/search.bin",
  "binary_sha256": "6626a818d355868776501e252bbdafb97029a5a9ebe31122f3509e3e359020a4",
  "output_prefix": "Thomson.GlobalCertificates.Production.Node3315657",
  "module": "Thomson.GlobalCertificates.Production.Node3315657.Assembled",
  "namespace": "Thomson.Five.GlobalCertificates.Production.Node3315657.Assembled",
  "core": {
    "module": "Thomson.GlobalCertificates.Production.Node3315657.Core",
    "source": "Thomson/GlobalCertificates/Production/Node3315657/Core.lean",
    "source_sha256": "617f4bbb2403cdde7a4b1f6010efebb742a06c44293389b960dd4782abbc1c2d",
    "source_bytes": 798915
  },
  "assembled": {
    "module": "Thomson.GlobalCertificates.Production.Node3315657.Assembled",
    "source": "Thomson/GlobalCertificates/Production/Node3315657/Assembled.lean",
    "source_sha256": "7bc2aad490fcec9539c368d4757e1878d9176abb6f81b54679fafe195fae42cf",
    "source_bytes": 215105
  },
  "core_source": "Thomson/GlobalCertificates/Production/Node3315657/Core.lean",
  "assembled_source": "Thomson/GlobalCertificates/Production/Node3315657/Assembled.lean",
  "core_module": "Thomson.GlobalCertificates.Production.Node3315657.Core",
  "assembled_module": "Thomson.GlobalCertificates.Production.Node3315657.Assembled",
  "boundary_modules": [],
  "nodes": 121,
  "leaf_kinds": {
    "0": 60,
    "3": 39,
    "6": 20,
    "8": 2
  },
  "families": {
    "contraction": {
      "nodes": 121,
      "actual": 27,
      "rounds": 27,
      "actions": 41
    }
  },
  "reference_topology_sha256": {
    "vertex": "09629aa6d88e3007946041ee5bb5e7fe743b3242efca3b1b8ea02df65fe0eb34",
    "gradient": "58c374fbc03eab01d7423cf8888185f1410a0c20be14044aa309678ec2e4216c",
    "pair": "65dfe5f05c0cab641b03d13ff573dc6bfa3f1d0fef0ed66dcd91cede0438a8ce"
  },
  "generation_seconds": 0.2144609999959357,
  "kernel_check_required": true,
  "heartbeats": "default",
  "compiler_threads": 1,
  "core_memory_limit_mib": 2048,
  "assembled_memory_limit_mib": 3072
}
