{
  "format": "THOMSON_UNTRUSTED_MERGED_GROUP_V1",
  "root": 3339505,
  "selection": "/Users/archiebrowne/source/Thomson/Thomson/GlobalCertificates/Production/selections/Node3339505.json",
  "selection_sha256": "65e7f45745b409005f6140dcf193c15c2c296675d371355b464f9898cbaf710d",
  "binary": "/Users/archiebrowne/source/Thomson/.lake/global-cover/search.bin",
  "binary_sha256": "6626a818d355868776501e252bbdafb97029a5a9ebe31122f3509e3e359020a4",
  "output_prefix": "Thomson.GlobalCertificates.Production.Node3339505",
  "module": "Thomson.GlobalCertificates.Production.Node3339505.Assembled",
  "namespace": "Thomson.Five.GlobalCertificates.Production.Node3339505.Assembled",
  "core": {
    "module": "Thomson.GlobalCertificates.Production.Node3339505.Core",
    "source": "Thomson/GlobalCertificates/Production/Node3339505/Core.lean",
    "source_sha256": "0a915135601d8530a42cea9dd278815e600739c020764d7288e553b0813a2d22",
    "source_bytes": 3570009
  },
  "assembled": {
    "module": "Thomson.GlobalCertificates.Production.Node3339505.Assembled",
    "source": "Thomson/GlobalCertificates/Production/Node3339505/Assembled.lean",
    "source_sha256": "007693a5ae037d815077f25a710b7e3423a1f1c48c582c3e7c5c2954086a2071",
    "source_bytes": 272118
  },
  "core_source": "Thomson/GlobalCertificates/Production/Node3339505/Core.lean",
  "assembled_source": "Thomson/GlobalCertificates/Production/Node3339505/Assembled.lean",
  "core_module": "Thomson.GlobalCertificates.Production.Node3339505.Core",
  "assembled_module": "Thomson.GlobalCertificates.Production.Node3339505.Assembled",
  "boundary_modules": [],
  "nodes": 155,
  "leaf_kinds": {
    "0": 77,
    "6": 3,
    "8": 75
  },
  "families": {
    "contraction": {
      "nodes": 155,
      "actual": 40,
      "rounds": 41,
      "actions": 62
    }
  },
  "reference_topology_sha256": {
    "vertex": "09629aa6d88e3007946041ee5bb5e7fe743b3242efca3b1b8ea02df65fe0eb34",
    "gradient": "58c374fbc03eab01d7423cf8888185f1410a0c20be14044aa309678ec2e4216c"
  },
  "generation_seconds": 0.7944733749609441,
  "kernel_check_required": true,
  "heartbeats": "default",
  "compiler_threads": 1,
  "core_memory_limit_mib": 2048,
  "assembled_memory_limit_mib": 3072
}
