{
  "format": "THOMSON_UNTRUSTED_MERGED_GROUP_V1",
  "root": 3307730,
  "selection": "/Users/archiebrowne/source/Thomson/Thomson/GlobalCertificates/Production/selections/Node3307730.json",
  "selection_sha256": "e6c46ea88517cac85e0c0313bbb5828f19c62f19aa6bdaae5bd3d188a25cd78a",
  "binary": "/Users/archiebrowne/source/Thomson/.lake/global-cover/search.bin",
  "binary_sha256": "6626a818d355868776501e252bbdafb97029a5a9ebe31122f3509e3e359020a4",
  "output_prefix": "Thomson.GlobalCertificates.Production.Node3307730",
  "module": "Thomson.GlobalCertificates.Production.Node3307730.Assembled",
  "namespace": "Thomson.Five.GlobalCertificates.Production.Node3307730.Assembled",
  "core": {
    "module": "Thomson.GlobalCertificates.Production.Node3307730.Core",
    "source": "Thomson/GlobalCertificates/Production/Node3307730/Core.lean",
    "source_sha256": "b196db76c4be9a5a67cf5385e1e1a47f6dfc9568f112a2b88061b73c9357575e",
    "source_bytes": 842449
  },
  "assembled": {
    "module": "Thomson.GlobalCertificates.Production.Node3307730.Assembled",
    "source": "Thomson/GlobalCertificates/Production/Node3307730/Assembled.lean",
    "source_sha256": "f5ba1304a44cd66b78334f399e474c89b1ba7dd638517a48da280a47bc04da86",
    "source_bytes": 259026
  },
  "core_source": "Thomson/GlobalCertificates/Production/Node3307730/Core.lean",
  "assembled_source": "Thomson/GlobalCertificates/Production/Node3307730/Assembled.lean",
  "core_module": "Thomson.GlobalCertificates.Production.Node3307730.Core",
  "assembled_module": "Thomson.GlobalCertificates.Production.Node3307730.Assembled",
  "boundary_modules": [],
  "nodes": 147,
  "leaf_kinds": {
    "0": 73,
    "3": 74
  },
  "families": {
    "contraction": {
      "nodes": 147,
      "actual": 8,
      "rounds": 8,
      "actions": 8
    }
  },
  "reference_topology_sha256": {
    "pair": "65dfe5f05c0cab641b03d13ff573dc6bfa3f1d0fef0ed66dcd91cede0438a8ce"
  },
  "generation_seconds": 0.17361087497556582,
  "kernel_check_required": true,
  "heartbeats": "default",
  "compiler_threads": 1,
  "core_memory_limit_mib": 2048,
  "assembled_memory_limit_mib": 3072
}
