{
  "format": "THOMSON_UNTRUSTED_MERGED_GROUP_V1",
  "root": 3295509,
  "selection": "/Users/archiebrowne/source/Thomson/Thomson/GlobalCertificates/Production/selections/Node3295509.json",
  "selection_sha256": "7122ade24c71cee2580a15f9625eba0d3887be3bca8342bb3bc07adb700a502b",
  "binary": "/Users/archiebrowne/source/Thomson/.lake/global-cover/search.bin",
  "binary_sha256": "6626a818d355868776501e252bbdafb97029a5a9ebe31122f3509e3e359020a4",
  "output_prefix": "Thomson.GlobalCertificates.Production.Node3295509",
  "module": "Thomson.GlobalCertificates.Production.Node3295509.Assembled",
  "namespace": "Thomson.Five.GlobalCertificates.Production.Node3295509.Assembled",
  "core": {
    "module": "Thomson.GlobalCertificates.Production.Node3295509.Core",
    "source": "Thomson/GlobalCertificates/Production/Node3295509/Core.lean",
    "source_sha256": "62ac692c21d25e1672a393024c31a859cdf13fb0314147a1d63de40106b2f5e0",
    "source_bytes": 4049969
  },
  "assembled": {
    "module": "Thomson.GlobalCertificates.Production.Node3295509.Assembled",
    "source": "Thomson/GlobalCertificates/Production/Node3295509/Assembled.lean",
    "source_sha256": "30495811ecf96293ed4b47526422eb81b5c2167f756a8fee52daed43feda4cef",
    "source_bytes": 305390
  },
  "core_source": "Thomson/GlobalCertificates/Production/Node3295509/Core.lean",
  "assembled_source": "Thomson/GlobalCertificates/Production/Node3295509/Assembled.lean",
  "core_module": "Thomson.GlobalCertificates.Production.Node3295509.Core",
  "assembled_module": "Thomson.GlobalCertificates.Production.Node3295509.Assembled",
  "boundary_modules": [],
  "nodes": 175,
  "leaf_kinds": {
    "0": 87,
    "8": 88
  },
  "families": {
    "contraction": {
      "nodes": 175,
      "actual": 0,
      "rounds": 0,
      "actions": 0
    }
  },
  "reference_topology_sha256": {
    "vertex": "09629aa6d88e3007946041ee5bb5e7fe743b3242efca3b1b8ea02df65fe0eb34"
  },
  "generation_seconds": 0.8990096659981646,
  "kernel_check_required": true,
  "heartbeats": "default",
  "compiler_threads": 1,
  "core_memory_limit_mib": 2048,
  "assembled_memory_limit_mib": 3072
}
