{
  "format": "THOMSON_UNTRUSTED_MERGED_GROUP_V1",
  "root": 3314199,
  "selection": "/Users/archiebrowne/source/Thomson/Thomson/GlobalCertificates/Production/selections/Node3314199.json",
  "selection_sha256": "1f29177add97e9e74dc76e168a2ea20ecce1989f6e8f9ba6750281ca73cb8621",
  "binary": "/Users/archiebrowne/source/Thomson/.lake/global-cover/search.bin",
  "binary_sha256": "6626a818d355868776501e252bbdafb97029a5a9ebe31122f3509e3e359020a4",
  "output_prefix": "Thomson.GlobalCertificates.Production.Node3314199",
  "module": "Thomson.GlobalCertificates.Production.Node3314199.Assembled",
  "namespace": "Thomson.Five.GlobalCertificates.Production.Node3314199.Assembled",
  "core": {
    "module": "Thomson.GlobalCertificates.Production.Node3314199.Core",
    "source": "Thomson/GlobalCertificates/Production/Node3314199/Core.lean",
    "source_sha256": "0c560c89997143213e52bf3eeb8d85bd900da28f3f623478b44e64c85016eae3",
    "source_bytes": 924307
  },
  "assembled": {
    "module": "Thomson.GlobalCertificates.Production.Node3314199.Assembled",
    "source": "Thomson/GlobalCertificates/Production/Node3314199/Assembled.lean",
    "source_sha256": "260be484e10608b14e88d4e21ae1b08a0795f9448d1914b8c49a7c5f2cc82779",
    "source_bytes": 227500
  },
  "core_source": "Thomson/GlobalCertificates/Production/Node3314199/Core.lean",
  "assembled_source": "Thomson/GlobalCertificates/Production/Node3314199/Assembled.lean",
  "core_module": "Thomson.GlobalCertificates.Production.Node3314199.Core",
  "assembled_module": "Thomson.GlobalCertificates.Production.Node3314199.Assembled",
  "boundary_modules": [],
  "nodes": 129,
  "leaf_kinds": {
    "0": 64,
    "3": 48,
    "6": 12,
    "8": 5
  },
  "families": {
    "contraction": {
      "nodes": 129,
      "actual": 11,
      "rounds": 11,
      "actions": 11
    }
  },
  "reference_topology_sha256": {
    "vertex": "09629aa6d88e3007946041ee5bb5e7fe743b3242efca3b1b8ea02df65fe0eb34",
    "gradient": "58c374fbc03eab01d7423cf8888185f1410a0c20be14044aa309678ec2e4216c",
    "pair": "65dfe5f05c0cab641b03d13ff573dc6bfa3f1d0fef0ed66dcd91cede0438a8ce"
  },
  "generation_seconds": 0.2833207920193672,
  "kernel_check_required": true,
  "heartbeats": "default",
  "compiler_threads": 1,
  "core_memory_limit_mib": 2048,
  "assembled_memory_limit_mib": 3072
}
