{
  "format": "THOMSON_UNTRUSTED_MERGED_GROUP_V1",
  "root": 3380736,
  "selection": "/Users/archiebrowne/source/Thomson/Thomson/GlobalCertificates/Production/selections/Node3380736.json",
  "selection_sha256": "f51636fe1ac5ccf5b17922734991abd25ac8391ef85d16c99465ab038178c334",
  "binary": "/Users/archiebrowne/source/Thomson/.lake/global-cover/search.bin",
  "binary_sha256": "6626a818d355868776501e252bbdafb97029a5a9ebe31122f3509e3e359020a4",
  "output_prefix": "Thomson.GlobalCertificates.Production.Node3380736",
  "module": "Thomson.GlobalCertificates.Production.Node3380736.Assembled",
  "namespace": "Thomson.Five.GlobalCertificates.Production.Node3380736.Assembled",
  "core": {
    "module": "Thomson.GlobalCertificates.Production.Node3380736.Core",
    "source": "Thomson/GlobalCertificates/Production/Node3380736/Core.lean",
    "source_sha256": "03c0302f200654d5c3552967f1228cbbbf3f975d825c1828c790349d9cf4f68c",
    "source_bytes": 1935686
  },
  "assembled": {
    "module": "Thomson.GlobalCertificates.Production.Node3380736.Assembled",
    "source": "Thomson/GlobalCertificates/Production/Node3380736/Assembled.lean",
    "source_sha256": "9d12080b94699bd80ad65f8c094fd98ab497414338627489828d01065b1fe05f",
    "source_bytes": 214168
  },
  "core_source": "Thomson/GlobalCertificates/Production/Node3380736/Core.lean",
  "assembled_source": "Thomson/GlobalCertificates/Production/Node3380736/Assembled.lean",
  "core_module": "Thomson.GlobalCertificates.Production.Node3380736.Core",
  "assembled_module": "Thomson.GlobalCertificates.Production.Node3380736.Assembled",
  "boundary_modules": [],
  "nodes": 121,
  "leaf_kinds": {
    "0": 60,
    "3": 16,
    "6": 12,
    "8": 33
  },
  "families": {
    "contraction": {
      "nodes": 121,
      "actual": 38,
      "rounds": 41,
      "actions": 104
    }
  },
  "reference_topology_sha256": {
    "vertex": "09629aa6d88e3007946041ee5bb5e7fe743b3242efca3b1b8ea02df65fe0eb34",
    "gradient": "58c374fbc03eab01d7423cf8888185f1410a0c20be14044aa309678ec2e4216c",
    "pair": "65dfe5f05c0cab641b03d13ff573dc6bfa3f1d0fef0ed66dcd91cede0438a8ce"
  },
  "generation_seconds": 0.4158835830166936,
  "kernel_check_required": true,
  "heartbeats": "default",
  "compiler_threads": 1,
  "core_memory_limit_mib": 2048,
  "assembled_memory_limit_mib": 3072
}
