{
  "format": "THOMSON_UNTRUSTED_MERGED_GROUP_V1",
  "root": 3382108,
  "selection": "/Users/archiebrowne/source/Thomson/Thomson/GlobalCertificates/Production/selections/Node3382108.json",
  "selection_sha256": "557f7df30ac8e65fbd6699541001ddd24099ed067be973365331ad94316004dc",
  "binary": "/Users/archiebrowne/source/Thomson/.lake/global-cover/search.bin",
  "binary_sha256": "6626a818d355868776501e252bbdafb97029a5a9ebe31122f3509e3e359020a4",
  "output_prefix": "Thomson.GlobalCertificates.Production.Node3382108",
  "module": "Thomson.GlobalCertificates.Production.Node3382108.Assembled",
  "namespace": "Thomson.Five.GlobalCertificates.Production.Node3382108.Assembled",
  "core": {
    "module": "Thomson.GlobalCertificates.Production.Node3382108.Core",
    "source": "Thomson/GlobalCertificates/Production/Node3382108/Core.lean",
    "source_sha256": "2ede92b330b2bde9a6460d535ea63e2945ce0af299e4600481ba972ff43a17e9",
    "source_bytes": 1738877
  },
  "assembled": {
    "module": "Thomson.GlobalCertificates.Production.Node3382108.Assembled",
    "source": "Thomson/GlobalCertificates/Production/Node3382108/Assembled.lean",
    "source_sha256": "c5c98f077686172a3fde626c5d401cfefe25d20c89c02675293e555a14cf94af",
    "source_bytes": 166952
  },
  "core_source": "Thomson/GlobalCertificates/Production/Node3382108/Core.lean",
  "assembled_source": "Thomson/GlobalCertificates/Production/Node3382108/Assembled.lean",
  "core_module": "Thomson.GlobalCertificates.Production.Node3382108.Core",
  "assembled_module": "Thomson.GlobalCertificates.Production.Node3382108.Assembled",
  "boundary_modules": [],
  "nodes": 93,
  "leaf_kinds": {
    "0": 46,
    "6": 15,
    "8": 32
  },
  "families": {
    "contraction": {
      "nodes": 93,
      "actual": 41,
      "rounds": 46,
      "actions": 144
    }
  },
  "reference_topology_sha256": {
    "vertex": "09629aa6d88e3007946041ee5bb5e7fe743b3242efca3b1b8ea02df65fe0eb34",
    "gradient": "58c374fbc03eab01d7423cf8888185f1410a0c20be14044aa309678ec2e4216c"
  },
  "generation_seconds": 0.398086917004548,
  "kernel_check_required": true,
  "heartbeats": "default",
  "compiler_threads": 1,
  "core_memory_limit_mib": 2048,
  "assembled_memory_limit_mib": 3072
}
