{
  "format": "THOMSON_UNTRUSTED_MERGED_GROUP_V1",
  "root": 3311926,
  "selection": "/Users/archiebrowne/source/Thomson/Thomson/GlobalCertificates/Production/selections/Node3311926.json",
  "selection_sha256": "7121b36c1281ac158d75bea1456eb50d1322c070d43f4a0369e41ce15a0ae72c",
  "binary": "/Users/archiebrowne/source/Thomson/.lake/global-cover/search.bin",
  "binary_sha256": "6626a818d355868776501e252bbdafb97029a5a9ebe31122f3509e3e359020a4",
  "output_prefix": "Thomson.GlobalCertificates.Production.Node3311926",
  "module": "Thomson.GlobalCertificates.Production.Node3311926.Assembled",
  "namespace": "Thomson.Five.GlobalCertificates.Production.Node3311926.Assembled",
  "core": {
    "module": "Thomson.GlobalCertificates.Production.Node3311926.Core",
    "source": "Thomson/GlobalCertificates/Production/Node3311926/Core.lean",
    "source_sha256": "6375800d4ad23a0f9c0683ad1bfbdf99cd596a433c3fc6eb958b49ba3f4c8248",
    "source_bytes": 2790494
  },
  "assembled": {
    "module": "Thomson.GlobalCertificates.Production.Node3311926.Assembled",
    "source": "Thomson/GlobalCertificates/Production/Node3311926/Assembled.lean",
    "source_sha256": "e15c4a5b9cb9dcfcd46e2ca6aabe19bd33cfb84e58f632a17802efd77860d181",
    "source_bytes": 438572
  },
  "core_source": "Thomson/GlobalCertificates/Production/Node3311926/Core.lean",
  "assembled_source": "Thomson/GlobalCertificates/Production/Node3311926/Assembled.lean",
  "core_module": "Thomson.GlobalCertificates.Production.Node3311926.Core",
  "assembled_module": "Thomson.GlobalCertificates.Production.Node3311926.Assembled",
  "boundary_modules": [],
  "nodes": 245,
  "leaf_kinds": {
    "0": 122,
    "3": 6,
    "6": 78,
    "8": 39
  },
  "families": {
    "contraction": {
      "nodes": 245,
      "actual": 9,
      "rounds": 9,
      "actions": 9
    }
  },
  "reference_topology_sha256": {
    "vertex": "09629aa6d88e3007946041ee5bb5e7fe743b3242efca3b1b8ea02df65fe0eb34",
    "gradient": "58c374fbc03eab01d7423cf8888185f1410a0c20be14044aa309678ec2e4216c",
    "pair": "65dfe5f05c0cab641b03d13ff573dc6bfa3f1d0fef0ed66dcd91cede0438a8ce"
  },
  "generation_seconds": 0.8716834579827264,
  "kernel_check_required": true,
  "heartbeats": "default",
  "compiler_threads": 1,
  "core_memory_limit_mib": 2048,
  "assembled_memory_limit_mib": 3072
}
