{
  "format": "THOMSON_UNTRUSTED_MERGED_GROUP_V1",
  "root": 3340238,
  "selection": "/Users/archiebrowne/source/Thomson/Thomson/GlobalCertificates/Production/selections/Node3340238.json",
  "selection_sha256": "81fe305ab725bc5c6e5d24110260ee54258239034af748fc1fad635ff932aa2a",
  "binary": "/Users/archiebrowne/source/Thomson/.lake/global-cover/search.bin",
  "binary_sha256": "6626a818d355868776501e252bbdafb97029a5a9ebe31122f3509e3e359020a4",
  "output_prefix": "Thomson.GlobalCertificates.Production.Node3340238",
  "module": "Thomson.GlobalCertificates.Production.Node3340238.Assembled",
  "namespace": "Thomson.Five.GlobalCertificates.Production.Node3340238.Assembled",
  "core": {
    "module": "Thomson.GlobalCertificates.Production.Node3340238.Core",
    "source": "Thomson/GlobalCertificates/Production/Node3340238/Core.lean",
    "source_sha256": "9958125c0cba79bd957eff95ef7e9fb2b218772853baca99dcd555556b64fa5c",
    "source_bytes": 3205940
  },
  "assembled": {
    "module": "Thomson.GlobalCertificates.Production.Node3340238.Assembled",
    "source": "Thomson/GlobalCertificates/Production/Node3340238/Assembled.lean",
    "source_sha256": "5bc3a0c4b6cf598778cf3ee10c637687583cf5a3ae7dc660f8d28a8cf23e6014",
    "source_bytes": 266301
  },
  "core_source": "Thomson/GlobalCertificates/Production/Node3340238/Core.lean",
  "assembled_source": "Thomson/GlobalCertificates/Production/Node3340238/Assembled.lean",
  "core_module": "Thomson.GlobalCertificates.Production.Node3340238.Core",
  "assembled_module": "Thomson.GlobalCertificates.Production.Node3340238.Assembled",
  "boundary_modules": [],
  "nodes": 151,
  "leaf_kinds": {
    "0": 75,
    "6": 12,
    "8": 64
  },
  "families": {
    "contraction": {
      "nodes": 151,
      "actual": 54,
      "rounds": 56,
      "actions": 110
    }
  },
  "reference_topology_sha256": {
    "vertex": "09629aa6d88e3007946041ee5bb5e7fe743b3242efca3b1b8ea02df65fe0eb34",
    "gradient": "58c374fbc03eab01d7423cf8888185f1410a0c20be14044aa309678ec2e4216c"
  },
  "generation_seconds": 0.7096782080479898,
  "kernel_check_required": true,
  "heartbeats": "default",
  "compiler_threads": 1,
  "core_memory_limit_mib": 2048,
  "assembled_memory_limit_mib": 3072
}
