{
  "format": "THOMSON_UNTRUSTED_MERGED_GROUP_V1",
  "root": 3363290,
  "selection": "/Users/archiebrowne/source/Thomson/Thomson/GlobalCertificates/Production/selections/Node3363290.json",
  "selection_sha256": "30eca1a48abb794b43039e368a5f0d1e06a961e8be36236ef9cfb68088f0f797",
  "binary": "/Users/archiebrowne/source/Thomson/.lake/global-cover/search.bin",
  "binary_sha256": "6626a818d355868776501e252bbdafb97029a5a9ebe31122f3509e3e359020a4",
  "output_prefix": "Thomson.GlobalCertificates.Production.Node3363290",
  "module": "Thomson.GlobalCertificates.Production.Node3363290.Assembled",
  "namespace": "Thomson.Five.GlobalCertificates.Production.Node3363290.Assembled",
  "core": {
    "module": "Thomson.GlobalCertificates.Production.Node3363290.Core",
    "source": "Thomson/GlobalCertificates/Production/Node3363290/Core.lean",
    "source_sha256": "f36325ee84e3dbebd9ebb5d3fa364334fab4440fb75535e934dd9103ee3cdd61",
    "source_bytes": 3650018
  },
  "assembled": {
    "module": "Thomson.GlobalCertificates.Production.Node3363290.Assembled",
    "source": "Thomson/GlobalCertificates/Production/Node3363290/Assembled.lean",
    "source_sha256": "6753fb85eee37b682dd50c56db40eec6aa14bffb43846ff779848001573cef0d",
    "source_bytes": 274220
  },
  "core_source": "Thomson/GlobalCertificates/Production/Node3363290/Core.lean",
  "assembled_source": "Thomson/GlobalCertificates/Production/Node3363290/Assembled.lean",
  "core_module": "Thomson.GlobalCertificates.Production.Node3363290.Core",
  "assembled_module": "Thomson.GlobalCertificates.Production.Node3363290.Assembled",
  "boundary_modules": [],
  "nodes": 155,
  "leaf_kinds": {
    "0": 77,
    "6": 1,
    "8": 77
  },
  "families": {
    "contraction": {
      "nodes": 155,
      "actual": 29,
      "rounds": 29,
      "actions": 47
    }
  },
  "reference_topology_sha256": {
    "vertex": "09629aa6d88e3007946041ee5bb5e7fe743b3242efca3b1b8ea02df65fe0eb34",
    "gradient": "58c374fbc03eab01d7423cf8888185f1410a0c20be14044aa309678ec2e4216c"
  },
  "generation_seconds": 0.732514833973255,
  "kernel_check_required": true,
  "heartbeats": "default",
  "compiler_threads": 1,
  "core_memory_limit_mib": 2048,
  "assembled_memory_limit_mib": 3072
}
