{
  "format": "THOMSON_UNTRUSTED_MERGED_GROUP_V1",
  "root": 3356819,
  "selection": "/Users/archiebrowne/source/Thomson/Thomson/GlobalCertificates/Production/selections/Node3356819.json",
  "selection_sha256": "114624327b8defc3292553c47510f18fd1ef3ee3ad5c61184a440ac3ab7a7c55",
  "binary": "/Users/archiebrowne/source/Thomson/.lake/global-cover/search.bin",
  "binary_sha256": "6626a818d355868776501e252bbdafb97029a5a9ebe31122f3509e3e359020a4",
  "output_prefix": "Thomson.GlobalCertificates.Production.Node3356819",
  "module": "Thomson.GlobalCertificates.Production.Node3356819.Assembled",
  "namespace": "Thomson.Five.GlobalCertificates.Production.Node3356819.Assembled",
  "core": {
    "module": "Thomson.GlobalCertificates.Production.Node3356819.Core",
    "source": "Thomson/GlobalCertificates/Production/Node3356819/Core.lean",
    "source_sha256": "2efdb62c3b8e1cefba852d67b3ca419a54f8af42172a1a7d52beaf7b26ce88d8",
    "source_bytes": 1293048
  },
  "assembled": {
    "module": "Thomson.GlobalCertificates.Production.Node3356819.Assembled",
    "source": "Thomson/GlobalCertificates/Production/Node3356819/Assembled.lean",
    "source_sha256": "08f652eb59b9fa6d3776c9383691aa905132950dea29e16c6027f8bdaf7c3310",
    "source_bytes": 225700
  },
  "core_source": "Thomson/GlobalCertificates/Production/Node3356819/Core.lean",
  "assembled_source": "Thomson/GlobalCertificates/Production/Node3356819/Assembled.lean",
  "core_module": "Thomson.GlobalCertificates.Production.Node3356819.Core",
  "assembled_module": "Thomson.GlobalCertificates.Production.Node3356819.Assembled",
  "boundary_modules": [],
  "nodes": 125,
  "leaf_kinds": {
    "0": 62,
    "3": 30,
    "6": 17,
    "8": 16
  },
  "families": {
    "contraction": {
      "nodes": 125,
      "actual": 0,
      "rounds": 0,
      "actions": 0
    }
  },
  "reference_topology_sha256": {
    "vertex": "09629aa6d88e3007946041ee5bb5e7fe743b3242efca3b1b8ea02df65fe0eb34",
    "gradient": "58c374fbc03eab01d7423cf8888185f1410a0c20be14044aa309678ec2e4216c",
    "pair": "65dfe5f05c0cab641b03d13ff573dc6bfa3f1d0fef0ed66dcd91cede0438a8ce"
  },
  "generation_seconds": 0.24069816601695493,
  "kernel_check_required": true,
  "heartbeats": "default",
  "compiler_threads": 1,
  "core_memory_limit_mib": 2048,
  "assembled_memory_limit_mib": 3072
}
