{
  "format": "THOMSON_UNTRUSTED_MERGED_GROUP_V1",
  "root": 3291139,
  "selection": "/Users/archiebrowne/source/Thomson/Thomson/GlobalCertificates/Production/selections/Node3291139.json",
  "selection_sha256": "6ae88d03011995bdc595e8dd862c6083472468586492c0496d4a1107afb48c41",
  "binary": "/Users/archiebrowne/source/Thomson/.lake/global-cover/search.bin",
  "binary_sha256": "6626a818d355868776501e252bbdafb97029a5a9ebe31122f3509e3e359020a4",
  "output_prefix": "Thomson.GlobalCertificates.Production.Node3291139",
  "module": "Thomson.GlobalCertificates.Production.Node3291139.Assembled",
  "namespace": "Thomson.Five.GlobalCertificates.Production.Node3291139.Assembled",
  "core": {
    "module": "Thomson.GlobalCertificates.Production.Node3291139.Core",
    "source": "Thomson/GlobalCertificates/Production/Node3291139/Core.lean",
    "source_sha256": "093851e74da394eb366d455463cf02ed9758ba04a43abcbe4ed5cd99debadfbb",
    "source_bytes": 5457890
  },
  "assembled": {
    "module": "Thomson.GlobalCertificates.Production.Node3291139.Assembled",
    "source": "Thomson/GlobalCertificates/Production/Node3291139/Assembled.lean",
    "source_sha256": "a4fd002304388c999933bc066df27439c0f5c23b5038142dc7ac4bf709d0caba",
    "source_bytes": 420959
  },
  "core_source": "Thomson/GlobalCertificates/Production/Node3291139/Core.lean",
  "assembled_source": "Thomson/GlobalCertificates/Production/Node3291139/Assembled.lean",
  "core_module": "Thomson.GlobalCertificates.Production.Node3291139.Core",
  "assembled_module": "Thomson.GlobalCertificates.Production.Node3291139.Assembled",
  "boundary_modules": [],
  "nodes": 241,
  "leaf_kinds": {
    "0": 120,
    "2": 3,
    "6": 1,
    "8": 117
  },
  "families": {
    "contraction": {
      "nodes": 241,
      "actual": 35,
      "rounds": 35,
      "actions": 50
    },
    "rejection": {
      "leaves": 3,
      "rounds": 0,
      "actions": 0
    }
  },
  "reference_topology_sha256": {
    "vertex": "09629aa6d88e3007946041ee5bb5e7fe743b3242efca3b1b8ea02df65fe0eb34",
    "gradient": "58c374fbc03eab01d7423cf8888185f1410a0c20be14044aa309678ec2e4216c"
  },
  "generation_seconds": 1.113108707999345,
  "kernel_check_required": true,
  "heartbeats": "default",
  "compiler_threads": 1,
  "core_memory_limit_mib": 2048,
  "assembled_memory_limit_mib": 3072
}
