{
  "format": "THOMSON_UNTRUSTED_MERGED_GROUP_V1",
  "root": 3240781,
  "selection": "/Users/archiebrowne/source/Thomson/Thomson/GlobalCertificates/Production/selections/Node3240781.json",
  "selection_sha256": "ec573821e8bf486d462e9e362d8f995ecdfeeba3495be5179d77649004b50f34",
  "binary": "/Users/archiebrowne/source/Thomson/.lake/global-cover/search.bin",
  "binary_sha256": "6626a818d355868776501e252bbdafb97029a5a9ebe31122f3509e3e359020a4",
  "output_prefix": "Thomson.GlobalCertificates.Production.Node3240781",
  "module": "Thomson.GlobalCertificates.Production.Node3240781.Assembled",
  "namespace": "Thomson.Five.GlobalCertificates.Production.Node3240781.Assembled",
  "core": {
    "module": "Thomson.GlobalCertificates.Production.Node3240781.Core",
    "source": "Thomson/GlobalCertificates/Production/Node3240781/Core.lean",
    "source_sha256": "239e7ee75da6ab88e7188a0ae11090140074a4a326fec6a5d955be716f71ec96",
    "source_bytes": 574513
  },
  "assembled": {
    "module": "Thomson.GlobalCertificates.Production.Node3240781.Assembled",
    "source": "Thomson/GlobalCertificates/Production/Node3240781/Assembled.lean",
    "source_sha256": "30229514256dda5ffac0a25ba76a265925f406ca1fac68545c216e3fe809bef0",
    "source_bytes": 158430
  },
  "core_source": "Thomson/GlobalCertificates/Production/Node3240781/Core.lean",
  "assembled_source": "Thomson/GlobalCertificates/Production/Node3240781/Assembled.lean",
  "core_module": "Thomson.GlobalCertificates.Production.Node3240781.Core",
  "assembled_module": "Thomson.GlobalCertificates.Production.Node3240781.Assembled",
  "boundary_modules": [],
  "nodes": 87,
  "leaf_kinds": {
    "0": 43,
    "3": 43,
    "6": 1
  },
  "families": {
    "contraction": {
      "nodes": 87,
      "actual": 42,
      "rounds": 44,
      "actions": 130
    }
  },
  "reference_topology_sha256": {
    "gradient": "58c374fbc03eab01d7423cf8888185f1410a0c20be14044aa309678ec2e4216c",
    "pair": "65dfe5f05c0cab641b03d13ff573dc6bfa3f1d0fef0ed66dcd91cede0438a8ce"
  },
  "generation_seconds": 0.10440295800799504,
  "kernel_check_required": true,
  "heartbeats": "default",
  "compiler_threads": 1,
  "core_memory_limit_mib": 2048,
  "assembled_memory_limit_mib": 3072
}
