{
  "format": "THOMSON_UNTRUSTED_MERGED_GROUP_V1",
  "root": 3316555,
  "selection": "/Users/archiebrowne/source/Thomson/Thomson/GlobalCertificates/Production/selections/Node3316555.json",
  "selection_sha256": "bf23e8a3e9f6e59b881366368a1b24a5cf8248c9c3cf3e5a24b24f6f95a427ca",
  "binary": "/Users/archiebrowne/source/Thomson/.lake/global-cover/search.bin",
  "binary_sha256": "6626a818d355868776501e252bbdafb97029a5a9ebe31122f3509e3e359020a4",
  "output_prefix": "Thomson.GlobalCertificates.Production.Node3316555",
  "module": "Thomson.GlobalCertificates.Production.Node3316555.Assembled",
  "namespace": "Thomson.Five.GlobalCertificates.Production.Node3316555.Assembled",
  "core": {
    "module": "Thomson.GlobalCertificates.Production.Node3316555.Core",
    "source": "Thomson/GlobalCertificates/Production/Node3316555/Core.lean",
    "source_sha256": "4bb39aff3eeef64bc60b3395fa0ecaac28d151b05f1d09f01004740b70c1fa7b",
    "source_bytes": 1521690
  },
  "assembled": {
    "module": "Thomson.GlobalCertificates.Production.Node3316555.Assembled",
    "source": "Thomson/GlobalCertificates/Production/Node3316555/Assembled.lean",
    "source_sha256": "3ae6246b6f4d8183cf45acc93d2169dd7f289da48b962b95690d27265bc531a1",
    "source_bytes": 354514
  },
  "core_source": "Thomson/GlobalCertificates/Production/Node3316555/Core.lean",
  "assembled_source": "Thomson/GlobalCertificates/Production/Node3316555/Assembled.lean",
  "core_module": "Thomson.GlobalCertificates.Production.Node3316555.Core",
  "assembled_module": "Thomson.GlobalCertificates.Production.Node3316555.Assembled",
  "boundary_modules": [],
  "nodes": 199,
  "leaf_kinds": {
    "0": 99,
    "2": 1,
    "3": 64,
    "6": 25,
    "8": 10
  },
  "families": {
    "contraction": {
      "nodes": 199,
      "actual": 29,
      "rounds": 29,
      "actions": 45
    },
    "rejection": {
      "leaves": 1,
      "rounds": 0,
      "actions": 0
    }
  },
  "reference_topology_sha256": {
    "vertex": "09629aa6d88e3007946041ee5bb5e7fe743b3242efca3b1b8ea02df65fe0eb34",
    "gradient": "58c374fbc03eab01d7423cf8888185f1410a0c20be14044aa309678ec2e4216c",
    "pair": "65dfe5f05c0cab641b03d13ff573dc6bfa3f1d0fef0ed66dcd91cede0438a8ce"
  },
  "generation_seconds": 0.46929674997227266,
  "kernel_check_required": true,
  "heartbeats": "default",
  "compiler_threads": 1,
  "core_memory_limit_mib": 2048,
  "assembled_memory_limit_mib": 3072
}
