{
  "format": "THOMSON_UNTRUSTED_MERGED_GROUP_V1",
  "root": 3327929,
  "selection": "/Users/archiebrowne/source/Thomson/Thomson/GlobalCertificates/Production/selections/Node3327929.json",
  "selection_sha256": "e10c1704bb3c3a81596baa1b5bb08d445b106e682144136beb69a5c7a6c4cb80",
  "binary": "/Users/archiebrowne/source/Thomson/.lake/global-cover/search.bin",
  "binary_sha256": "6626a818d355868776501e252bbdafb97029a5a9ebe31122f3509e3e359020a4",
  "output_prefix": "Thomson.GlobalCertificates.Production.Node3327929",
  "module": "Thomson.GlobalCertificates.Production.Node3327929.Assembled",
  "namespace": "Thomson.Five.GlobalCertificates.Production.Node3327929.Assembled",
  "core": {
    "module": "Thomson.GlobalCertificates.Production.Node3327929.Core",
    "source": "Thomson/GlobalCertificates/Production/Node3327929/Core.lean",
    "source_sha256": "916f4c8a2d06f1314ea3045efe8be7374f4789d2145b5884e93487f5c5623528",
    "source_bytes": 946157
  },
  "assembled": {
    "module": "Thomson.GlobalCertificates.Production.Node3327929.Assembled",
    "source": "Thomson/GlobalCertificates/Production/Node3327929/Assembled.lean",
    "source_sha256": "01825941fc2bd6c5ad5ae05a93d44adb2d795d0c7c53fe15cfc4d7ea2097eddc",
    "source_bytes": 164639
  },
  "core_source": "Thomson/GlobalCertificates/Production/Node3327929/Core.lean",
  "assembled_source": "Thomson/GlobalCertificates/Production/Node3327929/Assembled.lean",
  "core_module": "Thomson.GlobalCertificates.Production.Node3327929.Core",
  "assembled_module": "Thomson.GlobalCertificates.Production.Node3327929.Assembled",
  "boundary_modules": [],
  "nodes": 93,
  "leaf_kinds": {
    "0": 46,
    "3": 1,
    "6": 35,
    "8": 11
  },
  "families": {
    "contraction": {
      "nodes": 93,
      "actual": 18,
      "rounds": 18,
      "actions": 20
    }
  },
  "reference_topology_sha256": {
    "vertex": "09629aa6d88e3007946041ee5bb5e7fe743b3242efca3b1b8ea02df65fe0eb34",
    "gradient": "58c374fbc03eab01d7423cf8888185f1410a0c20be14044aa309678ec2e4216c",
    "pair": "65dfe5f05c0cab641b03d13ff573dc6bfa3f1d0fef0ed66dcd91cede0438a8ce"
  },
  "generation_seconds": 0.25584125000750646,
  "kernel_check_required": true,
  "heartbeats": "default",
  "compiler_threads": 1,
  "core_memory_limit_mib": 2048,
  "assembled_memory_limit_mib": 3072
}
