{
  "format": "THOMSON_UNTRUSTED_MERGED_GROUP_V1",
  "root": 3366871,
  "selection": "/Users/archiebrowne/source/Thomson/Thomson/GlobalCertificates/Production/selections/Node3366871.json",
  "selection_sha256": "6732652be02abba6c2cee077be3fcb5458175d4168358eec4e7e1b3176222655",
  "binary": "/Users/archiebrowne/source/Thomson/.lake/global-cover/search.bin",
  "binary_sha256": "6626a818d355868776501e252bbdafb97029a5a9ebe31122f3509e3e359020a4",
  "output_prefix": "Thomson.GlobalCertificates.Production.Node3366871",
  "module": "Thomson.GlobalCertificates.Production.Node3366871.Assembled",
  "namespace": "Thomson.Five.GlobalCertificates.Production.Node3366871.Assembled",
  "core": {
    "module": "Thomson.GlobalCertificates.Production.Node3366871.Core",
    "source": "Thomson/GlobalCertificates/Production/Node3366871/Core.lean",
    "source_sha256": "e53b638ac535081eb9c4781da3cec168f944e3409fc3bbd673e94763c3b920e7",
    "source_bytes": 804856
  },
  "assembled": {
    "module": "Thomson.GlobalCertificates.Production.Node3366871.Assembled",
    "source": "Thomson/GlobalCertificates/Production/Node3366871/Assembled.lean",
    "source_sha256": "6c83123a09790529c66b8b74760b1cf2af28cf969361f05ac4660deb3c8e89ea",
    "source_bytes": 174045
  },
  "core_source": "Thomson/GlobalCertificates/Production/Node3366871/Core.lean",
  "assembled_source": "Thomson/GlobalCertificates/Production/Node3366871/Assembled.lean",
  "core_module": "Thomson.GlobalCertificates.Production.Node3366871.Core",
  "assembled_module": "Thomson.GlobalCertificates.Production.Node3366871.Assembled",
  "boundary_modules": [],
  "nodes": 97,
  "leaf_kinds": {
    "0": 48,
    "3": 20,
    "6": 23,
    "8": 6
  },
  "families": {
    "contraction": {
      "nodes": 97,
      "actual": 19,
      "rounds": 19,
      "actions": 23
    }
  },
  "reference_topology_sha256": {
    "vertex": "09629aa6d88e3007946041ee5bb5e7fe743b3242efca3b1b8ea02df65fe0eb34",
    "gradient": "58c374fbc03eab01d7423cf8888185f1410a0c20be14044aa309678ec2e4216c",
    "pair": "65dfe5f05c0cab641b03d13ff573dc6bfa3f1d0fef0ed66dcd91cede0438a8ce"
  },
  "generation_seconds": 0.14630379201844335,
  "kernel_check_required": true,
  "heartbeats": "default",
  "compiler_threads": 1,
  "core_memory_limit_mib": 2048,
  "assembled_memory_limit_mib": 3072
}
