{
  "format": "THOMSON_UNTRUSTED_MERGED_GROUP_V1",
  "root": 3342768,
  "selection": "/Users/archiebrowne/source/Thomson/Thomson/GlobalCertificates/Production/selections/Node3342768.json",
  "selection_sha256": "1d60408e6dac179e3e0f8c7332e17d5ba52f746b8caa5ab8b0ed1b39984a4a86",
  "binary": "/Users/archiebrowne/source/Thomson/.lake/global-cover/search.bin",
  "binary_sha256": "6626a818d355868776501e252bbdafb97029a5a9ebe31122f3509e3e359020a4",
  "output_prefix": "Thomson.GlobalCertificates.Production.Node3342768",
  "module": "Thomson.GlobalCertificates.Production.Node3342768.Assembled",
  "namespace": "Thomson.Five.GlobalCertificates.Production.Node3342768.Assembled",
  "core": {
    "module": "Thomson.GlobalCertificates.Production.Node3342768.Core",
    "source": "Thomson/GlobalCertificates/Production/Node3342768/Core.lean",
    "source_sha256": "a31e285eac83cb8d730b9c6e2e44954c350799ba1a8544aa2b310d7275b7db19",
    "source_bytes": 3991837
  },
  "assembled": {
    "module": "Thomson.GlobalCertificates.Production.Node3342768.Assembled",
    "source": "Thomson/GlobalCertificates/Production/Node3342768/Assembled.lean",
    "source_sha256": "0cf27d0c96e4be052bbc411be9671611ebe8ccae0d35c3ea7c646bd8bf064ac8",
    "source_bytes": 301763
  },
  "core_source": "Thomson/GlobalCertificates/Production/Node3342768/Core.lean",
  "assembled_source": "Thomson/GlobalCertificates/Production/Node3342768/Assembled.lean",
  "core_module": "Thomson.GlobalCertificates.Production.Node3342768.Core",
  "assembled_module": "Thomson.GlobalCertificates.Production.Node3342768.Assembled",
  "boundary_modules": [],
  "nodes": 173,
  "leaf_kinds": {
    "0": 86,
    "6": 2,
    "8": 85
  },
  "families": {
    "contraction": {
      "nodes": 173,
      "actual": 25,
      "rounds": 27,
      "actions": 27
    }
  },
  "reference_topology_sha256": {
    "vertex": "09629aa6d88e3007946041ee5bb5e7fe743b3242efca3b1b8ea02df65fe0eb34",
    "gradient": "58c374fbc03eab01d7423cf8888185f1410a0c20be14044aa309678ec2e4216c"
  },
  "generation_seconds": 0.9278607090236619,
  "kernel_check_required": true,
  "heartbeats": "default",
  "compiler_threads": 1,
  "core_memory_limit_mib": 2048,
  "assembled_memory_limit_mib": 3072
}
