{
  "format": "THOMSON_UNTRUSTED_MERGED_GROUP_V1",
  "root": 3286067,
  "selection": "/Users/archiebrowne/source/Thomson/Thomson/GlobalCertificates/Production/selections/Node3286067.json",
  "selection_sha256": "4f91aef9b4adb7e40f3f9f3211790a5ad32ef27ab8216f54981abf655281e60a",
  "binary": "/Users/archiebrowne/source/Thomson/.lake/global-cover/search.bin",
  "binary_sha256": "6626a818d355868776501e252bbdafb97029a5a9ebe31122f3509e3e359020a4",
  "output_prefix": "Thomson.GlobalCertificates.Production.Node3286067",
  "module": "Thomson.GlobalCertificates.Production.Node3286067.Assembled",
  "namespace": "Thomson.Five.GlobalCertificates.Production.Node3286067.Assembled",
  "core": {
    "module": "Thomson.GlobalCertificates.Production.Node3286067.Core",
    "source": "Thomson/GlobalCertificates/Production/Node3286067/Core.lean",
    "source_sha256": "e40efeadf23a836c3afc6682bab4b2866c0068fb8c17b23216df4bf99ccb2a1c",
    "source_bytes": 279015
  },
  "assembled": {
    "module": "Thomson.GlobalCertificates.Production.Node3286067.Assembled",
    "source": "Thomson/GlobalCertificates/Production/Node3286067/Assembled.lean",
    "source_sha256": "2afc504297590b69dc04c27de97decd2d4ba794b69e9e687335317f41ef9c3b5",
    "source_bytes": 20993
  },
  "core_source": "Thomson/GlobalCertificates/Production/Node3286067/Core.lean",
  "assembled_source": "Thomson/GlobalCertificates/Production/Node3286067/Assembled.lean",
  "core_module": "Thomson.GlobalCertificates.Production.Node3286067.Core",
  "assembled_module": "Thomson.GlobalCertificates.Production.Node3286067.Assembled",
  "boundary_modules": [],
  "nodes": 11,
  "leaf_kinds": {
    "0": 5,
    "8": 6
  },
  "families": {
    "contraction": {
      "nodes": 11,
      "actual": 2,
      "rounds": 2,
      "actions": 3
    }
  },
  "reference_topology_sha256": {
    "vertex": "09629aa6d88e3007946041ee5bb5e7fe743b3242efca3b1b8ea02df65fe0eb34"
  },
  "generation_seconds": 0.08926804101793095,
  "kernel_check_required": true,
  "heartbeats": "default",
  "compiler_threads": 1,
  "core_memory_limit_mib": 2048,
  "assembled_memory_limit_mib": 3072
}
