{
  "format": "THOMSON_UNTRUSTED_MERGED_GROUP_V1",
  "root": 3380735,
  "selection": "/Users/archiebrowne/source/Thomson/Thomson/GlobalCertificates/Production/selections/Node3380735.json",
  "selection_sha256": "7b3afa3aa1c0a4c8c706ccd4e3ce5751555db5520b44834335f486de7d820f90",
  "binary": "/Users/archiebrowne/source/Thomson/.lake/global-cover/search.bin",
  "binary_sha256": "6626a818d355868776501e252bbdafb97029a5a9ebe31122f3509e3e359020a4",
  "output_prefix": "Thomson.GlobalCertificates.Production.Node3380735",
  "module": "Thomson.GlobalCertificates.Production.Node3380735.Assembled",
  "namespace": "Thomson.Five.GlobalCertificates.Production.Node3380735.Assembled",
  "core": {
    "module": "Thomson.GlobalCertificates.Production.Node3380735.Core",
    "source": "Thomson/GlobalCertificates/Production/Node3380735/Core.lean",
    "source_sha256": "0a992fbc209a33c7973452bf9789f9f223fcb8a798dc24f94ec1862067cefd89",
    "source_bytes": 2339283
  },
  "assembled": {
    "module": "Thomson.GlobalCertificates.Production.Node3380735.Assembled",
    "source": "Thomson/GlobalCertificates/Production/Node3380735/Assembled.lean",
    "source_sha256": "8365b95b1f241ec671551342ac0607ae080fdb86befbabfed7b51082d541c1e9",
    "source_bytes": 253182
  },
  "core_source": "Thomson/GlobalCertificates/Production/Node3380735/Core.lean",
  "assembled_source": "Thomson/GlobalCertificates/Production/Node3380735/Assembled.lean",
  "core_module": "Thomson.GlobalCertificates.Production.Node3380735.Core",
  "assembled_module": "Thomson.GlobalCertificates.Production.Node3380735.Assembled",
  "boundary_modules": [],
  "nodes": 141,
  "leaf_kinds": {
    "0": 70,
    "3": 20,
    "6": 11,
    "8": 40
  },
  "families": {
    "contraction": {
      "nodes": 141,
      "actual": 58,
      "rounds": 60,
      "actions": 147
    }
  },
  "reference_topology_sha256": {
    "vertex": "09629aa6d88e3007946041ee5bb5e7fe743b3242efca3b1b8ea02df65fe0eb34",
    "gradient": "58c374fbc03eab01d7423cf8888185f1410a0c20be14044aa309678ec2e4216c",
    "pair": "65dfe5f05c0cab641b03d13ff573dc6bfa3f1d0fef0ed66dcd91cede0438a8ce"
  },
  "generation_seconds": 0.5187986249802634,
  "kernel_check_required": true,
  "heartbeats": "default",
  "compiler_threads": 1,
  "core_memory_limit_mib": 2048,
  "assembled_memory_limit_mib": 3072
}
