{
  "format": "THOMSON_UNTRUSTED_MERGED_GROUP_V1",
  "root": 3371675,
  "selection": "/Users/archiebrowne/source/Thomson/Thomson/GlobalCertificates/Production/selections/Node3371675.json",
  "selection_sha256": "cbe1ef8555607309bf00ef67e21fa33c7476e411cacb8e039f5e820eb58a32be",
  "binary": "/Users/archiebrowne/source/Thomson/.lake/global-cover/search.bin",
  "binary_sha256": "6626a818d355868776501e252bbdafb97029a5a9ebe31122f3509e3e359020a4",
  "output_prefix": "Thomson.GlobalCertificates.Production.Node3371675",
  "module": "Thomson.GlobalCertificates.Production.Node3371675.Assembled",
  "namespace": "Thomson.Five.GlobalCertificates.Production.Node3371675.Assembled",
  "core": {
    "module": "Thomson.GlobalCertificates.Production.Node3371675.Core",
    "source": "Thomson/GlobalCertificates/Production/Node3371675/Core.lean",
    "source_sha256": "47b04acefa17484ca519ef945438707207899b09e1e9dd7450ce7d43fb395b17",
    "source_bytes": 3276652
  },
  "assembled": {
    "module": "Thomson.GlobalCertificates.Production.Node3371675.Assembled",
    "source": "Thomson/GlobalCertificates/Production/Node3371675/Assembled.lean",
    "source_sha256": "c4b8e66358aa7e36d7d6e0b02b53e7eaf311b2b8698c9699d1d4864b679f4402",
    "source_bytes": 266873
  },
  "core_source": "Thomson/GlobalCertificates/Production/Node3371675/Core.lean",
  "assembled_source": "Thomson/GlobalCertificates/Production/Node3371675/Assembled.lean",
  "core_module": "Thomson.GlobalCertificates.Production.Node3371675.Core",
  "assembled_module": "Thomson.GlobalCertificates.Production.Node3371675.Assembled",
  "boundary_modules": [],
  "nodes": 151,
  "leaf_kinds": {
    "0": 75,
    "6": 8,
    "8": 68
  },
  "families": {
    "contraction": {
      "nodes": 151,
      "actual": 22,
      "rounds": 22,
      "actions": 24
    }
  },
  "reference_topology_sha256": {
    "vertex": "09629aa6d88e3007946041ee5bb5e7fe743b3242efca3b1b8ea02df65fe0eb34",
    "gradient": "58c374fbc03eab01d7423cf8888185f1410a0c20be14044aa309678ec2e4216c"
  },
  "generation_seconds": 0.7783274170360528,
  "kernel_check_required": true,
  "heartbeats": "default",
  "compiler_threads": 1,
  "core_memory_limit_mib": 2048,
  "assembled_memory_limit_mib": 3072
}
