{
  "format": "THOMSON_UNTRUSTED_MERGED_GROUP_V1",
  "root": 3356589,
  "selection": "/Users/archiebrowne/source/Thomson/Thomson/GlobalCertificates/Production/selections/Node3356589.json",
  "selection_sha256": "80ebad4bd8f68cf0dc8b31987ad10212e082357635b6fef494ba355a8fadb8ec",
  "binary": "/Users/archiebrowne/source/Thomson/.lake/global-cover/search.bin",
  "binary_sha256": "6626a818d355868776501e252bbdafb97029a5a9ebe31122f3509e3e359020a4",
  "output_prefix": "Thomson.GlobalCertificates.Production.Node3356589",
  "module": "Thomson.GlobalCertificates.Production.Node3356589.Assembled",
  "namespace": "Thomson.Five.GlobalCertificates.Production.Node3356589.Assembled",
  "core": {
    "module": "Thomson.GlobalCertificates.Production.Node3356589.Core",
    "source": "Thomson/GlobalCertificates/Production/Node3356589/Core.lean",
    "source_sha256": "addc85f280d69d56324591e5ea2f291c30aa93309cb341ad4d6ffa19e70a5903",
    "source_bytes": 477534
  },
  "assembled": {
    "module": "Thomson.GlobalCertificates.Production.Node3356589.Assembled",
    "source": "Thomson/GlobalCertificates/Production/Node3356589/Assembled.lean",
    "source_sha256": "4976db8956df589cb16a24ae004931dce95a0b0b1508bb3b3c4f73562a982daa",
    "source_bytes": 147613
  },
  "core_source": "Thomson/GlobalCertificates/Production/Node3356589/Core.lean",
  "assembled_source": "Thomson/GlobalCertificates/Production/Node3356589/Assembled.lean",
  "core_module": "Thomson.GlobalCertificates.Production.Node3356589.Core",
  "assembled_module": "Thomson.GlobalCertificates.Production.Node3356589.Assembled",
  "boundary_modules": [],
  "nodes": 81,
  "leaf_kinds": {
    "0": 40,
    "3": 40,
    "6": 1
  },
  "families": {
    "contraction": {
      "nodes": 81,
      "actual": 8,
      "rounds": 8,
      "actions": 8
    }
  },
  "reference_topology_sha256": {
    "gradient": "58c374fbc03eab01d7423cf8888185f1410a0c20be14044aa309678ec2e4216c",
    "pair": "65dfe5f05c0cab641b03d13ff573dc6bfa3f1d0fef0ed66dcd91cede0438a8ce"
  },
  "generation_seconds": 0.06900250003673136,
  "kernel_check_required": true,
  "heartbeats": "default",
  "compiler_threads": 1,
  "core_memory_limit_mib": 2048,
  "assembled_memory_limit_mib": 3072
}
