{
  "format": "THOMSON_UNTRUSTED_MERGED_GROUP_V1",
  "root": 3294664,
  "selection": "/Users/archiebrowne/source/Thomson/Thomson/GlobalCertificates/Production/selections/Node3294664.json",
  "selection_sha256": "e124b9beddda1def588551080cc5b4d925d7e88e564786fb9d69b936ea7d08cf",
  "binary": "/Users/archiebrowne/source/Thomson/.lake/global-cover/search.bin",
  "binary_sha256": "6626a818d355868776501e252bbdafb97029a5a9ebe31122f3509e3e359020a4",
  "output_prefix": "Thomson.GlobalCertificates.Production.Node3294664",
  "module": "Thomson.GlobalCertificates.Production.Node3294664.Assembled",
  "namespace": "Thomson.Five.GlobalCertificates.Production.Node3294664.Assembled",
  "core": {
    "module": "Thomson.GlobalCertificates.Production.Node3294664.Core",
    "source": "Thomson/GlobalCertificates/Production/Node3294664/Core.lean",
    "source_sha256": "e5808584f66e2fb41c761f648a536e9ed7ac30576e3d1090512796fcbf99e81a",
    "source_bytes": 5072415
  },
  "assembled": {
    "module": "Thomson.GlobalCertificates.Production.Node3294664.Assembled",
    "source": "Thomson/GlobalCertificates/Production/Node3294664/Assembled.lean",
    "source_sha256": "224d2ffaf94e30ad8be788ed52f1de50726fa40dcde5b2cc7e67129ec0b94034",
    "source_bytes": 414847
  },
  "core_source": "Thomson/GlobalCertificates/Production/Node3294664/Core.lean",
  "assembled_source": "Thomson/GlobalCertificates/Production/Node3294664/Assembled.lean",
  "core_module": "Thomson.GlobalCertificates.Production.Node3294664.Core",
  "assembled_module": "Thomson.GlobalCertificates.Production.Node3294664.Assembled",
  "boundary_modules": [],
  "nodes": 237,
  "leaf_kinds": {
    "0": 118,
    "2": 10,
    "8": 109
  },
  "families": {
    "contraction": {
      "nodes": 237,
      "actual": 23,
      "rounds": 23,
      "actions": 23
    },
    "rejection": {
      "leaves": 10,
      "rounds": 0,
      "actions": 0
    }
  },
  "reference_topology_sha256": {
    "vertex": "09629aa6d88e3007946041ee5bb5e7fe743b3242efca3b1b8ea02df65fe0eb34"
  },
  "generation_seconds": 1.1154166670166887,
  "kernel_check_required": true,
  "heartbeats": "default",
  "compiler_threads": 1,
  "core_memory_limit_mib": 2048,
  "assembled_memory_limit_mib": 3072
}
