{
  "format": "THOMSON_UNTRUSTED_MERGED_GROUP_V1",
  "root": 3338807,
  "selection": "/Users/archiebrowne/source/Thomson/Thomson/GlobalCertificates/Production/selections/Node3338807.json",
  "selection_sha256": "8c4a830a5aa39a987a408f97ef21ada21edc3be2233dc281035820a3eab8b383",
  "binary": "/Users/archiebrowne/source/Thomson/.lake/global-cover/search.bin",
  "binary_sha256": "6626a818d355868776501e252bbdafb97029a5a9ebe31122f3509e3e359020a4",
  "output_prefix": "Thomson.GlobalCertificates.Production.Node3338807",
  "module": "Thomson.GlobalCertificates.Production.Node3338807.Assembled",
  "namespace": "Thomson.Five.GlobalCertificates.Production.Node3338807.Assembled",
  "core": {
    "module": "Thomson.GlobalCertificates.Production.Node3338807.Core",
    "source": "Thomson/GlobalCertificates/Production/Node3338807/Core.lean",
    "source_sha256": "aa877d40a6cd167c7c801949f5bd3f446cde8e8ff0a20a900fbced30299e8261",
    "source_bytes": 1544564
  },
  "assembled": {
    "module": "Thomson.GlobalCertificates.Production.Node3338807.Assembled",
    "source": "Thomson/GlobalCertificates/Production/Node3338807/Assembled.lean",
    "source_sha256": "7305d42f3a52332350ffb3544c52ea7cfbe2c2f230d8b96ddc3d82c3f33a3f7d",
    "source_bytes": 240133
  },
  "core_source": "Thomson/GlobalCertificates/Production/Node3338807/Core.lean",
  "assembled_source": "Thomson/GlobalCertificates/Production/Node3338807/Assembled.lean",
  "core_module": "Thomson.GlobalCertificates.Production.Node3338807.Core",
  "assembled_module": "Thomson.GlobalCertificates.Production.Node3338807.Assembled",
  "boundary_modules": [],
  "nodes": 131,
  "leaf_kinds": {
    "0": 65,
    "3": 3,
    "6": 41,
    "8": 22
  },
  "families": {
    "contraction": {
      "nodes": 131,
      "actual": 4,
      "rounds": 4,
      "actions": 4
    }
  },
  "reference_topology_sha256": {
    "vertex": "09629aa6d88e3007946041ee5bb5e7fe743b3242efca3b1b8ea02df65fe0eb34",
    "gradient": "58c374fbc03eab01d7423cf8888185f1410a0c20be14044aa309678ec2e4216c",
    "pair": "65dfe5f05c0cab641b03d13ff573dc6bfa3f1d0fef0ed66dcd91cede0438a8ce"
  },
  "generation_seconds": 0.3100401670089923,
  "kernel_check_required": true,
  "heartbeats": "default",
  "compiler_threads": 1,
  "core_memory_limit_mib": 2048,
  "assembled_memory_limit_mib": 3072
}
