{
  "format": "THOMSON_UNTRUSTED_MERGED_GROUP_V1",
  "root": 3298743,
  "selection": "/Users/archiebrowne/source/Thomson/Thomson/GlobalCertificates/Production/selections/Node3298743.json",
  "selection_sha256": "0da9e1646f5aa41d9917df1a7fe8a745f33f61a672415f81469cc5e5d8334beb",
  "binary": "/Users/archiebrowne/source/Thomson/.lake/global-cover/search.bin",
  "binary_sha256": "6626a818d355868776501e252bbdafb97029a5a9ebe31122f3509e3e359020a4",
  "output_prefix": "Thomson.GlobalCertificates.Production.Node3298743",
  "module": "Thomson.GlobalCertificates.Production.Node3298743.Assembled",
  "namespace": "Thomson.Five.GlobalCertificates.Production.Node3298743.Assembled",
  "core": {
    "module": "Thomson.GlobalCertificates.Production.Node3298743.Core",
    "source": "Thomson/GlobalCertificates/Production/Node3298743/Core.lean",
    "source_sha256": "8d5e46f22aa9522a233cbdb70399688bd0fb7848dc6dccc610d31a1f289eb71a",
    "source_bytes": 3645515
  },
  "assembled": {
    "module": "Thomson.GlobalCertificates.Production.Node3298743.Assembled",
    "source": "Thomson/GlobalCertificates/Production/Node3298743/Assembled.lean",
    "source_sha256": "4d998453504b6071c3512a6dae912589f3ffac8d491eb800d85180bb2a986be2",
    "source_bytes": 291723
  },
  "core_source": "Thomson/GlobalCertificates/Production/Node3298743/Core.lean",
  "assembled_source": "Thomson/GlobalCertificates/Production/Node3298743/Assembled.lean",
  "core_module": "Thomson.GlobalCertificates.Production.Node3298743.Core",
  "assembled_module": "Thomson.GlobalCertificates.Production.Node3298743.Assembled",
  "boundary_modules": [],
  "nodes": 165,
  "leaf_kinds": {
    "0": 82,
    "2": 2,
    "6": 4,
    "8": 77
  },
  "families": {
    "contraction": {
      "nodes": 165,
      "actual": 24,
      "rounds": 24,
      "actions": 24
    },
    "rejection": {
      "leaves": 2,
      "rounds": 0,
      "actions": 0
    }
  },
  "reference_topology_sha256": {
    "vertex": "09629aa6d88e3007946041ee5bb5e7fe743b3242efca3b1b8ea02df65fe0eb34",
    "gradient": "58c374fbc03eab01d7423cf8888185f1410a0c20be14044aa309678ec2e4216c"
  },
  "generation_seconds": 1.0206648339517415,
  "kernel_check_required": true,
  "heartbeats": "default",
  "compiler_threads": 1,
  "core_memory_limit_mib": 2048,
  "assembled_memory_limit_mib": 3072
}
