{
  "format": "THOMSON_UNTRUSTED_MERGED_GROUP_V1",
  "root": 3306990,
  "selection": "/Users/archiebrowne/source/Thomson/Thomson/GlobalCertificates/Production/selections/Node3306990.json",
  "selection_sha256": "f28821db15a1a3dcc521b8b4e0c59374a006a24d5728af44afc4f3999a5d7cda",
  "binary": "/Users/archiebrowne/source/Thomson/.lake/global-cover/search.bin",
  "binary_sha256": "6626a818d355868776501e252bbdafb97029a5a9ebe31122f3509e3e359020a4",
  "output_prefix": "Thomson.GlobalCertificates.Production.Node3306990",
  "module": "Thomson.GlobalCertificates.Production.Node3306990.Assembled",
  "namespace": "Thomson.Five.GlobalCertificates.Production.Node3306990.Assembled",
  "core": {
    "module": "Thomson.GlobalCertificates.Production.Node3306990.Core",
    "source": "Thomson/GlobalCertificates/Production/Node3306990/Core.lean",
    "source_sha256": "b256c213e452fa0c06adae1655196fe86e20916e55f1a5fdc5c7eda497c63148",
    "source_bytes": 369228
  },
  "assembled": {
    "module": "Thomson.GlobalCertificates.Production.Node3306990.Assembled",
    "source": "Thomson/GlobalCertificates/Production/Node3306990/Assembled.lean",
    "source_sha256": "10a0d11d7dd0f41f9970c6c6ac02c1dca379d785d3da1eae616abc32c13bee67",
    "source_bytes": 79477
  },
  "core_source": "Thomson/GlobalCertificates/Production/Node3306990/Core.lean",
  "assembled_source": "Thomson/GlobalCertificates/Production/Node3306990/Assembled.lean",
  "core_module": "Thomson.GlobalCertificates.Production.Node3306990.Core",
  "assembled_module": "Thomson.GlobalCertificates.Production.Node3306990.Assembled",
  "boundary_modules": [],
  "nodes": 45,
  "leaf_kinds": {
    "0": 22,
    "3": 12,
    "6": 8,
    "8": 3
  },
  "families": {
    "contraction": {
      "nodes": 45,
      "actual": 2,
      "rounds": 3,
      "actions": 3
    }
  },
  "reference_topology_sha256": {
    "vertex": "09629aa6d88e3007946041ee5bb5e7fe743b3242efca3b1b8ea02df65fe0eb34",
    "gradient": "58c374fbc03eab01d7423cf8888185f1410a0c20be14044aa309678ec2e4216c",
    "pair": "65dfe5f05c0cab641b03d13ff573dc6bfa3f1d0fef0ed66dcd91cede0438a8ce"
  },
  "generation_seconds": 0.11042849998921156,
  "kernel_check_required": true,
  "heartbeats": "default",
  "compiler_threads": 1,
  "core_memory_limit_mib": 2048,
  "assembled_memory_limit_mib": 3072
}
